🗓️ Ngày : 2025-04-13 16:00:03
✅ Đã lấy được 1 bài báo.
[<selenium.webdriver.remote.webelement.WebElement (session="0609ec3ae0887bf093863af13f6696be", element="f.6329D24610E392EC21B6F5BDEA617D78.d.5877253D0440DEE1B1F6C1FF7B268317.e.9")>]
✅ Hoàn tất bài 1
✅ Đã lưu bài 1: South Korea rape case
📂 Dữ liệu đã được lưu vào file output_file.txt
🗓️ Ngày : 2025-04-14 16:00:01
✅ Đã lấy được 1 bài báo.
[<selenium.webdriver.remote.webelement.WebElement (session="4862170c8342812aa2a2dfbe929fe6e2", element="f.A722866111C36485695D3541208A835F.d.664EA54E6833A1F7C3A42F9D8894C8BE.e.10")>]
✅ Hoàn tất bài 1
✅ Đã lưu bài 1: South Korea rape case
📂 Dữ liệu đã được lưu vào file output_file.txt
🗓️ Ngày : 2025-04-15 16:00:02
✅ Đã lấy được 1 bài báo.
[<selenium.webdriver.remote.webelement.WebElement (session="23c799a840a8191495ef32a379ba6630", element="f.68B8E5E56AD7730471A158DB3778E761.d.4D66C29225C71F1963ED13AEE1AB90C3.e.11")>]
vuongankit
✅ Hoàn tất bài 1
✅ Đã lưu bài 1: South Korea rape case
📂 Dữ liệu đã được lưu vào file output_file.txt
🗓️ Ngày : 2025-04-14 16:00:05
✅ Đã lấy được 1 bài báo.
[<selenium.webdriver.remote.webelement.WebElement (session="667608deacc207b5f98e75e9b4fed232", element="f.5DD0F1D7044642A5449B82DCA20EA6B7.d.4F2FDA32D19752AD65B9994887575DB0.e.15")>]
vuongankit
✅ Hoàn tất bài 1
✅ Đã lưu bài 1: Russian strikes on Ukraine
📂 Dữ liệu đã được lưu vào file output_file.txt
🗓️ Ngày : 2025-04-15 16:00:05
✅ Đã lấy được 1 bài báo.
[<selenium.webdriver.remote.webelement.WebElement (session="1345ead2786ffcc0b20514e88c72f20d", element="f.4593FEDEA74BAA1E650B3E0588BAF3BD.d.FA25C7A94101B1B40B160951F8CE3196.e.5")>]
vuongankit
✅ Hoàn tất bài 1
✅ Đã lưu bài 1: Russia-Ukraine war
📂 Dữ liệu đã được lưu vào file output_file.txt
