[2025-04-09T15:48:49.110+0000] {processor.py:186} INFO - Started process (PID=201) to work on /home/airflow/.local/lib/python3.12/site-packages/airflow/example_dags/example_branch_datetime_operator.py
[2025-04-09T15:48:49.111+0000] {processor.py:914} INFO - Processing file /home/airflow/.local/lib/python3.12/site-packages/airflow/example_dags/example_branch_datetime_operator.py for tasks to queue
[2025-04-09T15:48:49.113+0000] {logging_mixin.py:190} INFO - [2025-04-09T15:48:49.113+0000] {dagbag.py:588} INFO - Filling up the DagBag from /home/airflow/.local/lib/python3.12/site-packages/airflow/example_dags/example_branch_datetime_operator.py
[2025-04-09T15:48:49.133+0000] {processor.py:925} INFO - DAG(s) 'example_branch_datetime_operator_3', 'example_branch_datetime_operator_2', 'example_branch_datetime_operator' retrieved from /home/airflow/.local/lib/python3.12/site-packages/airflow/example_dags/example_branch_datetime_operator.py
[2025-04-09T15:48:49.271+0000] {logging_mixin.py:190} INFO - [2025-04-09T15:48:49.271+0000] {override.py:1912} INFO - Created Permission View: can delete on DAG:example_branch_datetime_operator_3
[2025-04-09T15:48:49.283+0000] {logging_mixin.py:190} INFO - [2025-04-09T15:48:49.282+0000] {override.py:1912} INFO - Created Permission View: can edit on DAG:example_branch_datetime_operator_3
[2025-04-09T15:48:49.290+0000] {logging_mixin.py:190} INFO - [2025-04-09T15:48:49.290+0000] {override.py:1912} INFO - Created Permission View: can read on DAG:example_branch_datetime_operator_3
[2025-04-09T15:48:49.300+0000] {logging_mixin.py:190} INFO - [2025-04-09T15:48:49.300+0000] {override.py:1912} INFO - Created Permission View: menu access on DAG Run:example_branch_datetime_operator_3
[2025-04-09T15:48:49.309+0000] {logging_mixin.py:190} INFO - [2025-04-09T15:48:49.308+0000] {override.py:1912} INFO - Created Permission View: can create on DAG Run:example_branch_datetime_operator_3
[2025-04-09T15:48:49.316+0000] {logging_mixin.py:190} INFO - [2025-04-09T15:48:49.316+0000] {override.py:1912} INFO - Created Permission View: can delete on DAG Run:example_branch_datetime_operator_3
[2025-04-09T15:48:49.324+0000] {logging_mixin.py:190} INFO - [2025-04-09T15:48:49.323+0000] {override.py:1912} INFO - Created Permission View: can read on DAG Run:example_branch_datetime_operator_3
[2025-04-09T15:48:49.343+0000] {logging_mixin.py:190} INFO - [2025-04-09T15:48:49.343+0000] {override.py:1912} INFO - Created Permission View: can delete on DAG:example_branch_datetime_operator_2
[2025-04-09T15:48:49.351+0000] {logging_mixin.py:190} INFO - [2025-04-09T15:48:49.351+0000] {override.py:1912} INFO - Created Permission View: can edit on DAG:example_branch_datetime_operator_2
[2025-04-09T15:48:49.359+0000] {logging_mixin.py:190} INFO - [2025-04-09T15:48:49.358+0000] {override.py:1912} INFO - Created Permission View: can read on DAG:example_branch_datetime_operator_2
[2025-04-09T15:48:49.367+0000] {logging_mixin.py:190} INFO - [2025-04-09T15:48:49.367+0000] {override.py:1912} INFO - Created Permission View: menu access on DAG Run:example_branch_datetime_operator_2
[2025-04-09T15:48:49.377+0000] {logging_mixin.py:190} INFO - [2025-04-09T15:48:49.377+0000] {override.py:1912} INFO - Created Permission View: can create on DAG Run:example_branch_datetime_operator_2
[2025-04-09T15:48:49.384+0000] {logging_mixin.py:190} INFO - [2025-04-09T15:48:49.384+0000] {override.py:1912} INFO - Created Permission View: can delete on DAG Run:example_branch_datetime_operator_2
[2025-04-09T15:48:49.412+0000] {logging_mixin.py:190} INFO - [2025-04-09T15:48:49.411+0000] {override.py:1912} INFO - Created Permission View: can read on DAG Run:example_branch_datetime_operator_2
[2025-04-09T15:48:49.437+0000] {logging_mixin.py:190} INFO - [2025-04-09T15:48:49.436+0000] {override.py:1912} INFO - Created Permission View: can delete on DAG:example_branch_datetime_operator
[2025-04-09T15:48:49.447+0000] {logging_mixin.py:190} INFO - [2025-04-09T15:48:49.447+0000] {override.py:1912} INFO - Created Permission View: can edit on DAG:example_branch_datetime_operator
[2025-04-09T15:48:49.455+0000] {logging_mixin.py:190} INFO - [2025-04-09T15:48:49.454+0000] {override.py:1912} INFO - Created Permission View: can read on DAG:example_branch_datetime_operator
[2025-04-09T15:48:49.502+0000] {logging_mixin.py:190} INFO - [2025-04-09T15:48:49.501+0000] {override.py:1912} INFO - Created Permission View: menu access on DAG Run:example_branch_datetime_operator
[2025-04-09T15:48:49.543+0000] {logging_mixin.py:190} INFO - [2025-04-09T15:48:49.543+0000] {override.py:1912} INFO - Created Permission View: can create on DAG Run:example_branch_datetime_operator
[2025-04-09T15:48:49.554+0000] {logging_mixin.py:190} INFO - [2025-04-09T15:48:49.553+0000] {override.py:1912} INFO - Created Permission View: can delete on DAG Run:example_branch_datetime_operator
[2025-04-09T15:48:49.569+0000] {logging_mixin.py:190} INFO - [2025-04-09T15:48:49.568+0000] {override.py:1912} INFO - Created Permission View: can read on DAG Run:example_branch_datetime_operator
[2025-04-09T15:48:49.570+0000] {logging_mixin.py:190} INFO - [2025-04-09T15:48:49.569+0000] {dag.py:3239} INFO - Sync 3 DAGs
[2025-04-09T15:48:49.586+0000] {logging_mixin.py:190} INFO - [2025-04-09T15:48:49.586+0000] {dag.py:3262} INFO - Creating ORM DAG for example_branch_datetime_operator_2
[2025-04-09T15:48:49.587+0000] {logging_mixin.py:190} INFO - [2025-04-09T15:48:49.587+0000] {dag.py:3262} INFO - Creating ORM DAG for example_branch_datetime_operator
[2025-04-09T15:48:49.588+0000] {logging_mixin.py:190} INFO - [2025-04-09T15:48:49.588+0000] {dag.py:3262} INFO - Creating ORM DAG for example_branch_datetime_operator_3
[2025-04-09T15:48:49.599+0000] {logging_mixin.py:190} INFO - [2025-04-09T15:48:49.599+0000] {dag.py:4180} INFO - Setting next_dagrun for example_branch_datetime_operator to 2025-04-08 00:00:00+00:00, run_after=2025-04-09 00:00:00+00:00
[2025-04-09T15:48:49.601+0000] {logging_mixin.py:190} INFO - [2025-04-09T15:48:49.601+0000] {dag.py:4180} INFO - Setting next_dagrun for example_branch_datetime_operator_2 to 2025-04-08 00:00:00+00:00, run_after=2025-04-09 00:00:00+00:00
[2025-04-09T15:48:49.603+0000] {logging_mixin.py:190} INFO - [2025-04-09T15:48:49.603+0000] {dag.py:4180} INFO - Setting next_dagrun for example_branch_datetime_operator_3 to 2025-04-08 00:00:00+00:00, run_after=2025-04-09 00:00:00+00:00
[2025-04-09T15:48:49.630+0000] {processor.py:208} INFO - Processing /home/airflow/.local/lib/python3.12/site-packages/airflow/example_dags/example_branch_datetime_operator.py took 0.526 seconds
[2025-04-09T15:49:19.917+0000] {processor.py:186} INFO - Started process (PID=492) to work on /home/airflow/.local/lib/python3.12/site-packages/airflow/example_dags/example_branch_datetime_operator.py
[2025-04-09T15:49:19.924+0000] {processor.py:914} INFO - Processing file /home/airflow/.local/lib/python3.12/site-packages/airflow/example_dags/example_branch_datetime_operator.py for tasks to queue
[2025-04-09T15:49:19.927+0000] {logging_mixin.py:190} INFO - [2025-04-09T15:49:19.926+0000] {dagbag.py:588} INFO - Filling up the DagBag from /home/airflow/.local/lib/python3.12/site-packages/airflow/example_dags/example_branch_datetime_operator.py
[2025-04-09T15:49:19.947+0000] {processor.py:925} INFO - DAG(s) 'example_branch_datetime_operator_3', 'example_branch_datetime_operator_2', 'example_branch_datetime_operator' retrieved from /home/airflow/.local/lib/python3.12/site-packages/airflow/example_dags/example_branch_datetime_operator.py
[2025-04-09T15:49:19.999+0000] {logging_mixin.py:190} INFO - [2025-04-09T15:49:19.998+0000] {dag.py:3239} INFO - Sync 3 DAGs
[2025-04-09T15:49:20.079+0000] {logging_mixin.py:190} INFO - [2025-04-09T15:49:20.079+0000] {dag.py:4180} INFO - Setting next_dagrun for example_branch_datetime_operator to 2025-04-08 00:00:00+00:00, run_after=2025-04-09 00:00:00+00:00
[2025-04-09T15:49:20.094+0000] {logging_mixin.py:190} INFO - [2025-04-09T15:49:20.094+0000] {dag.py:4180} INFO - Setting next_dagrun for example_branch_datetime_operator_2 to 2025-04-08 00:00:00+00:00, run_after=2025-04-09 00:00:00+00:00
[2025-04-09T15:49:20.104+0000] {logging_mixin.py:190} INFO - [2025-04-09T15:49:20.102+0000] {dag.py:4180} INFO - Setting next_dagrun for example_branch_datetime_operator_3 to 2025-04-08 00:00:00+00:00, run_after=2025-04-09 00:00:00+00:00
[2025-04-09T15:49:20.242+0000] {processor.py:208} INFO - Processing /home/airflow/.local/lib/python3.12/site-packages/airflow/example_dags/example_branch_datetime_operator.py took 0.334 seconds
[2025-04-09T15:49:58.604+0000] {processor.py:186} INFO - Started process (PID=563) to work on /home/airflow/.local/lib/python3.12/site-packages/airflow/example_dags/example_branch_datetime_operator.py
[2025-04-09T15:49:58.608+0000] {processor.py:914} INFO - Processing file /home/airflow/.local/lib/python3.12/site-packages/airflow/example_dags/example_branch_datetime_operator.py for tasks to queue
[2025-04-09T15:49:58.618+0000] {logging_mixin.py:190} INFO - [2025-04-09T15:49:58.617+0000] {dagbag.py:588} INFO - Filling up the DagBag from /home/airflow/.local/lib/python3.12/site-packages/airflow/example_dags/example_branch_datetime_operator.py
[2025-04-09T15:49:58.706+0000] {processor.py:925} INFO - DAG(s) 'example_branch_datetime_operator_3', 'example_branch_datetime_operator_2', 'example_branch_datetime_operator' retrieved from /home/airflow/.local/lib/python3.12/site-packages/airflow/example_dags/example_branch_datetime_operator.py
[2025-04-09T15:49:59.057+0000] {logging_mixin.py:190} INFO - [2025-04-09T15:49:59.056+0000] {dag.py:3239} INFO - Sync 3 DAGs
[2025-04-09T15:49:59.212+0000] {logging_mixin.py:190} INFO - [2025-04-09T15:49:59.211+0000] {dag.py:4180} INFO - Setting next_dagrun for example_branch_datetime_operator to 2025-04-08 00:00:00+00:00, run_after=2025-04-09 00:00:00+00:00
[2025-04-09T15:49:59.233+0000] {logging_mixin.py:190} INFO - [2025-04-09T15:49:59.232+0000] {dag.py:4180} INFO - Setting next_dagrun for example_branch_datetime_operator_2 to 2025-04-08 00:00:00+00:00, run_after=2025-04-09 00:00:00+00:00
[2025-04-09T15:49:59.252+0000] {logging_mixin.py:190} INFO - [2025-04-09T15:49:59.251+0000] {dag.py:4180} INFO - Setting next_dagrun for example_branch_datetime_operator_3 to 2025-04-08 00:00:00+00:00, run_after=2025-04-09 00:00:00+00:00
[2025-04-09T15:49:59.636+0000] {processor.py:208} INFO - Processing /home/airflow/.local/lib/python3.12/site-packages/airflow/example_dags/example_branch_datetime_operator.py took 1.058 seconds
[2025-04-09T15:50:43.483+0000] {processor.py:186} INFO - Started process (PID=854) to work on /home/airflow/.local/lib/python3.12/site-packages/airflow/example_dags/example_branch_datetime_operator.py
[2025-04-09T15:50:43.493+0000] {processor.py:914} INFO - Processing file /home/airflow/.local/lib/python3.12/site-packages/airflow/example_dags/example_branch_datetime_operator.py for tasks to queue
[2025-04-09T15:50:43.506+0000] {logging_mixin.py:190} INFO - [2025-04-09T15:50:43.504+0000] {dagbag.py:588} INFO - Filling up the DagBag from /home/airflow/.local/lib/python3.12/site-packages/airflow/example_dags/example_branch_datetime_operator.py
[2025-04-09T15:50:43.593+0000] {processor.py:925} INFO - DAG(s) 'example_branch_datetime_operator', 'example_branch_datetime_operator_2', 'example_branch_datetime_operator_3' retrieved from /home/airflow/.local/lib/python3.12/site-packages/airflow/example_dags/example_branch_datetime_operator.py
[2025-04-09T15:50:43.710+0000] {logging_mixin.py:190} INFO - [2025-04-09T15:50:43.709+0000] {dag.py:3239} INFO - Sync 3 DAGs
[2025-04-09T15:50:43.831+0000] {logging_mixin.py:190} INFO - [2025-04-09T15:50:43.831+0000] {dag.py:4180} INFO - Setting next_dagrun for example_branch_datetime_operator to 2025-04-08 00:00:00+00:00, run_after=2025-04-09 00:00:00+00:00
[2025-04-09T15:50:43.847+0000] {logging_mixin.py:190} INFO - [2025-04-09T15:50:43.846+0000] {dag.py:4180} INFO - Setting next_dagrun for example_branch_datetime_operator_2 to 2025-04-08 00:00:00+00:00, run_after=2025-04-09 00:00:00+00:00
[2025-04-09T15:50:43.853+0000] {logging_mixin.py:190} INFO - [2025-04-09T15:50:43.852+0000] {dag.py:4180} INFO - Setting next_dagrun for example_branch_datetime_operator_3 to 2025-04-08 00:00:00+00:00, run_after=2025-04-09 00:00:00+00:00
[2025-04-09T15:50:44.035+0000] {processor.py:208} INFO - Processing /home/airflow/.local/lib/python3.12/site-packages/airflow/example_dags/example_branch_datetime_operator.py took 0.571 seconds
[2025-04-09T15:51:28.027+0000] {processor.py:186} INFO - Started process (PID=1077) to work on /home/airflow/.local/lib/python3.12/site-packages/airflow/example_dags/example_branch_datetime_operator.py
[2025-04-09T15:51:28.029+0000] {processor.py:914} INFO - Processing file /home/airflow/.local/lib/python3.12/site-packages/airflow/example_dags/example_branch_datetime_operator.py for tasks to queue
[2025-04-09T15:51:28.040+0000] {logging_mixin.py:190} INFO - [2025-04-09T15:51:28.037+0000] {dagbag.py:588} INFO - Filling up the DagBag from /home/airflow/.local/lib/python3.12/site-packages/airflow/example_dags/example_branch_datetime_operator.py
[2025-04-09T15:51:28.131+0000] {processor.py:925} INFO - DAG(s) 'example_branch_datetime_operator_3', 'example_branch_datetime_operator', 'example_branch_datetime_operator_2' retrieved from /home/airflow/.local/lib/python3.12/site-packages/airflow/example_dags/example_branch_datetime_operator.py
[2025-04-09T15:51:28.304+0000] {logging_mixin.py:190} INFO - [2025-04-09T15:51:28.303+0000] {dag.py:3239} INFO - Sync 3 DAGs
[2025-04-09T15:51:28.793+0000] {logging_mixin.py:190} INFO - [2025-04-09T15:51:28.792+0000] {dag.py:4180} INFO - Setting next_dagrun for example_branch_datetime_operator to 2025-04-08 00:00:00+00:00, run_after=2025-04-09 00:00:00+00:00
[2025-04-09T15:51:28.905+0000] {logging_mixin.py:190} INFO - [2025-04-09T15:51:28.904+0000] {dag.py:4180} INFO - Setting next_dagrun for example_branch_datetime_operator_2 to 2025-04-08 00:00:00+00:00, run_after=2025-04-09 00:00:00+00:00
[2025-04-09T15:51:28.930+0000] {logging_mixin.py:190} INFO - [2025-04-09T15:51:28.929+0000] {dag.py:4180} INFO - Setting next_dagrun for example_branch_datetime_operator_3 to 2025-04-08 00:00:00+00:00, run_after=2025-04-09 00:00:00+00:00
[2025-04-09T15:51:29.754+0000] {processor.py:208} INFO - Processing /home/airflow/.local/lib/python3.12/site-packages/airflow/example_dags/example_branch_datetime_operator.py took 1.742 seconds
[2025-04-09T15:52:04.429+0000] {processor.py:186} INFO - Started process (PID=1248) to work on /home/airflow/.local/lib/python3.12/site-packages/airflow/example_dags/example_branch_datetime_operator.py
[2025-04-09T15:52:04.430+0000] {processor.py:914} INFO - Processing file /home/airflow/.local/lib/python3.12/site-packages/airflow/example_dags/example_branch_datetime_operator.py for tasks to queue
[2025-04-09T15:52:04.435+0000] {logging_mixin.py:190} INFO - [2025-04-09T15:52:04.435+0000] {dagbag.py:588} INFO - Filling up the DagBag from /home/airflow/.local/lib/python3.12/site-packages/airflow/example_dags/example_branch_datetime_operator.py
[2025-04-09T15:52:04.496+0000] {processor.py:925} INFO - DAG(s) 'example_branch_datetime_operator_2', 'example_branch_datetime_operator', 'example_branch_datetime_operator_3' retrieved from /home/airflow/.local/lib/python3.12/site-packages/airflow/example_dags/example_branch_datetime_operator.py
[2025-04-09T15:52:04.604+0000] {logging_mixin.py:190} INFO - [2025-04-09T15:52:04.604+0000] {dag.py:3239} INFO - Sync 3 DAGs
[2025-04-09T15:52:04.675+0000] {logging_mixin.py:190} INFO - [2025-04-09T15:52:04.675+0000] {dag.py:4180} INFO - Setting next_dagrun for example_branch_datetime_operator to 2025-04-08 00:00:00+00:00, run_after=2025-04-09 00:00:00+00:00
[2025-04-09T15:52:04.692+0000] {logging_mixin.py:190} INFO - [2025-04-09T15:52:04.691+0000] {dag.py:4180} INFO - Setting next_dagrun for example_branch_datetime_operator_2 to 2025-04-08 00:00:00+00:00, run_after=2025-04-09 00:00:00+00:00
[2025-04-09T15:52:04.700+0000] {logging_mixin.py:190} INFO - [2025-04-09T15:52:04.700+0000] {dag.py:4180} INFO - Setting next_dagrun for example_branch_datetime_operator_3 to 2025-04-08 00:00:00+00:00, run_after=2025-04-09 00:00:00+00:00
[2025-04-09T15:52:04.862+0000] {processor.py:208} INFO - Processing /home/airflow/.local/lib/python3.12/site-packages/airflow/example_dags/example_branch_datetime_operator.py took 0.449 seconds
[2025-04-09T15:54:52.106+0000] {processor.py:186} INFO - Started process (PID=213) to work on /home/airflow/.local/lib/python3.12/site-packages/airflow/example_dags/example_branch_datetime_operator.py
[2025-04-09T15:54:52.108+0000] {processor.py:914} INFO - Processing file /home/airflow/.local/lib/python3.12/site-packages/airflow/example_dags/example_branch_datetime_operator.py for tasks to queue
[2025-04-09T15:54:52.111+0000] {logging_mixin.py:190} INFO - [2025-04-09T15:54:52.111+0000] {dagbag.py:588} INFO - Filling up the DagBag from /home/airflow/.local/lib/python3.12/site-packages/airflow/example_dags/example_branch_datetime_operator.py
[2025-04-09T15:54:52.137+0000] {processor.py:925} INFO - DAG(s) 'example_branch_datetime_operator_2', 'example_branch_datetime_operator_3', 'example_branch_datetime_operator' retrieved from /home/airflow/.local/lib/python3.12/site-packages/airflow/example_dags/example_branch_datetime_operator.py
[2025-04-09T15:54:52.957+0000] {logging_mixin.py:190} INFO - [2025-04-09T15:54:52.948+0000] {override.py:1912} INFO - Created Permission View: can delete on DAG:example_branch_datetime_operator_2
[2025-04-09T15:54:53.012+0000] {logging_mixin.py:190} INFO - [2025-04-09T15:54:53.009+0000] {override.py:1912} INFO - Created Permission View: can edit on DAG:example_branch_datetime_operator_2
[2025-04-09T15:54:53.044+0000] {logging_mixin.py:190} INFO - [2025-04-09T15:54:53.043+0000] {override.py:1912} INFO - Created Permission View: can read on DAG:example_branch_datetime_operator_2
[2025-04-09T15:54:53.121+0000] {logging_mixin.py:190} INFO - [2025-04-09T15:54:53.119+0000] {override.py:1912} INFO - Created Permission View: can delete on DAG Run:example_branch_datetime_operator_2
[2025-04-09T15:54:53.157+0000] {logging_mixin.py:190} INFO - [2025-04-09T15:54:53.156+0000] {override.py:1912} INFO - Created Permission View: can create on DAG Run:example_branch_datetime_operator_2
[2025-04-09T15:54:53.171+0000] {logging_mixin.py:190} INFO - [2025-04-09T15:54:53.170+0000] {override.py:1912} INFO - Created Permission View: can read on DAG Run:example_branch_datetime_operator_2
[2025-04-09T15:54:53.203+0000] {logging_mixin.py:190} INFO - [2025-04-09T15:54:53.202+0000] {override.py:1912} INFO - Created Permission View: menu access on DAG Run:example_branch_datetime_operator_2
[2025-04-09T15:54:53.311+0000] {logging_mixin.py:190} INFO - [2025-04-09T15:54:53.311+0000] {override.py:1912} INFO - Created Permission View: can delete on DAG:example_branch_datetime_operator_3
[2025-04-09T15:54:53.361+0000] {logging_mixin.py:190} INFO - [2025-04-09T15:54:53.359+0000] {override.py:1912} INFO - Created Permission View: can edit on DAG:example_branch_datetime_operator_3
[2025-04-09T15:54:53.385+0000] {logging_mixin.py:190} INFO - [2025-04-09T15:54:53.384+0000] {override.py:1912} INFO - Created Permission View: can read on DAG:example_branch_datetime_operator_3
[2025-04-09T15:54:53.413+0000] {logging_mixin.py:190} INFO - [2025-04-09T15:54:53.412+0000] {override.py:1912} INFO - Created Permission View: can delete on DAG Run:example_branch_datetime_operator_3
[2025-04-09T15:54:53.456+0000] {logging_mixin.py:190} INFO - [2025-04-09T15:54:53.455+0000] {override.py:1912} INFO - Created Permission View: can create on DAG Run:example_branch_datetime_operator_3
[2025-04-09T15:54:53.485+0000] {logging_mixin.py:190} INFO - [2025-04-09T15:54:53.484+0000] {override.py:1912} INFO - Created Permission View: can read on DAG Run:example_branch_datetime_operator_3
[2025-04-09T15:54:53.511+0000] {logging_mixin.py:190} INFO - [2025-04-09T15:54:53.510+0000] {override.py:1912} INFO - Created Permission View: menu access on DAG Run:example_branch_datetime_operator_3
[2025-04-09T15:54:53.595+0000] {logging_mixin.py:190} INFO - [2025-04-09T15:54:53.594+0000] {override.py:1912} INFO - Created Permission View: can delete on DAG:example_branch_datetime_operator
[2025-04-09T15:54:53.643+0000] {logging_mixin.py:190} INFO - [2025-04-09T15:54:53.642+0000] {override.py:1912} INFO - Created Permission View: can edit on DAG:example_branch_datetime_operator
[2025-04-09T15:54:53.679+0000] {logging_mixin.py:190} INFO - [2025-04-09T15:54:53.679+0000] {override.py:1912} INFO - Created Permission View: can read on DAG:example_branch_datetime_operator
[2025-04-09T15:54:53.736+0000] {logging_mixin.py:190} INFO - [2025-04-09T15:54:53.735+0000] {override.py:1912} INFO - Created Permission View: can delete on DAG Run:example_branch_datetime_operator
[2025-04-09T15:54:53.760+0000] {logging_mixin.py:190} INFO - [2025-04-09T15:54:53.760+0000] {override.py:1912} INFO - Created Permission View: can create on DAG Run:example_branch_datetime_operator
[2025-04-09T15:54:53.794+0000] {logging_mixin.py:190} INFO - [2025-04-09T15:54:53.793+0000] {override.py:1912} INFO - Created Permission View: can read on DAG Run:example_branch_datetime_operator
[2025-04-09T15:54:53.818+0000] {logging_mixin.py:190} INFO - [2025-04-09T15:54:53.817+0000] {override.py:1912} INFO - Created Permission View: menu access on DAG Run:example_branch_datetime_operator
[2025-04-09T15:54:53.819+0000] {logging_mixin.py:190} INFO - [2025-04-09T15:54:53.819+0000] {dag.py:3239} INFO - Sync 3 DAGs
[2025-04-09T15:54:53.866+0000] {logging_mixin.py:190} INFO - [2025-04-09T15:54:53.866+0000] {dag.py:3262} INFO - Creating ORM DAG for example_branch_datetime_operator
[2025-04-09T15:54:53.868+0000] {logging_mixin.py:190} INFO - [2025-04-09T15:54:53.868+0000] {dag.py:3262} INFO - Creating ORM DAG for example_branch_datetime_operator_3
[2025-04-09T15:54:53.870+0000] {logging_mixin.py:190} INFO - [2025-04-09T15:54:53.870+0000] {dag.py:3262} INFO - Creating ORM DAG for example_branch_datetime_operator_2
[2025-04-09T15:54:53.914+0000] {logging_mixin.py:190} INFO - [2025-04-09T15:54:53.913+0000] {dag.py:4180} INFO - Setting next_dagrun for example_branch_datetime_operator to 2025-04-08 00:00:00+00:00, run_after=2025-04-09 00:00:00+00:00
[2025-04-09T15:54:53.922+0000] {logging_mixin.py:190} INFO - [2025-04-09T15:54:53.922+0000] {dag.py:4180} INFO - Setting next_dagrun for example_branch_datetime_operator_2 to 2025-04-08 00:00:00+00:00, run_after=2025-04-09 00:00:00+00:00
[2025-04-09T15:54:53.934+0000] {logging_mixin.py:190} INFO - [2025-04-09T15:54:53.933+0000] {dag.py:4180} INFO - Setting next_dagrun for example_branch_datetime_operator_3 to 2025-04-08 00:00:00+00:00, run_after=2025-04-09 00:00:00+00:00
[2025-04-09T15:54:53.990+0000] {processor.py:208} INFO - Processing /home/airflow/.local/lib/python3.12/site-packages/airflow/example_dags/example_branch_datetime_operator.py took 1.893 seconds
[2025-04-09T15:55:32.170+0000] {processor.py:186} INFO - Started process (PID=504) to work on /home/airflow/.local/lib/python3.12/site-packages/airflow/example_dags/example_branch_datetime_operator.py
[2025-04-09T15:55:32.173+0000] {processor.py:914} INFO - Processing file /home/airflow/.local/lib/python3.12/site-packages/airflow/example_dags/example_branch_datetime_operator.py for tasks to queue
[2025-04-09T15:55:32.178+0000] {logging_mixin.py:190} INFO - [2025-04-09T15:55:32.177+0000] {dagbag.py:588} INFO - Filling up the DagBag from /home/airflow/.local/lib/python3.12/site-packages/airflow/example_dags/example_branch_datetime_operator.py
[2025-04-09T15:55:32.210+0000] {processor.py:925} INFO - DAG(s) 'example_branch_datetime_operator_3', 'example_branch_datetime_operator_2', 'example_branch_datetime_operator' retrieved from /home/airflow/.local/lib/python3.12/site-packages/airflow/example_dags/example_branch_datetime_operator.py
[2025-04-09T15:55:32.295+0000] {logging_mixin.py:190} INFO - [2025-04-09T15:55:32.295+0000] {dag.py:3239} INFO - Sync 3 DAGs
[2025-04-09T15:55:32.414+0000] {logging_mixin.py:190} INFO - [2025-04-09T15:55:32.413+0000] {dag.py:4180} INFO - Setting next_dagrun for example_branch_datetime_operator to 2025-04-08 00:00:00+00:00, run_after=2025-04-09 00:00:00+00:00
[2025-04-09T15:55:32.432+0000] {logging_mixin.py:190} INFO - [2025-04-09T15:55:32.432+0000] {dag.py:4180} INFO - Setting next_dagrun for example_branch_datetime_operator_2 to 2025-04-08 00:00:00+00:00, run_after=2025-04-09 00:00:00+00:00
[2025-04-09T15:55:32.441+0000] {logging_mixin.py:190} INFO - [2025-04-09T15:55:32.440+0000] {dag.py:4180} INFO - Setting next_dagrun for example_branch_datetime_operator_3 to 2025-04-08 00:00:00+00:00, run_after=2025-04-09 00:00:00+00:00
[2025-04-09T15:55:32.480+0000] {processor.py:208} INFO - Processing /home/airflow/.local/lib/python3.12/site-packages/airflow/example_dags/example_branch_datetime_operator.py took 0.326 seconds
[2025-04-09T15:56:02.651+0000] {processor.py:186} INFO - Started process (PID=795) to work on /home/airflow/.local/lib/python3.12/site-packages/airflow/example_dags/example_branch_datetime_operator.py
[2025-04-09T15:56:02.653+0000] {processor.py:914} INFO - Processing file /home/airflow/.local/lib/python3.12/site-packages/airflow/example_dags/example_branch_datetime_operator.py for tasks to queue
[2025-04-09T15:56:02.657+0000] {logging_mixin.py:190} INFO - [2025-04-09T15:56:02.657+0000] {dagbag.py:588} INFO - Filling up the DagBag from /home/airflow/.local/lib/python3.12/site-packages/airflow/example_dags/example_branch_datetime_operator.py
[2025-04-09T15:56:02.683+0000] {processor.py:925} INFO - DAG(s) 'example_branch_datetime_operator', 'example_branch_datetime_operator_2', 'example_branch_datetime_operator_3' retrieved from /home/airflow/.local/lib/python3.12/site-packages/airflow/example_dags/example_branch_datetime_operator.py
[2025-04-09T15:56:02.773+0000] {logging_mixin.py:190} INFO - [2025-04-09T15:56:02.772+0000] {dag.py:3239} INFO - Sync 3 DAGs
[2025-04-09T15:56:02.846+0000] {logging_mixin.py:190} INFO - [2025-04-09T15:56:02.845+0000] {dag.py:4180} INFO - Setting next_dagrun for example_branch_datetime_operator to 2025-04-08 00:00:00+00:00, run_after=2025-04-09 00:00:00+00:00
[2025-04-09T15:56:02.862+0000] {logging_mixin.py:190} INFO - [2025-04-09T15:56:02.861+0000] {dag.py:4180} INFO - Setting next_dagrun for example_branch_datetime_operator_2 to 2025-04-08 00:00:00+00:00, run_after=2025-04-09 00:00:00+00:00
[2025-04-09T15:56:02.868+0000] {logging_mixin.py:190} INFO - [2025-04-09T15:56:02.868+0000] {dag.py:4180} INFO - Setting next_dagrun for example_branch_datetime_operator_3 to 2025-04-08 00:00:00+00:00, run_after=2025-04-09 00:00:00+00:00
[2025-04-09T15:56:02.910+0000] {processor.py:208} INFO - Processing /home/airflow/.local/lib/python3.12/site-packages/airflow/example_dags/example_branch_datetime_operator.py took 0.272 seconds
[2025-04-09T15:56:33.322+0000] {processor.py:186} INFO - Started process (PID=1051) to work on /home/airflow/.local/lib/python3.12/site-packages/airflow/example_dags/example_branch_datetime_operator.py
[2025-04-09T15:56:33.323+0000] {processor.py:914} INFO - Processing file /home/airflow/.local/lib/python3.12/site-packages/airflow/example_dags/example_branch_datetime_operator.py for tasks to queue
[2025-04-09T15:56:33.326+0000] {logging_mixin.py:190} INFO - [2025-04-09T15:56:33.325+0000] {dagbag.py:588} INFO - Filling up the DagBag from /home/airflow/.local/lib/python3.12/site-packages/airflow/example_dags/example_branch_datetime_operator.py
[2025-04-09T15:56:33.350+0000] {processor.py:925} INFO - DAG(s) 'example_branch_datetime_operator_3', 'example_branch_datetime_operator_2', 'example_branch_datetime_operator' retrieved from /home/airflow/.local/lib/python3.12/site-packages/airflow/example_dags/example_branch_datetime_operator.py
[2025-04-09T15:56:33.398+0000] {logging_mixin.py:190} INFO - [2025-04-09T15:56:33.398+0000] {dag.py:3239} INFO - Sync 3 DAGs
[2025-04-09T15:56:33.443+0000] {logging_mixin.py:190} INFO - [2025-04-09T15:56:33.443+0000] {dag.py:4180} INFO - Setting next_dagrun for example_branch_datetime_operator to 2025-04-08 00:00:00+00:00, run_after=2025-04-09 00:00:00+00:00
[2025-04-09T15:56:33.451+0000] {logging_mixin.py:190} INFO - [2025-04-09T15:56:33.450+0000] {dag.py:4180} INFO - Setting next_dagrun for example_branch_datetime_operator_2 to 2025-04-08 00:00:00+00:00, run_after=2025-04-09 00:00:00+00:00
[2025-04-09T15:56:33.454+0000] {logging_mixin.py:190} INFO - [2025-04-09T15:56:33.454+0000] {dag.py:4180} INFO - Setting next_dagrun for example_branch_datetime_operator_3 to 2025-04-08 00:00:00+00:00, run_after=2025-04-09 00:00:00+00:00
[2025-04-09T15:56:33.479+0000] {processor.py:208} INFO - Processing /home/airflow/.local/lib/python3.12/site-packages/airflow/example_dags/example_branch_datetime_operator.py took 0.166 seconds
[2025-04-09T15:57:03.552+0000] {processor.py:186} INFO - Started process (PID=1342) to work on /home/airflow/.local/lib/python3.12/site-packages/airflow/example_dags/example_branch_datetime_operator.py
[2025-04-09T15:57:03.553+0000] {processor.py:914} INFO - Processing file /home/airflow/.local/lib/python3.12/site-packages/airflow/example_dags/example_branch_datetime_operator.py for tasks to queue
[2025-04-09T15:57:03.556+0000] {logging_mixin.py:190} INFO - [2025-04-09T15:57:03.556+0000] {dagbag.py:588} INFO - Filling up the DagBag from /home/airflow/.local/lib/python3.12/site-packages/airflow/example_dags/example_branch_datetime_operator.py
[2025-04-09T15:57:03.573+0000] {processor.py:925} INFO - DAG(s) 'example_branch_datetime_operator_2', 'example_branch_datetime_operator', 'example_branch_datetime_operator_3' retrieved from /home/airflow/.local/lib/python3.12/site-packages/airflow/example_dags/example_branch_datetime_operator.py
[2025-04-09T15:57:03.613+0000] {logging_mixin.py:190} INFO - [2025-04-09T15:57:03.613+0000] {dag.py:3239} INFO - Sync 3 DAGs
[2025-04-09T15:57:03.648+0000] {logging_mixin.py:190} INFO - [2025-04-09T15:57:03.648+0000] {dag.py:4180} INFO - Setting next_dagrun for example_branch_datetime_operator to 2025-04-08 00:00:00+00:00, run_after=2025-04-09 00:00:00+00:00
[2025-04-09T15:57:03.655+0000] {logging_mixin.py:190} INFO - [2025-04-09T15:57:03.655+0000] {dag.py:4180} INFO - Setting next_dagrun for example_branch_datetime_operator_2 to 2025-04-08 00:00:00+00:00, run_after=2025-04-09 00:00:00+00:00
[2025-04-09T15:57:03.659+0000] {logging_mixin.py:190} INFO - [2025-04-09T15:57:03.659+0000] {dag.py:4180} INFO - Setting next_dagrun for example_branch_datetime_operator_3 to 2025-04-08 00:00:00+00:00, run_after=2025-04-09 00:00:00+00:00
[2025-04-09T15:57:03.682+0000] {processor.py:208} INFO - Processing /home/airflow/.local/lib/python3.12/site-packages/airflow/example_dags/example_branch_datetime_operator.py took 0.138 seconds
[2025-04-09T15:57:34.188+0000] {processor.py:186} INFO - Started process (PID=1593) to work on /home/airflow/.local/lib/python3.12/site-packages/airflow/example_dags/example_branch_datetime_operator.py
[2025-04-09T15:57:34.191+0000] {processor.py:914} INFO - Processing file /home/airflow/.local/lib/python3.12/site-packages/airflow/example_dags/example_branch_datetime_operator.py for tasks to queue
[2025-04-09T15:57:34.200+0000] {logging_mixin.py:190} INFO - [2025-04-09T15:57:34.197+0000] {dagbag.py:588} INFO - Filling up the DagBag from /home/airflow/.local/lib/python3.12/site-packages/airflow/example_dags/example_branch_datetime_operator.py
[2025-04-09T15:57:34.259+0000] {processor.py:925} INFO - DAG(s) 'example_branch_datetime_operator_2', 'example_branch_datetime_operator', 'example_branch_datetime_operator_3' retrieved from /home/airflow/.local/lib/python3.12/site-packages/airflow/example_dags/example_branch_datetime_operator.py
[2025-04-09T15:57:34.443+0000] {logging_mixin.py:190} INFO - [2025-04-09T15:57:34.442+0000] {dag.py:3239} INFO - Sync 3 DAGs
[2025-04-09T15:57:34.537+0000] {logging_mixin.py:190} INFO - [2025-04-09T15:57:34.536+0000] {dag.py:4180} INFO - Setting next_dagrun for example_branch_datetime_operator to 2025-04-08 00:00:00+00:00, run_after=2025-04-09 00:00:00+00:00
[2025-04-09T15:57:34.550+0000] {logging_mixin.py:190} INFO - [2025-04-09T15:57:34.550+0000] {dag.py:4180} INFO - Setting next_dagrun for example_branch_datetime_operator_2 to 2025-04-08 00:00:00+00:00, run_after=2025-04-09 00:00:00+00:00
[2025-04-09T15:57:34.553+0000] {logging_mixin.py:190} INFO - [2025-04-09T15:57:34.553+0000] {dag.py:4180} INFO - Setting next_dagrun for example_branch_datetime_operator_3 to 2025-04-08 00:00:00+00:00, run_after=2025-04-09 00:00:00+00:00
[2025-04-09T15:57:34.596+0000] {processor.py:208} INFO - Processing /home/airflow/.local/lib/python3.12/site-packages/airflow/example_dags/example_branch_datetime_operator.py took 0.435 seconds
