[2025-04-09T15:48:58.621+0000] {processor.py:186} INFO - Started process (PID=341) to work on /home/airflow/.local/lib/python3.12/site-packages/airflow/example_dags/example_sensors.py
[2025-04-09T15:48:58.622+0000] {processor.py:914} INFO - Processing file /home/airflow/.local/lib/python3.12/site-packages/airflow/example_dags/example_sensors.py for tasks to queue
[2025-04-09T15:48:58.624+0000] {logging_mixin.py:190} INFO - [2025-04-09T15:48:58.624+0000] {dagbag.py:588} INFO - Filling up the DagBag from /home/airflow/.local/lib/python3.12/site-packages/airflow/example_dags/example_sensors.py
[2025-04-09T15:48:58.640+0000] {processor.py:925} INFO - DAG(s) 'example_sensors' retrieved from /home/airflow/.local/lib/python3.12/site-packages/airflow/example_dags/example_sensors.py
[2025-04-09T15:48:58.796+0000] {logging_mixin.py:190} INFO - [2025-04-09T15:48:58.795+0000] {override.py:1912} INFO - Created Permission View: can delete on DAG:example_sensors
[2025-04-09T15:48:58.810+0000] {logging_mixin.py:190} INFO - [2025-04-09T15:48:58.810+0000] {override.py:1912} INFO - Created Permission View: can edit on DAG:example_sensors
[2025-04-09T15:48:58.821+0000] {logging_mixin.py:190} INFO - [2025-04-09T15:48:58.821+0000] {override.py:1912} INFO - Created Permission View: can read on DAG:example_sensors
[2025-04-09T15:48:58.831+0000] {logging_mixin.py:190} INFO - [2025-04-09T15:48:58.831+0000] {override.py:1912} INFO - Created Permission View: menu access on DAG Run:example_sensors
[2025-04-09T15:48:58.840+0000] {logging_mixin.py:190} INFO - [2025-04-09T15:48:58.840+0000] {override.py:1912} INFO - Created Permission View: can create on DAG Run:example_sensors
[2025-04-09T15:48:58.849+0000] {logging_mixin.py:190} INFO - [2025-04-09T15:48:58.849+0000] {override.py:1912} INFO - Created Permission View: can delete on DAG Run:example_sensors
[2025-04-09T15:48:58.858+0000] {logging_mixin.py:190} INFO - [2025-04-09T15:48:58.857+0000] {override.py:1912} INFO - Created Permission View: can read on DAG Run:example_sensors
[2025-04-09T15:48:58.858+0000] {logging_mixin.py:190} INFO - [2025-04-09T15:48:58.858+0000] {dag.py:3239} INFO - Sync 1 DAGs
[2025-04-09T15:48:58.874+0000] {logging_mixin.py:190} INFO - [2025-04-09T15:48:58.874+0000] {dag.py:3262} INFO - Creating ORM DAG for example_sensors
[2025-04-09T15:48:58.903+0000] {logging_mixin.py:190} INFO - [2025-04-09T15:48:58.903+0000] {dag.py:4180} INFO - Setting next_dagrun for example_sensors to None, run_after=None
[2025-04-09T15:48:58.928+0000] {processor.py:208} INFO - Processing /home/airflow/.local/lib/python3.12/site-packages/airflow/example_dags/example_sensors.py took 0.315 seconds
[2025-04-09T15:50:16.659+0000] {processor.py:186} INFO - Started process (PID=688) to work on /home/airflow/.local/lib/python3.12/site-packages/airflow/example_dags/example_sensors.py
[2025-04-09T15:50:16.677+0000] {processor.py:914} INFO - Processing file /home/airflow/.local/lib/python3.12/site-packages/airflow/example_dags/example_sensors.py for tasks to queue
[2025-04-09T15:50:16.691+0000] {logging_mixin.py:190} INFO - [2025-04-09T15:50:16.686+0000] {dagbag.py:588} INFO - Filling up the DagBag from /home/airflow/.local/lib/python3.12/site-packages/airflow/example_dags/example_sensors.py
[2025-04-09T15:50:16.733+0000] {processor.py:925} INFO - DAG(s) 'example_sensors' retrieved from /home/airflow/.local/lib/python3.12/site-packages/airflow/example_dags/example_sensors.py
[2025-04-09T15:50:17.002+0000] {logging_mixin.py:190} INFO - [2025-04-09T15:50:17.001+0000] {dag.py:3239} INFO - Sync 1 DAGs
[2025-04-09T15:50:17.406+0000] {logging_mixin.py:190} INFO - [2025-04-09T15:50:17.405+0000] {dag.py:4180} INFO - Setting next_dagrun for example_sensors to None, run_after=None
[2025-04-09T15:50:17.888+0000] {processor.py:208} INFO - Processing /home/airflow/.local/lib/python3.12/site-packages/airflow/example_dags/example_sensors.py took 1.267 seconds
[2025-04-09T15:51:04.454+0000] {processor.py:186} INFO - Started process (PID=986) to work on /home/airflow/.local/lib/python3.12/site-packages/airflow/example_dags/example_sensors.py
[2025-04-09T15:51:04.461+0000] {processor.py:914} INFO - Processing file /home/airflow/.local/lib/python3.12/site-packages/airflow/example_dags/example_sensors.py for tasks to queue
[2025-04-09T15:51:04.465+0000] {logging_mixin.py:190} INFO - [2025-04-09T15:51:04.465+0000] {dagbag.py:588} INFO - Filling up the DagBag from /home/airflow/.local/lib/python3.12/site-packages/airflow/example_dags/example_sensors.py
[2025-04-09T15:51:04.632+0000] {processor.py:925} INFO - DAG(s) 'example_sensors' retrieved from /home/airflow/.local/lib/python3.12/site-packages/airflow/example_dags/example_sensors.py
[2025-04-09T15:51:05.021+0000] {logging_mixin.py:190} INFO - [2025-04-09T15:51:05.020+0000] {dag.py:3239} INFO - Sync 1 DAGs
[2025-04-09T15:51:05.322+0000] {logging_mixin.py:190} INFO - [2025-04-09T15:51:05.321+0000] {dag.py:4180} INFO - Setting next_dagrun for example_sensors to None, run_after=None
[2025-04-09T15:51:05.641+0000] {processor.py:208} INFO - Processing /home/airflow/.local/lib/python3.12/site-packages/airflow/example_dags/example_sensors.py took 1.225 seconds
[2025-04-09T15:52:12.612+0000] {processor.py:186} INFO - Started process (PID=1310) to work on /home/airflow/.local/lib/python3.12/site-packages/airflow/example_dags/example_sensors.py
[2025-04-09T15:52:12.613+0000] {processor.py:914} INFO - Processing file /home/airflow/.local/lib/python3.12/site-packages/airflow/example_dags/example_sensors.py for tasks to queue
[2025-04-09T15:52:12.618+0000] {logging_mixin.py:190} INFO - [2025-04-09T15:52:12.617+0000] {dagbag.py:588} INFO - Filling up the DagBag from /home/airflow/.local/lib/python3.12/site-packages/airflow/example_dags/example_sensors.py
[2025-04-09T15:52:12.647+0000] {processor.py:925} INFO - DAG(s) 'example_sensors' retrieved from /home/airflow/.local/lib/python3.12/site-packages/airflow/example_dags/example_sensors.py
[2025-04-09T15:52:12.713+0000] {logging_mixin.py:190} INFO - [2025-04-09T15:52:12.712+0000] {dag.py:3239} INFO - Sync 1 DAGs
[2025-04-09T15:52:12.744+0000] {logging_mixin.py:190} INFO - [2025-04-09T15:52:12.743+0000] {dag.py:4180} INFO - Setting next_dagrun for example_sensors to None, run_after=None
[2025-04-09T15:52:12.902+0000] {processor.py:208} INFO - Processing /home/airflow/.local/lib/python3.12/site-packages/airflow/example_dags/example_sensors.py took 0.302 seconds
[2025-04-09T15:55:18.543+0000] {processor.py:186} INFO - Started process (PID=359) to work on /home/airflow/.local/lib/python3.12/site-packages/airflow/example_dags/example_sensors.py
[2025-04-09T15:55:18.548+0000] {processor.py:914} INFO - Processing file /home/airflow/.local/lib/python3.12/site-packages/airflow/example_dags/example_sensors.py for tasks to queue
[2025-04-09T15:55:18.559+0000] {logging_mixin.py:190} INFO - [2025-04-09T15:55:18.558+0000] {dagbag.py:588} INFO - Filling up the DagBag from /home/airflow/.local/lib/python3.12/site-packages/airflow/example_dags/example_sensors.py
[2025-04-09T15:55:18.663+0000] {processor.py:925} INFO - DAG(s) 'example_sensors' retrieved from /home/airflow/.local/lib/python3.12/site-packages/airflow/example_dags/example_sensors.py
[2025-04-09T15:55:19.478+0000] {logging_mixin.py:190} INFO - [2025-04-09T15:55:19.473+0000] {override.py:1912} INFO - Created Permission View: can delete on DAG:example_sensors
[2025-04-09T15:55:19.532+0000] {logging_mixin.py:190} INFO - [2025-04-09T15:55:19.531+0000] {override.py:1912} INFO - Created Permission View: can edit on DAG:example_sensors
[2025-04-09T15:55:19.569+0000] {logging_mixin.py:190} INFO - [2025-04-09T15:55:19.568+0000] {override.py:1912} INFO - Created Permission View: can read on DAG:example_sensors
[2025-04-09T15:55:19.604+0000] {logging_mixin.py:190} INFO - [2025-04-09T15:55:19.603+0000] {override.py:1912} INFO - Created Permission View: can delete on DAG Run:example_sensors
[2025-04-09T15:55:19.644+0000] {logging_mixin.py:190} INFO - [2025-04-09T15:55:19.642+0000] {override.py:1912} INFO - Created Permission View: can create on DAG Run:example_sensors
[2025-04-09T15:55:19.666+0000] {logging_mixin.py:190} INFO - [2025-04-09T15:55:19.666+0000] {override.py:1912} INFO - Created Permission View: can read on DAG Run:example_sensors
[2025-04-09T15:55:19.725+0000] {logging_mixin.py:190} INFO - [2025-04-09T15:55:19.724+0000] {override.py:1912} INFO - Created Permission View: menu access on DAG Run:example_sensors
[2025-04-09T15:55:19.728+0000] {logging_mixin.py:190} INFO - [2025-04-09T15:55:19.727+0000] {dag.py:3239} INFO - Sync 1 DAGs
[2025-04-09T15:55:19.773+0000] {logging_mixin.py:190} INFO - [2025-04-09T15:55:19.772+0000] {dag.py:3262} INFO - Creating ORM DAG for example_sensors
[2025-04-09T15:55:19.774+0000] {logging_mixin.py:190} INFO - [2025-04-09T15:55:19.774+0000] {dag.py:4180} INFO - Setting next_dagrun for example_sensors to None, run_after=None
[2025-04-09T15:55:19.849+0000] {processor.py:208} INFO - Processing /home/airflow/.local/lib/python3.12/site-packages/airflow/example_dags/example_sensors.py took 1.338 seconds
[2025-04-09T15:55:50.013+0000] {processor.py:186} INFO - Started process (PID=650) to work on /home/airflow/.local/lib/python3.12/site-packages/airflow/example_dags/example_sensors.py
[2025-04-09T15:55:50.020+0000] {processor.py:914} INFO - Processing file /home/airflow/.local/lib/python3.12/site-packages/airflow/example_dags/example_sensors.py for tasks to queue
[2025-04-09T15:55:50.034+0000] {logging_mixin.py:190} INFO - [2025-04-09T15:55:50.033+0000] {dagbag.py:588} INFO - Filling up the DagBag from /home/airflow/.local/lib/python3.12/site-packages/airflow/example_dags/example_sensors.py
[2025-04-09T15:55:50.089+0000] {processor.py:925} INFO - DAG(s) 'example_sensors' retrieved from /home/airflow/.local/lib/python3.12/site-packages/airflow/example_dags/example_sensors.py
[2025-04-09T15:55:50.170+0000] {logging_mixin.py:190} INFO - [2025-04-09T15:55:50.169+0000] {dag.py:3239} INFO - Sync 1 DAGs
[2025-04-09T15:55:50.251+0000] {logging_mixin.py:190} INFO - [2025-04-09T15:55:50.251+0000] {dag.py:4180} INFO - Setting next_dagrun for example_sensors to None, run_after=None
[2025-04-09T15:55:50.368+0000] {processor.py:208} INFO - Processing /home/airflow/.local/lib/python3.12/site-packages/airflow/example_dags/example_sensors.py took 0.382 seconds
[2025-04-09T15:56:29.730+0000] {processor.py:186} INFO - Started process (PID=943) to work on /home/airflow/.local/lib/python3.12/site-packages/airflow/example_dags/example_sensors.py
[2025-04-09T15:56:29.732+0000] {processor.py:914} INFO - Processing file /home/airflow/.local/lib/python3.12/site-packages/airflow/example_dags/example_sensors.py for tasks to queue
[2025-04-09T15:56:29.737+0000] {logging_mixin.py:190} INFO - [2025-04-09T15:56:29.736+0000] {dagbag.py:588} INFO - Filling up the DagBag from /home/airflow/.local/lib/python3.12/site-packages/airflow/example_dags/example_sensors.py
[2025-04-09T15:56:29.756+0000] {processor.py:925} INFO - DAG(s) 'example_sensors' retrieved from /home/airflow/.local/lib/python3.12/site-packages/airflow/example_dags/example_sensors.py
[2025-04-09T15:56:29.812+0000] {logging_mixin.py:190} INFO - [2025-04-09T15:56:29.812+0000] {dag.py:3239} INFO - Sync 1 DAGs
[2025-04-09T15:56:29.842+0000] {logging_mixin.py:190} INFO - [2025-04-09T15:56:29.842+0000] {dag.py:4180} INFO - Setting next_dagrun for example_sensors to None, run_after=None
[2025-04-09T15:56:29.874+0000] {processor.py:208} INFO - Processing /home/airflow/.local/lib/python3.12/site-packages/airflow/example_dags/example_sensors.py took 0.155 seconds
[2025-04-09T15:56:59.978+0000] {processor.py:186} INFO - Started process (PID=1232) to work on /home/airflow/.local/lib/python3.12/site-packages/airflow/example_dags/example_sensors.py
[2025-04-09T15:56:59.980+0000] {processor.py:914} INFO - Processing file /home/airflow/.local/lib/python3.12/site-packages/airflow/example_dags/example_sensors.py for tasks to queue
[2025-04-09T15:56:59.983+0000] {logging_mixin.py:190} INFO - [2025-04-09T15:56:59.983+0000] {dagbag.py:588} INFO - Filling up the DagBag from /home/airflow/.local/lib/python3.12/site-packages/airflow/example_dags/example_sensors.py
[2025-04-09T15:57:00.000+0000] {processor.py:925} INFO - DAG(s) 'example_sensors' retrieved from /home/airflow/.local/lib/python3.12/site-packages/airflow/example_dags/example_sensors.py
[2025-04-09T15:57:00.050+0000] {logging_mixin.py:190} INFO - [2025-04-09T15:57:00.049+0000] {dag.py:3239} INFO - Sync 1 DAGs
[2025-04-09T15:57:00.084+0000] {logging_mixin.py:190} INFO - [2025-04-09T15:57:00.084+0000] {dag.py:4180} INFO - Setting next_dagrun for example_sensors to None, run_after=None
[2025-04-09T15:57:00.118+0000] {processor.py:208} INFO - Processing /home/airflow/.local/lib/python3.12/site-packages/airflow/example_dags/example_sensors.py took 0.148 seconds
[2025-04-09T15:57:32.119+0000] {processor.py:186} INFO - Started process (PID=1518) to work on /home/airflow/.local/lib/python3.12/site-packages/airflow/example_dags/example_sensors.py
[2025-04-09T15:57:32.121+0000] {processor.py:914} INFO - Processing file /home/airflow/.local/lib/python3.12/site-packages/airflow/example_dags/example_sensors.py for tasks to queue
[2025-04-09T15:57:32.125+0000] {logging_mixin.py:190} INFO - [2025-04-09T15:57:32.124+0000] {dagbag.py:588} INFO - Filling up the DagBag from /home/airflow/.local/lib/python3.12/site-packages/airflow/example_dags/example_sensors.py
[2025-04-09T15:57:32.142+0000] {processor.py:925} INFO - DAG(s) 'example_sensors' retrieved from /home/airflow/.local/lib/python3.12/site-packages/airflow/example_dags/example_sensors.py
[2025-04-09T15:57:32.185+0000] {logging_mixin.py:190} INFO - [2025-04-09T15:57:32.185+0000] {dag.py:3239} INFO - Sync 1 DAGs
[2025-04-09T15:57:32.206+0000] {logging_mixin.py:190} INFO - [2025-04-09T15:57:32.206+0000] {dag.py:4180} INFO - Setting next_dagrun for example_sensors to None, run_after=None
[2025-04-09T15:57:32.234+0000] {processor.py:208} INFO - Processing /home/airflow/.local/lib/python3.12/site-packages/airflow/example_dags/example_sensors.py took 0.125 seconds
