[2025-04-09T15:48:56.069+0000] {processor.py:186} INFO - Started process (PID=281) to work on /home/airflow/.local/lib/python3.12/site-packages/airflow/example_dags/example_kubernetes_executor.py
[2025-04-09T15:48:56.070+0000] {processor.py:914} INFO - Processing file /home/airflow/.local/lib/python3.12/site-packages/airflow/example_dags/example_kubernetes_executor.py for tasks to queue
[2025-04-09T15:48:56.074+0000] {logging_mixin.py:190} INFO - [2025-04-09T15:48:56.073+0000] {dagbag.py:588} INFO - Filling up the DagBag from /home/airflow/.local/lib/python3.12/site-packages/airflow/example_dags/example_kubernetes_executor.py
[2025-04-09T15:48:56.094+0000] {processor.py:925} INFO - DAG(s) 'example_kubernetes_executor' retrieved from /home/airflow/.local/lib/python3.12/site-packages/airflow/example_dags/example_kubernetes_executor.py
[2025-04-09T15:48:56.240+0000] {logging_mixin.py:190} INFO - [2025-04-09T15:48:56.240+0000] {override.py:1912} INFO - Created Permission View: can delete on DAG:example_kubernetes_executor
[2025-04-09T15:48:56.252+0000] {logging_mixin.py:190} INFO - [2025-04-09T15:48:56.252+0000] {override.py:1912} INFO - Created Permission View: can edit on DAG:example_kubernetes_executor
[2025-04-09T15:48:56.260+0000] {logging_mixin.py:190} INFO - [2025-04-09T15:48:56.260+0000] {override.py:1912} INFO - Created Permission View: can read on DAG:example_kubernetes_executor
[2025-04-09T15:48:56.270+0000] {logging_mixin.py:190} INFO - [2025-04-09T15:48:56.269+0000] {override.py:1912} INFO - Created Permission View: menu access on DAG Run:example_kubernetes_executor
[2025-04-09T15:48:56.277+0000] {logging_mixin.py:190} INFO - [2025-04-09T15:48:56.277+0000] {override.py:1912} INFO - Created Permission View: can create on DAG Run:example_kubernetes_executor
[2025-04-09T15:48:56.294+0000] {logging_mixin.py:190} INFO - [2025-04-09T15:48:56.294+0000] {override.py:1912} INFO - Created Permission View: can delete on DAG Run:example_kubernetes_executor
[2025-04-09T15:48:56.306+0000] {logging_mixin.py:190} INFO - [2025-04-09T15:48:56.305+0000] {override.py:1912} INFO - Created Permission View: can read on DAG Run:example_kubernetes_executor
[2025-04-09T15:48:56.307+0000] {logging_mixin.py:190} INFO - [2025-04-09T15:48:56.306+0000] {dag.py:3239} INFO - Sync 1 DAGs
[2025-04-09T15:48:56.332+0000] {logging_mixin.py:190} INFO - [2025-04-09T15:48:56.332+0000] {dag.py:3262} INFO - Creating ORM DAG for example_kubernetes_executor
[2025-04-09T15:48:56.333+0000] {logging_mixin.py:190} INFO - [2025-04-09T15:48:56.333+0000] {dag.py:4180} INFO - Setting next_dagrun for example_kubernetes_executor to None, run_after=None
[2025-04-09T15:48:56.358+0000] {processor.py:208} INFO - Processing /home/airflow/.local/lib/python3.12/site-packages/airflow/example_dags/example_kubernetes_executor.py took 0.295 seconds
[2025-04-09T15:50:10.378+0000] {processor.py:186} INFO - Started process (PID=628) to work on /home/airflow/.local/lib/python3.12/site-packages/airflow/example_dags/example_kubernetes_executor.py
[2025-04-09T15:50:10.416+0000] {processor.py:914} INFO - Processing file /home/airflow/.local/lib/python3.12/site-packages/airflow/example_dags/example_kubernetes_executor.py for tasks to queue
[2025-04-09T15:50:10.425+0000] {logging_mixin.py:190} INFO - [2025-04-09T15:50:10.424+0000] {dagbag.py:588} INFO - Filling up the DagBag from /home/airflow/.local/lib/python3.12/site-packages/airflow/example_dags/example_kubernetes_executor.py
[2025-04-09T15:50:10.511+0000] {processor.py:925} INFO - DAG(s) 'example_kubernetes_executor' retrieved from /home/airflow/.local/lib/python3.12/site-packages/airflow/example_dags/example_kubernetes_executor.py
[2025-04-09T15:50:10.639+0000] {logging_mixin.py:190} INFO - [2025-04-09T15:50:10.637+0000] {dag.py:3239} INFO - Sync 1 DAGs
[2025-04-09T15:50:10.691+0000] {logging_mixin.py:190} INFO - [2025-04-09T15:50:10.691+0000] {dag.py:4180} INFO - Setting next_dagrun for example_kubernetes_executor to None, run_after=None
[2025-04-09T15:50:10.789+0000] {processor.py:208} INFO - Processing /home/airflow/.local/lib/python3.12/site-packages/airflow/example_dags/example_kubernetes_executor.py took 0.433 seconds
[2025-04-09T15:50:50.793+0000] {processor.py:186} INFO - Started process (PID=919) to work on /home/airflow/.local/lib/python3.12/site-packages/airflow/example_dags/example_kubernetes_executor.py
[2025-04-09T15:50:50.799+0000] {processor.py:914} INFO - Processing file /home/airflow/.local/lib/python3.12/site-packages/airflow/example_dags/example_kubernetes_executor.py for tasks to queue
[2025-04-09T15:50:50.806+0000] {logging_mixin.py:190} INFO - [2025-04-09T15:50:50.804+0000] {dagbag.py:588} INFO - Filling up the DagBag from /home/airflow/.local/lib/python3.12/site-packages/airflow/example_dags/example_kubernetes_executor.py
[2025-04-09T15:50:50.853+0000] {processor.py:925} INFO - DAG(s) 'example_kubernetes_executor' retrieved from /home/airflow/.local/lib/python3.12/site-packages/airflow/example_dags/example_kubernetes_executor.py
[2025-04-09T15:50:51.007+0000] {logging_mixin.py:190} INFO - [2025-04-09T15:50:51.006+0000] {dag.py:3239} INFO - Sync 1 DAGs
[2025-04-09T15:50:51.080+0000] {logging_mixin.py:190} INFO - [2025-04-09T15:50:51.079+0000] {dag.py:4180} INFO - Setting next_dagrun for example_kubernetes_executor to None, run_after=None
[2025-04-09T15:50:51.458+0000] {processor.py:208} INFO - Processing /home/airflow/.local/lib/python3.12/site-packages/airflow/example_dags/example_kubernetes_executor.py took 0.769 seconds
[2025-04-09T15:51:58.397+0000] {processor.py:186} INFO - Started process (PID=1158) to work on /home/airflow/.local/lib/python3.12/site-packages/airflow/example_dags/example_kubernetes_executor.py
[2025-04-09T15:51:58.401+0000] {processor.py:914} INFO - Processing file /home/airflow/.local/lib/python3.12/site-packages/airflow/example_dags/example_kubernetes_executor.py for tasks to queue
[2025-04-09T15:51:58.408+0000] {logging_mixin.py:190} INFO - [2025-04-09T15:51:58.408+0000] {dagbag.py:588} INFO - Filling up the DagBag from /home/airflow/.local/lib/python3.12/site-packages/airflow/example_dags/example_kubernetes_executor.py
[2025-04-09T15:51:58.479+0000] {processor.py:925} INFO - DAG(s) 'example_kubernetes_executor' retrieved from /home/airflow/.local/lib/python3.12/site-packages/airflow/example_dags/example_kubernetes_executor.py
[2025-04-09T15:51:58.601+0000] {logging_mixin.py:190} INFO - [2025-04-09T15:51:58.600+0000] {dag.py:3239} INFO - Sync 1 DAGs
[2025-04-09T15:51:58.666+0000] {logging_mixin.py:190} INFO - [2025-04-09T15:51:58.666+0000] {dag.py:4180} INFO - Setting next_dagrun for example_kubernetes_executor to None, run_after=None
[2025-04-09T15:51:58.834+0000] {processor.py:208} INFO - Processing /home/airflow/.local/lib/python3.12/site-packages/airflow/example_dags/example_kubernetes_executor.py took 0.464 seconds
[2025-04-09T15:52:29.457+0000] {processor.py:186} INFO - Started process (PID=1446) to work on /home/airflow/.local/lib/python3.12/site-packages/airflow/example_dags/example_kubernetes_executor.py
[2025-04-09T15:52:29.460+0000] {processor.py:914} INFO - Processing file /home/airflow/.local/lib/python3.12/site-packages/airflow/example_dags/example_kubernetes_executor.py for tasks to queue
[2025-04-09T15:52:29.462+0000] {logging_mixin.py:190} INFO - [2025-04-09T15:52:29.462+0000] {dagbag.py:588} INFO - Filling up the DagBag from /home/airflow/.local/lib/python3.12/site-packages/airflow/example_dags/example_kubernetes_executor.py
[2025-04-09T15:52:29.489+0000] {processor.py:925} INFO - DAG(s) 'example_kubernetes_executor' retrieved from /home/airflow/.local/lib/python3.12/site-packages/airflow/example_dags/example_kubernetes_executor.py
[2025-04-09T15:52:29.527+0000] {logging_mixin.py:190} INFO - [2025-04-09T15:52:29.527+0000] {dag.py:3239} INFO - Sync 1 DAGs
[2025-04-09T15:52:29.546+0000] {logging_mixin.py:190} INFO - [2025-04-09T15:52:29.546+0000] {dag.py:4180} INFO - Setting next_dagrun for example_kubernetes_executor to None, run_after=None
[2025-04-09T15:52:29.760+0000] {processor.py:208} INFO - Processing /home/airflow/.local/lib/python3.12/site-packages/airflow/example_dags/example_kubernetes_executor.py took 0.312 seconds
[2025-04-09T15:55:07.367+0000] {processor.py:186} INFO - Started process (PID=293) to work on /home/airflow/.local/lib/python3.12/site-packages/airflow/example_dags/example_kubernetes_executor.py
[2025-04-09T15:55:07.369+0000] {processor.py:914} INFO - Processing file /home/airflow/.local/lib/python3.12/site-packages/airflow/example_dags/example_kubernetes_executor.py for tasks to queue
[2025-04-09T15:55:07.372+0000] {logging_mixin.py:190} INFO - [2025-04-09T15:55:07.372+0000] {dagbag.py:588} INFO - Filling up the DagBag from /home/airflow/.local/lib/python3.12/site-packages/airflow/example_dags/example_kubernetes_executor.py
[2025-04-09T15:55:07.401+0000] {processor.py:925} INFO - DAG(s) 'example_kubernetes_executor' retrieved from /home/airflow/.local/lib/python3.12/site-packages/airflow/example_dags/example_kubernetes_executor.py
[2025-04-09T15:55:07.587+0000] {logging_mixin.py:190} INFO - [2025-04-09T15:55:07.586+0000] {override.py:1912} INFO - Created Permission View: can delete on DAG:example_kubernetes_executor
[2025-04-09T15:55:07.602+0000] {logging_mixin.py:190} INFO - [2025-04-09T15:55:07.602+0000] {override.py:1912} INFO - Created Permission View: can edit on DAG:example_kubernetes_executor
[2025-04-09T15:55:07.614+0000] {logging_mixin.py:190} INFO - [2025-04-09T15:55:07.613+0000] {override.py:1912} INFO - Created Permission View: can read on DAG:example_kubernetes_executor
[2025-04-09T15:55:07.688+0000] {logging_mixin.py:190} INFO - [2025-04-09T15:55:07.687+0000] {override.py:1912} INFO - Created Permission View: can delete on DAG Run:example_kubernetes_executor
[2025-04-09T15:55:07.709+0000] {logging_mixin.py:190} INFO - [2025-04-09T15:55:07.709+0000] {override.py:1912} INFO - Created Permission View: can create on DAG Run:example_kubernetes_executor
[2025-04-09T15:55:07.738+0000] {logging_mixin.py:190} INFO - [2025-04-09T15:55:07.737+0000] {override.py:1912} INFO - Created Permission View: can read on DAG Run:example_kubernetes_executor
[2025-04-09T15:55:07.756+0000] {logging_mixin.py:190} INFO - [2025-04-09T15:55:07.756+0000] {override.py:1912} INFO - Created Permission View: menu access on DAG Run:example_kubernetes_executor
[2025-04-09T15:55:07.757+0000] {logging_mixin.py:190} INFO - [2025-04-09T15:55:07.757+0000] {dag.py:3239} INFO - Sync 1 DAGs
[2025-04-09T15:55:07.796+0000] {logging_mixin.py:190} INFO - [2025-04-09T15:55:07.795+0000] {dag.py:3262} INFO - Creating ORM DAG for example_kubernetes_executor
[2025-04-09T15:55:07.799+0000] {logging_mixin.py:190} INFO - [2025-04-09T15:55:07.798+0000] {dag.py:4180} INFO - Setting next_dagrun for example_kubernetes_executor to None, run_after=None
[2025-04-09T15:55:07.842+0000] {processor.py:208} INFO - Processing /home/airflow/.local/lib/python3.12/site-packages/airflow/example_dags/example_kubernetes_executor.py took 0.485 seconds
[2025-04-09T15:55:39.483+0000] {processor.py:186} INFO - Started process (PID=579) to work on /home/airflow/.local/lib/python3.12/site-packages/airflow/example_dags/example_kubernetes_executor.py
[2025-04-09T15:55:39.485+0000] {processor.py:914} INFO - Processing file /home/airflow/.local/lib/python3.12/site-packages/airflow/example_dags/example_kubernetes_executor.py for tasks to queue
[2025-04-09T15:55:39.489+0000] {logging_mixin.py:190} INFO - [2025-04-09T15:55:39.488+0000] {dagbag.py:588} INFO - Filling up the DagBag from /home/airflow/.local/lib/python3.12/site-packages/airflow/example_dags/example_kubernetes_executor.py
[2025-04-09T15:55:39.519+0000] {processor.py:925} INFO - DAG(s) 'example_kubernetes_executor' retrieved from /home/airflow/.local/lib/python3.12/site-packages/airflow/example_dags/example_kubernetes_executor.py
[2025-04-09T15:55:39.573+0000] {logging_mixin.py:190} INFO - [2025-04-09T15:55:39.573+0000] {dag.py:3239} INFO - Sync 1 DAGs
[2025-04-09T15:55:39.605+0000] {logging_mixin.py:190} INFO - [2025-04-09T15:55:39.605+0000] {dag.py:4180} INFO - Setting next_dagrun for example_kubernetes_executor to None, run_after=None
[2025-04-09T15:55:39.642+0000] {processor.py:208} INFO - Processing /home/airflow/.local/lib/python3.12/site-packages/airflow/example_dags/example_kubernetes_executor.py took 0.170 seconds
[2025-04-09T15:56:25.645+0000] {processor.py:186} INFO - Started process (PID=881) to work on /home/airflow/.local/lib/python3.12/site-packages/airflow/example_dags/example_kubernetes_executor.py
[2025-04-09T15:56:25.648+0000] {processor.py:914} INFO - Processing file /home/airflow/.local/lib/python3.12/site-packages/airflow/example_dags/example_kubernetes_executor.py for tasks to queue
[2025-04-09T15:56:25.655+0000] {logging_mixin.py:190} INFO - [2025-04-09T15:56:25.654+0000] {dagbag.py:588} INFO - Filling up the DagBag from /home/airflow/.local/lib/python3.12/site-packages/airflow/example_dags/example_kubernetes_executor.py
[2025-04-09T15:56:25.709+0000] {processor.py:925} INFO - DAG(s) 'example_kubernetes_executor' retrieved from /home/airflow/.local/lib/python3.12/site-packages/airflow/example_dags/example_kubernetes_executor.py
[2025-04-09T15:56:25.834+0000] {logging_mixin.py:190} INFO - [2025-04-09T15:56:25.833+0000] {dag.py:3239} INFO - Sync 1 DAGs
[2025-04-09T15:56:25.925+0000] {logging_mixin.py:190} INFO - [2025-04-09T15:56:25.924+0000] {dag.py:4180} INFO - Setting next_dagrun for example_kubernetes_executor to None, run_after=None
[2025-04-09T15:56:25.991+0000] {processor.py:208} INFO - Processing /home/airflow/.local/lib/python3.12/site-packages/airflow/example_dags/example_kubernetes_executor.py took 0.366 seconds
[2025-04-09T15:56:56.715+0000] {processor.py:186} INFO - Started process (PID=1167) to work on /home/airflow/.local/lib/python3.12/site-packages/airflow/example_dags/example_kubernetes_executor.py
[2025-04-09T15:56:56.718+0000] {processor.py:914} INFO - Processing file /home/airflow/.local/lib/python3.12/site-packages/airflow/example_dags/example_kubernetes_executor.py for tasks to queue
[2025-04-09T15:56:56.722+0000] {logging_mixin.py:190} INFO - [2025-04-09T15:56:56.722+0000] {dagbag.py:588} INFO - Filling up the DagBag from /home/airflow/.local/lib/python3.12/site-packages/airflow/example_dags/example_kubernetes_executor.py
[2025-04-09T15:56:56.767+0000] {processor.py:925} INFO - DAG(s) 'example_kubernetes_executor' retrieved from /home/airflow/.local/lib/python3.12/site-packages/airflow/example_dags/example_kubernetes_executor.py
[2025-04-09T15:56:56.846+0000] {logging_mixin.py:190} INFO - [2025-04-09T15:56:56.845+0000] {dag.py:3239} INFO - Sync 1 DAGs
[2025-04-09T15:56:56.941+0000] {logging_mixin.py:190} INFO - [2025-04-09T15:56:56.941+0000] {dag.py:4180} INFO - Setting next_dagrun for example_kubernetes_executor to None, run_after=None
[2025-04-09T15:56:57.005+0000] {processor.py:208} INFO - Processing /home/airflow/.local/lib/python3.12/site-packages/airflow/example_dags/example_kubernetes_executor.py took 0.299 seconds
[2025-04-09T15:57:31.236+0000] {processor.py:186} INFO - Started process (PID=1463) to work on /home/airflow/.local/lib/python3.12/site-packages/airflow/example_dags/example_kubernetes_executor.py
[2025-04-09T15:57:31.238+0000] {processor.py:914} INFO - Processing file /home/airflow/.local/lib/python3.12/site-packages/airflow/example_dags/example_kubernetes_executor.py for tasks to queue
[2025-04-09T15:57:31.241+0000] {logging_mixin.py:190} INFO - [2025-04-09T15:57:31.241+0000] {dagbag.py:588} INFO - Filling up the DagBag from /home/airflow/.local/lib/python3.12/site-packages/airflow/example_dags/example_kubernetes_executor.py
[2025-04-09T15:57:31.270+0000] {processor.py:925} INFO - DAG(s) 'example_kubernetes_executor' retrieved from /home/airflow/.local/lib/python3.12/site-packages/airflow/example_dags/example_kubernetes_executor.py
[2025-04-09T15:57:31.317+0000] {logging_mixin.py:190} INFO - [2025-04-09T15:57:31.316+0000] {dag.py:3239} INFO - Sync 1 DAGs
[2025-04-09T15:57:31.337+0000] {logging_mixin.py:190} INFO - [2025-04-09T15:57:31.337+0000] {dag.py:4180} INFO - Setting next_dagrun for example_kubernetes_executor to None, run_after=None
[2025-04-09T15:57:31.362+0000] {processor.py:208} INFO - Processing /home/airflow/.local/lib/python3.12/site-packages/airflow/example_dags/example_kubernetes_executor.py took 0.136 seconds
