[2025-04-09T15:48:54.740+0000] {processor.py:186} INFO - Started process (PID=256) to work on /home/airflow/.local/lib/python3.12/site-packages/airflow/example_dags/example_display_name.py
[2025-04-09T15:48:54.741+0000] {processor.py:914} INFO - Processing file /home/airflow/.local/lib/python3.12/site-packages/airflow/example_dags/example_display_name.py for tasks to queue
[2025-04-09T15:48:54.744+0000] {logging_mixin.py:190} INFO - [2025-04-09T15:48:54.744+0000] {dagbag.py:588} INFO - Filling up the DagBag from /home/airflow/.local/lib/python3.12/site-packages/airflow/example_dags/example_display_name.py
[2025-04-09T15:48:54.755+0000] {processor.py:925} INFO - DAG(s) 'example_display_name' retrieved from /home/airflow/.local/lib/python3.12/site-packages/airflow/example_dags/example_display_name.py
[2025-04-09T15:48:54.890+0000] {logging_mixin.py:190} INFO - [2025-04-09T15:48:54.890+0000] {override.py:1912} INFO - Created Permission View: can delete on DAG:example_display_name
[2025-04-09T15:48:54.904+0000] {logging_mixin.py:190} INFO - [2025-04-09T15:48:54.903+0000] {override.py:1912} INFO - Created Permission View: can edit on DAG:example_display_name
[2025-04-09T15:48:54.914+0000] {logging_mixin.py:190} INFO - [2025-04-09T15:48:54.914+0000] {override.py:1912} INFO - Created Permission View: can read on DAG:example_display_name
[2025-04-09T15:48:54.926+0000] {logging_mixin.py:190} INFO - [2025-04-09T15:48:54.925+0000] {override.py:1912} INFO - Created Permission View: menu access on DAG Run:example_display_name
[2025-04-09T15:48:54.935+0000] {logging_mixin.py:190} INFO - [2025-04-09T15:48:54.935+0000] {override.py:1912} INFO - Created Permission View: can create on DAG Run:example_display_name
[2025-04-09T15:48:54.944+0000] {logging_mixin.py:190} INFO - [2025-04-09T15:48:54.944+0000] {override.py:1912} INFO - Created Permission View: can delete on DAG Run:example_display_name
[2025-04-09T15:48:54.952+0000] {logging_mixin.py:190} INFO - [2025-04-09T15:48:54.951+0000] {override.py:1912} INFO - Created Permission View: can read on DAG Run:example_display_name
[2025-04-09T15:48:54.952+0000] {logging_mixin.py:190} INFO - [2025-04-09T15:48:54.952+0000] {dag.py:3239} INFO - Sync 1 DAGs
[2025-04-09T15:48:54.968+0000] {logging_mixin.py:190} INFO - [2025-04-09T15:48:54.968+0000] {dag.py:3262} INFO - Creating ORM DAG for example_display_name
[2025-04-09T15:48:54.969+0000] {logging_mixin.py:190} INFO - [2025-04-09T15:48:54.969+0000] {dag.py:4180} INFO - Setting next_dagrun for example_display_name to None, run_after=None
[2025-04-09T15:48:54.989+0000] {processor.py:208} INFO - Processing /home/airflow/.local/lib/python3.12/site-packages/airflow/example_dags/example_display_name.py took 0.258 seconds
[2025-04-09T15:49:55.493+0000] {processor.py:186} INFO - Started process (PID=550) to work on /home/airflow/.local/lib/python3.12/site-packages/airflow/example_dags/example_display_name.py
[2025-04-09T15:49:55.495+0000] {processor.py:914} INFO - Processing file /home/airflow/.local/lib/python3.12/site-packages/airflow/example_dags/example_display_name.py for tasks to queue
[2025-04-09T15:49:55.535+0000] {logging_mixin.py:190} INFO - [2025-04-09T15:49:55.515+0000] {dagbag.py:588} INFO - Filling up the DagBag from /home/airflow/.local/lib/python3.12/site-packages/airflow/example_dags/example_display_name.py
[2025-04-09T15:49:56.018+0000] {processor.py:925} INFO - DAG(s) 'example_display_name' retrieved from /home/airflow/.local/lib/python3.12/site-packages/airflow/example_dags/example_display_name.py
[2025-04-09T15:49:56.890+0000] {logging_mixin.py:190} INFO - [2025-04-09T15:49:56.757+0000] {dag.py:3239} INFO - Sync 1 DAGs
[2025-04-09T15:49:57.196+0000] {logging_mixin.py:190} INFO - [2025-04-09T15:49:57.195+0000] {dag.py:4180} INFO - Setting next_dagrun for example_display_name to None, run_after=None
[2025-04-09T15:49:57.836+0000] {processor.py:208} INFO - Processing /home/airflow/.local/lib/python3.12/site-packages/airflow/example_dags/example_display_name.py took 2.448 seconds
[2025-04-09T15:50:42.610+0000] {processor.py:186} INFO - Started process (PID=846) to work on /home/airflow/.local/lib/python3.12/site-packages/airflow/example_dags/example_display_name.py
[2025-04-09T15:50:42.616+0000] {processor.py:914} INFO - Processing file /home/airflow/.local/lib/python3.12/site-packages/airflow/example_dags/example_display_name.py for tasks to queue
[2025-04-09T15:50:42.627+0000] {logging_mixin.py:190} INFO - [2025-04-09T15:50:42.624+0000] {dagbag.py:588} INFO - Filling up the DagBag from /home/airflow/.local/lib/python3.12/site-packages/airflow/example_dags/example_display_name.py
[2025-04-09T15:50:42.700+0000] {processor.py:925} INFO - DAG(s) 'example_display_name' retrieved from /home/airflow/.local/lib/python3.12/site-packages/airflow/example_dags/example_display_name.py
[2025-04-09T15:50:42.971+0000] {logging_mixin.py:190} INFO - [2025-04-09T15:50:42.967+0000] {dag.py:3239} INFO - Sync 1 DAGs
[2025-04-09T15:50:43.051+0000] {logging_mixin.py:190} INFO - [2025-04-09T15:50:43.050+0000] {dag.py:4180} INFO - Setting next_dagrun for example_display_name to None, run_after=None
[2025-04-09T15:50:43.243+0000] {processor.py:208} INFO - Processing /home/airflow/.local/lib/python3.12/site-packages/airflow/example_dags/example_display_name.py took 0.673 seconds
[2025-04-09T15:51:54.598+0000] {processor.py:186} INFO - Started process (PID=1138) to work on /home/airflow/.local/lib/python3.12/site-packages/airflow/example_dags/example_display_name.py
[2025-04-09T15:51:54.602+0000] {processor.py:914} INFO - Processing file /home/airflow/.local/lib/python3.12/site-packages/airflow/example_dags/example_display_name.py for tasks to queue
[2025-04-09T15:51:54.610+0000] {logging_mixin.py:190} INFO - [2025-04-09T15:51:54.608+0000] {dagbag.py:588} INFO - Filling up the DagBag from /home/airflow/.local/lib/python3.12/site-packages/airflow/example_dags/example_display_name.py
[2025-04-09T15:51:54.716+0000] {processor.py:925} INFO - DAG(s) 'example_display_name' retrieved from /home/airflow/.local/lib/python3.12/site-packages/airflow/example_dags/example_display_name.py
[2025-04-09T15:51:54.994+0000] {logging_mixin.py:190} INFO - [2025-04-09T15:51:54.992+0000] {dag.py:3239} INFO - Sync 1 DAGs
[2025-04-09T15:51:55.079+0000] {logging_mixin.py:190} INFO - [2025-04-09T15:51:55.079+0000] {dag.py:4180} INFO - Setting next_dagrun for example_display_name to None, run_after=None
[2025-04-09T15:51:55.547+0000] {processor.py:208} INFO - Processing /home/airflow/.local/lib/python3.12/site-packages/airflow/example_dags/example_display_name.py took 1.004 seconds
[2025-04-09T15:52:25.854+0000] {processor.py:186} INFO - Started process (PID=1424) to work on /home/airflow/.local/lib/python3.12/site-packages/airflow/example_dags/example_display_name.py
[2025-04-09T15:52:25.857+0000] {processor.py:914} INFO - Processing file /home/airflow/.local/lib/python3.12/site-packages/airflow/example_dags/example_display_name.py for tasks to queue
[2025-04-09T15:52:25.860+0000] {logging_mixin.py:190} INFO - [2025-04-09T15:52:25.859+0000] {dagbag.py:588} INFO - Filling up the DagBag from /home/airflow/.local/lib/python3.12/site-packages/airflow/example_dags/example_display_name.py
[2025-04-09T15:52:25.876+0000] {processor.py:925} INFO - DAG(s) 'example_display_name' retrieved from /home/airflow/.local/lib/python3.12/site-packages/airflow/example_dags/example_display_name.py
[2025-04-09T15:52:25.909+0000] {logging_mixin.py:190} INFO - [2025-04-09T15:52:25.909+0000] {dag.py:3239} INFO - Sync 1 DAGs
[2025-04-09T15:52:25.937+0000] {logging_mixin.py:190} INFO - [2025-04-09T15:52:25.937+0000] {dag.py:4180} INFO - Setting next_dagrun for example_display_name to None, run_after=None
[2025-04-09T15:52:26.026+0000] {processor.py:208} INFO - Processing /home/airflow/.local/lib/python3.12/site-packages/airflow/example_dags/example_display_name.py took 0.185 seconds
[2025-04-09T15:55:03.914+0000] {processor.py:186} INFO - Started process (PID=268) to work on /home/airflow/.local/lib/python3.12/site-packages/airflow/example_dags/example_display_name.py
[2025-04-09T15:55:03.920+0000] {processor.py:914} INFO - Processing file /home/airflow/.local/lib/python3.12/site-packages/airflow/example_dags/example_display_name.py for tasks to queue
[2025-04-09T15:55:03.924+0000] {logging_mixin.py:190} INFO - [2025-04-09T15:55:03.923+0000] {dagbag.py:588} INFO - Filling up the DagBag from /home/airflow/.local/lib/python3.12/site-packages/airflow/example_dags/example_display_name.py
[2025-04-09T15:55:03.958+0000] {processor.py:925} INFO - DAG(s) 'example_display_name' retrieved from /home/airflow/.local/lib/python3.12/site-packages/airflow/example_dags/example_display_name.py
[2025-04-09T15:55:04.243+0000] {logging_mixin.py:190} INFO - [2025-04-09T15:55:04.243+0000] {override.py:1912} INFO - Created Permission View: can delete on DAG:example_display_name
[2025-04-09T15:55:04.259+0000] {logging_mixin.py:190} INFO - [2025-04-09T15:55:04.259+0000] {override.py:1912} INFO - Created Permission View: can edit on DAG:example_display_name
[2025-04-09T15:55:04.272+0000] {logging_mixin.py:190} INFO - [2025-04-09T15:55:04.271+0000] {override.py:1912} INFO - Created Permission View: can read on DAG:example_display_name
[2025-04-09T15:55:04.298+0000] {logging_mixin.py:190} INFO - [2025-04-09T15:55:04.298+0000] {override.py:1912} INFO - Created Permission View: can delete on DAG Run:example_display_name
[2025-04-09T15:55:04.310+0000] {logging_mixin.py:190} INFO - [2025-04-09T15:55:04.310+0000] {override.py:1912} INFO - Created Permission View: can create on DAG Run:example_display_name
[2025-04-09T15:55:04.323+0000] {logging_mixin.py:190} INFO - [2025-04-09T15:55:04.323+0000] {override.py:1912} INFO - Created Permission View: can read on DAG Run:example_display_name
[2025-04-09T15:55:04.336+0000] {logging_mixin.py:190} INFO - [2025-04-09T15:55:04.336+0000] {override.py:1912} INFO - Created Permission View: menu access on DAG Run:example_display_name
[2025-04-09T15:55:04.337+0000] {logging_mixin.py:190} INFO - [2025-04-09T15:55:04.336+0000] {dag.py:3239} INFO - Sync 1 DAGs
[2025-04-09T15:55:04.364+0000] {logging_mixin.py:190} INFO - [2025-04-09T15:55:04.363+0000] {dag.py:3262} INFO - Creating ORM DAG for example_display_name
[2025-04-09T15:55:04.365+0000] {logging_mixin.py:190} INFO - [2025-04-09T15:55:04.364+0000] {dag.py:4180} INFO - Setting next_dagrun for example_display_name to None, run_after=None
[2025-04-09T15:55:04.396+0000] {processor.py:208} INFO - Processing /home/airflow/.local/lib/python3.12/site-packages/airflow/example_dags/example_display_name.py took 0.496 seconds
[2025-04-09T15:55:38.618+0000] {processor.py:186} INFO - Started process (PID=556) to work on /home/airflow/.local/lib/python3.12/site-packages/airflow/example_dags/example_display_name.py
[2025-04-09T15:55:38.621+0000] {processor.py:914} INFO - Processing file /home/airflow/.local/lib/python3.12/site-packages/airflow/example_dags/example_display_name.py for tasks to queue
[2025-04-09T15:55:38.628+0000] {logging_mixin.py:190} INFO - [2025-04-09T15:55:38.627+0000] {dagbag.py:588} INFO - Filling up the DagBag from /home/airflow/.local/lib/python3.12/site-packages/airflow/example_dags/example_display_name.py
[2025-04-09T15:55:38.647+0000] {processor.py:925} INFO - DAG(s) 'example_display_name' retrieved from /home/airflow/.local/lib/python3.12/site-packages/airflow/example_dags/example_display_name.py
[2025-04-09T15:55:38.725+0000] {logging_mixin.py:190} INFO - [2025-04-09T15:55:38.725+0000] {dag.py:3239} INFO - Sync 1 DAGs
[2025-04-09T15:55:38.770+0000] {logging_mixin.py:190} INFO - [2025-04-09T15:55:38.769+0000] {dag.py:4180} INFO - Setting next_dagrun for example_display_name to None, run_after=None
[2025-04-09T15:55:38.827+0000] {processor.py:208} INFO - Processing /home/airflow/.local/lib/python3.12/site-packages/airflow/example_dags/example_display_name.py took 0.228 seconds
[2025-04-09T15:56:22.478+0000] {processor.py:186} INFO - Started process (PID=856) to work on /home/airflow/.local/lib/python3.12/site-packages/airflow/example_dags/example_display_name.py
[2025-04-09T15:56:22.480+0000] {processor.py:914} INFO - Processing file /home/airflow/.local/lib/python3.12/site-packages/airflow/example_dags/example_display_name.py for tasks to queue
[2025-04-09T15:56:22.487+0000] {logging_mixin.py:190} INFO - [2025-04-09T15:56:22.486+0000] {dagbag.py:588} INFO - Filling up the DagBag from /home/airflow/.local/lib/python3.12/site-packages/airflow/example_dags/example_display_name.py
[2025-04-09T15:56:22.526+0000] {processor.py:925} INFO - DAG(s) 'example_display_name' retrieved from /home/airflow/.local/lib/python3.12/site-packages/airflow/example_dags/example_display_name.py
[2025-04-09T15:56:22.672+0000] {logging_mixin.py:190} INFO - [2025-04-09T15:56:22.671+0000] {dag.py:3239} INFO - Sync 1 DAGs
[2025-04-09T15:56:22.776+0000] {logging_mixin.py:190} INFO - [2025-04-09T15:56:22.775+0000] {dag.py:4180} INFO - Setting next_dagrun for example_display_name to None, run_after=None
[2025-04-09T15:56:22.951+0000] {processor.py:208} INFO - Processing /home/airflow/.local/lib/python3.12/site-packages/airflow/example_dags/example_display_name.py took 0.491 seconds
[2025-04-09T15:56:55.220+0000] {processor.py:186} INFO - Started process (PID=1142) to work on /home/airflow/.local/lib/python3.12/site-packages/airflow/example_dags/example_display_name.py
[2025-04-09T15:56:55.222+0000] {processor.py:914} INFO - Processing file /home/airflow/.local/lib/python3.12/site-packages/airflow/example_dags/example_display_name.py for tasks to queue
[2025-04-09T15:56:55.226+0000] {logging_mixin.py:190} INFO - [2025-04-09T15:56:55.226+0000] {dagbag.py:588} INFO - Filling up the DagBag from /home/airflow/.local/lib/python3.12/site-packages/airflow/example_dags/example_display_name.py
[2025-04-09T15:56:55.258+0000] {processor.py:925} INFO - DAG(s) 'example_display_name' retrieved from /home/airflow/.local/lib/python3.12/site-packages/airflow/example_dags/example_display_name.py
[2025-04-09T15:56:55.306+0000] {logging_mixin.py:190} INFO - [2025-04-09T15:56:55.306+0000] {dag.py:3239} INFO - Sync 1 DAGs
[2025-04-09T15:56:55.327+0000] {logging_mixin.py:190} INFO - [2025-04-09T15:56:55.327+0000] {dag.py:4180} INFO - Setting next_dagrun for example_display_name to None, run_after=None
[2025-04-09T15:56:55.353+0000] {processor.py:208} INFO - Processing /home/airflow/.local/lib/python3.12/site-packages/airflow/example_dags/example_display_name.py took 0.144 seconds
[2025-04-09T15:57:28.939+0000] {processor.py:186} INFO - Started process (PID=1435) to work on /home/airflow/.local/lib/python3.12/site-packages/airflow/example_dags/example_display_name.py
[2025-04-09T15:57:28.941+0000] {processor.py:914} INFO - Processing file /home/airflow/.local/lib/python3.12/site-packages/airflow/example_dags/example_display_name.py for tasks to queue
[2025-04-09T15:57:28.944+0000] {logging_mixin.py:190} INFO - [2025-04-09T15:57:28.943+0000] {dagbag.py:588} INFO - Filling up the DagBag from /home/airflow/.local/lib/python3.12/site-packages/airflow/example_dags/example_display_name.py
[2025-04-09T15:57:28.953+0000] {processor.py:925} INFO - DAG(s) 'example_display_name' retrieved from /home/airflow/.local/lib/python3.12/site-packages/airflow/example_dags/example_display_name.py
[2025-04-09T15:57:28.980+0000] {logging_mixin.py:190} INFO - [2025-04-09T15:57:28.980+0000] {dag.py:3239} INFO - Sync 1 DAGs
[2025-04-09T15:57:29.000+0000] {logging_mixin.py:190} INFO - [2025-04-09T15:57:29.000+0000] {dag.py:4180} INFO - Setting next_dagrun for example_display_name to None, run_after=None
[2025-04-09T15:57:29.052+0000] {processor.py:208} INFO - Processing /home/airflow/.local/lib/python3.12/site-packages/airflow/example_dags/example_display_name.py took 0.120 seconds
