[2025-04-09T15:48:49.525+0000] {processor.py:186} INFO - Started process (PID=211) to work on /home/airflow/.local/lib/python3.12/site-packages/airflow/example_dags/example_branch_labels.py
[2025-04-09T15:48:49.533+0000] {processor.py:914} INFO - Processing file /home/airflow/.local/lib/python3.12/site-packages/airflow/example_dags/example_branch_labels.py for tasks to queue
[2025-04-09T15:48:49.543+0000] {logging_mixin.py:190} INFO - [2025-04-09T15:48:49.543+0000] {dagbag.py:588} INFO - Filling up the DagBag from /home/airflow/.local/lib/python3.12/site-packages/airflow/example_dags/example_branch_labels.py
[2025-04-09T15:48:49.574+0000] {processor.py:925} INFO - DAG(s) 'example_branch_labels' retrieved from /home/airflow/.local/lib/python3.12/site-packages/airflow/example_dags/example_branch_labels.py
[2025-04-09T15:48:49.747+0000] {logging_mixin.py:190} INFO - [2025-04-09T15:48:49.747+0000] {override.py:1912} INFO - Created Permission View: can delete on DAG:example_branch_labels
[2025-04-09T15:48:49.758+0000] {logging_mixin.py:190} INFO - [2025-04-09T15:48:49.758+0000] {override.py:1912} INFO - Created Permission View: can edit on DAG:example_branch_labels
[2025-04-09T15:48:49.766+0000] {logging_mixin.py:190} INFO - [2025-04-09T15:48:49.766+0000] {override.py:1912} INFO - Created Permission View: can read on DAG:example_branch_labels
[2025-04-09T15:48:49.775+0000] {logging_mixin.py:190} INFO - [2025-04-09T15:48:49.775+0000] {override.py:1912} INFO - Created Permission View: menu access on DAG Run:example_branch_labels
[2025-04-09T15:48:49.782+0000] {logging_mixin.py:190} INFO - [2025-04-09T15:48:49.782+0000] {override.py:1912} INFO - Created Permission View: can create on DAG Run:example_branch_labels
[2025-04-09T15:48:49.789+0000] {logging_mixin.py:190} INFO - [2025-04-09T15:48:49.789+0000] {override.py:1912} INFO - Created Permission View: can delete on DAG Run:example_branch_labels
[2025-04-09T15:48:49.797+0000] {logging_mixin.py:190} INFO - [2025-04-09T15:48:49.796+0000] {override.py:1912} INFO - Created Permission View: can read on DAG Run:example_branch_labels
[2025-04-09T15:48:49.797+0000] {logging_mixin.py:190} INFO - [2025-04-09T15:48:49.797+0000] {dag.py:3239} INFO - Sync 1 DAGs
[2025-04-09T15:48:49.811+0000] {logging_mixin.py:190} INFO - [2025-04-09T15:48:49.811+0000] {dag.py:3262} INFO - Creating ORM DAG for example_branch_labels
[2025-04-09T15:48:49.823+0000] {logging_mixin.py:190} INFO - [2025-04-09T15:48:49.823+0000] {dag.py:4180} INFO - Setting next_dagrun for example_branch_labels to 2025-04-08 00:00:00+00:00, run_after=2025-04-09 00:00:00+00:00
[2025-04-09T15:48:49.838+0000] {processor.py:208} INFO - Processing /home/airflow/.local/lib/python3.12/site-packages/airflow/example_dags/example_branch_labels.py took 0.338 seconds
[2025-04-09T15:49:20.281+0000] {processor.py:186} INFO - Started process (PID=502) to work on /home/airflow/.local/lib/python3.12/site-packages/airflow/example_dags/example_branch_labels.py
[2025-04-09T15:49:20.285+0000] {processor.py:914} INFO - Processing file /home/airflow/.local/lib/python3.12/site-packages/airflow/example_dags/example_branch_labels.py for tasks to queue
[2025-04-09T15:49:20.288+0000] {logging_mixin.py:190} INFO - [2025-04-09T15:49:20.287+0000] {dagbag.py:588} INFO - Filling up the DagBag from /home/airflow/.local/lib/python3.12/site-packages/airflow/example_dags/example_branch_labels.py
[2025-04-09T15:49:20.304+0000] {processor.py:925} INFO - DAG(s) 'example_branch_labels' retrieved from /home/airflow/.local/lib/python3.12/site-packages/airflow/example_dags/example_branch_labels.py
[2025-04-09T15:49:20.506+0000] {logging_mixin.py:190} INFO - [2025-04-09T15:49:20.506+0000] {dag.py:3239} INFO - Sync 1 DAGs
[2025-04-09T15:49:20.544+0000] {logging_mixin.py:190} INFO - [2025-04-09T15:49:20.543+0000] {dag.py:4180} INFO - Setting next_dagrun for example_branch_labels to 2025-04-08 00:00:00+00:00, run_after=2025-04-09 00:00:00+00:00
[2025-04-09T15:49:20.585+0000] {processor.py:208} INFO - Processing /home/airflow/.local/lib/python3.12/site-packages/airflow/example_dags/example_branch_labels.py took 0.313 seconds
[2025-04-09T15:49:59.744+0000] {processor.py:186} INFO - Started process (PID=573) to work on /home/airflow/.local/lib/python3.12/site-packages/airflow/example_dags/example_branch_labels.py
[2025-04-09T15:49:59.746+0000] {processor.py:914} INFO - Processing file /home/airflow/.local/lib/python3.12/site-packages/airflow/example_dags/example_branch_labels.py for tasks to queue
[2025-04-09T15:49:59.857+0000] {logging_mixin.py:190} INFO - [2025-04-09T15:49:59.853+0000] {dagbag.py:588} INFO - Filling up the DagBag from /home/airflow/.local/lib/python3.12/site-packages/airflow/example_dags/example_branch_labels.py
[2025-04-09T15:49:59.903+0000] {processor.py:925} INFO - DAG(s) 'example_branch_labels' retrieved from /home/airflow/.local/lib/python3.12/site-packages/airflow/example_dags/example_branch_labels.py
[2025-04-09T15:50:00.196+0000] {logging_mixin.py:190} INFO - [2025-04-09T15:50:00.126+0000] {dag.py:3239} INFO - Sync 1 DAGs
[2025-04-09T15:50:00.464+0000] {logging_mixin.py:190} INFO - [2025-04-09T15:50:00.464+0000] {dag.py:4180} INFO - Setting next_dagrun for example_branch_labels to 2025-04-08 00:00:00+00:00, run_after=2025-04-09 00:00:00+00:00
[2025-04-09T15:50:00.683+0000] {processor.py:208} INFO - Processing /home/airflow/.local/lib/python3.12/site-packages/airflow/example_dags/example_branch_labels.py took 0.972 seconds
[2025-04-09T15:50:44.283+0000] {processor.py:186} INFO - Started process (PID=864) to work on /home/airflow/.local/lib/python3.12/site-packages/airflow/example_dags/example_branch_labels.py
[2025-04-09T15:50:44.335+0000] {processor.py:914} INFO - Processing file /home/airflow/.local/lib/python3.12/site-packages/airflow/example_dags/example_branch_labels.py for tasks to queue
[2025-04-09T15:50:44.415+0000] {logging_mixin.py:190} INFO - [2025-04-09T15:50:44.411+0000] {dagbag.py:588} INFO - Filling up the DagBag from /home/airflow/.local/lib/python3.12/site-packages/airflow/example_dags/example_branch_labels.py
[2025-04-09T15:50:44.462+0000] {processor.py:925} INFO - DAG(s) 'example_branch_labels' retrieved from /home/airflow/.local/lib/python3.12/site-packages/airflow/example_dags/example_branch_labels.py
[2025-04-09T15:50:44.787+0000] {logging_mixin.py:190} INFO - [2025-04-09T15:50:44.785+0000] {dag.py:3239} INFO - Sync 1 DAGs
[2025-04-09T15:50:45.097+0000] {logging_mixin.py:190} INFO - [2025-04-09T15:50:45.096+0000] {dag.py:4180} INFO - Setting next_dagrun for example_branch_labels to 2025-04-08 00:00:00+00:00, run_after=2025-04-09 00:00:00+00:00
[2025-04-09T15:50:45.198+0000] {processor.py:208} INFO - Processing /home/airflow/.local/lib/python3.12/site-packages/airflow/example_dags/example_branch_labels.py took 0.937 seconds
[2025-04-09T15:51:30.390+0000] {processor.py:186} INFO - Started process (PID=1087) to work on /home/airflow/.local/lib/python3.12/site-packages/airflow/example_dags/example_branch_labels.py
[2025-04-09T15:51:30.420+0000] {processor.py:914} INFO - Processing file /home/airflow/.local/lib/python3.12/site-packages/airflow/example_dags/example_branch_labels.py for tasks to queue
[2025-04-09T15:51:30.442+0000] {logging_mixin.py:190} INFO - [2025-04-09T15:51:30.441+0000] {dagbag.py:588} INFO - Filling up the DagBag from /home/airflow/.local/lib/python3.12/site-packages/airflow/example_dags/example_branch_labels.py
[2025-04-09T15:51:30.755+0000] {processor.py:925} INFO - DAG(s) 'example_branch_labels' retrieved from /home/airflow/.local/lib/python3.12/site-packages/airflow/example_dags/example_branch_labels.py
[2025-04-09T15:51:31.850+0000] {logging_mixin.py:190} INFO - [2025-04-09T15:51:31.848+0000] {dag.py:3239} INFO - Sync 1 DAGs
[2025-04-09T15:51:32.496+0000] {logging_mixin.py:190} INFO - [2025-04-09T15:51:32.495+0000] {dag.py:4180} INFO - Setting next_dagrun for example_branch_labels to 2025-04-08 00:00:00+00:00, run_after=2025-04-09 00:00:00+00:00
[2025-04-09T15:51:33.136+0000] {processor.py:208} INFO - Processing /home/airflow/.local/lib/python3.12/site-packages/airflow/example_dags/example_branch_labels.py took 2.894 seconds
[2025-04-09T15:52:04.931+0000] {processor.py:186} INFO - Started process (PID=1258) to work on /home/airflow/.local/lib/python3.12/site-packages/airflow/example_dags/example_branch_labels.py
[2025-04-09T15:52:04.934+0000] {processor.py:914} INFO - Processing file /home/airflow/.local/lib/python3.12/site-packages/airflow/example_dags/example_branch_labels.py for tasks to queue
[2025-04-09T15:52:04.938+0000] {logging_mixin.py:190} INFO - [2025-04-09T15:52:04.938+0000] {dagbag.py:588} INFO - Filling up the DagBag from /home/airflow/.local/lib/python3.12/site-packages/airflow/example_dags/example_branch_labels.py
[2025-04-09T15:52:04.956+0000] {processor.py:925} INFO - DAG(s) 'example_branch_labels' retrieved from /home/airflow/.local/lib/python3.12/site-packages/airflow/example_dags/example_branch_labels.py
[2025-04-09T15:52:05.124+0000] {logging_mixin.py:190} INFO - [2025-04-09T15:52:05.122+0000] {dag.py:3239} INFO - Sync 1 DAGs
[2025-04-09T15:52:05.223+0000] {logging_mixin.py:190} INFO - [2025-04-09T15:52:05.222+0000] {dag.py:4180} INFO - Setting next_dagrun for example_branch_labels to 2025-04-08 00:00:00+00:00, run_after=2025-04-09 00:00:00+00:00
[2025-04-09T15:52:05.434+0000] {processor.py:208} INFO - Processing /home/airflow/.local/lib/python3.12/site-packages/airflow/example_dags/example_branch_labels.py took 0.518 seconds
[2025-04-09T15:54:53.637+0000] {processor.py:186} INFO - Started process (PID=223) to work on /home/airflow/.local/lib/python3.12/site-packages/airflow/example_dags/example_branch_labels.py
[2025-04-09T15:54:53.640+0000] {processor.py:914} INFO - Processing file /home/airflow/.local/lib/python3.12/site-packages/airflow/example_dags/example_branch_labels.py for tasks to queue
[2025-04-09T15:54:53.646+0000] {logging_mixin.py:190} INFO - [2025-04-09T15:54:53.645+0000] {dagbag.py:588} INFO - Filling up the DagBag from /home/airflow/.local/lib/python3.12/site-packages/airflow/example_dags/example_branch_labels.py
[2025-04-09T15:54:53.709+0000] {processor.py:925} INFO - DAG(s) 'example_branch_labels' retrieved from /home/airflow/.local/lib/python3.12/site-packages/airflow/example_dags/example_branch_labels.py
[2025-04-09T15:54:54.136+0000] {logging_mixin.py:190} INFO - [2025-04-09T15:54:54.134+0000] {override.py:1912} INFO - Created Permission View: can delete on DAG:example_branch_labels
[2025-04-09T15:54:54.182+0000] {logging_mixin.py:190} INFO - [2025-04-09T15:54:54.181+0000] {override.py:1912} INFO - Created Permission View: can edit on DAG:example_branch_labels
[2025-04-09T15:54:54.209+0000] {logging_mixin.py:190} INFO - [2025-04-09T15:54:54.207+0000] {override.py:1912} INFO - Created Permission View: can read on DAG:example_branch_labels
[2025-04-09T15:54:54.228+0000] {logging_mixin.py:190} INFO - [2025-04-09T15:54:54.228+0000] {override.py:1912} INFO - Created Permission View: can delete on DAG Run:example_branch_labels
[2025-04-09T15:54:54.243+0000] {logging_mixin.py:190} INFO - [2025-04-09T15:54:54.243+0000] {override.py:1912} INFO - Created Permission View: can create on DAG Run:example_branch_labels
[2025-04-09T15:54:54.256+0000] {logging_mixin.py:190} INFO - [2025-04-09T15:54:54.255+0000] {override.py:1912} INFO - Created Permission View: can read on DAG Run:example_branch_labels
[2025-04-09T15:54:54.269+0000] {logging_mixin.py:190} INFO - [2025-04-09T15:54:54.268+0000] {override.py:1912} INFO - Created Permission View: menu access on DAG Run:example_branch_labels
[2025-04-09T15:54:54.270+0000] {logging_mixin.py:190} INFO - [2025-04-09T15:54:54.270+0000] {dag.py:3239} INFO - Sync 1 DAGs
[2025-04-09T15:54:54.314+0000] {logging_mixin.py:190} INFO - [2025-04-09T15:54:54.314+0000] {dag.py:3262} INFO - Creating ORM DAG for example_branch_labels
[2025-04-09T15:54:54.348+0000] {logging_mixin.py:190} INFO - [2025-04-09T15:54:54.347+0000] {dag.py:4180} INFO - Setting next_dagrun for example_branch_labels to 2025-04-08 00:00:00+00:00, run_after=2025-04-09 00:00:00+00:00
[2025-04-09T15:54:54.400+0000] {processor.py:208} INFO - Processing /home/airflow/.local/lib/python3.12/site-packages/airflow/example_dags/example_branch_labels.py took 0.796 seconds
[2025-04-09T15:55:32.533+0000] {processor.py:186} INFO - Started process (PID=514) to work on /home/airflow/.local/lib/python3.12/site-packages/airflow/example_dags/example_branch_labels.py
[2025-04-09T15:55:32.535+0000] {processor.py:914} INFO - Processing file /home/airflow/.local/lib/python3.12/site-packages/airflow/example_dags/example_branch_labels.py for tasks to queue
[2025-04-09T15:55:32.540+0000] {logging_mixin.py:190} INFO - [2025-04-09T15:55:32.539+0000] {dagbag.py:588} INFO - Filling up the DagBag from /home/airflow/.local/lib/python3.12/site-packages/airflow/example_dags/example_branch_labels.py
[2025-04-09T15:55:32.557+0000] {processor.py:925} INFO - DAG(s) 'example_branch_labels' retrieved from /home/airflow/.local/lib/python3.12/site-packages/airflow/example_dags/example_branch_labels.py
[2025-04-09T15:55:32.598+0000] {logging_mixin.py:190} INFO - [2025-04-09T15:55:32.597+0000] {dag.py:3239} INFO - Sync 1 DAGs
[2025-04-09T15:55:32.666+0000] {logging_mixin.py:190} INFO - [2025-04-09T15:55:32.666+0000] {dag.py:4180} INFO - Setting next_dagrun for example_branch_labels to 2025-04-08 00:00:00+00:00, run_after=2025-04-09 00:00:00+00:00
[2025-04-09T15:55:32.700+0000] {processor.py:208} INFO - Processing /home/airflow/.local/lib/python3.12/site-packages/airflow/example_dags/example_branch_labels.py took 0.179 seconds
[2025-04-09T15:56:02.966+0000] {processor.py:186} INFO - Started process (PID=805) to work on /home/airflow/.local/lib/python3.12/site-packages/airflow/example_dags/example_branch_labels.py
[2025-04-09T15:56:02.968+0000] {processor.py:914} INFO - Processing file /home/airflow/.local/lib/python3.12/site-packages/airflow/example_dags/example_branch_labels.py for tasks to queue
[2025-04-09T15:56:02.974+0000] {logging_mixin.py:190} INFO - [2025-04-09T15:56:02.973+0000] {dagbag.py:588} INFO - Filling up the DagBag from /home/airflow/.local/lib/python3.12/site-packages/airflow/example_dags/example_branch_labels.py
[2025-04-09T15:56:03.008+0000] {processor.py:925} INFO - DAG(s) 'example_branch_labels' retrieved from /home/airflow/.local/lib/python3.12/site-packages/airflow/example_dags/example_branch_labels.py
[2025-04-09T15:56:03.202+0000] {logging_mixin.py:190} INFO - [2025-04-09T15:56:03.201+0000] {dag.py:3239} INFO - Sync 1 DAGs
[2025-04-09T15:56:03.462+0000] {logging_mixin.py:190} INFO - [2025-04-09T15:56:03.461+0000] {dag.py:4180} INFO - Setting next_dagrun for example_branch_labels to 2025-04-08 00:00:00+00:00, run_after=2025-04-09 00:00:00+00:00
[2025-04-09T15:56:03.520+0000] {processor.py:208} INFO - Processing /home/airflow/.local/lib/python3.12/site-packages/airflow/example_dags/example_branch_labels.py took 0.566 seconds
[2025-04-09T15:56:34.415+0000] {processor.py:186} INFO - Started process (PID=1098) to work on /home/airflow/.local/lib/python3.12/site-packages/airflow/example_dags/example_branch_labels.py
[2025-04-09T15:56:34.420+0000] {processor.py:914} INFO - Processing file /home/airflow/.local/lib/python3.12/site-packages/airflow/example_dags/example_branch_labels.py for tasks to queue
[2025-04-09T15:56:34.444+0000] {logging_mixin.py:190} INFO - [2025-04-09T15:56:34.442+0000] {dagbag.py:588} INFO - Filling up the DagBag from /home/airflow/.local/lib/python3.12/site-packages/airflow/example_dags/example_branch_labels.py
[2025-04-09T15:56:34.489+0000] {processor.py:925} INFO - DAG(s) 'example_branch_labels' retrieved from /home/airflow/.local/lib/python3.12/site-packages/airflow/example_dags/example_branch_labels.py
[2025-04-09T15:56:34.591+0000] {logging_mixin.py:190} INFO - [2025-04-09T15:56:34.590+0000] {dag.py:3239} INFO - Sync 1 DAGs
[2025-04-09T15:56:34.649+0000] {logging_mixin.py:190} INFO - [2025-04-09T15:56:34.649+0000] {dag.py:4180} INFO - Setting next_dagrun for example_branch_labels to 2025-04-08 00:00:00+00:00, run_after=2025-04-09 00:00:00+00:00
[2025-04-09T15:56:34.689+0000] {processor.py:208} INFO - Processing /home/airflow/.local/lib/python3.12/site-packages/airflow/example_dags/example_branch_labels.py took 0.330 seconds
[2025-04-09T15:57:04.923+0000] {processor.py:186} INFO - Started process (PID=1387) to work on /home/airflow/.local/lib/python3.12/site-packages/airflow/example_dags/example_branch_labels.py
[2025-04-09T15:57:04.926+0000] {processor.py:914} INFO - Processing file /home/airflow/.local/lib/python3.12/site-packages/airflow/example_dags/example_branch_labels.py for tasks to queue
[2025-04-09T15:57:04.929+0000] {logging_mixin.py:190} INFO - [2025-04-09T15:57:04.928+0000] {dagbag.py:588} INFO - Filling up the DagBag from /home/airflow/.local/lib/python3.12/site-packages/airflow/example_dags/example_branch_labels.py
[2025-04-09T15:57:04.943+0000] {processor.py:925} INFO - DAG(s) 'example_branch_labels' retrieved from /home/airflow/.local/lib/python3.12/site-packages/airflow/example_dags/example_branch_labels.py
[2025-04-09T15:57:04.973+0000] {logging_mixin.py:190} INFO - [2025-04-09T15:57:04.973+0000] {dag.py:3239} INFO - Sync 1 DAGs
[2025-04-09T15:57:05.006+0000] {logging_mixin.py:190} INFO - [2025-04-09T15:57:05.006+0000] {dag.py:4180} INFO - Setting next_dagrun for example_branch_labels to 2025-04-08 00:00:00+00:00, run_after=2025-04-09 00:00:00+00:00
[2025-04-09T15:57:05.030+0000] {processor.py:208} INFO - Processing /home/airflow/.local/lib/python3.12/site-packages/airflow/example_dags/example_branch_labels.py took 0.115 seconds
[2025-04-09T15:57:35.652+0000] {processor.py:186} INFO - Started process (PID=1648) to work on /home/airflow/.local/lib/python3.12/site-packages/airflow/example_dags/example_branch_labels.py
[2025-04-09T15:57:35.654+0000] {processor.py:914} INFO - Processing file /home/airflow/.local/lib/python3.12/site-packages/airflow/example_dags/example_branch_labels.py for tasks to queue
[2025-04-09T15:57:35.658+0000] {logging_mixin.py:190} INFO - [2025-04-09T15:57:35.657+0000] {dagbag.py:588} INFO - Filling up the DagBag from /home/airflow/.local/lib/python3.12/site-packages/airflow/example_dags/example_branch_labels.py
[2025-04-09T15:57:35.674+0000] {processor.py:925} INFO - DAG(s) 'example_branch_labels' retrieved from /home/airflow/.local/lib/python3.12/site-packages/airflow/example_dags/example_branch_labels.py
[2025-04-09T15:57:35.713+0000] {logging_mixin.py:190} INFO - [2025-04-09T15:57:35.713+0000] {dag.py:3239} INFO - Sync 1 DAGs
[2025-04-09T15:57:35.753+0000] {logging_mixin.py:190} INFO - [2025-04-09T15:57:35.753+0000] {dag.py:4180} INFO - Setting next_dagrun for example_branch_labels to 2025-04-08 00:00:00+00:00, run_after=2025-04-09 00:00:00+00:00
[2025-04-09T15:57:35.781+0000] {processor.py:208} INFO - Processing /home/airflow/.local/lib/python3.12/site-packages/airflow/example_dags/example_branch_labels.py took 0.139 seconds
