[2025-04-09T15:49:00.603+0000] {processor.py:186} INFO - Started process (PID=391) to work on /home/airflow/.local/lib/python3.12/site-packages/airflow/example_dags/example_time_delta_sensor_async.py
[2025-04-09T15:49:00.604+0000] {processor.py:914} INFO - Processing file /home/airflow/.local/lib/python3.12/site-packages/airflow/example_dags/example_time_delta_sensor_async.py for tasks to queue
[2025-04-09T15:49:00.608+0000] {logging_mixin.py:190} INFO - [2025-04-09T15:49:00.607+0000] {dagbag.py:588} INFO - Filling up the DagBag from /home/airflow/.local/lib/python3.12/site-packages/airflow/example_dags/example_time_delta_sensor_async.py
[2025-04-09T15:49:00.616+0000] {processor.py:925} INFO - DAG(s) 'example_time_delta_sensor_async' retrieved from /home/airflow/.local/lib/python3.12/site-packages/airflow/example_dags/example_time_delta_sensor_async.py
[2025-04-09T15:49:00.793+0000] {logging_mixin.py:190} INFO - [2025-04-09T15:49:00.791+0000] {override.py:1912} INFO - Created Permission View: can delete on DAG:example_time_delta_sensor_async
[2025-04-09T15:49:00.810+0000] {logging_mixin.py:190} INFO - [2025-04-09T15:49:00.810+0000] {override.py:1912} INFO - Created Permission View: can edit on DAG:example_time_delta_sensor_async
[2025-04-09T15:49:00.827+0000] {logging_mixin.py:190} INFO - [2025-04-09T15:49:00.826+0000] {override.py:1912} INFO - Created Permission View: can read on DAG:example_time_delta_sensor_async
[2025-04-09T15:49:00.844+0000] {logging_mixin.py:190} INFO - [2025-04-09T15:49:00.843+0000] {override.py:1912} INFO - Created Permission View: menu access on DAG Run:example_time_delta_sensor_async
[2025-04-09T15:49:00.859+0000] {logging_mixin.py:190} INFO - [2025-04-09T15:49:00.858+0000] {override.py:1912} INFO - Created Permission View: can create on DAG Run:example_time_delta_sensor_async
[2025-04-09T15:49:00.871+0000] {logging_mixin.py:190} INFO - [2025-04-09T15:49:00.871+0000] {override.py:1912} INFO - Created Permission View: can delete on DAG Run:example_time_delta_sensor_async
[2025-04-09T15:49:00.892+0000] {logging_mixin.py:190} INFO - [2025-04-09T15:49:00.892+0000] {override.py:1912} INFO - Created Permission View: can read on DAG Run:example_time_delta_sensor_async
[2025-04-09T15:49:00.893+0000] {logging_mixin.py:190} INFO - [2025-04-09T15:49:00.893+0000] {dag.py:3239} INFO - Sync 1 DAGs
[2025-04-09T15:49:00.910+0000] {logging_mixin.py:190} INFO - [2025-04-09T15:49:00.910+0000] {dag.py:3262} INFO - Creating ORM DAG for example_time_delta_sensor_async
[2025-04-09T15:49:00.911+0000] {logging_mixin.py:190} INFO - [2025-04-09T15:49:00.911+0000] {dag.py:4180} INFO - Setting next_dagrun for example_time_delta_sensor_async to None, run_after=None
[2025-04-09T15:49:00.936+0000] {processor.py:208} INFO - Processing /home/airflow/.local/lib/python3.12/site-packages/airflow/example_dags/example_time_delta_sensor_async.py took 0.340 seconds
[2025-04-09T15:50:21.205+0000] {processor.py:186} INFO - Started process (PID=738) to work on /home/airflow/.local/lib/python3.12/site-packages/airflow/example_dags/example_time_delta_sensor_async.py
[2025-04-09T15:50:21.212+0000] {processor.py:914} INFO - Processing file /home/airflow/.local/lib/python3.12/site-packages/airflow/example_dags/example_time_delta_sensor_async.py for tasks to queue
[2025-04-09T15:50:21.216+0000] {logging_mixin.py:190} INFO - [2025-04-09T15:50:21.216+0000] {dagbag.py:588} INFO - Filling up the DagBag from /home/airflow/.local/lib/python3.12/site-packages/airflow/example_dags/example_time_delta_sensor_async.py
[2025-04-09T15:50:21.236+0000] {processor.py:925} INFO - DAG(s) 'example_time_delta_sensor_async' retrieved from /home/airflow/.local/lib/python3.12/site-packages/airflow/example_dags/example_time_delta_sensor_async.py
[2025-04-09T15:50:21.389+0000] {logging_mixin.py:190} INFO - [2025-04-09T15:50:21.388+0000] {dag.py:3239} INFO - Sync 1 DAGs
[2025-04-09T15:50:21.466+0000] {logging_mixin.py:190} INFO - [2025-04-09T15:50:21.465+0000] {dag.py:4180} INFO - Setting next_dagrun for example_time_delta_sensor_async to None, run_after=None
[2025-04-09T15:50:21.880+0000] {processor.py:208} INFO - Processing /home/airflow/.local/lib/python3.12/site-packages/airflow/example_dags/example_time_delta_sensor_async.py took 0.714 seconds
[2025-04-09T15:51:20.855+0000] {processor.py:186} INFO - Started process (PID=1036) to work on /home/airflow/.local/lib/python3.12/site-packages/airflow/example_dags/example_time_delta_sensor_async.py
[2025-04-09T15:51:20.895+0000] {processor.py:914} INFO - Processing file /home/airflow/.local/lib/python3.12/site-packages/airflow/example_dags/example_time_delta_sensor_async.py for tasks to queue
[2025-04-09T15:51:20.986+0000] {logging_mixin.py:190} INFO - [2025-04-09T15:51:20.980+0000] {dagbag.py:588} INFO - Filling up the DagBag from /home/airflow/.local/lib/python3.12/site-packages/airflow/example_dags/example_time_delta_sensor_async.py
[2025-04-09T15:51:21.450+0000] {processor.py:925} INFO - DAG(s) 'example_time_delta_sensor_async' retrieved from /home/airflow/.local/lib/python3.12/site-packages/airflow/example_dags/example_time_delta_sensor_async.py
[2025-04-09T15:51:22.142+0000] {logging_mixin.py:190} INFO - [2025-04-09T15:51:22.132+0000] {dag.py:3239} INFO - Sync 1 DAGs
[2025-04-09T15:51:22.839+0000] {logging_mixin.py:190} INFO - [2025-04-09T15:51:22.836+0000] {dag.py:4180} INFO - Setting next_dagrun for example_time_delta_sensor_async to None, run_after=None
[2025-04-09T15:51:23.452+0000] {processor.py:208} INFO - Processing /home/airflow/.local/lib/python3.12/site-packages/airflow/example_dags/example_time_delta_sensor_async.py took 2.788 seconds
[2025-04-09T15:52:14.611+0000] {processor.py:186} INFO - Started process (PID=1358) to work on /home/airflow/.local/lib/python3.12/site-packages/airflow/example_dags/example_time_delta_sensor_async.py
[2025-04-09T15:52:14.613+0000] {processor.py:914} INFO - Processing file /home/airflow/.local/lib/python3.12/site-packages/airflow/example_dags/example_time_delta_sensor_async.py for tasks to queue
[2025-04-09T15:52:14.617+0000] {logging_mixin.py:190} INFO - [2025-04-09T15:52:14.617+0000] {dagbag.py:588} INFO - Filling up the DagBag from /home/airflow/.local/lib/python3.12/site-packages/airflow/example_dags/example_time_delta_sensor_async.py
[2025-04-09T15:52:14.633+0000] {processor.py:925} INFO - DAG(s) 'example_time_delta_sensor_async' retrieved from /home/airflow/.local/lib/python3.12/site-packages/airflow/example_dags/example_time_delta_sensor_async.py
[2025-04-09T15:52:14.705+0000] {logging_mixin.py:190} INFO - [2025-04-09T15:52:14.704+0000] {dag.py:3239} INFO - Sync 1 DAGs
[2025-04-09T15:52:14.756+0000] {logging_mixin.py:190} INFO - [2025-04-09T15:52:14.756+0000] {dag.py:4180} INFO - Setting next_dagrun for example_time_delta_sensor_async to None, run_after=None
[2025-04-09T15:52:14.914+0000] {processor.py:208} INFO - Processing /home/airflow/.local/lib/python3.12/site-packages/airflow/example_dags/example_time_delta_sensor_async.py took 0.319 seconds
[2025-04-09T15:55:25.374+0000] {processor.py:186} INFO - Started process (PID=409) to work on /home/airflow/.local/lib/python3.12/site-packages/airflow/example_dags/example_time_delta_sensor_async.py
[2025-04-09T15:55:25.377+0000] {processor.py:914} INFO - Processing file /home/airflow/.local/lib/python3.12/site-packages/airflow/example_dags/example_time_delta_sensor_async.py for tasks to queue
[2025-04-09T15:55:25.382+0000] {logging_mixin.py:190} INFO - [2025-04-09T15:55:25.381+0000] {dagbag.py:588} INFO - Filling up the DagBag from /home/airflow/.local/lib/python3.12/site-packages/airflow/example_dags/example_time_delta_sensor_async.py
[2025-04-09T15:55:25.398+0000] {processor.py:925} INFO - DAG(s) 'example_time_delta_sensor_async' retrieved from /home/airflow/.local/lib/python3.12/site-packages/airflow/example_dags/example_time_delta_sensor_async.py
[2025-04-09T15:55:25.595+0000] {logging_mixin.py:190} INFO - [2025-04-09T15:55:25.593+0000] {override.py:1912} INFO - Created Permission View: can delete on DAG:example_time_delta_sensor_async
[2025-04-09T15:55:25.613+0000] {logging_mixin.py:190} INFO - [2025-04-09T15:55:25.612+0000] {override.py:1912} INFO - Created Permission View: can edit on DAG:example_time_delta_sensor_async
[2025-04-09T15:55:25.627+0000] {logging_mixin.py:190} INFO - [2025-04-09T15:55:25.626+0000] {override.py:1912} INFO - Created Permission View: can read on DAG:example_time_delta_sensor_async
[2025-04-09T15:55:25.640+0000] {logging_mixin.py:190} INFO - [2025-04-09T15:55:25.640+0000] {override.py:1912} INFO - Created Permission View: can delete on DAG Run:example_time_delta_sensor_async
[2025-04-09T15:55:25.655+0000] {logging_mixin.py:190} INFO - [2025-04-09T15:55:25.655+0000] {override.py:1912} INFO - Created Permission View: can create on DAG Run:example_time_delta_sensor_async
[2025-04-09T15:55:25.668+0000] {logging_mixin.py:190} INFO - [2025-04-09T15:55:25.667+0000] {override.py:1912} INFO - Created Permission View: can read on DAG Run:example_time_delta_sensor_async
[2025-04-09T15:55:25.688+0000] {logging_mixin.py:190} INFO - [2025-04-09T15:55:25.688+0000] {override.py:1912} INFO - Created Permission View: menu access on DAG Run:example_time_delta_sensor_async
[2025-04-09T15:55:25.689+0000] {logging_mixin.py:190} INFO - [2025-04-09T15:55:25.689+0000] {dag.py:3239} INFO - Sync 1 DAGs
[2025-04-09T15:55:25.769+0000] {logging_mixin.py:190} INFO - [2025-04-09T15:55:25.768+0000] {dag.py:3262} INFO - Creating ORM DAG for example_time_delta_sensor_async
[2025-04-09T15:55:25.771+0000] {logging_mixin.py:190} INFO - [2025-04-09T15:55:25.770+0000] {dag.py:4180} INFO - Setting next_dagrun for example_time_delta_sensor_async to None, run_after=None
[2025-04-09T15:55:25.822+0000] {processor.py:208} INFO - Processing /home/airflow/.local/lib/python3.12/site-packages/airflow/example_dags/example_time_delta_sensor_async.py took 0.458 seconds
[2025-04-09T15:55:57.590+0000] {processor.py:186} INFO - Started process (PID=700) to work on /home/airflow/.local/lib/python3.12/site-packages/airflow/example_dags/example_time_delta_sensor_async.py
[2025-04-09T15:55:57.592+0000] {processor.py:914} INFO - Processing file /home/airflow/.local/lib/python3.12/site-packages/airflow/example_dags/example_time_delta_sensor_async.py for tasks to queue
[2025-04-09T15:55:57.598+0000] {logging_mixin.py:190} INFO - [2025-04-09T15:55:57.598+0000] {dagbag.py:588} INFO - Filling up the DagBag from /home/airflow/.local/lib/python3.12/site-packages/airflow/example_dags/example_time_delta_sensor_async.py
[2025-04-09T15:55:57.616+0000] {processor.py:925} INFO - DAG(s) 'example_time_delta_sensor_async' retrieved from /home/airflow/.local/lib/python3.12/site-packages/airflow/example_dags/example_time_delta_sensor_async.py
[2025-04-09T15:55:57.713+0000] {logging_mixin.py:190} INFO - [2025-04-09T15:55:57.712+0000] {dag.py:3239} INFO - Sync 1 DAGs
[2025-04-09T15:55:57.759+0000] {logging_mixin.py:190} INFO - [2025-04-09T15:55:57.758+0000] {dag.py:4180} INFO - Setting next_dagrun for example_time_delta_sensor_async to None, run_after=None
[2025-04-09T15:55:57.850+0000] {processor.py:208} INFO - Processing /home/airflow/.local/lib/python3.12/site-packages/airflow/example_dags/example_time_delta_sensor_async.py took 0.277 seconds
[2025-04-09T15:56:31.045+0000] {processor.py:186} INFO - Started process (PID=991) to work on /home/airflow/.local/lib/python3.12/site-packages/airflow/example_dags/example_time_delta_sensor_async.py
[2025-04-09T15:56:31.047+0000] {processor.py:914} INFO - Processing file /home/airflow/.local/lib/python3.12/site-packages/airflow/example_dags/example_time_delta_sensor_async.py for tasks to queue
[2025-04-09T15:56:31.051+0000] {logging_mixin.py:190} INFO - [2025-04-09T15:56:31.050+0000] {dagbag.py:588} INFO - Filling up the DagBag from /home/airflow/.local/lib/python3.12/site-packages/airflow/example_dags/example_time_delta_sensor_async.py
[2025-04-09T15:56:31.064+0000] {processor.py:925} INFO - DAG(s) 'example_time_delta_sensor_async' retrieved from /home/airflow/.local/lib/python3.12/site-packages/airflow/example_dags/example_time_delta_sensor_async.py
[2025-04-09T15:56:31.113+0000] {logging_mixin.py:190} INFO - [2025-04-09T15:56:31.112+0000] {dag.py:3239} INFO - Sync 1 DAGs
[2025-04-09T15:56:31.146+0000] {logging_mixin.py:190} INFO - [2025-04-09T15:56:31.145+0000] {dag.py:4180} INFO - Setting next_dagrun for example_time_delta_sensor_async to None, run_after=None
[2025-04-09T15:56:31.203+0000] {processor.py:208} INFO - Processing /home/airflow/.local/lib/python3.12/site-packages/airflow/example_dags/example_time_delta_sensor_async.py took 0.172 seconds
[2025-04-09T15:57:01.610+0000] {processor.py:186} INFO - Started process (PID=1282) to work on /home/airflow/.local/lib/python3.12/site-packages/airflow/example_dags/example_time_delta_sensor_async.py
[2025-04-09T15:57:01.614+0000] {processor.py:914} INFO - Processing file /home/airflow/.local/lib/python3.12/site-packages/airflow/example_dags/example_time_delta_sensor_async.py for tasks to queue
[2025-04-09T15:57:01.618+0000] {logging_mixin.py:190} INFO - [2025-04-09T15:57:01.617+0000] {dagbag.py:588} INFO - Filling up the DagBag from /home/airflow/.local/lib/python3.12/site-packages/airflow/example_dags/example_time_delta_sensor_async.py
[2025-04-09T15:57:01.627+0000] {processor.py:925} INFO - DAG(s) 'example_time_delta_sensor_async' retrieved from /home/airflow/.local/lib/python3.12/site-packages/airflow/example_dags/example_time_delta_sensor_async.py
[2025-04-09T15:57:01.658+0000] {logging_mixin.py:190} INFO - [2025-04-09T15:57:01.658+0000] {dag.py:3239} INFO - Sync 1 DAGs
[2025-04-09T15:57:01.679+0000] {logging_mixin.py:190} INFO - [2025-04-09T15:57:01.679+0000] {dag.py:4180} INFO - Setting next_dagrun for example_time_delta_sensor_async to None, run_after=None
[2025-04-09T15:57:01.704+0000] {processor.py:208} INFO - Processing /home/airflow/.local/lib/python3.12/site-packages/airflow/example_dags/example_time_delta_sensor_async.py took 0.102 seconds
[2025-04-09T15:57:33.601+0000] {processor.py:186} INFO - Started process (PID=1573) to work on /home/airflow/.local/lib/python3.12/site-packages/airflow/example_dags/example_time_delta_sensor_async.py
[2025-04-09T15:57:33.604+0000] {processor.py:914} INFO - Processing file /home/airflow/.local/lib/python3.12/site-packages/airflow/example_dags/example_time_delta_sensor_async.py for tasks to queue
[2025-04-09T15:57:33.609+0000] {logging_mixin.py:190} INFO - [2025-04-09T15:57:33.608+0000] {dagbag.py:588} INFO - Filling up the DagBag from /home/airflow/.local/lib/python3.12/site-packages/airflow/example_dags/example_time_delta_sensor_async.py
[2025-04-09T15:57:33.619+0000] {processor.py:925} INFO - DAG(s) 'example_time_delta_sensor_async' retrieved from /home/airflow/.local/lib/python3.12/site-packages/airflow/example_dags/example_time_delta_sensor_async.py
[2025-04-09T15:57:33.673+0000] {logging_mixin.py:190} INFO - [2025-04-09T15:57:33.673+0000] {dag.py:3239} INFO - Sync 1 DAGs
[2025-04-09T15:57:33.706+0000] {logging_mixin.py:190} INFO - [2025-04-09T15:57:33.706+0000] {dag.py:4180} INFO - Setting next_dagrun for example_time_delta_sensor_async to None, run_after=None
[2025-04-09T15:57:33.770+0000] {processor.py:208} INFO - Processing /home/airflow/.local/lib/python3.12/site-packages/airflow/example_dags/example_time_delta_sensor_async.py took 0.178 seconds
