[2025-04-09T15:49:01.004+0000] {processor.py:186} INFO - Started process (PID=401) to work on /home/airflow/.local/lib/python3.12/site-packages/airflow/example_dags/example_trigger_target_dag.py
[2025-04-09T15:49:01.005+0000] {processor.py:914} INFO - Processing file /home/airflow/.local/lib/python3.12/site-packages/airflow/example_dags/example_trigger_target_dag.py for tasks to queue
[2025-04-09T15:49:01.008+0000] {logging_mixin.py:190} INFO - [2025-04-09T15:49:01.007+0000] {dagbag.py:588} INFO - Filling up the DagBag from /home/airflow/.local/lib/python3.12/site-packages/airflow/example_dags/example_trigger_target_dag.py
[2025-04-09T15:49:01.018+0000] {processor.py:925} INFO - DAG(s) 'example_trigger_target_dag' retrieved from /home/airflow/.local/lib/python3.12/site-packages/airflow/example_dags/example_trigger_target_dag.py
[2025-04-09T15:49:01.204+0000] {logging_mixin.py:190} INFO - [2025-04-09T15:49:01.204+0000] {override.py:1912} INFO - Created Permission View: can delete on DAG:example_trigger_target_dag
[2025-04-09T15:49:01.218+0000] {logging_mixin.py:190} INFO - [2025-04-09T15:49:01.218+0000] {override.py:1912} INFO - Created Permission View: can edit on DAG:example_trigger_target_dag
[2025-04-09T15:49:01.232+0000] {logging_mixin.py:190} INFO - [2025-04-09T15:49:01.231+0000] {override.py:1912} INFO - Created Permission View: can read on DAG:example_trigger_target_dag
[2025-04-09T15:49:01.244+0000] {logging_mixin.py:190} INFO - [2025-04-09T15:49:01.243+0000] {override.py:1912} INFO - Created Permission View: menu access on DAG Run:example_trigger_target_dag
[2025-04-09T15:49:01.252+0000] {logging_mixin.py:190} INFO - [2025-04-09T15:49:01.251+0000] {override.py:1912} INFO - Created Permission View: can create on DAG Run:example_trigger_target_dag
[2025-04-09T15:49:01.260+0000] {logging_mixin.py:190} INFO - [2025-04-09T15:49:01.259+0000] {override.py:1912} INFO - Created Permission View: can delete on DAG Run:example_trigger_target_dag
[2025-04-09T15:49:01.270+0000] {logging_mixin.py:190} INFO - [2025-04-09T15:49:01.270+0000] {override.py:1912} INFO - Created Permission View: can read on DAG Run:example_trigger_target_dag
[2025-04-09T15:49:01.271+0000] {logging_mixin.py:190} INFO - [2025-04-09T15:49:01.271+0000] {dag.py:3239} INFO - Sync 1 DAGs
[2025-04-09T15:49:01.289+0000] {logging_mixin.py:190} INFO - [2025-04-09T15:49:01.289+0000] {dag.py:3262} INFO - Creating ORM DAG for example_trigger_target_dag
[2025-04-09T15:49:01.290+0000] {logging_mixin.py:190} INFO - [2025-04-09T15:49:01.290+0000] {dag.py:4180} INFO - Setting next_dagrun for example_trigger_target_dag to None, run_after=None
[2025-04-09T15:49:01.310+0000] {processor.py:208} INFO - Processing /home/airflow/.local/lib/python3.12/site-packages/airflow/example_dags/example_trigger_target_dag.py took 0.315 seconds
[2025-04-09T15:50:22.180+0000] {processor.py:186} INFO - Started process (PID=754) to work on /home/airflow/.local/lib/python3.12/site-packages/airflow/example_dags/example_trigger_target_dag.py
[2025-04-09T15:50:22.206+0000] {processor.py:914} INFO - Processing file /home/airflow/.local/lib/python3.12/site-packages/airflow/example_dags/example_trigger_target_dag.py for tasks to queue
[2025-04-09T15:50:22.244+0000] {logging_mixin.py:190} INFO - [2025-04-09T15:50:22.236+0000] {dagbag.py:588} INFO - Filling up the DagBag from /home/airflow/.local/lib/python3.12/site-packages/airflow/example_dags/example_trigger_target_dag.py
[2025-04-09T15:50:22.281+0000] {processor.py:925} INFO - DAG(s) 'example_trigger_target_dag' retrieved from /home/airflow/.local/lib/python3.12/site-packages/airflow/example_dags/example_trigger_target_dag.py
[2025-04-09T15:50:22.470+0000] {logging_mixin.py:190} INFO - [2025-04-09T15:50:22.469+0000] {dag.py:3239} INFO - Sync 1 DAGs
[2025-04-09T15:50:22.596+0000] {logging_mixin.py:190} INFO - [2025-04-09T15:50:22.596+0000] {dag.py:4180} INFO - Setting next_dagrun for example_trigger_target_dag to None, run_after=None
[2025-04-09T15:50:22.977+0000] {processor.py:208} INFO - Processing /home/airflow/.local/lib/python3.12/site-packages/airflow/example_dags/example_trigger_target_dag.py took 0.817 seconds
[2025-04-09T15:51:23.992+0000] {processor.py:186} INFO - Started process (PID=1052) to work on /home/airflow/.local/lib/python3.12/site-packages/airflow/example_dags/example_trigger_target_dag.py
[2025-04-09T15:51:23.998+0000] {processor.py:914} INFO - Processing file /home/airflow/.local/lib/python3.12/site-packages/airflow/example_dags/example_trigger_target_dag.py for tasks to queue
[2025-04-09T15:51:24.007+0000] {logging_mixin.py:190} INFO - [2025-04-09T15:51:24.006+0000] {dagbag.py:588} INFO - Filling up the DagBag from /home/airflow/.local/lib/python3.12/site-packages/airflow/example_dags/example_trigger_target_dag.py
[2025-04-09T15:51:24.076+0000] {processor.py:925} INFO - DAG(s) 'example_trigger_target_dag' retrieved from /home/airflow/.local/lib/python3.12/site-packages/airflow/example_dags/example_trigger_target_dag.py
[2025-04-09T15:51:24.249+0000] {logging_mixin.py:190} INFO - [2025-04-09T15:51:24.249+0000] {dag.py:3239} INFO - Sync 1 DAGs
[2025-04-09T15:51:24.395+0000] {logging_mixin.py:190} INFO - [2025-04-09T15:51:24.392+0000] {dag.py:4180} INFO - Setting next_dagrun for example_trigger_target_dag to None, run_after=None
[2025-04-09T15:51:25.238+0000] {processor.py:208} INFO - Processing /home/airflow/.local/lib/python3.12/site-packages/airflow/example_dags/example_trigger_target_dag.py took 1.268 seconds
[2025-04-09T15:52:15.000+0000] {processor.py:186} INFO - Started process (PID=1368) to work on /home/airflow/.local/lib/python3.12/site-packages/airflow/example_dags/example_trigger_target_dag.py
[2025-04-09T15:52:15.002+0000] {processor.py:914} INFO - Processing file /home/airflow/.local/lib/python3.12/site-packages/airflow/example_dags/example_trigger_target_dag.py for tasks to queue
[2025-04-09T15:52:15.012+0000] {logging_mixin.py:190} INFO - [2025-04-09T15:52:15.009+0000] {dagbag.py:588} INFO - Filling up the DagBag from /home/airflow/.local/lib/python3.12/site-packages/airflow/example_dags/example_trigger_target_dag.py
[2025-04-09T15:52:15.037+0000] {processor.py:925} INFO - DAG(s) 'example_trigger_target_dag' retrieved from /home/airflow/.local/lib/python3.12/site-packages/airflow/example_dags/example_trigger_target_dag.py
[2025-04-09T15:52:15.089+0000] {logging_mixin.py:190} INFO - [2025-04-09T15:52:15.088+0000] {dag.py:3239} INFO - Sync 1 DAGs
[2025-04-09T15:52:15.124+0000] {logging_mixin.py:190} INFO - [2025-04-09T15:52:15.123+0000] {dag.py:4180} INFO - Setting next_dagrun for example_trigger_target_dag to None, run_after=None
[2025-04-09T15:52:15.246+0000] {processor.py:208} INFO - Processing /home/airflow/.local/lib/python3.12/site-packages/airflow/example_dags/example_trigger_target_dag.py took 0.262 seconds
[2025-04-09T15:55:25.902+0000] {processor.py:186} INFO - Started process (PID=419) to work on /home/airflow/.local/lib/python3.12/site-packages/airflow/example_dags/example_trigger_target_dag.py
[2025-04-09T15:55:25.904+0000] {processor.py:914} INFO - Processing file /home/airflow/.local/lib/python3.12/site-packages/airflow/example_dags/example_trigger_target_dag.py for tasks to queue
[2025-04-09T15:55:25.910+0000] {logging_mixin.py:190} INFO - [2025-04-09T15:55:25.908+0000] {dagbag.py:588} INFO - Filling up the DagBag from /home/airflow/.local/lib/python3.12/site-packages/airflow/example_dags/example_trigger_target_dag.py
[2025-04-09T15:55:25.939+0000] {processor.py:925} INFO - DAG(s) 'example_trigger_target_dag' retrieved from /home/airflow/.local/lib/python3.12/site-packages/airflow/example_dags/example_trigger_target_dag.py
[2025-04-09T15:55:26.238+0000] {logging_mixin.py:190} INFO - [2025-04-09T15:55:26.237+0000] {override.py:1912} INFO - Created Permission View: can delete on DAG:example_trigger_target_dag
[2025-04-09T15:55:26.258+0000] {logging_mixin.py:190} INFO - [2025-04-09T15:55:26.257+0000] {override.py:1912} INFO - Created Permission View: can edit on DAG:example_trigger_target_dag
[2025-04-09T15:55:26.272+0000] {logging_mixin.py:190} INFO - [2025-04-09T15:55:26.272+0000] {override.py:1912} INFO - Created Permission View: can read on DAG:example_trigger_target_dag
[2025-04-09T15:55:26.288+0000] {logging_mixin.py:190} INFO - [2025-04-09T15:55:26.288+0000] {override.py:1912} INFO - Created Permission View: can delete on DAG Run:example_trigger_target_dag
[2025-04-09T15:55:26.302+0000] {logging_mixin.py:190} INFO - [2025-04-09T15:55:26.301+0000] {override.py:1912} INFO - Created Permission View: can create on DAG Run:example_trigger_target_dag
[2025-04-09T15:55:26.313+0000] {logging_mixin.py:190} INFO - [2025-04-09T15:55:26.313+0000] {override.py:1912} INFO - Created Permission View: can read on DAG Run:example_trigger_target_dag
[2025-04-09T15:55:26.325+0000] {logging_mixin.py:190} INFO - [2025-04-09T15:55:26.325+0000] {override.py:1912} INFO - Created Permission View: menu access on DAG Run:example_trigger_target_dag
[2025-04-09T15:55:26.326+0000] {logging_mixin.py:190} INFO - [2025-04-09T15:55:26.326+0000] {dag.py:3239} INFO - Sync 1 DAGs
[2025-04-09T15:55:26.355+0000] {logging_mixin.py:190} INFO - [2025-04-09T15:55:26.354+0000] {dag.py:3262} INFO - Creating ORM DAG for example_trigger_target_dag
[2025-04-09T15:55:26.356+0000] {logging_mixin.py:190} INFO - [2025-04-09T15:55:26.356+0000] {dag.py:4180} INFO - Setting next_dagrun for example_trigger_target_dag to None, run_after=None
[2025-04-09T15:55:26.393+0000] {processor.py:208} INFO - Processing /home/airflow/.local/lib/python3.12/site-packages/airflow/example_dags/example_trigger_target_dag.py took 0.509 seconds
[2025-04-09T15:55:58.016+0000] {processor.py:186} INFO - Started process (PID=710) to work on /home/airflow/.local/lib/python3.12/site-packages/airflow/example_dags/example_trigger_target_dag.py
[2025-04-09T15:55:58.021+0000] {processor.py:914} INFO - Processing file /home/airflow/.local/lib/python3.12/site-packages/airflow/example_dags/example_trigger_target_dag.py for tasks to queue
[2025-04-09T15:55:58.030+0000] {logging_mixin.py:190} INFO - [2025-04-09T15:55:58.030+0000] {dagbag.py:588} INFO - Filling up the DagBag from /home/airflow/.local/lib/python3.12/site-packages/airflow/example_dags/example_trigger_target_dag.py
[2025-04-09T15:55:58.057+0000] {processor.py:925} INFO - DAG(s) 'example_trigger_target_dag' retrieved from /home/airflow/.local/lib/python3.12/site-packages/airflow/example_dags/example_trigger_target_dag.py
[2025-04-09T15:55:58.164+0000] {logging_mixin.py:190} INFO - [2025-04-09T15:55:58.163+0000] {dag.py:3239} INFO - Sync 1 DAGs
[2025-04-09T15:55:58.231+0000] {logging_mixin.py:190} INFO - [2025-04-09T15:55:58.230+0000] {dag.py:4180} INFO - Setting next_dagrun for example_trigger_target_dag to None, run_after=None
[2025-04-09T15:55:58.340+0000] {processor.py:208} INFO - Processing /home/airflow/.local/lib/python3.12/site-packages/airflow/example_dags/example_trigger_target_dag.py took 0.410 seconds
[2025-04-09T15:56:31.474+0000] {processor.py:186} INFO - Started process (PID=1003) to work on /home/airflow/.local/lib/python3.12/site-packages/airflow/example_dags/example_trigger_target_dag.py
[2025-04-09T15:56:31.476+0000] {processor.py:914} INFO - Processing file /home/airflow/.local/lib/python3.12/site-packages/airflow/example_dags/example_trigger_target_dag.py for tasks to queue
[2025-04-09T15:56:31.484+0000] {logging_mixin.py:190} INFO - [2025-04-09T15:56:31.483+0000] {dagbag.py:588} INFO - Filling up the DagBag from /home/airflow/.local/lib/python3.12/site-packages/airflow/example_dags/example_trigger_target_dag.py
[2025-04-09T15:56:31.503+0000] {processor.py:925} INFO - DAG(s) 'example_trigger_target_dag' retrieved from /home/airflow/.local/lib/python3.12/site-packages/airflow/example_dags/example_trigger_target_dag.py
[2025-04-09T15:56:31.638+0000] {logging_mixin.py:190} INFO - [2025-04-09T15:56:31.634+0000] {dag.py:3239} INFO - Sync 1 DAGs
[2025-04-09T15:56:31.718+0000] {logging_mixin.py:190} INFO - [2025-04-09T15:56:31.718+0000] {dag.py:4180} INFO - Setting next_dagrun for example_trigger_target_dag to None, run_after=None
[2025-04-09T15:56:32.195+0000] {processor.py:208} INFO - Processing /home/airflow/.local/lib/python3.12/site-packages/airflow/example_dags/example_trigger_target_dag.py took 0.739 seconds
[2025-04-09T15:57:02.747+0000] {processor.py:186} INFO - Started process (PID=1294) to work on /home/airflow/.local/lib/python3.12/site-packages/airflow/example_dags/example_trigger_target_dag.py
[2025-04-09T15:57:02.749+0000] {processor.py:914} INFO - Processing file /home/airflow/.local/lib/python3.12/site-packages/airflow/example_dags/example_trigger_target_dag.py for tasks to queue
[2025-04-09T15:57:02.752+0000] {logging_mixin.py:190} INFO - [2025-04-09T15:57:02.752+0000] {dagbag.py:588} INFO - Filling up the DagBag from /home/airflow/.local/lib/python3.12/site-packages/airflow/example_dags/example_trigger_target_dag.py
[2025-04-09T15:57:02.764+0000] {processor.py:925} INFO - DAG(s) 'example_trigger_target_dag' retrieved from /home/airflow/.local/lib/python3.12/site-packages/airflow/example_dags/example_trigger_target_dag.py
[2025-04-09T15:57:02.795+0000] {logging_mixin.py:190} INFO - [2025-04-09T15:57:02.795+0000] {dag.py:3239} INFO - Sync 1 DAGs
[2025-04-09T15:57:02.816+0000] {logging_mixin.py:190} INFO - [2025-04-09T15:57:02.815+0000] {dag.py:4180} INFO - Setting next_dagrun for example_trigger_target_dag to None, run_after=None
[2025-04-09T15:57:02.840+0000] {processor.py:208} INFO - Processing /home/airflow/.local/lib/python3.12/site-packages/airflow/example_dags/example_trigger_target_dag.py took 0.101 seconds
[2025-04-09T15:57:34.468+0000] {processor.py:186} INFO - Started process (PID=1598) to work on /home/airflow/.local/lib/python3.12/site-packages/airflow/example_dags/example_trigger_target_dag.py
[2025-04-09T15:57:34.471+0000] {processor.py:914} INFO - Processing file /home/airflow/.local/lib/python3.12/site-packages/airflow/example_dags/example_trigger_target_dag.py for tasks to queue
[2025-04-09T15:57:34.476+0000] {logging_mixin.py:190} INFO - [2025-04-09T15:57:34.475+0000] {dagbag.py:588} INFO - Filling up the DagBag from /home/airflow/.local/lib/python3.12/site-packages/airflow/example_dags/example_trigger_target_dag.py
[2025-04-09T15:57:34.495+0000] {processor.py:925} INFO - DAG(s) 'example_trigger_target_dag' retrieved from /home/airflow/.local/lib/python3.12/site-packages/airflow/example_dags/example_trigger_target_dag.py
[2025-04-09T15:57:34.557+0000] {logging_mixin.py:190} INFO - [2025-04-09T15:57:34.556+0000] {dag.py:3239} INFO - Sync 1 DAGs
[2025-04-09T15:57:34.586+0000] {logging_mixin.py:190} INFO - [2025-04-09T15:57:34.585+0000] {dag.py:4180} INFO - Setting next_dagrun for example_trigger_target_dag to None, run_after=None
[2025-04-09T15:57:34.618+0000] {processor.py:208} INFO - Processing /home/airflow/.local/lib/python3.12/site-packages/airflow/example_dags/example_trigger_target_dag.py took 0.180 seconds
