[2025-04-09T15:48:53.796+0000] {processor.py:186} INFO - Started process (PID=253) to work on /home/airflow/.local/lib/python3.12/site-packages/airflow/example_dags/example_datasets.py
[2025-04-09T15:48:53.797+0000] {processor.py:914} INFO - Processing file /home/airflow/.local/lib/python3.12/site-packages/airflow/example_dags/example_datasets.py for tasks to queue
[2025-04-09T15:48:53.800+0000] {logging_mixin.py:190} INFO - [2025-04-09T15:48:53.799+0000] {dagbag.py:588} INFO - Filling up the DagBag from /home/airflow/.local/lib/python3.12/site-packages/airflow/example_dags/example_datasets.py
[2025-04-09T15:48:54.381+0000] {processor.py:925} INFO - DAG(s) 'dataset_consumes_1_never_scheduled', 'dataset_produces_2', 'consume_1_and_2_with_dataset_expressions', 'consume_1_or_2_with_dataset_expressions', 'conditional_dataset_and_time_based_timetable', 'consume_1_or_both_2_and_3_with_dataset_expressions', 'dataset_consumes_1_and_2', 'dataset_produces_1', 'dataset_consumes_1', 'dataset_consumes_unknown_never_scheduled' retrieved from /home/airflow/.local/lib/python3.12/site-packages/airflow/example_dags/example_datasets.py
[2025-04-09T15:48:54.703+0000] {logging_mixin.py:190} INFO - [2025-04-09T15:48:54.702+0000] {override.py:1912} INFO - Created Permission View: can delete on DAG:dataset_consumes_1_never_scheduled
[2025-04-09T15:48:54.715+0000] {logging_mixin.py:190} INFO - [2025-04-09T15:48:54.715+0000] {override.py:1912} INFO - Created Permission View: can edit on DAG:dataset_consumes_1_never_scheduled
[2025-04-09T15:48:54.725+0000] {logging_mixin.py:190} INFO - [2025-04-09T15:48:54.725+0000] {override.py:1912} INFO - Created Permission View: can read on DAG:dataset_consumes_1_never_scheduled
[2025-04-09T15:48:54.736+0000] {logging_mixin.py:190} INFO - [2025-04-09T15:48:54.736+0000] {override.py:1912} INFO - Created Permission View: menu access on DAG Run:dataset_consumes_1_never_scheduled
[2025-04-09T15:48:54.747+0000] {logging_mixin.py:190} INFO - [2025-04-09T15:48:54.747+0000] {override.py:1912} INFO - Created Permission View: can create on DAG Run:dataset_consumes_1_never_scheduled
[2025-04-09T15:48:54.756+0000] {logging_mixin.py:190} INFO - [2025-04-09T15:48:54.756+0000] {override.py:1912} INFO - Created Permission View: can delete on DAG Run:dataset_consumes_1_never_scheduled
[2025-04-09T15:48:54.767+0000] {logging_mixin.py:190} INFO - [2025-04-09T15:48:54.767+0000] {override.py:1912} INFO - Created Permission View: can read on DAG Run:dataset_consumes_1_never_scheduled
[2025-04-09T15:48:54.784+0000] {logging_mixin.py:190} INFO - [2025-04-09T15:48:54.783+0000] {override.py:1912} INFO - Created Permission View: can delete on DAG:dataset_produces_2
[2025-04-09T15:48:54.793+0000] {logging_mixin.py:190} INFO - [2025-04-09T15:48:54.792+0000] {override.py:1912} INFO - Created Permission View: can edit on DAG:dataset_produces_2
[2025-04-09T15:48:54.802+0000] {logging_mixin.py:190} INFO - [2025-04-09T15:48:54.801+0000] {override.py:1912} INFO - Created Permission View: can read on DAG:dataset_produces_2
[2025-04-09T15:48:54.812+0000] {logging_mixin.py:190} INFO - [2025-04-09T15:48:54.811+0000] {override.py:1912} INFO - Created Permission View: menu access on DAG Run:dataset_produces_2
[2025-04-09T15:48:54.822+0000] {logging_mixin.py:190} INFO - [2025-04-09T15:48:54.822+0000] {override.py:1912} INFO - Created Permission View: can create on DAG Run:dataset_produces_2
[2025-04-09T15:48:54.830+0000] {logging_mixin.py:190} INFO - [2025-04-09T15:48:54.830+0000] {override.py:1912} INFO - Created Permission View: can delete on DAG Run:dataset_produces_2
[2025-04-09T15:48:54.839+0000] {logging_mixin.py:190} INFO - [2025-04-09T15:48:54.838+0000] {override.py:1912} INFO - Created Permission View: can read on DAG Run:dataset_produces_2
[2025-04-09T15:48:54.855+0000] {logging_mixin.py:190} INFO - [2025-04-09T15:48:54.854+0000] {override.py:1912} INFO - Created Permission View: can delete on DAG:consume_1_and_2_with_dataset_expressions
[2025-04-09T15:48:54.863+0000] {logging_mixin.py:190} INFO - [2025-04-09T15:48:54.863+0000] {override.py:1912} INFO - Created Permission View: can edit on DAG:consume_1_and_2_with_dataset_expressions
[2025-04-09T15:48:54.871+0000] {logging_mixin.py:190} INFO - [2025-04-09T15:48:54.871+0000] {override.py:1912} INFO - Created Permission View: can read on DAG:consume_1_and_2_with_dataset_expressions
[2025-04-09T15:48:54.882+0000] {logging_mixin.py:190} INFO - [2025-04-09T15:48:54.881+0000] {override.py:1912} INFO - Created Permission View: menu access on DAG Run:consume_1_and_2_with_dataset_expressions
[2025-04-09T15:48:54.892+0000] {logging_mixin.py:190} INFO - [2025-04-09T15:48:54.891+0000] {override.py:1912} INFO - Created Permission View: can create on DAG Run:consume_1_and_2_with_dataset_expressions
[2025-04-09T15:48:54.902+0000] {logging_mixin.py:190} INFO - [2025-04-09T15:48:54.901+0000] {override.py:1912} INFO - Created Permission View: can delete on DAG Run:consume_1_and_2_with_dataset_expressions
[2025-04-09T15:48:54.911+0000] {logging_mixin.py:190} INFO - [2025-04-09T15:48:54.910+0000] {override.py:1912} INFO - Created Permission View: can read on DAG Run:consume_1_and_2_with_dataset_expressions
[2025-04-09T15:48:54.929+0000] {logging_mixin.py:190} INFO - [2025-04-09T15:48:54.928+0000] {override.py:1912} INFO - Created Permission View: can delete on DAG:consume_1_or_2_with_dataset_expressions
[2025-04-09T15:48:54.939+0000] {logging_mixin.py:190} INFO - [2025-04-09T15:48:54.939+0000] {override.py:1912} INFO - Created Permission View: can edit on DAG:consume_1_or_2_with_dataset_expressions
[2025-04-09T15:48:54.949+0000] {logging_mixin.py:190} INFO - [2025-04-09T15:48:54.949+0000] {override.py:1912} INFO - Created Permission View: can read on DAG:consume_1_or_2_with_dataset_expressions
[2025-04-09T15:48:54.958+0000] {logging_mixin.py:190} INFO - [2025-04-09T15:48:54.958+0000] {override.py:1912} INFO - Created Permission View: menu access on DAG Run:consume_1_or_2_with_dataset_expressions
[2025-04-09T15:48:54.967+0000] {logging_mixin.py:190} INFO - [2025-04-09T15:48:54.966+0000] {override.py:1912} INFO - Created Permission View: can create on DAG Run:consume_1_or_2_with_dataset_expressions
[2025-04-09T15:48:54.978+0000] {logging_mixin.py:190} INFO - [2025-04-09T15:48:54.977+0000] {override.py:1912} INFO - Created Permission View: can delete on DAG Run:consume_1_or_2_with_dataset_expressions
[2025-04-09T15:48:54.988+0000] {logging_mixin.py:190} INFO - [2025-04-09T15:48:54.988+0000] {override.py:1912} INFO - Created Permission View: can read on DAG Run:consume_1_or_2_with_dataset_expressions
[2025-04-09T15:48:55.004+0000] {logging_mixin.py:190} INFO - [2025-04-09T15:48:55.003+0000] {override.py:1912} INFO - Created Permission View: can delete on DAG:conditional_dataset_and_time_based_timetable
[2025-04-09T15:48:55.013+0000] {logging_mixin.py:190} INFO - [2025-04-09T15:48:55.012+0000] {override.py:1912} INFO - Created Permission View: can edit on DAG:conditional_dataset_and_time_based_timetable
[2025-04-09T15:48:55.021+0000] {logging_mixin.py:190} INFO - [2025-04-09T15:48:55.021+0000] {override.py:1912} INFO - Created Permission View: can read on DAG:conditional_dataset_and_time_based_timetable
[2025-04-09T15:48:55.031+0000] {logging_mixin.py:190} INFO - [2025-04-09T15:48:55.031+0000] {override.py:1912} INFO - Created Permission View: menu access on DAG Run:conditional_dataset_and_time_based_timetable
[2025-04-09T15:48:55.040+0000] {logging_mixin.py:190} INFO - [2025-04-09T15:48:55.039+0000] {override.py:1912} INFO - Created Permission View: can create on DAG Run:conditional_dataset_and_time_based_timetable
[2025-04-09T15:48:55.048+0000] {logging_mixin.py:190} INFO - [2025-04-09T15:48:55.048+0000] {override.py:1912} INFO - Created Permission View: can delete on DAG Run:conditional_dataset_and_time_based_timetable
[2025-04-09T15:48:55.059+0000] {logging_mixin.py:190} INFO - [2025-04-09T15:48:55.058+0000] {override.py:1912} INFO - Created Permission View: can read on DAG Run:conditional_dataset_and_time_based_timetable
[2025-04-09T15:48:55.140+0000] {logging_mixin.py:190} INFO - [2025-04-09T15:48:55.140+0000] {override.py:1912} INFO - Created Permission View: can delete on DAG:consume_1_or_both_2_and_3_with_dataset_expressions
[2025-04-09T15:48:55.161+0000] {logging_mixin.py:190} INFO - [2025-04-09T15:48:55.161+0000] {override.py:1912} INFO - Created Permission View: can edit on DAG:consume_1_or_both_2_and_3_with_dataset_expressions
[2025-04-09T15:48:55.177+0000] {logging_mixin.py:190} INFO - [2025-04-09T15:48:55.177+0000] {override.py:1912} INFO - Created Permission View: can read on DAG:consume_1_or_both_2_and_3_with_dataset_expressions
[2025-04-09T15:48:55.202+0000] {logging_mixin.py:190} INFO - [2025-04-09T15:48:55.202+0000] {override.py:1912} INFO - Created Permission View: menu access on DAG Run:consume_1_or_both_2_and_3_with_dataset_expressions
[2025-04-09T15:48:55.216+0000] {logging_mixin.py:190} INFO - [2025-04-09T15:48:55.215+0000] {override.py:1912} INFO - Created Permission View: can create on DAG Run:consume_1_or_both_2_and_3_with_dataset_expressions
[2025-04-09T15:48:55.277+0000] {logging_mixin.py:190} INFO - [2025-04-09T15:48:55.277+0000] {override.py:1912} INFO - Created Permission View: can delete on DAG Run:consume_1_or_both_2_and_3_with_dataset_expressions
[2025-04-09T15:48:55.287+0000] {logging_mixin.py:190} INFO - [2025-04-09T15:48:55.287+0000] {override.py:1912} INFO - Created Permission View: can read on DAG Run:consume_1_or_both_2_and_3_with_dataset_expressions
[2025-04-09T15:48:55.308+0000] {logging_mixin.py:190} INFO - [2025-04-09T15:48:55.308+0000] {override.py:1912} INFO - Created Permission View: can delete on DAG:dataset_consumes_1_and_2
[2025-04-09T15:48:55.317+0000] {logging_mixin.py:190} INFO - [2025-04-09T15:48:55.317+0000] {override.py:1912} INFO - Created Permission View: can edit on DAG:dataset_consumes_1_and_2
[2025-04-09T15:48:55.326+0000] {logging_mixin.py:190} INFO - [2025-04-09T15:48:55.326+0000] {override.py:1912} INFO - Created Permission View: can read on DAG:dataset_consumes_1_and_2
[2025-04-09T15:48:55.336+0000] {logging_mixin.py:190} INFO - [2025-04-09T15:48:55.336+0000] {override.py:1912} INFO - Created Permission View: menu access on DAG Run:dataset_consumes_1_and_2
[2025-04-09T15:48:55.345+0000] {logging_mixin.py:190} INFO - [2025-04-09T15:48:55.344+0000] {override.py:1912} INFO - Created Permission View: can create on DAG Run:dataset_consumes_1_and_2
[2025-04-09T15:48:55.353+0000] {logging_mixin.py:190} INFO - [2025-04-09T15:48:55.353+0000] {override.py:1912} INFO - Created Permission View: can delete on DAG Run:dataset_consumes_1_and_2
[2025-04-09T15:48:55.363+0000] {logging_mixin.py:190} INFO - [2025-04-09T15:48:55.362+0000] {override.py:1912} INFO - Created Permission View: can read on DAG Run:dataset_consumes_1_and_2
[2025-04-09T15:48:55.379+0000] {logging_mixin.py:190} INFO - [2025-04-09T15:48:55.379+0000] {override.py:1912} INFO - Created Permission View: can delete on DAG:dataset_produces_1
[2025-04-09T15:48:55.388+0000] {logging_mixin.py:190} INFO - [2025-04-09T15:48:55.388+0000] {override.py:1912} INFO - Created Permission View: can edit on DAG:dataset_produces_1
[2025-04-09T15:48:55.398+0000] {logging_mixin.py:190} INFO - [2025-04-09T15:48:55.398+0000] {override.py:1912} INFO - Created Permission View: can read on DAG:dataset_produces_1
[2025-04-09T15:48:55.419+0000] {logging_mixin.py:190} INFO - [2025-04-09T15:48:55.418+0000] {override.py:1912} INFO - Created Permission View: menu access on DAG Run:dataset_produces_1
[2025-04-09T15:48:55.428+0000] {logging_mixin.py:190} INFO - [2025-04-09T15:48:55.427+0000] {override.py:1912} INFO - Created Permission View: can create on DAG Run:dataset_produces_1
[2025-04-09T15:48:55.437+0000] {logging_mixin.py:190} INFO - [2025-04-09T15:48:55.436+0000] {override.py:1912} INFO - Created Permission View: can delete on DAG Run:dataset_produces_1
[2025-04-09T15:48:55.450+0000] {logging_mixin.py:190} INFO - [2025-04-09T15:48:55.450+0000] {override.py:1912} INFO - Created Permission View: can read on DAG Run:dataset_produces_1
[2025-04-09T15:48:55.466+0000] {logging_mixin.py:190} INFO - [2025-04-09T15:48:55.465+0000] {override.py:1912} INFO - Created Permission View: can delete on DAG:dataset_consumes_1
[2025-04-09T15:48:55.475+0000] {logging_mixin.py:190} INFO - [2025-04-09T15:48:55.474+0000] {override.py:1912} INFO - Created Permission View: can edit on DAG:dataset_consumes_1
[2025-04-09T15:48:55.486+0000] {logging_mixin.py:190} INFO - [2025-04-09T15:48:55.485+0000] {override.py:1912} INFO - Created Permission View: can read on DAG:dataset_consumes_1
[2025-04-09T15:48:55.500+0000] {logging_mixin.py:190} INFO - [2025-04-09T15:48:55.500+0000] {override.py:1912} INFO - Created Permission View: menu access on DAG Run:dataset_consumes_1
[2025-04-09T15:48:55.508+0000] {logging_mixin.py:190} INFO - [2025-04-09T15:48:55.508+0000] {override.py:1912} INFO - Created Permission View: can create on DAG Run:dataset_consumes_1
[2025-04-09T15:48:55.517+0000] {logging_mixin.py:190} INFO - [2025-04-09T15:48:55.516+0000] {override.py:1912} INFO - Created Permission View: can delete on DAG Run:dataset_consumes_1
[2025-04-09T15:48:55.527+0000] {logging_mixin.py:190} INFO - [2025-04-09T15:48:55.526+0000] {override.py:1912} INFO - Created Permission View: can read on DAG Run:dataset_consumes_1
[2025-04-09T15:48:55.545+0000] {logging_mixin.py:190} INFO - [2025-04-09T15:48:55.545+0000] {override.py:1912} INFO - Created Permission View: can delete on DAG:dataset_consumes_unknown_never_scheduled
[2025-04-09T15:48:55.554+0000] {logging_mixin.py:190} INFO - [2025-04-09T15:48:55.554+0000] {override.py:1912} INFO - Created Permission View: can edit on DAG:dataset_consumes_unknown_never_scheduled
[2025-04-09T15:48:55.563+0000] {logging_mixin.py:190} INFO - [2025-04-09T15:48:55.562+0000] {override.py:1912} INFO - Created Permission View: can read on DAG:dataset_consumes_unknown_never_scheduled
[2025-04-09T15:48:55.574+0000] {logging_mixin.py:190} INFO - [2025-04-09T15:48:55.574+0000] {override.py:1912} INFO - Created Permission View: menu access on DAG Run:dataset_consumes_unknown_never_scheduled
[2025-04-09T15:48:55.589+0000] {logging_mixin.py:190} INFO - [2025-04-09T15:48:55.589+0000] {override.py:1912} INFO - Created Permission View: can create on DAG Run:dataset_consumes_unknown_never_scheduled
[2025-04-09T15:48:55.598+0000] {logging_mixin.py:190} INFO - [2025-04-09T15:48:55.597+0000] {override.py:1912} INFO - Created Permission View: can delete on DAG Run:dataset_consumes_unknown_never_scheduled
[2025-04-09T15:48:55.607+0000] {logging_mixin.py:190} INFO - [2025-04-09T15:48:55.606+0000] {override.py:1912} INFO - Created Permission View: can read on DAG Run:dataset_consumes_unknown_never_scheduled
[2025-04-09T15:48:55.607+0000] {logging_mixin.py:190} INFO - [2025-04-09T15:48:55.607+0000] {dag.py:3239} INFO - Sync 10 DAGs
[2025-04-09T15:48:55.623+0000] {logging_mixin.py:190} INFO - [2025-04-09T15:48:55.622+0000] {dag.py:3262} INFO - Creating ORM DAG for dataset_consumes_1
[2025-04-09T15:48:55.623+0000] {logging_mixin.py:190} INFO - [2025-04-09T15:48:55.623+0000] {dag.py:3262} INFO - Creating ORM DAG for conditional_dataset_and_time_based_timetable
[2025-04-09T15:48:55.624+0000] {logging_mixin.py:190} INFO - [2025-04-09T15:48:55.624+0000] {dag.py:3262} INFO - Creating ORM DAG for dataset_consumes_1_never_scheduled
[2025-04-09T15:48:55.625+0000] {logging_mixin.py:190} INFO - [2025-04-09T15:48:55.625+0000] {dag.py:3262} INFO - Creating ORM DAG for consume_1_or_both_2_and_3_with_dataset_expressions
[2025-04-09T15:48:55.625+0000] {logging_mixin.py:190} INFO - [2025-04-09T15:48:55.625+0000] {dag.py:3262} INFO - Creating ORM DAG for consume_1_and_2_with_dataset_expressions
[2025-04-09T15:48:55.626+0000] {logging_mixin.py:190} INFO - [2025-04-09T15:48:55.626+0000] {dag.py:3262} INFO - Creating ORM DAG for dataset_consumes_1_and_2
[2025-04-09T15:48:55.627+0000] {logging_mixin.py:190} INFO - [2025-04-09T15:48:55.627+0000] {dag.py:3262} INFO - Creating ORM DAG for consume_1_or_2_with_dataset_expressions
[2025-04-09T15:48:55.628+0000] {logging_mixin.py:190} INFO - [2025-04-09T15:48:55.628+0000] {dag.py:3262} INFO - Creating ORM DAG for dataset_consumes_unknown_never_scheduled
[2025-04-09T15:48:55.628+0000] {logging_mixin.py:190} INFO - [2025-04-09T15:48:55.628+0000] {dag.py:3262} INFO - Creating ORM DAG for dataset_produces_2
[2025-04-09T15:48:55.629+0000] {logging_mixin.py:190} INFO - [2025-04-09T15:48:55.629+0000] {dag.py:3262} INFO - Creating ORM DAG for dataset_produces_1
[2025-04-09T15:48:55.643+0000] {logging_mixin.py:190} INFO - [2025-04-09T15:48:55.643+0000] {dag.py:4180} INFO - Setting next_dagrun for conditional_dataset_and_time_based_timetable to 2025-04-09 01:00:00+00:00, run_after=2025-04-09 01:00:00+00:00
[2025-04-09T15:48:55.644+0000] {logging_mixin.py:190} INFO - [2025-04-09T15:48:55.644+0000] {dag.py:4180} INFO - Setting next_dagrun for consume_1_and_2_with_dataset_expressions to None, run_after=None
[2025-04-09T15:48:55.645+0000] {logging_mixin.py:190} INFO - [2025-04-09T15:48:55.645+0000] {dag.py:4180} INFO - Setting next_dagrun for consume_1_or_2_with_dataset_expressions to None, run_after=None
[2025-04-09T15:48:55.645+0000] {logging_mixin.py:190} INFO - [2025-04-09T15:48:55.645+0000] {dag.py:4180} INFO - Setting next_dagrun for consume_1_or_both_2_and_3_with_dataset_expressions to None, run_after=None
[2025-04-09T15:48:55.646+0000] {logging_mixin.py:190} INFO - [2025-04-09T15:48:55.646+0000] {dag.py:4180} INFO - Setting next_dagrun for dataset_consumes_1 to None, run_after=None
[2025-04-09T15:48:55.646+0000] {logging_mixin.py:190} INFO - [2025-04-09T15:48:55.646+0000] {dag.py:4180} INFO - Setting next_dagrun for dataset_consumes_1_and_2 to None, run_after=None
[2025-04-09T15:48:55.647+0000] {logging_mixin.py:190} INFO - [2025-04-09T15:48:55.647+0000] {dag.py:4180} INFO - Setting next_dagrun for dataset_consumes_1_never_scheduled to None, run_after=None
[2025-04-09T15:48:55.648+0000] {logging_mixin.py:190} INFO - [2025-04-09T15:48:55.648+0000] {dag.py:4180} INFO - Setting next_dagrun for dataset_consumes_unknown_never_scheduled to None, run_after=None
[2025-04-09T15:48:55.650+0000] {logging_mixin.py:190} INFO - [2025-04-09T15:48:55.650+0000] {dag.py:4180} INFO - Setting next_dagrun for dataset_produces_1 to 2025-04-08 00:00:00+00:00, run_after=2025-04-09 00:00:00+00:00
[2025-04-09T15:48:55.651+0000] {logging_mixin.py:190} INFO - [2025-04-09T15:48:55.651+0000] {dag.py:4180} INFO - Setting next_dagrun for dataset_produces_2 to None, run_after=None
[2025-04-09T15:48:55.702+0000] {processor.py:208} INFO - Processing /home/airflow/.local/lib/python3.12/site-packages/airflow/example_dags/example_datasets.py took 1.913 seconds
[2025-04-09T15:50:05.222+0000] {processor.py:186} INFO - Started process (PID=603) to work on /home/airflow/.local/lib/python3.12/site-packages/airflow/example_dags/example_datasets.py
[2025-04-09T15:50:05.225+0000] {processor.py:914} INFO - Processing file /home/airflow/.local/lib/python3.12/site-packages/airflow/example_dags/example_datasets.py for tasks to queue
[2025-04-09T15:50:05.235+0000] {logging_mixin.py:190} INFO - [2025-04-09T15:50:05.234+0000] {dagbag.py:588} INFO - Filling up the DagBag from /home/airflow/.local/lib/python3.12/site-packages/airflow/example_dags/example_datasets.py
[2025-04-09T15:50:08.324+0000] {processor.py:925} INFO - DAG(s) 'conditional_dataset_and_time_based_timetable', 'dataset_consumes_1_never_scheduled', 'dataset_consumes_unknown_never_scheduled', 'consume_1_or_both_2_and_3_with_dataset_expressions', 'dataset_produces_2', 'consume_1_and_2_with_dataset_expressions', 'consume_1_or_2_with_dataset_expressions', 'dataset_produces_1', 'dataset_consumes_1', 'dataset_consumes_1_and_2' retrieved from /home/airflow/.local/lib/python3.12/site-packages/airflow/example_dags/example_datasets.py
[2025-04-09T15:50:08.609+0000] {logging_mixin.py:190} INFO - [2025-04-09T15:50:08.608+0000] {dag.py:3239} INFO - Sync 10 DAGs
[2025-04-09T15:50:09.877+0000] {logging_mixin.py:190} INFO - [2025-04-09T15:50:09.877+0000] {dag.py:4180} INFO - Setting next_dagrun for conditional_dataset_and_time_based_timetable to 2025-04-09 01:00:00+00:00, run_after=2025-04-09 01:00:00+00:00
[2025-04-09T15:50:09.887+0000] {logging_mixin.py:190} INFO - [2025-04-09T15:50:09.886+0000] {dag.py:4180} INFO - Setting next_dagrun for consume_1_and_2_with_dataset_expressions to None, run_after=None
[2025-04-09T15:50:09.889+0000] {logging_mixin.py:190} INFO - [2025-04-09T15:50:09.889+0000] {dag.py:4180} INFO - Setting next_dagrun for consume_1_or_2_with_dataset_expressions to None, run_after=None
[2025-04-09T15:50:09.893+0000] {logging_mixin.py:190} INFO - [2025-04-09T15:50:09.892+0000] {dag.py:4180} INFO - Setting next_dagrun for consume_1_or_both_2_and_3_with_dataset_expressions to None, run_after=None
[2025-04-09T15:50:09.896+0000] {logging_mixin.py:190} INFO - [2025-04-09T15:50:09.896+0000] {dag.py:4180} INFO - Setting next_dagrun for dataset_consumes_1 to None, run_after=None
[2025-04-09T15:50:09.901+0000] {logging_mixin.py:190} INFO - [2025-04-09T15:50:09.900+0000] {dag.py:4180} INFO - Setting next_dagrun for dataset_consumes_1_and_2 to None, run_after=None
[2025-04-09T15:50:09.903+0000] {logging_mixin.py:190} INFO - [2025-04-09T15:50:09.903+0000] {dag.py:4180} INFO - Setting next_dagrun for dataset_consumes_1_never_scheduled to None, run_after=None
[2025-04-09T15:50:09.906+0000] {logging_mixin.py:190} INFO - [2025-04-09T15:50:09.905+0000] {dag.py:4180} INFO - Setting next_dagrun for dataset_consumes_unknown_never_scheduled to None, run_after=None
[2025-04-09T15:50:09.915+0000] {logging_mixin.py:190} INFO - [2025-04-09T15:50:09.914+0000] {dag.py:4180} INFO - Setting next_dagrun for dataset_produces_1 to 2025-04-08 00:00:00+00:00, run_after=2025-04-09 00:00:00+00:00
[2025-04-09T15:50:09.918+0000] {logging_mixin.py:190} INFO - [2025-04-09T15:50:09.917+0000] {dag.py:4180} INFO - Setting next_dagrun for dataset_produces_2 to None, run_after=None
[2025-04-09T15:50:10.096+0000] {processor.py:208} INFO - Processing /home/airflow/.local/lib/python3.12/site-packages/airflow/example_dags/example_datasets.py took 4.909 seconds
[2025-04-09T15:50:46.639+0000] {processor.py:186} INFO - Started process (PID=894) to work on /home/airflow/.local/lib/python3.12/site-packages/airflow/example_dags/example_datasets.py
[2025-04-09T15:50:46.642+0000] {processor.py:914} INFO - Processing file /home/airflow/.local/lib/python3.12/site-packages/airflow/example_dags/example_datasets.py for tasks to queue
[2025-04-09T15:50:46.650+0000] {logging_mixin.py:190} INFO - [2025-04-09T15:50:46.649+0000] {dagbag.py:588} INFO - Filling up the DagBag from /home/airflow/.local/lib/python3.12/site-packages/airflow/example_dags/example_datasets.py
[2025-04-09T15:50:48.881+0000] {processor.py:925} INFO - DAG(s) 'conditional_dataset_and_time_based_timetable', 'dataset_consumes_1', 'consume_1_and_2_with_dataset_expressions', 'dataset_consumes_1_never_scheduled', 'dataset_consumes_1_and_2', 'consume_1_or_2_with_dataset_expressions', 'dataset_produces_2', 'dataset_produces_1', 'consume_1_or_both_2_and_3_with_dataset_expressions', 'dataset_consumes_unknown_never_scheduled' retrieved from /home/airflow/.local/lib/python3.12/site-packages/airflow/example_dags/example_datasets.py
[2025-04-09T15:50:49.049+0000] {logging_mixin.py:190} INFO - [2025-04-09T15:50:49.049+0000] {dag.py:3239} INFO - Sync 10 DAGs
[2025-04-09T15:50:49.150+0000] {logging_mixin.py:190} INFO - [2025-04-09T15:50:49.150+0000] {dag.py:4180} INFO - Setting next_dagrun for conditional_dataset_and_time_based_timetable to 2025-04-09 01:00:00+00:00, run_after=2025-04-09 01:00:00+00:00
[2025-04-09T15:50:49.182+0000] {logging_mixin.py:190} INFO - [2025-04-09T15:50:49.181+0000] {dag.py:4180} INFO - Setting next_dagrun for consume_1_and_2_with_dataset_expressions to None, run_after=None
[2025-04-09T15:50:49.186+0000] {logging_mixin.py:190} INFO - [2025-04-09T15:50:49.185+0000] {dag.py:4180} INFO - Setting next_dagrun for consume_1_or_2_with_dataset_expressions to None, run_after=None
[2025-04-09T15:50:49.189+0000] {logging_mixin.py:190} INFO - [2025-04-09T15:50:49.189+0000] {dag.py:4180} INFO - Setting next_dagrun for consume_1_or_both_2_and_3_with_dataset_expressions to None, run_after=None
[2025-04-09T15:50:49.194+0000] {logging_mixin.py:190} INFO - [2025-04-09T15:50:49.193+0000] {dag.py:4180} INFO - Setting next_dagrun for dataset_consumes_1 to None, run_after=None
[2025-04-09T15:50:49.197+0000] {logging_mixin.py:190} INFO - [2025-04-09T15:50:49.196+0000] {dag.py:4180} INFO - Setting next_dagrun for dataset_consumes_1_and_2 to None, run_after=None
[2025-04-09T15:50:49.202+0000] {logging_mixin.py:190} INFO - [2025-04-09T15:50:49.201+0000] {dag.py:4180} INFO - Setting next_dagrun for dataset_consumes_1_never_scheduled to None, run_after=None
[2025-04-09T15:50:49.204+0000] {logging_mixin.py:190} INFO - [2025-04-09T15:50:49.203+0000] {dag.py:4180} INFO - Setting next_dagrun for dataset_consumes_unknown_never_scheduled to None, run_after=None
[2025-04-09T15:50:49.208+0000] {logging_mixin.py:190} INFO - [2025-04-09T15:50:49.208+0000] {dag.py:4180} INFO - Setting next_dagrun for dataset_produces_1 to 2025-04-08 00:00:00+00:00, run_after=2025-04-09 00:00:00+00:00
[2025-04-09T15:50:49.211+0000] {logging_mixin.py:190} INFO - [2025-04-09T15:50:49.211+0000] {dag.py:4180} INFO - Setting next_dagrun for dataset_produces_2 to None, run_after=None
[2025-04-09T15:50:49.650+0000] {processor.py:208} INFO - Processing /home/airflow/.local/lib/python3.12/site-packages/airflow/example_dags/example_datasets.py took 3.030 seconds
[2025-04-09T15:51:54.468+0000] {processor.py:186} INFO - Started process (PID=1129) to work on /home/airflow/.local/lib/python3.12/site-packages/airflow/example_dags/example_datasets.py
[2025-04-09T15:51:54.474+0000] {processor.py:914} INFO - Processing file /home/airflow/.local/lib/python3.12/site-packages/airflow/example_dags/example_datasets.py for tasks to queue
[2025-04-09T15:51:54.501+0000] {logging_mixin.py:190} INFO - [2025-04-09T15:51:54.489+0000] {dagbag.py:588} INFO - Filling up the DagBag from /home/airflow/.local/lib/python3.12/site-packages/airflow/example_dags/example_datasets.py
[2025-04-09T15:51:59.341+0000] {processor.py:925} INFO - DAG(s) 'dataset_consumes_1_and_2', 'dataset_produces_1', 'conditional_dataset_and_time_based_timetable', 'consume_1_or_2_with_dataset_expressions', 'dataset_consumes_1_never_scheduled', 'dataset_consumes_unknown_never_scheduled', 'dataset_produces_2', 'consume_1_and_2_with_dataset_expressions', 'dataset_consumes_1', 'consume_1_or_both_2_and_3_with_dataset_expressions' retrieved from /home/airflow/.local/lib/python3.12/site-packages/airflow/example_dags/example_datasets.py
[2025-04-09T15:51:59.644+0000] {logging_mixin.py:190} INFO - [2025-04-09T15:51:59.643+0000] {dag.py:3239} INFO - Sync 10 DAGs
[2025-04-09T15:51:59.749+0000] {logging_mixin.py:190} INFO - [2025-04-09T15:51:59.749+0000] {dag.py:4180} INFO - Setting next_dagrun for conditional_dataset_and_time_based_timetable to 2025-04-09 01:00:00+00:00, run_after=2025-04-09 01:00:00+00:00
[2025-04-09T15:51:59.757+0000] {logging_mixin.py:190} INFO - [2025-04-09T15:51:59.757+0000] {dag.py:4180} INFO - Setting next_dagrun for consume_1_and_2_with_dataset_expressions to None, run_after=None
[2025-04-09T15:51:59.759+0000] {logging_mixin.py:190} INFO - [2025-04-09T15:51:59.759+0000] {dag.py:4180} INFO - Setting next_dagrun for consume_1_or_2_with_dataset_expressions to None, run_after=None
[2025-04-09T15:51:59.763+0000] {logging_mixin.py:190} INFO - [2025-04-09T15:51:59.763+0000] {dag.py:4180} INFO - Setting next_dagrun for consume_1_or_both_2_and_3_with_dataset_expressions to None, run_after=None
[2025-04-09T15:51:59.765+0000] {logging_mixin.py:190} INFO - [2025-04-09T15:51:59.765+0000] {dag.py:4180} INFO - Setting next_dagrun for dataset_consumes_1 to None, run_after=None
[2025-04-09T15:51:59.767+0000] {logging_mixin.py:190} INFO - [2025-04-09T15:51:59.767+0000] {dag.py:4180} INFO - Setting next_dagrun for dataset_consumes_1_and_2 to None, run_after=None
[2025-04-09T15:51:59.772+0000] {logging_mixin.py:190} INFO - [2025-04-09T15:51:59.770+0000] {dag.py:4180} INFO - Setting next_dagrun for dataset_consumes_1_never_scheduled to None, run_after=None
[2025-04-09T15:51:59.776+0000] {logging_mixin.py:190} INFO - [2025-04-09T15:51:59.775+0000] {dag.py:4180} INFO - Setting next_dagrun for dataset_consumes_unknown_never_scheduled to None, run_after=None
[2025-04-09T15:51:59.791+0000] {logging_mixin.py:190} INFO - [2025-04-09T15:51:59.790+0000] {dag.py:4180} INFO - Setting next_dagrun for dataset_produces_1 to 2025-04-08 00:00:00+00:00, run_after=2025-04-09 00:00:00+00:00
[2025-04-09T15:51:59.794+0000] {logging_mixin.py:190} INFO - [2025-04-09T15:51:59.793+0000] {dag.py:4180} INFO - Setting next_dagrun for dataset_produces_2 to None, run_after=None
[2025-04-09T15:52:00.112+0000] {processor.py:208} INFO - Processing /home/airflow/.local/lib/python3.12/site-packages/airflow/example_dags/example_datasets.py took 6.009 seconds
[2025-04-09T15:52:30.816+0000] {processor.py:186} INFO - Started process (PID=1456) to work on /home/airflow/.local/lib/python3.12/site-packages/airflow/example_dags/example_datasets.py
[2025-04-09T15:52:30.827+0000] {processor.py:914} INFO - Processing file /home/airflow/.local/lib/python3.12/site-packages/airflow/example_dags/example_datasets.py for tasks to queue
[2025-04-09T15:52:30.830+0000] {logging_mixin.py:190} INFO - [2025-04-09T15:52:30.829+0000] {dagbag.py:588} INFO - Filling up the DagBag from /home/airflow/.local/lib/python3.12/site-packages/airflow/example_dags/example_datasets.py
[2025-04-09T15:52:31.433+0000] {processor.py:925} INFO - DAG(s) 'dataset_consumes_1_and_2', 'dataset_consumes_1_never_scheduled', 'dataset_consumes_unknown_never_scheduled', 'consume_1_or_both_2_and_3_with_dataset_expressions', 'consume_1_and_2_with_dataset_expressions', 'conditional_dataset_and_time_based_timetable', 'dataset_produces_1', 'consume_1_or_2_with_dataset_expressions', 'dataset_produces_2', 'dataset_consumes_1' retrieved from /home/airflow/.local/lib/python3.12/site-packages/airflow/example_dags/example_datasets.py
[2025-04-09T15:52:31.677+0000] {logging_mixin.py:190} INFO - [2025-04-09T15:52:31.677+0000] {dag.py:3239} INFO - Sync 10 DAGs
[2025-04-09T15:52:31.710+0000] {logging_mixin.py:190} INFO - [2025-04-09T15:52:31.709+0000] {dag.py:4180} INFO - Setting next_dagrun for conditional_dataset_and_time_based_timetable to 2025-04-09 01:00:00+00:00, run_after=2025-04-09 01:00:00+00:00
[2025-04-09T15:52:31.715+0000] {logging_mixin.py:190} INFO - [2025-04-09T15:52:31.714+0000] {dag.py:4180} INFO - Setting next_dagrun for consume_1_and_2_with_dataset_expressions to None, run_after=None
[2025-04-09T15:52:31.716+0000] {logging_mixin.py:190} INFO - [2025-04-09T15:52:31.716+0000] {dag.py:4180} INFO - Setting next_dagrun for consume_1_or_2_with_dataset_expressions to None, run_after=None
[2025-04-09T15:52:31.718+0000] {logging_mixin.py:190} INFO - [2025-04-09T15:52:31.717+0000] {dag.py:4180} INFO - Setting next_dagrun for consume_1_or_both_2_and_3_with_dataset_expressions to None, run_after=None
[2025-04-09T15:52:31.719+0000] {logging_mixin.py:190} INFO - [2025-04-09T15:52:31.719+0000] {dag.py:4180} INFO - Setting next_dagrun for dataset_consumes_1 to None, run_after=None
[2025-04-09T15:52:31.720+0000] {logging_mixin.py:190} INFO - [2025-04-09T15:52:31.720+0000] {dag.py:4180} INFO - Setting next_dagrun for dataset_consumes_1_and_2 to None, run_after=None
[2025-04-09T15:52:31.722+0000] {logging_mixin.py:190} INFO - [2025-04-09T15:52:31.721+0000] {dag.py:4180} INFO - Setting next_dagrun for dataset_consumes_1_never_scheduled to None, run_after=None
[2025-04-09T15:52:31.723+0000] {logging_mixin.py:190} INFO - [2025-04-09T15:52:31.723+0000] {dag.py:4180} INFO - Setting next_dagrun for dataset_consumes_unknown_never_scheduled to None, run_after=None
[2025-04-09T15:52:31.726+0000] {logging_mixin.py:190} INFO - [2025-04-09T15:52:31.726+0000] {dag.py:4180} INFO - Setting next_dagrun for dataset_produces_1 to 2025-04-08 00:00:00+00:00, run_after=2025-04-09 00:00:00+00:00
[2025-04-09T15:52:31.728+0000] {logging_mixin.py:190} INFO - [2025-04-09T15:52:31.728+0000] {dag.py:4180} INFO - Setting next_dagrun for dataset_produces_2 to None, run_after=None
[2025-04-09T15:52:31.771+0000] {processor.py:208} INFO - Processing /home/airflow/.local/lib/python3.12/site-packages/airflow/example_dags/example_datasets.py took 0.963 seconds
[2025-04-09T15:55:03.438+0000] {processor.py:186} INFO - Started process (PID=265) to work on /home/airflow/.local/lib/python3.12/site-packages/airflow/example_dags/example_datasets.py
[2025-04-09T15:55:03.441+0000] {processor.py:914} INFO - Processing file /home/airflow/.local/lib/python3.12/site-packages/airflow/example_dags/example_datasets.py for tasks to queue
[2025-04-09T15:55:03.451+0000] {logging_mixin.py:190} INFO - [2025-04-09T15:55:03.450+0000] {dagbag.py:588} INFO - Filling up the DagBag from /home/airflow/.local/lib/python3.12/site-packages/airflow/example_dags/example_datasets.py
[2025-04-09T15:55:04.536+0000] {processor.py:925} INFO - DAG(s) 'dataset_consumes_unknown_never_scheduled', 'dataset_consumes_1_and_2', 'consume_1_or_2_with_dataset_expressions', 'conditional_dataset_and_time_based_timetable', 'dataset_consumes_1', 'consume_1_and_2_with_dataset_expressions', 'dataset_consumes_1_never_scheduled', 'dataset_produces_2', 'consume_1_or_both_2_and_3_with_dataset_expressions', 'dataset_produces_1' retrieved from /home/airflow/.local/lib/python3.12/site-packages/airflow/example_dags/example_datasets.py
[2025-04-09T15:55:05.056+0000] {logging_mixin.py:190} INFO - [2025-04-09T15:55:05.055+0000] {override.py:1912} INFO - Created Permission View: can delete on DAG:dataset_consumes_unknown_never_scheduled
[2025-04-09T15:55:05.085+0000] {logging_mixin.py:190} INFO - [2025-04-09T15:55:05.084+0000] {override.py:1912} INFO - Created Permission View: can edit on DAG:dataset_consumes_unknown_never_scheduled
[2025-04-09T15:55:05.101+0000] {logging_mixin.py:190} INFO - [2025-04-09T15:55:05.100+0000] {override.py:1912} INFO - Created Permission View: can read on DAG:dataset_consumes_unknown_never_scheduled
[2025-04-09T15:55:05.117+0000] {logging_mixin.py:190} INFO - [2025-04-09T15:55:05.117+0000] {override.py:1912} INFO - Created Permission View: can delete on DAG Run:dataset_consumes_unknown_never_scheduled
[2025-04-09T15:55:05.129+0000] {logging_mixin.py:190} INFO - [2025-04-09T15:55:05.128+0000] {override.py:1912} INFO - Created Permission View: can create on DAG Run:dataset_consumes_unknown_never_scheduled
[2025-04-09T15:55:05.143+0000] {logging_mixin.py:190} INFO - [2025-04-09T15:55:05.142+0000] {override.py:1912} INFO - Created Permission View: can read on DAG Run:dataset_consumes_unknown_never_scheduled
[2025-04-09T15:55:05.156+0000] {logging_mixin.py:190} INFO - [2025-04-09T15:55:05.156+0000] {override.py:1912} INFO - Created Permission View: menu access on DAG Run:dataset_consumes_unknown_never_scheduled
[2025-04-09T15:55:05.178+0000] {logging_mixin.py:190} INFO - [2025-04-09T15:55:05.177+0000] {override.py:1912} INFO - Created Permission View: can delete on DAG:dataset_consumes_1_and_2
[2025-04-09T15:55:05.190+0000] {logging_mixin.py:190} INFO - [2025-04-09T15:55:05.189+0000] {override.py:1912} INFO - Created Permission View: can edit on DAG:dataset_consumes_1_and_2
[2025-04-09T15:55:05.212+0000] {logging_mixin.py:190} INFO - [2025-04-09T15:55:05.211+0000] {override.py:1912} INFO - Created Permission View: can read on DAG:dataset_consumes_1_and_2
[2025-04-09T15:55:05.225+0000] {logging_mixin.py:190} INFO - [2025-04-09T15:55:05.224+0000] {override.py:1912} INFO - Created Permission View: can delete on DAG Run:dataset_consumes_1_and_2
[2025-04-09T15:55:05.238+0000] {logging_mixin.py:190} INFO - [2025-04-09T15:55:05.237+0000] {override.py:1912} INFO - Created Permission View: can create on DAG Run:dataset_consumes_1_and_2
[2025-04-09T15:55:05.249+0000] {logging_mixin.py:190} INFO - [2025-04-09T15:55:05.249+0000] {override.py:1912} INFO - Created Permission View: can read on DAG Run:dataset_consumes_1_and_2
[2025-04-09T15:55:05.261+0000] {logging_mixin.py:190} INFO - [2025-04-09T15:55:05.261+0000] {override.py:1912} INFO - Created Permission View: menu access on DAG Run:dataset_consumes_1_and_2
[2025-04-09T15:55:05.283+0000] {logging_mixin.py:190} INFO - [2025-04-09T15:55:05.282+0000] {override.py:1912} INFO - Created Permission View: can delete on DAG:consume_1_or_2_with_dataset_expressions
[2025-04-09T15:55:05.296+0000] {logging_mixin.py:190} INFO - [2025-04-09T15:55:05.295+0000] {override.py:1912} INFO - Created Permission View: can edit on DAG:consume_1_or_2_with_dataset_expressions
[2025-04-09T15:55:05.307+0000] {logging_mixin.py:190} INFO - [2025-04-09T15:55:05.306+0000] {override.py:1912} INFO - Created Permission View: can read on DAG:consume_1_or_2_with_dataset_expressions
[2025-04-09T15:55:05.328+0000] {logging_mixin.py:190} INFO - [2025-04-09T15:55:05.328+0000] {override.py:1912} INFO - Created Permission View: can delete on DAG Run:consume_1_or_2_with_dataset_expressions
[2025-04-09T15:55:05.383+0000] {logging_mixin.py:190} INFO - [2025-04-09T15:55:05.383+0000] {override.py:1912} INFO - Created Permission View: can create on DAG Run:consume_1_or_2_with_dataset_expressions
[2025-04-09T15:55:05.396+0000] {logging_mixin.py:190} INFO - [2025-04-09T15:55:05.396+0000] {override.py:1912} INFO - Created Permission View: can read on DAG Run:consume_1_or_2_with_dataset_expressions
[2025-04-09T15:55:05.407+0000] {logging_mixin.py:190} INFO - [2025-04-09T15:55:05.407+0000] {override.py:1912} INFO - Created Permission View: menu access on DAG Run:consume_1_or_2_with_dataset_expressions
[2025-04-09T15:55:05.433+0000] {logging_mixin.py:190} INFO - [2025-04-09T15:55:05.433+0000] {override.py:1912} INFO - Created Permission View: can delete on DAG:conditional_dataset_and_time_based_timetable
[2025-04-09T15:55:05.445+0000] {logging_mixin.py:190} INFO - [2025-04-09T15:55:05.444+0000] {override.py:1912} INFO - Created Permission View: can edit on DAG:conditional_dataset_and_time_based_timetable
[2025-04-09T15:55:05.477+0000] {logging_mixin.py:190} INFO - [2025-04-09T15:55:05.475+0000] {override.py:1912} INFO - Created Permission View: can read on DAG:conditional_dataset_and_time_based_timetable
[2025-04-09T15:55:05.513+0000] {logging_mixin.py:190} INFO - [2025-04-09T15:55:05.512+0000] {override.py:1912} INFO - Created Permission View: can delete on DAG Run:conditional_dataset_and_time_based_timetable
[2025-04-09T15:55:05.551+0000] {logging_mixin.py:190} INFO - [2025-04-09T15:55:05.550+0000] {override.py:1912} INFO - Created Permission View: can create on DAG Run:conditional_dataset_and_time_based_timetable
[2025-04-09T15:55:05.572+0000] {logging_mixin.py:190} INFO - [2025-04-09T15:55:05.571+0000] {override.py:1912} INFO - Created Permission View: can read on DAG Run:conditional_dataset_and_time_based_timetable
[2025-04-09T15:55:05.663+0000] {logging_mixin.py:190} INFO - [2025-04-09T15:55:05.662+0000] {override.py:1912} INFO - Created Permission View: menu access on DAG Run:conditional_dataset_and_time_based_timetable
[2025-04-09T15:55:05.764+0000] {logging_mixin.py:190} INFO - [2025-04-09T15:55:05.762+0000] {override.py:1912} INFO - Created Permission View: can delete on DAG:dataset_consumes_1
[2025-04-09T15:55:05.872+0000] {logging_mixin.py:190} INFO - [2025-04-09T15:55:05.871+0000] {override.py:1912} INFO - Created Permission View: can edit on DAG:dataset_consumes_1
[2025-04-09T15:55:05.970+0000] {logging_mixin.py:190} INFO - [2025-04-09T15:55:05.969+0000] {override.py:1912} INFO - Created Permission View: can read on DAG:dataset_consumes_1
[2025-04-09T15:55:06.066+0000] {logging_mixin.py:190} INFO - [2025-04-09T15:55:06.063+0000] {override.py:1912} INFO - Created Permission View: can delete on DAG Run:dataset_consumes_1
[2025-04-09T15:55:06.088+0000] {logging_mixin.py:190} INFO - [2025-04-09T15:55:06.087+0000] {override.py:1912} INFO - Created Permission View: can create on DAG Run:dataset_consumes_1
[2025-04-09T15:55:06.115+0000] {logging_mixin.py:190} INFO - [2025-04-09T15:55:06.114+0000] {override.py:1912} INFO - Created Permission View: can read on DAG Run:dataset_consumes_1
[2025-04-09T15:55:06.163+0000] {logging_mixin.py:190} INFO - [2025-04-09T15:55:06.161+0000] {override.py:1912} INFO - Created Permission View: menu access on DAG Run:dataset_consumes_1
[2025-04-09T15:55:06.232+0000] {logging_mixin.py:190} INFO - [2025-04-09T15:55:06.231+0000] {override.py:1912} INFO - Created Permission View: can delete on DAG:consume_1_and_2_with_dataset_expressions
[2025-04-09T15:55:06.257+0000] {logging_mixin.py:190} INFO - [2025-04-09T15:55:06.255+0000] {override.py:1912} INFO - Created Permission View: can edit on DAG:consume_1_and_2_with_dataset_expressions
[2025-04-09T15:55:06.287+0000] {logging_mixin.py:190} INFO - [2025-04-09T15:55:06.286+0000] {override.py:1912} INFO - Created Permission View: can read on DAG:consume_1_and_2_with_dataset_expressions
[2025-04-09T15:55:06.314+0000] {logging_mixin.py:190} INFO - [2025-04-09T15:55:06.313+0000] {override.py:1912} INFO - Created Permission View: can delete on DAG Run:consume_1_and_2_with_dataset_expressions
[2025-04-09T15:55:06.337+0000] {logging_mixin.py:190} INFO - [2025-04-09T15:55:06.336+0000] {override.py:1912} INFO - Created Permission View: can create on DAG Run:consume_1_and_2_with_dataset_expressions
[2025-04-09T15:55:06.363+0000] {logging_mixin.py:190} INFO - [2025-04-09T15:55:06.362+0000] {override.py:1912} INFO - Created Permission View: can read on DAG Run:consume_1_and_2_with_dataset_expressions
[2025-04-09T15:55:06.414+0000] {logging_mixin.py:190} INFO - [2025-04-09T15:55:06.413+0000] {override.py:1912} INFO - Created Permission View: menu access on DAG Run:consume_1_and_2_with_dataset_expressions
[2025-04-09T15:55:06.449+0000] {logging_mixin.py:190} INFO - [2025-04-09T15:55:06.448+0000] {override.py:1912} INFO - Created Permission View: can delete on DAG:dataset_consumes_1_never_scheduled
[2025-04-09T15:55:06.478+0000] {logging_mixin.py:190} INFO - [2025-04-09T15:55:06.477+0000] {override.py:1912} INFO - Created Permission View: can edit on DAG:dataset_consumes_1_never_scheduled
[2025-04-09T15:55:06.505+0000] {logging_mixin.py:190} INFO - [2025-04-09T15:55:06.504+0000] {override.py:1912} INFO - Created Permission View: can read on DAG:dataset_consumes_1_never_scheduled
[2025-04-09T15:55:06.526+0000] {logging_mixin.py:190} INFO - [2025-04-09T15:55:06.525+0000] {override.py:1912} INFO - Created Permission View: can delete on DAG Run:dataset_consumes_1_never_scheduled
[2025-04-09T15:55:06.540+0000] {logging_mixin.py:190} INFO - [2025-04-09T15:55:06.539+0000] {override.py:1912} INFO - Created Permission View: can create on DAG Run:dataset_consumes_1_never_scheduled
[2025-04-09T15:55:06.552+0000] {logging_mixin.py:190} INFO - [2025-04-09T15:55:06.552+0000] {override.py:1912} INFO - Created Permission View: can read on DAG Run:dataset_consumes_1_never_scheduled
[2025-04-09T15:55:06.565+0000] {logging_mixin.py:190} INFO - [2025-04-09T15:55:06.564+0000] {override.py:1912} INFO - Created Permission View: menu access on DAG Run:dataset_consumes_1_never_scheduled
[2025-04-09T15:55:06.587+0000] {logging_mixin.py:190} INFO - [2025-04-09T15:55:06.587+0000] {override.py:1912} INFO - Created Permission View: can delete on DAG:dataset_produces_2
[2025-04-09T15:55:06.606+0000] {logging_mixin.py:190} INFO - [2025-04-09T15:55:06.605+0000] {override.py:1912} INFO - Created Permission View: can edit on DAG:dataset_produces_2
[2025-04-09T15:55:06.624+0000] {logging_mixin.py:190} INFO - [2025-04-09T15:55:06.623+0000] {override.py:1912} INFO - Created Permission View: can read on DAG:dataset_produces_2
[2025-04-09T15:55:06.642+0000] {logging_mixin.py:190} INFO - [2025-04-09T15:55:06.641+0000] {override.py:1912} INFO - Created Permission View: can delete on DAG Run:dataset_produces_2
[2025-04-09T15:55:06.656+0000] {logging_mixin.py:190} INFO - [2025-04-09T15:55:06.656+0000] {override.py:1912} INFO - Created Permission View: can create on DAG Run:dataset_produces_2
[2025-04-09T15:55:06.668+0000] {logging_mixin.py:190} INFO - [2025-04-09T15:55:06.667+0000] {override.py:1912} INFO - Created Permission View: can read on DAG Run:dataset_produces_2
[2025-04-09T15:55:06.685+0000] {logging_mixin.py:190} INFO - [2025-04-09T15:55:06.684+0000] {override.py:1912} INFO - Created Permission View: menu access on DAG Run:dataset_produces_2
[2025-04-09T15:55:06.716+0000] {logging_mixin.py:190} INFO - [2025-04-09T15:55:06.715+0000] {override.py:1912} INFO - Created Permission View: can delete on DAG:consume_1_or_both_2_and_3_with_dataset_expressions
[2025-04-09T15:55:06.729+0000] {logging_mixin.py:190} INFO - [2025-04-09T15:55:06.729+0000] {override.py:1912} INFO - Created Permission View: can edit on DAG:consume_1_or_both_2_and_3_with_dataset_expressions
[2025-04-09T15:55:06.741+0000] {logging_mixin.py:190} INFO - [2025-04-09T15:55:06.741+0000] {override.py:1912} INFO - Created Permission View: can read on DAG:consume_1_or_both_2_and_3_with_dataset_expressions
[2025-04-09T15:55:06.758+0000] {logging_mixin.py:190} INFO - [2025-04-09T15:55:06.757+0000] {override.py:1912} INFO - Created Permission View: can delete on DAG Run:consume_1_or_both_2_and_3_with_dataset_expressions
[2025-04-09T15:55:06.775+0000] {logging_mixin.py:190} INFO - [2025-04-09T15:55:06.775+0000] {override.py:1912} INFO - Created Permission View: can create on DAG Run:consume_1_or_both_2_and_3_with_dataset_expressions
[2025-04-09T15:55:06.790+0000] {logging_mixin.py:190} INFO - [2025-04-09T15:55:06.790+0000] {override.py:1912} INFO - Created Permission View: can read on DAG Run:consume_1_or_both_2_and_3_with_dataset_expressions
[2025-04-09T15:55:06.805+0000] {logging_mixin.py:190} INFO - [2025-04-09T15:55:06.804+0000] {override.py:1912} INFO - Created Permission View: menu access on DAG Run:consume_1_or_both_2_and_3_with_dataset_expressions
[2025-04-09T15:55:06.876+0000] {logging_mixin.py:190} INFO - [2025-04-09T15:55:06.875+0000] {override.py:1912} INFO - Created Permission View: can delete on DAG:dataset_produces_1
[2025-04-09T15:55:06.888+0000] {logging_mixin.py:190} INFO - [2025-04-09T15:55:06.887+0000] {override.py:1912} INFO - Created Permission View: can edit on DAG:dataset_produces_1
[2025-04-09T15:55:06.908+0000] {logging_mixin.py:190} INFO - [2025-04-09T15:55:06.908+0000] {override.py:1912} INFO - Created Permission View: can read on DAG:dataset_produces_1
[2025-04-09T15:55:07.002+0000] {logging_mixin.py:190} INFO - [2025-04-09T15:55:07.001+0000] {override.py:1912} INFO - Created Permission View: can delete on DAG Run:dataset_produces_1
[2025-04-09T15:55:07.025+0000] {logging_mixin.py:190} INFO - [2025-04-09T15:55:07.025+0000] {override.py:1912} INFO - Created Permission View: can create on DAG Run:dataset_produces_1
[2025-04-09T15:55:07.045+0000] {logging_mixin.py:190} INFO - [2025-04-09T15:55:07.044+0000] {override.py:1912} INFO - Created Permission View: can read on DAG Run:dataset_produces_1
[2025-04-09T15:55:07.072+0000] {logging_mixin.py:190} INFO - [2025-04-09T15:55:07.071+0000] {override.py:1912} INFO - Created Permission View: menu access on DAG Run:dataset_produces_1
[2025-04-09T15:55:07.076+0000] {logging_mixin.py:190} INFO - [2025-04-09T15:55:07.076+0000] {dag.py:3239} INFO - Sync 10 DAGs
[2025-04-09T15:55:07.130+0000] {logging_mixin.py:190} INFO - [2025-04-09T15:55:07.128+0000] {dag.py:3262} INFO - Creating ORM DAG for consume_1_or_2_with_dataset_expressions
[2025-04-09T15:55:07.133+0000] {logging_mixin.py:190} INFO - [2025-04-09T15:55:07.132+0000] {dag.py:3262} INFO - Creating ORM DAG for dataset_consumes_1_and_2
[2025-04-09T15:55:07.135+0000] {logging_mixin.py:190} INFO - [2025-04-09T15:55:07.134+0000] {dag.py:3262} INFO - Creating ORM DAG for dataset_produces_1
[2025-04-09T15:55:07.136+0000] {logging_mixin.py:190} INFO - [2025-04-09T15:55:07.136+0000] {dag.py:3262} INFO - Creating ORM DAG for conditional_dataset_and_time_based_timetable
[2025-04-09T15:55:07.138+0000] {logging_mixin.py:190} INFO - [2025-04-09T15:55:07.137+0000] {dag.py:3262} INFO - Creating ORM DAG for dataset_produces_2
[2025-04-09T15:55:07.139+0000] {logging_mixin.py:190} INFO - [2025-04-09T15:55:07.139+0000] {dag.py:3262} INFO - Creating ORM DAG for consume_1_or_both_2_and_3_with_dataset_expressions
[2025-04-09T15:55:07.141+0000] {logging_mixin.py:190} INFO - [2025-04-09T15:55:07.140+0000] {dag.py:3262} INFO - Creating ORM DAG for consume_1_and_2_with_dataset_expressions
[2025-04-09T15:55:07.142+0000] {logging_mixin.py:190} INFO - [2025-04-09T15:55:07.142+0000] {dag.py:3262} INFO - Creating ORM DAG for dataset_consumes_1
[2025-04-09T15:55:07.144+0000] {logging_mixin.py:190} INFO - [2025-04-09T15:55:07.143+0000] {dag.py:3262} INFO - Creating ORM DAG for dataset_consumes_unknown_never_scheduled
[2025-04-09T15:55:07.146+0000] {logging_mixin.py:190} INFO - [2025-04-09T15:55:07.145+0000] {dag.py:3262} INFO - Creating ORM DAG for dataset_consumes_1_never_scheduled
[2025-04-09T15:55:07.170+0000] {logging_mixin.py:190} INFO - [2025-04-09T15:55:07.170+0000] {dag.py:4180} INFO - Setting next_dagrun for conditional_dataset_and_time_based_timetable to 2025-04-09 01:00:00+00:00, run_after=2025-04-09 01:00:00+00:00
[2025-04-09T15:55:07.173+0000] {logging_mixin.py:190} INFO - [2025-04-09T15:55:07.172+0000] {dag.py:4180} INFO - Setting next_dagrun for consume_1_and_2_with_dataset_expressions to None, run_after=None
[2025-04-09T15:55:07.174+0000] {logging_mixin.py:190} INFO - [2025-04-09T15:55:07.173+0000] {dag.py:4180} INFO - Setting next_dagrun for consume_1_or_2_with_dataset_expressions to None, run_after=None
[2025-04-09T15:55:07.175+0000] {logging_mixin.py:190} INFO - [2025-04-09T15:55:07.174+0000] {dag.py:4180} INFO - Setting next_dagrun for consume_1_or_both_2_and_3_with_dataset_expressions to None, run_after=None
[2025-04-09T15:55:07.176+0000] {logging_mixin.py:190} INFO - [2025-04-09T15:55:07.176+0000] {dag.py:4180} INFO - Setting next_dagrun for dataset_consumes_1 to None, run_after=None
[2025-04-09T15:55:07.177+0000] {logging_mixin.py:190} INFO - [2025-04-09T15:55:07.177+0000] {dag.py:4180} INFO - Setting next_dagrun for dataset_consumes_1_and_2 to None, run_after=None
[2025-04-09T15:55:07.178+0000] {logging_mixin.py:190} INFO - [2025-04-09T15:55:07.178+0000] {dag.py:4180} INFO - Setting next_dagrun for dataset_consumes_1_never_scheduled to None, run_after=None
[2025-04-09T15:55:07.179+0000] {logging_mixin.py:190} INFO - [2025-04-09T15:55:07.179+0000] {dag.py:4180} INFO - Setting next_dagrun for dataset_consumes_unknown_never_scheduled to None, run_after=None
[2025-04-09T15:55:07.183+0000] {logging_mixin.py:190} INFO - [2025-04-09T15:55:07.183+0000] {dag.py:4180} INFO - Setting next_dagrun for dataset_produces_1 to 2025-04-08 00:00:00+00:00, run_after=2025-04-09 00:00:00+00:00
[2025-04-09T15:55:07.184+0000] {logging_mixin.py:190} INFO - [2025-04-09T15:55:07.184+0000] {dag.py:4180} INFO - Setting next_dagrun for dataset_produces_2 to None, run_after=None
[2025-04-09T15:55:07.294+0000] {processor.py:208} INFO - Processing /home/airflow/.local/lib/python3.12/site-packages/airflow/example_dags/example_datasets.py took 3.877 seconds
[2025-04-09T15:55:39.070+0000] {processor.py:186} INFO - Started process (PID=566) to work on /home/airflow/.local/lib/python3.12/site-packages/airflow/example_dags/example_datasets.py
[2025-04-09T15:55:39.073+0000] {processor.py:914} INFO - Processing file /home/airflow/.local/lib/python3.12/site-packages/airflow/example_dags/example_datasets.py for tasks to queue
[2025-04-09T15:55:39.077+0000] {logging_mixin.py:190} INFO - [2025-04-09T15:55:39.077+0000] {dagbag.py:588} INFO - Filling up the DagBag from /home/airflow/.local/lib/python3.12/site-packages/airflow/example_dags/example_datasets.py
[2025-04-09T15:55:40.144+0000] {processor.py:925} INFO - DAG(s) 'consume_1_or_2_with_dataset_expressions', 'dataset_consumes_1_and_2', 'dataset_consumes_1_never_scheduled', 'conditional_dataset_and_time_based_timetable', 'dataset_consumes_1', 'dataset_produces_1', 'consume_1_and_2_with_dataset_expressions', 'consume_1_or_both_2_and_3_with_dataset_expressions', 'dataset_consumes_unknown_never_scheduled', 'dataset_produces_2' retrieved from /home/airflow/.local/lib/python3.12/site-packages/airflow/example_dags/example_datasets.py
[2025-04-09T15:55:40.247+0000] {logging_mixin.py:190} INFO - [2025-04-09T15:55:40.246+0000] {dag.py:3239} INFO - Sync 10 DAGs
[2025-04-09T15:55:40.318+0000] {logging_mixin.py:190} INFO - [2025-04-09T15:55:40.317+0000] {dag.py:4180} INFO - Setting next_dagrun for conditional_dataset_and_time_based_timetable to 2025-04-09 01:00:00+00:00, run_after=2025-04-09 01:00:00+00:00
[2025-04-09T15:55:40.326+0000] {logging_mixin.py:190} INFO - [2025-04-09T15:55:40.326+0000] {dag.py:4180} INFO - Setting next_dagrun for consume_1_and_2_with_dataset_expressions to None, run_after=None
[2025-04-09T15:55:40.329+0000] {logging_mixin.py:190} INFO - [2025-04-09T15:55:40.328+0000] {dag.py:4180} INFO - Setting next_dagrun for consume_1_or_2_with_dataset_expressions to None, run_after=None
[2025-04-09T15:55:40.331+0000] {logging_mixin.py:190} INFO - [2025-04-09T15:55:40.330+0000] {dag.py:4180} INFO - Setting next_dagrun for consume_1_or_both_2_and_3_with_dataset_expressions to None, run_after=None
[2025-04-09T15:55:40.333+0000] {logging_mixin.py:190} INFO - [2025-04-09T15:55:40.332+0000] {dag.py:4180} INFO - Setting next_dagrun for dataset_consumes_1 to None, run_after=None
[2025-04-09T15:55:40.335+0000] {logging_mixin.py:190} INFO - [2025-04-09T15:55:40.335+0000] {dag.py:4180} INFO - Setting next_dagrun for dataset_consumes_1_and_2 to None, run_after=None
[2025-04-09T15:55:40.337+0000] {logging_mixin.py:190} INFO - [2025-04-09T15:55:40.337+0000] {dag.py:4180} INFO - Setting next_dagrun for dataset_consumes_1_never_scheduled to None, run_after=None
[2025-04-09T15:55:40.339+0000] {logging_mixin.py:190} INFO - [2025-04-09T15:55:40.339+0000] {dag.py:4180} INFO - Setting next_dagrun for dataset_consumes_unknown_never_scheduled to None, run_after=None
[2025-04-09T15:55:40.345+0000] {logging_mixin.py:190} INFO - [2025-04-09T15:55:40.344+0000] {dag.py:4180} INFO - Setting next_dagrun for dataset_produces_1 to 2025-04-08 00:00:00+00:00, run_after=2025-04-09 00:00:00+00:00
[2025-04-09T15:55:40.347+0000] {logging_mixin.py:190} INFO - [2025-04-09T15:55:40.347+0000] {dag.py:4180} INFO - Setting next_dagrun for dataset_produces_2 to None, run_after=None
[2025-04-09T15:55:40.411+0000] {processor.py:208} INFO - Processing /home/airflow/.local/lib/python3.12/site-packages/airflow/example_dags/example_datasets.py took 1.351 seconds
[2025-04-09T15:56:21.716+0000] {processor.py:186} INFO - Started process (PID=851) to work on /home/airflow/.local/lib/python3.12/site-packages/airflow/example_dags/example_datasets.py
[2025-04-09T15:56:21.720+0000] {processor.py:914} INFO - Processing file /home/airflow/.local/lib/python3.12/site-packages/airflow/example_dags/example_datasets.py for tasks to queue
[2025-04-09T15:56:21.735+0000] {logging_mixin.py:190} INFO - [2025-04-09T15:56:21.734+0000] {dagbag.py:588} INFO - Filling up the DagBag from /home/airflow/.local/lib/python3.12/site-packages/airflow/example_dags/example_datasets.py
[2025-04-09T15:56:23.705+0000] {processor.py:925} INFO - DAG(s) 'consume_1_or_2_with_dataset_expressions', 'consume_1_or_both_2_and_3_with_dataset_expressions', 'dataset_consumes_unknown_never_scheduled', 'dataset_consumes_1_and_2', 'dataset_produces_1', 'consume_1_and_2_with_dataset_expressions', 'dataset_consumes_1_never_scheduled', 'dataset_produces_2', 'conditional_dataset_and_time_based_timetable', 'dataset_consumes_1' retrieved from /home/airflow/.local/lib/python3.12/site-packages/airflow/example_dags/example_datasets.py
[2025-04-09T15:56:24.883+0000] {logging_mixin.py:190} INFO - [2025-04-09T15:56:24.882+0000] {dag.py:3239} INFO - Sync 10 DAGs
[2025-04-09T15:56:25.128+0000] {logging_mixin.py:190} INFO - [2025-04-09T15:56:25.126+0000] {dag.py:4180} INFO - Setting next_dagrun for conditional_dataset_and_time_based_timetable to 2025-04-09 01:00:00+00:00, run_after=2025-04-09 01:00:00+00:00
[2025-04-09T15:56:25.145+0000] {logging_mixin.py:190} INFO - [2025-04-09T15:56:25.144+0000] {dag.py:4180} INFO - Setting next_dagrun for consume_1_and_2_with_dataset_expressions to None, run_after=None
[2025-04-09T15:56:25.149+0000] {logging_mixin.py:190} INFO - [2025-04-09T15:56:25.148+0000] {dag.py:4180} INFO - Setting next_dagrun for consume_1_or_2_with_dataset_expressions to None, run_after=None
[2025-04-09T15:56:25.153+0000] {logging_mixin.py:190} INFO - [2025-04-09T15:56:25.152+0000] {dag.py:4180} INFO - Setting next_dagrun for consume_1_or_both_2_and_3_with_dataset_expressions to None, run_after=None
[2025-04-09T15:56:25.161+0000] {logging_mixin.py:190} INFO - [2025-04-09T15:56:25.159+0000] {dag.py:4180} INFO - Setting next_dagrun for dataset_consumes_1 to None, run_after=None
[2025-04-09T15:56:25.168+0000] {logging_mixin.py:190} INFO - [2025-04-09T15:56:25.165+0000] {dag.py:4180} INFO - Setting next_dagrun for dataset_consumes_1_and_2 to None, run_after=None
[2025-04-09T15:56:25.180+0000] {logging_mixin.py:190} INFO - [2025-04-09T15:56:25.180+0000] {dag.py:4180} INFO - Setting next_dagrun for dataset_consumes_1_never_scheduled to None, run_after=None
[2025-04-09T15:56:25.184+0000] {logging_mixin.py:190} INFO - [2025-04-09T15:56:25.183+0000] {dag.py:4180} INFO - Setting next_dagrun for dataset_consumes_unknown_never_scheduled to None, run_after=None
[2025-04-09T15:56:25.195+0000] {logging_mixin.py:190} INFO - [2025-04-09T15:56:25.195+0000] {dag.py:4180} INFO - Setting next_dagrun for dataset_produces_1 to 2025-04-08 00:00:00+00:00, run_after=2025-04-09 00:00:00+00:00
[2025-04-09T15:56:25.200+0000] {logging_mixin.py:190} INFO - [2025-04-09T15:56:25.199+0000] {dag.py:4180} INFO - Setting next_dagrun for dataset_produces_2 to None, run_after=None
[2025-04-09T15:56:25.338+0000] {processor.py:208} INFO - Processing /home/airflow/.local/lib/python3.12/site-packages/airflow/example_dags/example_datasets.py took 3.650 seconds
[2025-04-09T15:56:55.697+0000] {processor.py:186} INFO - Started process (PID=1162) to work on /home/airflow/.local/lib/python3.12/site-packages/airflow/example_dags/example_datasets.py
[2025-04-09T15:56:55.699+0000] {processor.py:914} INFO - Processing file /home/airflow/.local/lib/python3.12/site-packages/airflow/example_dags/example_datasets.py for tasks to queue
[2025-04-09T15:56:55.703+0000] {logging_mixin.py:190} INFO - [2025-04-09T15:56:55.702+0000] {dagbag.py:588} INFO - Filling up the DagBag from /home/airflow/.local/lib/python3.12/site-packages/airflow/example_dags/example_datasets.py
[2025-04-09T15:56:56.301+0000] {processor.py:925} INFO - DAG(s) 'dataset_produces_2', 'dataset_consumes_1_never_scheduled', 'dataset_consumes_unknown_never_scheduled', 'dataset_consumes_1', 'consume_1_or_2_with_dataset_expressions', 'consume_1_or_both_2_and_3_with_dataset_expressions', 'dataset_produces_1', 'dataset_consumes_1_and_2', 'consume_1_and_2_with_dataset_expressions', 'conditional_dataset_and_time_based_timetable' retrieved from /home/airflow/.local/lib/python3.12/site-packages/airflow/example_dags/example_datasets.py
[2025-04-09T15:56:56.395+0000] {logging_mixin.py:190} INFO - [2025-04-09T15:56:56.394+0000] {dag.py:3239} INFO - Sync 10 DAGs
[2025-04-09T15:56:56.718+0000] {logging_mixin.py:190} INFO - [2025-04-09T15:56:56.718+0000] {dag.py:4180} INFO - Setting next_dagrun for conditional_dataset_and_time_based_timetable to 2025-04-09 01:00:00+00:00, run_after=2025-04-09 01:00:00+00:00
[2025-04-09T15:56:56.725+0000] {logging_mixin.py:190} INFO - [2025-04-09T15:56:56.725+0000] {dag.py:4180} INFO - Setting next_dagrun for consume_1_and_2_with_dataset_expressions to None, run_after=None
[2025-04-09T15:56:56.729+0000] {logging_mixin.py:190} INFO - [2025-04-09T15:56:56.728+0000] {dag.py:4180} INFO - Setting next_dagrun for consume_1_or_2_with_dataset_expressions to None, run_after=None
[2025-04-09T15:56:56.733+0000] {logging_mixin.py:190} INFO - [2025-04-09T15:56:56.732+0000] {dag.py:4180} INFO - Setting next_dagrun for consume_1_or_both_2_and_3_with_dataset_expressions to None, run_after=None
[2025-04-09T15:56:56.738+0000] {logging_mixin.py:190} INFO - [2025-04-09T15:56:56.737+0000] {dag.py:4180} INFO - Setting next_dagrun for dataset_consumes_1 to None, run_after=None
[2025-04-09T15:56:56.742+0000] {logging_mixin.py:190} INFO - [2025-04-09T15:56:56.741+0000] {dag.py:4180} INFO - Setting next_dagrun for dataset_consumes_1_and_2 to None, run_after=None
[2025-04-09T15:56:56.746+0000] {logging_mixin.py:190} INFO - [2025-04-09T15:56:56.745+0000] {dag.py:4180} INFO - Setting next_dagrun for dataset_consumes_1_never_scheduled to None, run_after=None
[2025-04-09T15:56:56.749+0000] {logging_mixin.py:190} INFO - [2025-04-09T15:56:56.749+0000] {dag.py:4180} INFO - Setting next_dagrun for dataset_consumes_unknown_never_scheduled to None, run_after=None
[2025-04-09T15:56:56.761+0000] {logging_mixin.py:190} INFO - [2025-04-09T15:56:56.760+0000] {dag.py:4180} INFO - Setting next_dagrun for dataset_produces_1 to 2025-04-08 00:00:00+00:00, run_after=2025-04-09 00:00:00+00:00
[2025-04-09T15:56:56.765+0000] {logging_mixin.py:190} INFO - [2025-04-09T15:56:56.765+0000] {dag.py:4180} INFO - Setting next_dagrun for dataset_produces_2 to None, run_after=None
[2025-04-09T15:56:56.900+0000] {processor.py:208} INFO - Processing /home/airflow/.local/lib/python3.12/site-packages/airflow/example_dags/example_datasets.py took 1.214 seconds
[2025-04-09T15:57:30.163+0000] {processor.py:186} INFO - Started process (PID=1455) to work on /home/airflow/.local/lib/python3.12/site-packages/airflow/example_dags/example_datasets.py
[2025-04-09T15:57:30.164+0000] {processor.py:914} INFO - Processing file /home/airflow/.local/lib/python3.12/site-packages/airflow/example_dags/example_datasets.py for tasks to queue
[2025-04-09T15:57:30.167+0000] {logging_mixin.py:190} INFO - [2025-04-09T15:57:30.166+0000] {dagbag.py:588} INFO - Filling up the DagBag from /home/airflow/.local/lib/python3.12/site-packages/airflow/example_dags/example_datasets.py
[2025-04-09T15:57:30.692+0000] {processor.py:925} INFO - DAG(s) 'consume_1_and_2_with_dataset_expressions', 'dataset_consumes_1_and_2', 'dataset_produces_1', 'dataset_consumes_1_never_scheduled', 'dataset_consumes_unknown_never_scheduled', 'dataset_produces_2', 'conditional_dataset_and_time_based_timetable', 'consume_1_or_both_2_and_3_with_dataset_expressions', 'consume_1_or_2_with_dataset_expressions', 'dataset_consumes_1' retrieved from /home/airflow/.local/lib/python3.12/site-packages/airflow/example_dags/example_datasets.py
[2025-04-09T15:57:30.787+0000] {logging_mixin.py:190} INFO - [2025-04-09T15:57:30.787+0000] {dag.py:3239} INFO - Sync 10 DAGs
[2025-04-09T15:57:31.173+0000] {logging_mixin.py:190} INFO - [2025-04-09T15:57:31.173+0000] {dag.py:4180} INFO - Setting next_dagrun for conditional_dataset_and_time_based_timetable to 2025-04-09 01:00:00+00:00, run_after=2025-04-09 01:00:00+00:00
[2025-04-09T15:57:31.182+0000] {logging_mixin.py:190} INFO - [2025-04-09T15:57:31.181+0000] {dag.py:4180} INFO - Setting next_dagrun for consume_1_and_2_with_dataset_expressions to None, run_after=None
[2025-04-09T15:57:31.188+0000] {logging_mixin.py:190} INFO - [2025-04-09T15:57:31.188+0000] {dag.py:4180} INFO - Setting next_dagrun for consume_1_or_2_with_dataset_expressions to None, run_after=None
[2025-04-09T15:57:31.191+0000] {logging_mixin.py:190} INFO - [2025-04-09T15:57:31.191+0000] {dag.py:4180} INFO - Setting next_dagrun for consume_1_or_both_2_and_3_with_dataset_expressions to None, run_after=None
[2025-04-09T15:57:31.194+0000] {logging_mixin.py:190} INFO - [2025-04-09T15:57:31.194+0000] {dag.py:4180} INFO - Setting next_dagrun for dataset_consumes_1 to None, run_after=None
[2025-04-09T15:57:31.196+0000] {logging_mixin.py:190} INFO - [2025-04-09T15:57:31.196+0000] {dag.py:4180} INFO - Setting next_dagrun for dataset_consumes_1_and_2 to None, run_after=None
[2025-04-09T15:57:31.200+0000] {logging_mixin.py:190} INFO - [2025-04-09T15:57:31.199+0000] {dag.py:4180} INFO - Setting next_dagrun for dataset_consumes_1_never_scheduled to None, run_after=None
[2025-04-09T15:57:31.203+0000] {logging_mixin.py:190} INFO - [2025-04-09T15:57:31.202+0000] {dag.py:4180} INFO - Setting next_dagrun for dataset_consumes_unknown_never_scheduled to None, run_after=None
[2025-04-09T15:57:31.209+0000] {logging_mixin.py:190} INFO - [2025-04-09T15:57:31.209+0000] {dag.py:4180} INFO - Setting next_dagrun for dataset_produces_1 to 2025-04-08 00:00:00+00:00, run_after=2025-04-09 00:00:00+00:00
[2025-04-09T15:57:31.212+0000] {logging_mixin.py:190} INFO - [2025-04-09T15:57:31.211+0000] {dag.py:4180} INFO - Setting next_dagrun for dataset_produces_2 to None, run_after=None
[2025-04-09T15:57:31.284+0000] {processor.py:208} INFO - Processing /home/airflow/.local/lib/python3.12/site-packages/airflow/example_dags/example_datasets.py took 1.129 seconds
