[2025-04-09T15:48:50.016+0000] {processor.py:186} INFO - Started process (PID=226) to work on /home/airflow/.local/lib/python3.12/site-packages/airflow/example_dags/example_branch_python_dop_operator_3.py
[2025-04-09T15:48:50.017+0000] {processor.py:914} INFO - Processing file /home/airflow/.local/lib/python3.12/site-packages/airflow/example_dags/example_branch_python_dop_operator_3.py for tasks to queue
[2025-04-09T15:48:50.020+0000] {logging_mixin.py:190} INFO - [2025-04-09T15:48:50.019+0000] {dagbag.py:588} INFO - Filling up the DagBag from /home/airflow/.local/lib/python3.12/site-packages/airflow/example_dags/example_branch_python_dop_operator_3.py
[2025-04-09T15:48:50.033+0000] {processor.py:925} INFO - DAG(s) 'example_branch_dop_operator_v3' retrieved from /home/airflow/.local/lib/python3.12/site-packages/airflow/example_dags/example_branch_python_dop_operator_3.py
[2025-04-09T15:48:50.215+0000] {logging_mixin.py:190} INFO - [2025-04-09T15:48:50.214+0000] {override.py:1912} INFO - Created Permission View: can delete on DAG:example_branch_dop_operator_v3
[2025-04-09T15:48:50.226+0000] {logging_mixin.py:190} INFO - [2025-04-09T15:48:50.226+0000] {override.py:1912} INFO - Created Permission View: can edit on DAG:example_branch_dop_operator_v3
[2025-04-09T15:48:50.235+0000] {logging_mixin.py:190} INFO - [2025-04-09T15:48:50.234+0000] {override.py:1912} INFO - Created Permission View: can read on DAG:example_branch_dop_operator_v3
[2025-04-09T15:48:50.245+0000] {logging_mixin.py:190} INFO - [2025-04-09T15:48:50.244+0000] {override.py:1912} INFO - Created Permission View: menu access on DAG Run:example_branch_dop_operator_v3
[2025-04-09T15:48:50.252+0000] {logging_mixin.py:190} INFO - [2025-04-09T15:48:50.252+0000] {override.py:1912} INFO - Created Permission View: can create on DAG Run:example_branch_dop_operator_v3
[2025-04-09T15:48:50.260+0000] {logging_mixin.py:190} INFO - [2025-04-09T15:48:50.259+0000] {override.py:1912} INFO - Created Permission View: can delete on DAG Run:example_branch_dop_operator_v3
[2025-04-09T15:48:50.267+0000] {logging_mixin.py:190} INFO - [2025-04-09T15:48:50.267+0000] {override.py:1912} INFO - Created Permission View: can read on DAG Run:example_branch_dop_operator_v3
[2025-04-09T15:48:50.267+0000] {logging_mixin.py:190} INFO - [2025-04-09T15:48:50.267+0000] {dag.py:3239} INFO - Sync 1 DAGs
[2025-04-09T15:48:50.282+0000] {logging_mixin.py:190} INFO - [2025-04-09T15:48:50.281+0000] {dag.py:3262} INFO - Creating ORM DAG for example_branch_dop_operator_v3
[2025-04-09T15:48:50.297+0000] {logging_mixin.py:190} INFO - [2025-04-09T15:48:50.297+0000] {dag.py:4180} INFO - Setting next_dagrun for example_branch_dop_operator_v3 to 2025-04-09 15:47:00+00:00, run_after=2025-04-09 15:48:00+00:00
[2025-04-09T15:48:50.315+0000] {processor.py:208} INFO - Processing /home/airflow/.local/lib/python3.12/site-packages/airflow/example_dags/example_branch_python_dop_operator_3.py took 0.306 seconds
[2025-04-09T15:49:20.780+0000] {processor.py:186} INFO - Started process (PID=517) to work on /home/airflow/.local/lib/python3.12/site-packages/airflow/example_dags/example_branch_python_dop_operator_3.py
[2025-04-09T15:49:20.784+0000] {processor.py:914} INFO - Processing file /home/airflow/.local/lib/python3.12/site-packages/airflow/example_dags/example_branch_python_dop_operator_3.py for tasks to queue
[2025-04-09T15:49:20.787+0000] {logging_mixin.py:190} INFO - [2025-04-09T15:49:20.786+0000] {dagbag.py:588} INFO - Filling up the DagBag from /home/airflow/.local/lib/python3.12/site-packages/airflow/example_dags/example_branch_python_dop_operator_3.py
[2025-04-09T15:49:20.799+0000] {processor.py:925} INFO - DAG(s) 'example_branch_dop_operator_v3' retrieved from /home/airflow/.local/lib/python3.12/site-packages/airflow/example_dags/example_branch_python_dop_operator_3.py
[2025-04-09T15:49:20.840+0000] {logging_mixin.py:190} INFO - [2025-04-09T15:49:20.840+0000] {dag.py:3239} INFO - Sync 1 DAGs
[2025-04-09T15:49:20.890+0000] {logging_mixin.py:190} INFO - [2025-04-09T15:49:20.890+0000] {dag.py:4180} INFO - Setting next_dagrun for example_branch_dop_operator_v3 to 2025-04-09 15:48:00+00:00, run_after=2025-04-09 15:49:00+00:00
[2025-04-09T15:49:21.012+0000] {processor.py:208} INFO - Processing /home/airflow/.local/lib/python3.12/site-packages/airflow/example_dags/example_branch_python_dop_operator_3.py took 0.239 seconds
[2025-04-09T15:50:02.354+0000] {processor.py:186} INFO - Started process (PID=588) to work on /home/airflow/.local/lib/python3.12/site-packages/airflow/example_dags/example_branch_python_dop_operator_3.py
[2025-04-09T15:50:02.360+0000] {processor.py:914} INFO - Processing file /home/airflow/.local/lib/python3.12/site-packages/airflow/example_dags/example_branch_python_dop_operator_3.py for tasks to queue
[2025-04-09T15:50:02.393+0000] {logging_mixin.py:190} INFO - [2025-04-09T15:50:02.375+0000] {dagbag.py:588} INFO - Filling up the DagBag from /home/airflow/.local/lib/python3.12/site-packages/airflow/example_dags/example_branch_python_dop_operator_3.py
[2025-04-09T15:50:02.781+0000] {processor.py:925} INFO - DAG(s) 'example_branch_dop_operator_v3' retrieved from /home/airflow/.local/lib/python3.12/site-packages/airflow/example_dags/example_branch_python_dop_operator_3.py
[2025-04-09T15:50:02.937+0000] {logging_mixin.py:190} INFO - [2025-04-09T15:50:02.936+0000] {dag.py:3239} INFO - Sync 1 DAGs
[2025-04-09T15:50:03.224+0000] {logging_mixin.py:190} INFO - [2025-04-09T15:50:03.217+0000] {dag.py:4180} INFO - Setting next_dagrun for example_branch_dop_operator_v3 to 2025-04-09 15:49:00+00:00, run_after=2025-04-09 15:50:00+00:00
[2025-04-09T15:50:03.452+0000] {processor.py:208} INFO - Processing /home/airflow/.local/lib/python3.12/site-packages/airflow/example_dags/example_branch_python_dop_operator_3.py took 1.225 seconds
[2025-04-09T15:50:45.592+0000] {processor.py:186} INFO - Started process (PID=879) to work on /home/airflow/.local/lib/python3.12/site-packages/airflow/example_dags/example_branch_python_dop_operator_3.py
[2025-04-09T15:50:45.595+0000] {processor.py:914} INFO - Processing file /home/airflow/.local/lib/python3.12/site-packages/airflow/example_dags/example_branch_python_dop_operator_3.py for tasks to queue
[2025-04-09T15:50:45.601+0000] {logging_mixin.py:190} INFO - [2025-04-09T15:50:45.600+0000] {dagbag.py:588} INFO - Filling up the DagBag from /home/airflow/.local/lib/python3.12/site-packages/airflow/example_dags/example_branch_python_dop_operator_3.py
[2025-04-09T15:50:45.629+0000] {processor.py:925} INFO - DAG(s) 'example_branch_dop_operator_v3' retrieved from /home/airflow/.local/lib/python3.12/site-packages/airflow/example_dags/example_branch_python_dop_operator_3.py
[2025-04-09T15:50:45.933+0000] {logging_mixin.py:190} INFO - [2025-04-09T15:50:45.933+0000] {dag.py:3239} INFO - Sync 1 DAGs
[2025-04-09T15:50:46.093+0000] {logging_mixin.py:190} INFO - [2025-04-09T15:50:46.092+0000] {dag.py:4180} INFO - Setting next_dagrun for example_branch_dop_operator_v3 to 2025-04-09 15:49:00+00:00, run_after=2025-04-09 15:50:00+00:00
[2025-04-09T15:50:46.337+0000] {processor.py:208} INFO - Processing /home/airflow/.local/lib/python3.12/site-packages/airflow/example_dags/example_branch_python_dop_operator_3.py took 0.770 seconds
[2025-04-09T15:51:34.191+0000] {processor.py:186} INFO - Started process (PID=1102) to work on /home/airflow/.local/lib/python3.12/site-packages/airflow/example_dags/example_branch_python_dop_operator_3.py
[2025-04-09T15:51:34.200+0000] {processor.py:914} INFO - Processing file /home/airflow/.local/lib/python3.12/site-packages/airflow/example_dags/example_branch_python_dop_operator_3.py for tasks to queue
[2025-04-09T15:51:34.239+0000] {logging_mixin.py:190} INFO - [2025-04-09T15:51:34.221+0000] {dagbag.py:588} INFO - Filling up the DagBag from /home/airflow/.local/lib/python3.12/site-packages/airflow/example_dags/example_branch_python_dop_operator_3.py
[2025-04-09T15:51:34.346+0000] {processor.py:925} INFO - DAG(s) 'example_branch_dop_operator_v3' retrieved from /home/airflow/.local/lib/python3.12/site-packages/airflow/example_dags/example_branch_python_dop_operator_3.py
[2025-04-09T15:51:34.551+0000] {logging_mixin.py:190} INFO - [2025-04-09T15:51:34.549+0000] {dag.py:3239} INFO - Sync 1 DAGs
[2025-04-09T15:51:34.895+0000] {logging_mixin.py:190} INFO - [2025-04-09T15:51:34.894+0000] {dag.py:4180} INFO - Setting next_dagrun for example_branch_dop_operator_v3 to 2025-04-09 15:50:00+00:00, run_after=2025-04-09 15:51:00+00:00
[2025-04-09T15:51:35.858+0000] {processor.py:208} INFO - Processing /home/airflow/.local/lib/python3.12/site-packages/airflow/example_dags/example_branch_python_dop_operator_3.py took 1.704 seconds
[2025-04-09T15:52:16.111+0000] {processor.py:186} INFO - Started process (PID=1393) to work on /home/airflow/.local/lib/python3.12/site-packages/airflow/example_dags/example_branch_python_dop_operator_3.py
[2025-04-09T15:52:16.119+0000] {processor.py:914} INFO - Processing file /home/airflow/.local/lib/python3.12/site-packages/airflow/example_dags/example_branch_python_dop_operator_3.py for tasks to queue
[2025-04-09T15:52:16.123+0000] {logging_mixin.py:190} INFO - [2025-04-09T15:52:16.123+0000] {dagbag.py:588} INFO - Filling up the DagBag from /home/airflow/.local/lib/python3.12/site-packages/airflow/example_dags/example_branch_python_dop_operator_3.py
[2025-04-09T15:52:16.145+0000] {processor.py:925} INFO - DAG(s) 'example_branch_dop_operator_v3' retrieved from /home/airflow/.local/lib/python3.12/site-packages/airflow/example_dags/example_branch_python_dop_operator_3.py
[2025-04-09T15:52:16.197+0000] {logging_mixin.py:190} INFO - [2025-04-09T15:52:16.196+0000] {dag.py:3239} INFO - Sync 1 DAGs
[2025-04-09T15:52:16.283+0000] {logging_mixin.py:190} INFO - [2025-04-09T15:52:16.283+0000] {dag.py:4180} INFO - Setting next_dagrun for example_branch_dop_operator_v3 to 2025-04-09 15:51:00+00:00, run_after=2025-04-09 15:52:00+00:00
[2025-04-09T15:52:16.440+0000] {processor.py:208} INFO - Processing /home/airflow/.local/lib/python3.12/site-packages/airflow/example_dags/example_branch_python_dop_operator_3.py took 0.344 seconds
[2025-04-09T15:54:55.083+0000] {processor.py:186} INFO - Started process (PID=238) to work on /home/airflow/.local/lib/python3.12/site-packages/airflow/example_dags/example_branch_python_dop_operator_3.py
[2025-04-09T15:54:55.085+0000] {processor.py:914} INFO - Processing file /home/airflow/.local/lib/python3.12/site-packages/airflow/example_dags/example_branch_python_dop_operator_3.py for tasks to queue
[2025-04-09T15:54:55.088+0000] {logging_mixin.py:190} INFO - [2025-04-09T15:54:55.088+0000] {dagbag.py:588} INFO - Filling up the DagBag from /home/airflow/.local/lib/python3.12/site-packages/airflow/example_dags/example_branch_python_dop_operator_3.py
[2025-04-09T15:54:55.113+0000] {processor.py:925} INFO - DAG(s) 'example_branch_dop_operator_v3' retrieved from /home/airflow/.local/lib/python3.12/site-packages/airflow/example_dags/example_branch_python_dop_operator_3.py
[2025-04-09T15:54:55.635+0000] {logging_mixin.py:190} INFO - [2025-04-09T15:54:55.633+0000] {override.py:1912} INFO - Created Permission View: can delete on DAG:example_branch_dop_operator_v3
[2025-04-09T15:54:55.676+0000] {logging_mixin.py:190} INFO - [2025-04-09T15:54:55.675+0000] {override.py:1912} INFO - Created Permission View: can edit on DAG:example_branch_dop_operator_v3
[2025-04-09T15:54:55.695+0000] {logging_mixin.py:190} INFO - [2025-04-09T15:54:55.694+0000] {override.py:1912} INFO - Created Permission View: can read on DAG:example_branch_dop_operator_v3
[2025-04-09T15:54:55.716+0000] {logging_mixin.py:190} INFO - [2025-04-09T15:54:55.716+0000] {override.py:1912} INFO - Created Permission View: can delete on DAG Run:example_branch_dop_operator_v3
[2025-04-09T15:54:55.742+0000] {logging_mixin.py:190} INFO - [2025-04-09T15:54:55.741+0000] {override.py:1912} INFO - Created Permission View: can create on DAG Run:example_branch_dop_operator_v3
[2025-04-09T15:54:55.759+0000] {logging_mixin.py:190} INFO - [2025-04-09T15:54:55.758+0000] {override.py:1912} INFO - Created Permission View: can read on DAG Run:example_branch_dop_operator_v3
[2025-04-09T15:54:55.787+0000] {logging_mixin.py:190} INFO - [2025-04-09T15:54:55.786+0000] {override.py:1912} INFO - Created Permission View: menu access on DAG Run:example_branch_dop_operator_v3
[2025-04-09T15:54:55.788+0000] {logging_mixin.py:190} INFO - [2025-04-09T15:54:55.788+0000] {dag.py:3239} INFO - Sync 1 DAGs
[2025-04-09T15:54:55.836+0000] {logging_mixin.py:190} INFO - [2025-04-09T15:54:55.835+0000] {dag.py:3262} INFO - Creating ORM DAG for example_branch_dop_operator_v3
[2025-04-09T15:54:55.887+0000] {logging_mixin.py:190} INFO - [2025-04-09T15:54:55.886+0000] {dag.py:4180} INFO - Setting next_dagrun for example_branch_dop_operator_v3 to 2025-04-09 15:53:00+00:00, run_after=2025-04-09 15:54:00+00:00
[2025-04-09T15:54:55.948+0000] {processor.py:208} INFO - Processing /home/airflow/.local/lib/python3.12/site-packages/airflow/example_dags/example_branch_python_dop_operator_3.py took 0.889 seconds
[2025-04-09T15:55:32.950+0000] {processor.py:186} INFO - Started process (PID=529) to work on /home/airflow/.local/lib/python3.12/site-packages/airflow/example_dags/example_branch_python_dop_operator_3.py
[2025-04-09T15:55:32.953+0000] {processor.py:914} INFO - Processing file /home/airflow/.local/lib/python3.12/site-packages/airflow/example_dags/example_branch_python_dop_operator_3.py for tasks to queue
[2025-04-09T15:55:32.958+0000] {logging_mixin.py:190} INFO - [2025-04-09T15:55:32.956+0000] {dagbag.py:588} INFO - Filling up the DagBag from /home/airflow/.local/lib/python3.12/site-packages/airflow/example_dags/example_branch_python_dop_operator_3.py
[2025-04-09T15:55:33.000+0000] {processor.py:925} INFO - DAG(s) 'example_branch_dop_operator_v3' retrieved from /home/airflow/.local/lib/python3.12/site-packages/airflow/example_dags/example_branch_python_dop_operator_3.py
[2025-04-09T15:55:33.089+0000] {logging_mixin.py:190} INFO - [2025-04-09T15:55:33.089+0000] {dag.py:3239} INFO - Sync 1 DAGs
[2025-04-09T15:55:33.173+0000] {logging_mixin.py:190} INFO - [2025-04-09T15:55:33.173+0000] {dag.py:4180} INFO - Setting next_dagrun for example_branch_dop_operator_v3 to 2025-04-09 15:54:00+00:00, run_after=2025-04-09 15:55:00+00:00
[2025-04-09T15:55:33.223+0000] {processor.py:208} INFO - Processing /home/airflow/.local/lib/python3.12/site-packages/airflow/example_dags/example_branch_python_dop_operator_3.py took 0.293 seconds
[2025-04-09T15:56:04.229+0000] {processor.py:186} INFO - Started process (PID=820) to work on /home/airflow/.local/lib/python3.12/site-packages/airflow/example_dags/example_branch_python_dop_operator_3.py
[2025-04-09T15:56:04.241+0000] {processor.py:914} INFO - Processing file /home/airflow/.local/lib/python3.12/site-packages/airflow/example_dags/example_branch_python_dop_operator_3.py for tasks to queue
[2025-04-09T15:56:04.312+0000] {logging_mixin.py:190} INFO - [2025-04-09T15:56:04.311+0000] {dagbag.py:588} INFO - Filling up the DagBag from /home/airflow/.local/lib/python3.12/site-packages/airflow/example_dags/example_branch_python_dop_operator_3.py
[2025-04-09T15:56:04.354+0000] {processor.py:925} INFO - DAG(s) 'example_branch_dop_operator_v3' retrieved from /home/airflow/.local/lib/python3.12/site-packages/airflow/example_dags/example_branch_python_dop_operator_3.py
[2025-04-09T15:56:04.465+0000] {logging_mixin.py:190} INFO - [2025-04-09T15:56:04.464+0000] {dag.py:3239} INFO - Sync 1 DAGs
[2025-04-09T15:56:04.946+0000] {logging_mixin.py:190} INFO - [2025-04-09T15:56:04.945+0000] {dag.py:4180} INFO - Setting next_dagrun for example_branch_dop_operator_v3 to 2025-04-09 15:55:00+00:00, run_after=2025-04-09 15:56:00+00:00
[2025-04-09T15:56:05.439+0000] {processor.py:208} INFO - Processing /home/airflow/.local/lib/python3.12/site-packages/airflow/example_dags/example_branch_python_dop_operator_3.py took 1.293 seconds
[2025-04-09T15:56:36.047+0000] {processor.py:186} INFO - Started process (PID=1113) to work on /home/airflow/.local/lib/python3.12/site-packages/airflow/example_dags/example_branch_python_dop_operator_3.py
[2025-04-09T15:56:36.049+0000] {processor.py:914} INFO - Processing file /home/airflow/.local/lib/python3.12/site-packages/airflow/example_dags/example_branch_python_dop_operator_3.py for tasks to queue
[2025-04-09T15:56:36.056+0000] {logging_mixin.py:190} INFO - [2025-04-09T15:56:36.055+0000] {dagbag.py:588} INFO - Filling up the DagBag from /home/airflow/.local/lib/python3.12/site-packages/airflow/example_dags/example_branch_python_dop_operator_3.py
[2025-04-09T15:56:36.090+0000] {processor.py:925} INFO - DAG(s) 'example_branch_dop_operator_v3' retrieved from /home/airflow/.local/lib/python3.12/site-packages/airflow/example_dags/example_branch_python_dop_operator_3.py
[2025-04-09T15:56:36.162+0000] {logging_mixin.py:190} INFO - [2025-04-09T15:56:36.162+0000] {dag.py:3239} INFO - Sync 1 DAGs
[2025-04-09T15:56:36.313+0000] {logging_mixin.py:190} INFO - [2025-04-09T15:56:36.311+0000] {dag.py:4180} INFO - Setting next_dagrun for example_branch_dop_operator_v3 to 2025-04-09 15:55:00+00:00, run_after=2025-04-09 15:56:00+00:00
[2025-04-09T15:56:36.368+0000] {processor.py:208} INFO - Processing /home/airflow/.local/lib/python3.12/site-packages/airflow/example_dags/example_branch_python_dop_operator_3.py took 0.336 seconds
[2025-04-09T15:57:06.423+0000] {processor.py:186} INFO - Started process (PID=1404) to work on /home/airflow/.local/lib/python3.12/site-packages/airflow/example_dags/example_branch_python_dop_operator_3.py
[2025-04-09T15:57:06.425+0000] {processor.py:914} INFO - Processing file /home/airflow/.local/lib/python3.12/site-packages/airflow/example_dags/example_branch_python_dop_operator_3.py for tasks to queue
[2025-04-09T15:57:06.428+0000] {logging_mixin.py:190} INFO - [2025-04-09T15:57:06.427+0000] {dagbag.py:588} INFO - Filling up the DagBag from /home/airflow/.local/lib/python3.12/site-packages/airflow/example_dags/example_branch_python_dop_operator_3.py
[2025-04-09T15:57:06.442+0000] {processor.py:925} INFO - DAG(s) 'example_branch_dop_operator_v3' retrieved from /home/airflow/.local/lib/python3.12/site-packages/airflow/example_dags/example_branch_python_dop_operator_3.py
[2025-04-09T15:57:06.471+0000] {logging_mixin.py:190} INFO - [2025-04-09T15:57:06.471+0000] {dag.py:3239} INFO - Sync 1 DAGs
[2025-04-09T15:57:06.506+0000] {logging_mixin.py:190} INFO - [2025-04-09T15:57:06.505+0000] {dag.py:4180} INFO - Setting next_dagrun for example_branch_dop_operator_v3 to 2025-04-09 15:56:00+00:00, run_after=2025-04-09 15:57:00+00:00
[2025-04-09T15:57:06.554+0000] {processor.py:208} INFO - Processing /home/airflow/.local/lib/python3.12/site-packages/airflow/example_dags/example_branch_python_dop_operator_3.py took 0.139 seconds
[2025-04-09T15:57:37.293+0000] {processor.py:186} INFO - Started process (PID=1695) to work on /home/airflow/.local/lib/python3.12/site-packages/airflow/example_dags/example_branch_python_dop_operator_3.py
[2025-04-09T15:57:37.297+0000] {processor.py:914} INFO - Processing file /home/airflow/.local/lib/python3.12/site-packages/airflow/example_dags/example_branch_python_dop_operator_3.py for tasks to queue
[2025-04-09T15:57:37.300+0000] {logging_mixin.py:190} INFO - [2025-04-09T15:57:37.299+0000] {dagbag.py:588} INFO - Filling up the DagBag from /home/airflow/.local/lib/python3.12/site-packages/airflow/example_dags/example_branch_python_dop_operator_3.py
[2025-04-09T15:57:37.314+0000] {processor.py:925} INFO - DAG(s) 'example_branch_dop_operator_v3' retrieved from /home/airflow/.local/lib/python3.12/site-packages/airflow/example_dags/example_branch_python_dop_operator_3.py
[2025-04-09T15:57:37.346+0000] {logging_mixin.py:190} INFO - [2025-04-09T15:57:37.345+0000] {dag.py:3239} INFO - Sync 1 DAGs
[2025-04-09T15:57:37.384+0000] {logging_mixin.py:190} INFO - [2025-04-09T15:57:37.383+0000] {dag.py:4180} INFO - Setting next_dagrun for example_branch_dop_operator_v3 to 2025-04-09 15:56:00+00:00, run_after=2025-04-09 15:57:00+00:00
[2025-04-09T15:57:37.438+0000] {processor.py:208} INFO - Processing /home/airflow/.local/lib/python3.12/site-packages/airflow/example_dags/example_branch_python_dop_operator_3.py took 0.154 seconds
