[2025-04-09T15:48:49.135+0000] {processor.py:186} INFO - Started process (PID=206) to work on /home/airflow/.local/lib/python3.12/site-packages/airflow/example_dags/example_branch_day_of_week_operator.py
[2025-04-09T15:48:49.136+0000] {processor.py:914} INFO - Processing file /home/airflow/.local/lib/python3.12/site-packages/airflow/example_dags/example_branch_day_of_week_operator.py for tasks to queue
[2025-04-09T15:48:49.138+0000] {logging_mixin.py:190} INFO - [2025-04-09T15:48:49.138+0000] {dagbag.py:588} INFO - Filling up the DagBag from /home/airflow/.local/lib/python3.12/site-packages/airflow/example_dags/example_branch_day_of_week_operator.py
[2025-04-09T15:48:49.154+0000] {processor.py:925} INFO - DAG(s) 'example_weekday_branch_operator' retrieved from /home/airflow/.local/lib/python3.12/site-packages/airflow/example_dags/example_branch_day_of_week_operator.py
[2025-04-09T15:48:49.305+0000] {logging_mixin.py:190} INFO - [2025-04-09T15:48:49.304+0000] {override.py:1912} INFO - Created Permission View: can delete on DAG:example_weekday_branch_operator
[2025-04-09T15:48:49.317+0000] {logging_mixin.py:190} INFO - [2025-04-09T15:48:49.317+0000] {override.py:1912} INFO - Created Permission View: can edit on DAG:example_weekday_branch_operator
[2025-04-09T15:48:49.327+0000] {logging_mixin.py:190} INFO - [2025-04-09T15:48:49.326+0000] {override.py:1912} INFO - Created Permission View: can read on DAG:example_weekday_branch_operator
[2025-04-09T15:48:49.341+0000] {logging_mixin.py:190} INFO - [2025-04-09T15:48:49.341+0000] {override.py:1912} INFO - Created Permission View: menu access on DAG Run:example_weekday_branch_operator
[2025-04-09T15:48:49.349+0000] {logging_mixin.py:190} INFO - [2025-04-09T15:48:49.349+0000] {override.py:1912} INFO - Created Permission View: can create on DAG Run:example_weekday_branch_operator
[2025-04-09T15:48:49.356+0000] {logging_mixin.py:190} INFO - [2025-04-09T15:48:49.356+0000] {override.py:1912} INFO - Created Permission View: can delete on DAG Run:example_weekday_branch_operator
[2025-04-09T15:48:49.365+0000] {logging_mixin.py:190} INFO - [2025-04-09T15:48:49.365+0000] {override.py:1912} INFO - Created Permission View: can read on DAG Run:example_weekday_branch_operator
[2025-04-09T15:48:49.366+0000] {logging_mixin.py:190} INFO - [2025-04-09T15:48:49.366+0000] {dag.py:3239} INFO - Sync 1 DAGs
[2025-04-09T15:48:49.383+0000] {logging_mixin.py:190} INFO - [2025-04-09T15:48:49.383+0000] {dag.py:3262} INFO - Creating ORM DAG for example_weekday_branch_operator
[2025-04-09T15:48:49.403+0000] {logging_mixin.py:190} INFO - [2025-04-09T15:48:49.403+0000] {dag.py:4180} INFO - Setting next_dagrun for example_weekday_branch_operator to 2025-04-08 00:00:00+00:00, run_after=2025-04-09 00:00:00+00:00
[2025-04-09T15:48:49.429+0000] {processor.py:208} INFO - Processing /home/airflow/.local/lib/python3.12/site-packages/airflow/example_dags/example_branch_day_of_week_operator.py took 0.300 seconds
[2025-04-09T15:49:20.011+0000] {processor.py:186} INFO - Started process (PID=497) to work on /home/airflow/.local/lib/python3.12/site-packages/airflow/example_dags/example_branch_day_of_week_operator.py
[2025-04-09T15:49:20.016+0000] {processor.py:914} INFO - Processing file /home/airflow/.local/lib/python3.12/site-packages/airflow/example_dags/example_branch_day_of_week_operator.py for tasks to queue
[2025-04-09T15:49:20.023+0000] {logging_mixin.py:190} INFO - [2025-04-09T15:49:20.022+0000] {dagbag.py:588} INFO - Filling up the DagBag from /home/airflow/.local/lib/python3.12/site-packages/airflow/example_dags/example_branch_day_of_week_operator.py
[2025-04-09T15:49:20.045+0000] {processor.py:925} INFO - DAG(s) 'example_weekday_branch_operator' retrieved from /home/airflow/.local/lib/python3.12/site-packages/airflow/example_dags/example_branch_day_of_week_operator.py
[2025-04-09T15:49:20.148+0000] {logging_mixin.py:190} INFO - [2025-04-09T15:49:20.147+0000] {dag.py:3239} INFO - Sync 1 DAGs
[2025-04-09T15:49:20.212+0000] {logging_mixin.py:190} INFO - [2025-04-09T15:49:20.212+0000] {dag.py:4180} INFO - Setting next_dagrun for example_weekday_branch_operator to 2025-04-08 00:00:00+00:00, run_after=2025-04-09 00:00:00+00:00
[2025-04-09T15:49:20.398+0000] {processor.py:208} INFO - Processing /home/airflow/.local/lib/python3.12/site-packages/airflow/example_dags/example_branch_day_of_week_operator.py took 0.399 seconds
[2025-04-09T15:49:59.668+0000] {processor.py:186} INFO - Started process (PID=568) to work on /home/airflow/.local/lib/python3.12/site-packages/airflow/example_dags/example_branch_day_of_week_operator.py
[2025-04-09T15:49:59.671+0000] {processor.py:914} INFO - Processing file /home/airflow/.local/lib/python3.12/site-packages/airflow/example_dags/example_branch_day_of_week_operator.py for tasks to queue
[2025-04-09T15:49:59.681+0000] {logging_mixin.py:190} INFO - [2025-04-09T15:49:59.679+0000] {dagbag.py:588} INFO - Filling up the DagBag from /home/airflow/.local/lib/python3.12/site-packages/airflow/example_dags/example_branch_day_of_week_operator.py
[2025-04-09T15:49:59.867+0000] {processor.py:925} INFO - DAG(s) 'example_weekday_branch_operator' retrieved from /home/airflow/.local/lib/python3.12/site-packages/airflow/example_dags/example_branch_day_of_week_operator.py
[2025-04-09T15:50:00.029+0000] {logging_mixin.py:190} INFO - [2025-04-09T15:50:00.028+0000] {dag.py:3239} INFO - Sync 1 DAGs
[2025-04-09T15:50:00.331+0000] {logging_mixin.py:190} INFO - [2025-04-09T15:50:00.330+0000] {dag.py:4180} INFO - Setting next_dagrun for example_weekday_branch_operator to 2025-04-08 00:00:00+00:00, run_after=2025-04-09 00:00:00+00:00
[2025-04-09T15:50:00.658+0000] {processor.py:208} INFO - Processing /home/airflow/.local/lib/python3.12/site-packages/airflow/example_dags/example_branch_day_of_week_operator.py took 1.010 seconds
[2025-04-09T15:50:44.035+0000] {processor.py:186} INFO - Started process (PID=859) to work on /home/airflow/.local/lib/python3.12/site-packages/airflow/example_dags/example_branch_day_of_week_operator.py
[2025-04-09T15:50:44.047+0000] {processor.py:914} INFO - Processing file /home/airflow/.local/lib/python3.12/site-packages/airflow/example_dags/example_branch_day_of_week_operator.py for tasks to queue
[2025-04-09T15:50:44.051+0000] {logging_mixin.py:190} INFO - [2025-04-09T15:50:44.051+0000] {dagbag.py:588} INFO - Filling up the DagBag from /home/airflow/.local/lib/python3.12/site-packages/airflow/example_dags/example_branch_day_of_week_operator.py
[2025-04-09T15:50:44.133+0000] {processor.py:925} INFO - DAG(s) 'example_weekday_branch_operator' retrieved from /home/airflow/.local/lib/python3.12/site-packages/airflow/example_dags/example_branch_day_of_week_operator.py
[2025-04-09T15:50:44.257+0000] {logging_mixin.py:190} INFO - [2025-04-09T15:50:44.256+0000] {dag.py:3239} INFO - Sync 1 DAGs
[2025-04-09T15:50:44.536+0000] {logging_mixin.py:190} INFO - [2025-04-09T15:50:44.535+0000] {dag.py:4180} INFO - Setting next_dagrun for example_weekday_branch_operator to 2025-04-08 00:00:00+00:00, run_after=2025-04-09 00:00:00+00:00
[2025-04-09T15:50:44.763+0000] {processor.py:208} INFO - Processing /home/airflow/.local/lib/python3.12/site-packages/airflow/example_dags/example_branch_day_of_week_operator.py took 0.751 seconds
[2025-04-09T15:51:28.780+0000] {processor.py:186} INFO - Started process (PID=1082) to work on /home/airflow/.local/lib/python3.12/site-packages/airflow/example_dags/example_branch_day_of_week_operator.py
[2025-04-09T15:51:28.793+0000] {processor.py:914} INFO - Processing file /home/airflow/.local/lib/python3.12/site-packages/airflow/example_dags/example_branch_day_of_week_operator.py for tasks to queue
[2025-04-09T15:51:28.850+0000] {logging_mixin.py:190} INFO - [2025-04-09T15:51:28.842+0000] {dagbag.py:588} INFO - Filling up the DagBag from /home/airflow/.local/lib/python3.12/site-packages/airflow/example_dags/example_branch_day_of_week_operator.py
[2025-04-09T15:51:29.052+0000] {processor.py:925} INFO - DAG(s) 'example_weekday_branch_operator' retrieved from /home/airflow/.local/lib/python3.12/site-packages/airflow/example_dags/example_branch_day_of_week_operator.py
[2025-04-09T15:51:29.828+0000] {logging_mixin.py:190} INFO - [2025-04-09T15:51:29.820+0000] {dag.py:3239} INFO - Sync 1 DAGs
[2025-04-09T15:51:30.880+0000] {logging_mixin.py:190} INFO - [2025-04-09T15:51:30.879+0000] {dag.py:4180} INFO - Setting next_dagrun for example_weekday_branch_operator to 2025-04-08 00:00:00+00:00, run_after=2025-04-09 00:00:00+00:00
[2025-04-09T15:51:31.968+0000] {processor.py:208} INFO - Processing /home/airflow/.local/lib/python3.12/site-packages/airflow/example_dags/example_branch_day_of_week_operator.py took 3.214 seconds
[2025-04-09T15:52:04.682+0000] {processor.py:186} INFO - Started process (PID=1253) to work on /home/airflow/.local/lib/python3.12/site-packages/airflow/example_dags/example_branch_day_of_week_operator.py
[2025-04-09T15:52:04.684+0000] {processor.py:914} INFO - Processing file /home/airflow/.local/lib/python3.12/site-packages/airflow/example_dags/example_branch_day_of_week_operator.py for tasks to queue
[2025-04-09T15:52:04.689+0000] {logging_mixin.py:190} INFO - [2025-04-09T15:52:04.688+0000] {dagbag.py:588} INFO - Filling up the DagBag from /home/airflow/.local/lib/python3.12/site-packages/airflow/example_dags/example_branch_day_of_week_operator.py
[2025-04-09T15:52:04.712+0000] {processor.py:925} INFO - DAG(s) 'example_weekday_branch_operator' retrieved from /home/airflow/.local/lib/python3.12/site-packages/airflow/example_dags/example_branch_day_of_week_operator.py
[2025-04-09T15:52:04.782+0000] {logging_mixin.py:190} INFO - [2025-04-09T15:52:04.781+0000] {dag.py:3239} INFO - Sync 1 DAGs
[2025-04-09T15:52:04.845+0000] {logging_mixin.py:190} INFO - [2025-04-09T15:52:04.843+0000] {dag.py:4180} INFO - Setting next_dagrun for example_weekday_branch_operator to 2025-04-08 00:00:00+00:00, run_after=2025-04-09 00:00:00+00:00
[2025-04-09T15:52:04.945+0000] {processor.py:208} INFO - Processing /home/airflow/.local/lib/python3.12/site-packages/airflow/example_dags/example_branch_day_of_week_operator.py took 0.278 seconds
[2025-04-09T15:54:52.136+0000] {processor.py:186} INFO - Started process (PID=218) to work on /home/airflow/.local/lib/python3.12/site-packages/airflow/example_dags/example_branch_day_of_week_operator.py
[2025-04-09T15:54:52.138+0000] {processor.py:914} INFO - Processing file /home/airflow/.local/lib/python3.12/site-packages/airflow/example_dags/example_branch_day_of_week_operator.py for tasks to queue
[2025-04-09T15:54:52.141+0000] {logging_mixin.py:190} INFO - [2025-04-09T15:54:52.141+0000] {dagbag.py:588} INFO - Filling up the DagBag from /home/airflow/.local/lib/python3.12/site-packages/airflow/example_dags/example_branch_day_of_week_operator.py
[2025-04-09T15:54:52.163+0000] {processor.py:925} INFO - DAG(s) 'example_weekday_branch_operator' retrieved from /home/airflow/.local/lib/python3.12/site-packages/airflow/example_dags/example_branch_day_of_week_operator.py
[2025-04-09T15:54:53.100+0000] {logging_mixin.py:190} INFO - [2025-04-09T15:54:53.093+0000] {override.py:1912} INFO - Created Permission View: can delete on DAG:example_weekday_branch_operator
[2025-04-09T15:54:53.151+0000] {logging_mixin.py:190} INFO - [2025-04-09T15:54:53.149+0000] {override.py:1912} INFO - Created Permission View: can edit on DAG:example_weekday_branch_operator
[2025-04-09T15:54:53.168+0000] {logging_mixin.py:190} INFO - [2025-04-09T15:54:53.167+0000] {override.py:1912} INFO - Created Permission View: can read on DAG:example_weekday_branch_operator
[2025-04-09T15:54:53.186+0000] {logging_mixin.py:190} INFO - [2025-04-09T15:54:53.186+0000] {override.py:1912} INFO - Created Permission View: can delete on DAG Run:example_weekday_branch_operator
[2025-04-09T15:54:53.226+0000] {logging_mixin.py:190} INFO - [2025-04-09T15:54:53.226+0000] {override.py:1912} INFO - Created Permission View: can create on DAG Run:example_weekday_branch_operator
[2025-04-09T15:54:53.264+0000] {logging_mixin.py:190} INFO - [2025-04-09T15:54:53.263+0000] {override.py:1912} INFO - Created Permission View: can read on DAG Run:example_weekday_branch_operator
[2025-04-09T15:54:53.295+0000] {logging_mixin.py:190} INFO - [2025-04-09T15:54:53.295+0000] {override.py:1912} INFO - Created Permission View: menu access on DAG Run:example_weekday_branch_operator
[2025-04-09T15:54:53.297+0000] {logging_mixin.py:190} INFO - [2025-04-09T15:54:53.296+0000] {dag.py:3239} INFO - Sync 1 DAGs
[2025-04-09T15:54:53.368+0000] {logging_mixin.py:190} INFO - [2025-04-09T15:54:53.368+0000] {dag.py:3262} INFO - Creating ORM DAG for example_weekday_branch_operator
[2025-04-09T15:54:53.413+0000] {logging_mixin.py:190} INFO - [2025-04-09T15:54:53.412+0000] {dag.py:4180} INFO - Setting next_dagrun for example_weekday_branch_operator to 2025-04-08 00:00:00+00:00, run_after=2025-04-09 00:00:00+00:00
[2025-04-09T15:54:53.515+0000] {processor.py:208} INFO - Processing /home/airflow/.local/lib/python3.12/site-packages/airflow/example_dags/example_branch_day_of_week_operator.py took 1.389 seconds
[2025-04-09T15:55:32.488+0000] {processor.py:186} INFO - Started process (PID=509) to work on /home/airflow/.local/lib/python3.12/site-packages/airflow/example_dags/example_branch_day_of_week_operator.py
[2025-04-09T15:55:32.491+0000] {processor.py:914} INFO - Processing file /home/airflow/.local/lib/python3.12/site-packages/airflow/example_dags/example_branch_day_of_week_operator.py for tasks to queue
[2025-04-09T15:55:32.495+0000] {logging_mixin.py:190} INFO - [2025-04-09T15:55:32.495+0000] {dagbag.py:588} INFO - Filling up the DagBag from /home/airflow/.local/lib/python3.12/site-packages/airflow/example_dags/example_branch_day_of_week_operator.py
[2025-04-09T15:55:32.513+0000] {processor.py:925} INFO - DAG(s) 'example_weekday_branch_operator' retrieved from /home/airflow/.local/lib/python3.12/site-packages/airflow/example_dags/example_branch_day_of_week_operator.py
[2025-04-09T15:55:32.556+0000] {logging_mixin.py:190} INFO - [2025-04-09T15:55:32.556+0000] {dag.py:3239} INFO - Sync 1 DAGs
[2025-04-09T15:55:32.599+0000] {logging_mixin.py:190} INFO - [2025-04-09T15:55:32.599+0000] {dag.py:4180} INFO - Setting next_dagrun for example_weekday_branch_operator to 2025-04-08 00:00:00+00:00, run_after=2025-04-09 00:00:00+00:00
[2025-04-09T15:55:32.655+0000] {processor.py:208} INFO - Processing /home/airflow/.local/lib/python3.12/site-packages/airflow/example_dags/example_branch_day_of_week_operator.py took 0.181 seconds
[2025-04-09T15:56:02.941+0000] {processor.py:186} INFO - Started process (PID=802) to work on /home/airflow/.local/lib/python3.12/site-packages/airflow/example_dags/example_branch_day_of_week_operator.py
[2025-04-09T15:56:02.943+0000] {processor.py:914} INFO - Processing file /home/airflow/.local/lib/python3.12/site-packages/airflow/example_dags/example_branch_day_of_week_operator.py for tasks to queue
[2025-04-09T15:56:02.948+0000] {logging_mixin.py:190} INFO - [2025-04-09T15:56:02.948+0000] {dagbag.py:588} INFO - Filling up the DagBag from /home/airflow/.local/lib/python3.12/site-packages/airflow/example_dags/example_branch_day_of_week_operator.py
[2025-04-09T15:56:02.970+0000] {processor.py:925} INFO - DAG(s) 'example_weekday_branch_operator' retrieved from /home/airflow/.local/lib/python3.12/site-packages/airflow/example_dags/example_branch_day_of_week_operator.py
[2025-04-09T15:56:03.060+0000] {logging_mixin.py:190} INFO - [2025-04-09T15:56:03.060+0000] {dag.py:3239} INFO - Sync 1 DAGs
[2025-04-09T15:56:03.256+0000] {logging_mixin.py:190} INFO - [2025-04-09T15:56:03.252+0000] {dag.py:4180} INFO - Setting next_dagrun for example_weekday_branch_operator to 2025-04-08 00:00:00+00:00, run_after=2025-04-09 00:00:00+00:00
[2025-04-09T15:56:03.467+0000] {processor.py:208} INFO - Processing /home/airflow/.local/lib/python3.12/site-packages/airflow/example_dags/example_branch_day_of_week_operator.py took 0.539 seconds
[2025-04-09T15:56:34.022+0000] {processor.py:186} INFO - Started process (PID=1093) to work on /home/airflow/.local/lib/python3.12/site-packages/airflow/example_dags/example_branch_day_of_week_operator.py
[2025-04-09T15:56:34.024+0000] {processor.py:914} INFO - Processing file /home/airflow/.local/lib/python3.12/site-packages/airflow/example_dags/example_branch_day_of_week_operator.py for tasks to queue
[2025-04-09T15:56:34.027+0000] {logging_mixin.py:190} INFO - [2025-04-09T15:56:34.026+0000] {dagbag.py:588} INFO - Filling up the DagBag from /home/airflow/.local/lib/python3.12/site-packages/airflow/example_dags/example_branch_day_of_week_operator.py
[2025-04-09T15:56:34.049+0000] {processor.py:925} INFO - DAG(s) 'example_weekday_branch_operator' retrieved from /home/airflow/.local/lib/python3.12/site-packages/airflow/example_dags/example_branch_day_of_week_operator.py
[2025-04-09T15:56:34.089+0000] {logging_mixin.py:190} INFO - [2025-04-09T15:56:34.088+0000] {dag.py:3239} INFO - Sync 1 DAGs
[2025-04-09T15:56:34.129+0000] {logging_mixin.py:190} INFO - [2025-04-09T15:56:34.129+0000] {dag.py:4180} INFO - Setting next_dagrun for example_weekday_branch_operator to 2025-04-08 00:00:00+00:00, run_after=2025-04-09 00:00:00+00:00
[2025-04-09T15:56:34.173+0000] {processor.py:208} INFO - Processing /home/airflow/.local/lib/python3.12/site-packages/airflow/example_dags/example_branch_day_of_week_operator.py took 0.159 seconds
[2025-04-09T15:57:04.592+0000] {processor.py:186} INFO - Started process (PID=1354) to work on /home/airflow/.local/lib/python3.12/site-packages/airflow/example_dags/example_branch_day_of_week_operator.py
[2025-04-09T15:57:04.593+0000] {processor.py:914} INFO - Processing file /home/airflow/.local/lib/python3.12/site-packages/airflow/example_dags/example_branch_day_of_week_operator.py for tasks to queue
[2025-04-09T15:57:04.597+0000] {logging_mixin.py:190} INFO - [2025-04-09T15:57:04.596+0000] {dagbag.py:588} INFO - Filling up the DagBag from /home/airflow/.local/lib/python3.12/site-packages/airflow/example_dags/example_branch_day_of_week_operator.py
[2025-04-09T15:57:04.609+0000] {processor.py:925} INFO - DAG(s) 'example_weekday_branch_operator' retrieved from /home/airflow/.local/lib/python3.12/site-packages/airflow/example_dags/example_branch_day_of_week_operator.py
[2025-04-09T15:57:04.640+0000] {logging_mixin.py:190} INFO - [2025-04-09T15:57:04.640+0000] {dag.py:3239} INFO - Sync 1 DAGs
[2025-04-09T15:57:04.673+0000] {logging_mixin.py:190} INFO - [2025-04-09T15:57:04.673+0000] {dag.py:4180} INFO - Setting next_dagrun for example_weekday_branch_operator to 2025-04-08 00:00:00+00:00, run_after=2025-04-09 00:00:00+00:00
[2025-04-09T15:57:04.698+0000] {processor.py:208} INFO - Processing /home/airflow/.local/lib/python3.12/site-packages/airflow/example_dags/example_branch_day_of_week_operator.py took 0.114 seconds
[2025-04-09T15:57:35.486+0000] {processor.py:186} INFO - Started process (PID=1643) to work on /home/airflow/.local/lib/python3.12/site-packages/airflow/example_dags/example_branch_day_of_week_operator.py
[2025-04-09T15:57:35.487+0000] {processor.py:914} INFO - Processing file /home/airflow/.local/lib/python3.12/site-packages/airflow/example_dags/example_branch_day_of_week_operator.py for tasks to queue
[2025-04-09T15:57:35.491+0000] {logging_mixin.py:190} INFO - [2025-04-09T15:57:35.491+0000] {dagbag.py:588} INFO - Filling up the DagBag from /home/airflow/.local/lib/python3.12/site-packages/airflow/example_dags/example_branch_day_of_week_operator.py
[2025-04-09T15:57:35.510+0000] {processor.py:925} INFO - DAG(s) 'example_weekday_branch_operator' retrieved from /home/airflow/.local/lib/python3.12/site-packages/airflow/example_dags/example_branch_day_of_week_operator.py
[2025-04-09T15:57:35.570+0000] {logging_mixin.py:190} INFO - [2025-04-09T15:57:35.570+0000] {dag.py:3239} INFO - Sync 1 DAGs
[2025-04-09T15:57:35.616+0000] {logging_mixin.py:190} INFO - [2025-04-09T15:57:35.615+0000] {dag.py:4180} INFO - Setting next_dagrun for example_weekday_branch_operator to 2025-04-08 00:00:00+00:00, run_after=2025-04-09 00:00:00+00:00
[2025-04-09T15:57:35.656+0000] {processor.py:208} INFO - Processing /home/airflow/.local/lib/python3.12/site-packages/airflow/example_dags/example_branch_day_of_week_operator.py took 0.181 seconds
