[2025-04-09T15:48:55.774+0000] {processor.py:186} INFO - Started process (PID=276) to work on /home/airflow/.local/lib/python3.12/site-packages/airflow/example_dags/example_inlet_event_extra.py
[2025-04-09T15:48:55.775+0000] {processor.py:914} INFO - Processing file /home/airflow/.local/lib/python3.12/site-packages/airflow/example_dags/example_inlet_event_extra.py for tasks to queue
[2025-04-09T15:48:55.777+0000] {logging_mixin.py:190} INFO - [2025-04-09T15:48:55.777+0000] {dagbag.py:588} INFO - Filling up the DagBag from /home/airflow/.local/lib/python3.12/site-packages/airflow/example_dags/example_inlet_event_extra.py
[2025-04-09T15:48:56.247+0000] {processor.py:925} INFO - DAG(s) 'read_dataset_event', 'read_dataset_event_from_classic' retrieved from /home/airflow/.local/lib/python3.12/site-packages/airflow/example_dags/example_inlet_event_extra.py
[2025-04-09T15:48:56.589+0000] {logging_mixin.py:190} INFO - [2025-04-09T15:48:56.588+0000] {override.py:1912} INFO - Created Permission View: can delete on DAG:read_dataset_event
[2025-04-09T15:48:56.602+0000] {logging_mixin.py:190} INFO - [2025-04-09T15:48:56.602+0000] {override.py:1912} INFO - Created Permission View: can edit on DAG:read_dataset_event
[2025-04-09T15:48:56.611+0000] {logging_mixin.py:190} INFO - [2025-04-09T15:48:56.611+0000] {override.py:1912} INFO - Created Permission View: can read on DAG:read_dataset_event
[2025-04-09T15:48:56.621+0000] {logging_mixin.py:190} INFO - [2025-04-09T15:48:56.621+0000] {override.py:1912} INFO - Created Permission View: menu access on DAG Run:read_dataset_event
[2025-04-09T15:48:56.629+0000] {logging_mixin.py:190} INFO - [2025-04-09T15:48:56.629+0000] {override.py:1912} INFO - Created Permission View: can create on DAG Run:read_dataset_event
[2025-04-09T15:48:56.638+0000] {logging_mixin.py:190} INFO - [2025-04-09T15:48:56.637+0000] {override.py:1912} INFO - Created Permission View: can delete on DAG Run:read_dataset_event
[2025-04-09T15:48:56.646+0000] {logging_mixin.py:190} INFO - [2025-04-09T15:48:56.646+0000] {override.py:1912} INFO - Created Permission View: can read on DAG Run:read_dataset_event
[2025-04-09T15:48:56.662+0000] {logging_mixin.py:190} INFO - [2025-04-09T15:48:56.662+0000] {override.py:1912} INFO - Created Permission View: can delete on DAG:read_dataset_event_from_classic
[2025-04-09T15:48:56.671+0000] {logging_mixin.py:190} INFO - [2025-04-09T15:48:56.670+0000] {override.py:1912} INFO - Created Permission View: can edit on DAG:read_dataset_event_from_classic
[2025-04-09T15:48:56.679+0000] {logging_mixin.py:190} INFO - [2025-04-09T15:48:56.678+0000] {override.py:1912} INFO - Created Permission View: can read on DAG:read_dataset_event_from_classic
[2025-04-09T15:48:56.691+0000] {logging_mixin.py:190} INFO - [2025-04-09T15:48:56.690+0000] {override.py:1912} INFO - Created Permission View: menu access on DAG Run:read_dataset_event_from_classic
[2025-04-09T15:48:56.699+0000] {logging_mixin.py:190} INFO - [2025-04-09T15:48:56.699+0000] {override.py:1912} INFO - Created Permission View: can create on DAG Run:read_dataset_event_from_classic
[2025-04-09T15:48:56.707+0000] {logging_mixin.py:190} INFO - [2025-04-09T15:48:56.707+0000] {override.py:1912} INFO - Created Permission View: can delete on DAG Run:read_dataset_event_from_classic
[2025-04-09T15:48:56.716+0000] {logging_mixin.py:190} INFO - [2025-04-09T15:48:56.716+0000] {override.py:1912} INFO - Created Permission View: can read on DAG Run:read_dataset_event_from_classic
[2025-04-09T15:48:56.717+0000] {logging_mixin.py:190} INFO - [2025-04-09T15:48:56.716+0000] {dag.py:3239} INFO - Sync 2 DAGs
[2025-04-09T15:48:56.733+0000] {logging_mixin.py:190} INFO - [2025-04-09T15:48:56.732+0000] {dag.py:3262} INFO - Creating ORM DAG for read_dataset_event_from_classic
[2025-04-09T15:48:56.733+0000] {logging_mixin.py:190} INFO - [2025-04-09T15:48:56.733+0000] {dag.py:3262} INFO - Creating ORM DAG for read_dataset_event
[2025-04-09T15:48:56.747+0000] {logging_mixin.py:190} INFO - [2025-04-09T15:48:56.746+0000] {dag.py:4180} INFO - Setting next_dagrun for read_dataset_event to 2025-04-08 00:00:00+00:00, run_after=2025-04-09 00:00:00+00:00
[2025-04-09T15:48:56.749+0000] {logging_mixin.py:190} INFO - [2025-04-09T15:48:56.749+0000] {dag.py:4180} INFO - Setting next_dagrun for read_dataset_event_from_classic to 2025-04-08 00:00:00+00:00, run_after=2025-04-09 00:00:00+00:00
[2025-04-09T15:48:56.793+0000] {processor.py:208} INFO - Processing /home/airflow/.local/lib/python3.12/site-packages/airflow/example_dags/example_inlet_event_extra.py took 1.027 seconds
[2025-04-09T15:50:07.938+0000] {processor.py:186} INFO - Started process (PID=623) to work on /home/airflow/.local/lib/python3.12/site-packages/airflow/example_dags/example_inlet_event_extra.py
[2025-04-09T15:50:07.944+0000] {processor.py:914} INFO - Processing file /home/airflow/.local/lib/python3.12/site-packages/airflow/example_dags/example_inlet_event_extra.py for tasks to queue
[2025-04-09T15:50:07.949+0000] {logging_mixin.py:190} INFO - [2025-04-09T15:50:07.948+0000] {dagbag.py:588} INFO - Filling up the DagBag from /home/airflow/.local/lib/python3.12/site-packages/airflow/example_dags/example_inlet_event_extra.py
[2025-04-09T15:50:09.942+0000] {processor.py:925} INFO - DAG(s) 'read_dataset_event', 'read_dataset_event_from_classic' retrieved from /home/airflow/.local/lib/python3.12/site-packages/airflow/example_dags/example_inlet_event_extra.py
[2025-04-09T15:50:10.030+0000] {logging_mixin.py:190} INFO - [2025-04-09T15:50:10.030+0000] {dag.py:3239} INFO - Sync 2 DAGs
[2025-04-09T15:50:10.713+0000] {logging_mixin.py:190} INFO - [2025-04-09T15:50:10.712+0000] {dag.py:4180} INFO - Setting next_dagrun for read_dataset_event to 2025-04-08 00:00:00+00:00, run_after=2025-04-09 00:00:00+00:00
[2025-04-09T15:50:10.731+0000] {logging_mixin.py:190} INFO - [2025-04-09T15:50:10.730+0000] {dag.py:4180} INFO - Setting next_dagrun for read_dataset_event_from_classic to 2025-04-08 00:00:00+00:00, run_after=2025-04-09 00:00:00+00:00
[2025-04-09T15:50:10.889+0000] {processor.py:208} INFO - Processing /home/airflow/.local/lib/python3.12/site-packages/airflow/example_dags/example_inlet_event_extra.py took 2.975 seconds
[2025-04-09T15:50:50.560+0000] {processor.py:186} INFO - Started process (PID=916) to work on /home/airflow/.local/lib/python3.12/site-packages/airflow/example_dags/example_inlet_event_extra.py
[2025-04-09T15:50:50.574+0000] {processor.py:914} INFO - Processing file /home/airflow/.local/lib/python3.12/site-packages/airflow/example_dags/example_inlet_event_extra.py for tasks to queue
[2025-04-09T15:50:50.579+0000] {logging_mixin.py:190} INFO - [2025-04-09T15:50:50.578+0000] {dagbag.py:588} INFO - Filling up the DagBag from /home/airflow/.local/lib/python3.12/site-packages/airflow/example_dags/example_inlet_event_extra.py
[2025-04-09T15:50:56.478+0000] {processor.py:925} INFO - DAG(s) 'read_dataset_event_from_classic', 'read_dataset_event' retrieved from /home/airflow/.local/lib/python3.12/site-packages/airflow/example_dags/example_inlet_event_extra.py
[2025-04-09T15:50:56.615+0000] {logging_mixin.py:190} INFO - [2025-04-09T15:50:56.612+0000] {dag.py:3239} INFO - Sync 2 DAGs
[2025-04-09T15:50:56.877+0000] {logging_mixin.py:190} INFO - [2025-04-09T15:50:56.876+0000] {dag.py:4180} INFO - Setting next_dagrun for read_dataset_event to 2025-04-08 00:00:00+00:00, run_after=2025-04-09 00:00:00+00:00
[2025-04-09T15:50:56.907+0000] {logging_mixin.py:190} INFO - [2025-04-09T15:50:56.906+0000] {dag.py:4180} INFO - Setting next_dagrun for read_dataset_event_from_classic to 2025-04-08 00:00:00+00:00, run_after=2025-04-09 00:00:00+00:00
[2025-04-09T15:50:57.254+0000] {processor.py:208} INFO - Processing /home/airflow/.local/lib/python3.12/site-packages/airflow/example_dags/example_inlet_event_extra.py took 6.705 seconds
[2025-04-09T15:52:05.105+0000] {processor.py:186} INFO - Started process (PID=1263) to work on /home/airflow/.local/lib/python3.12/site-packages/airflow/example_dags/example_inlet_event_extra.py
[2025-04-09T15:52:05.109+0000] {processor.py:914} INFO - Processing file /home/airflow/.local/lib/python3.12/site-packages/airflow/example_dags/example_inlet_event_extra.py for tasks to queue
[2025-04-09T15:52:05.125+0000] {logging_mixin.py:190} INFO - [2025-04-09T15:52:05.122+0000] {dagbag.py:588} INFO - Filling up the DagBag from /home/airflow/.local/lib/python3.12/site-packages/airflow/example_dags/example_inlet_event_extra.py
[2025-04-09T15:52:10.072+0000] {processor.py:925} INFO - DAG(s) 'read_dataset_event_from_classic', 'read_dataset_event' retrieved from /home/airflow/.local/lib/python3.12/site-packages/airflow/example_dags/example_inlet_event_extra.py
[2025-04-09T15:52:10.187+0000] {logging_mixin.py:190} INFO - [2025-04-09T15:52:10.186+0000] {dag.py:3239} INFO - Sync 2 DAGs
[2025-04-09T15:52:10.281+0000] {logging_mixin.py:190} INFO - [2025-04-09T15:52:10.280+0000] {dag.py:4180} INFO - Setting next_dagrun for read_dataset_event to 2025-04-08 00:00:00+00:00, run_after=2025-04-09 00:00:00+00:00
[2025-04-09T15:52:10.305+0000] {logging_mixin.py:190} INFO - [2025-04-09T15:52:10.304+0000] {dag.py:4180} INFO - Setting next_dagrun for read_dataset_event_from_classic to 2025-04-08 00:00:00+00:00, run_after=2025-04-09 00:00:00+00:00
[2025-04-09T15:52:10.353+0000] {processor.py:208} INFO - Processing /home/airflow/.local/lib/python3.12/site-packages/airflow/example_dags/example_inlet_event_extra.py took 5.277 seconds
[2025-04-09T15:55:06.523+0000] {processor.py:186} INFO - Started process (PID=288) to work on /home/airflow/.local/lib/python3.12/site-packages/airflow/example_dags/example_inlet_event_extra.py
[2025-04-09T15:55:06.525+0000] {processor.py:914} INFO - Processing file /home/airflow/.local/lib/python3.12/site-packages/airflow/example_dags/example_inlet_event_extra.py for tasks to queue
[2025-04-09T15:55:06.529+0000] {logging_mixin.py:190} INFO - [2025-04-09T15:55:06.529+0000] {dagbag.py:588} INFO - Filling up the DagBag from /home/airflow/.local/lib/python3.12/site-packages/airflow/example_dags/example_inlet_event_extra.py
[2025-04-09T15:55:07.467+0000] {processor.py:925} INFO - DAG(s) 'read_dataset_event', 'read_dataset_event_from_classic' retrieved from /home/airflow/.local/lib/python3.12/site-packages/airflow/example_dags/example_inlet_event_extra.py
[2025-04-09T15:55:08.620+0000] {logging_mixin.py:190} INFO - [2025-04-09T15:55:08.617+0000] {override.py:1912} INFO - Created Permission View: can delete on DAG:read_dataset_event
[2025-04-09T15:55:08.645+0000] {logging_mixin.py:190} INFO - [2025-04-09T15:55:08.644+0000] {override.py:1912} INFO - Created Permission View: can edit on DAG:read_dataset_event
[2025-04-09T15:55:08.660+0000] {logging_mixin.py:190} INFO - [2025-04-09T15:55:08.659+0000] {override.py:1912} INFO - Created Permission View: can read on DAG:read_dataset_event
[2025-04-09T15:55:08.682+0000] {logging_mixin.py:190} INFO - [2025-04-09T15:55:08.681+0000] {override.py:1912} INFO - Created Permission View: can delete on DAG Run:read_dataset_event
[2025-04-09T15:55:08.698+0000] {logging_mixin.py:190} INFO - [2025-04-09T15:55:08.697+0000] {override.py:1912} INFO - Created Permission View: can create on DAG Run:read_dataset_event
[2025-04-09T15:55:08.799+0000] {logging_mixin.py:190} INFO - [2025-04-09T15:55:08.798+0000] {override.py:1912} INFO - Created Permission View: can read on DAG Run:read_dataset_event
[2025-04-09T15:55:08.841+0000] {logging_mixin.py:190} INFO - [2025-04-09T15:55:08.841+0000] {override.py:1912} INFO - Created Permission View: menu access on DAG Run:read_dataset_event
[2025-04-09T15:55:08.870+0000] {logging_mixin.py:190} INFO - [2025-04-09T15:55:08.870+0000] {override.py:1912} INFO - Created Permission View: can delete on DAG:read_dataset_event_from_classic
[2025-04-09T15:55:08.885+0000] {logging_mixin.py:190} INFO - [2025-04-09T15:55:08.884+0000] {override.py:1912} INFO - Created Permission View: can edit on DAG:read_dataset_event_from_classic
[2025-04-09T15:55:08.908+0000] {logging_mixin.py:190} INFO - [2025-04-09T15:55:08.907+0000] {override.py:1912} INFO - Created Permission View: can read on DAG:read_dataset_event_from_classic
[2025-04-09T15:55:08.994+0000] {logging_mixin.py:190} INFO - [2025-04-09T15:55:08.993+0000] {override.py:1912} INFO - Created Permission View: can delete on DAG Run:read_dataset_event_from_classic
[2025-04-09T15:55:09.014+0000] {logging_mixin.py:190} INFO - [2025-04-09T15:55:09.013+0000] {override.py:1912} INFO - Created Permission View: can create on DAG Run:read_dataset_event_from_classic
[2025-04-09T15:55:09.032+0000] {logging_mixin.py:190} INFO - [2025-04-09T15:55:09.031+0000] {override.py:1912} INFO - Created Permission View: can read on DAG Run:read_dataset_event_from_classic
[2025-04-09T15:55:09.047+0000] {logging_mixin.py:190} INFO - [2025-04-09T15:55:09.046+0000] {override.py:1912} INFO - Created Permission View: menu access on DAG Run:read_dataset_event_from_classic
[2025-04-09T15:55:09.048+0000] {logging_mixin.py:190} INFO - [2025-04-09T15:55:09.048+0000] {dag.py:3239} INFO - Sync 2 DAGs
[2025-04-09T15:55:09.119+0000] {logging_mixin.py:190} INFO - [2025-04-09T15:55:09.118+0000] {dag.py:3262} INFO - Creating ORM DAG for read_dataset_event
[2025-04-09T15:55:09.125+0000] {logging_mixin.py:190} INFO - [2025-04-09T15:55:09.125+0000] {dag.py:3262} INFO - Creating ORM DAG for read_dataset_event_from_classic
[2025-04-09T15:55:09.173+0000] {logging_mixin.py:190} INFO - [2025-04-09T15:55:09.172+0000] {dag.py:4180} INFO - Setting next_dagrun for read_dataset_event to 2025-04-08 00:00:00+00:00, run_after=2025-04-09 00:00:00+00:00
[2025-04-09T15:55:09.183+0000] {logging_mixin.py:190} INFO - [2025-04-09T15:55:09.182+0000] {dag.py:4180} INFO - Setting next_dagrun for read_dataset_event_from_classic to 2025-04-08 00:00:00+00:00, run_after=2025-04-09 00:00:00+00:00
[2025-04-09T15:55:09.287+0000] {processor.py:208} INFO - Processing /home/airflow/.local/lib/python3.12/site-packages/airflow/example_dags/example_inlet_event_extra.py took 2.778 seconds
[2025-04-09T15:55:39.685+0000] {processor.py:186} INFO - Started process (PID=584) to work on /home/airflow/.local/lib/python3.12/site-packages/airflow/example_dags/example_inlet_event_extra.py
[2025-04-09T15:55:39.687+0000] {processor.py:914} INFO - Processing file /home/airflow/.local/lib/python3.12/site-packages/airflow/example_dags/example_inlet_event_extra.py for tasks to queue
[2025-04-09T15:55:39.692+0000] {logging_mixin.py:190} INFO - [2025-04-09T15:55:39.691+0000] {dagbag.py:588} INFO - Filling up the DagBag from /home/airflow/.local/lib/python3.12/site-packages/airflow/example_dags/example_inlet_event_extra.py
[2025-04-09T15:55:40.801+0000] {processor.py:925} INFO - DAG(s) 'read_dataset_event', 'read_dataset_event_from_classic' retrieved from /home/airflow/.local/lib/python3.12/site-packages/airflow/example_dags/example_inlet_event_extra.py
[2025-04-09T15:55:40.861+0000] {logging_mixin.py:190} INFO - [2025-04-09T15:55:40.860+0000] {dag.py:3239} INFO - Sync 2 DAGs
[2025-04-09T15:55:40.940+0000] {logging_mixin.py:190} INFO - [2025-04-09T15:55:40.939+0000] {dag.py:4180} INFO - Setting next_dagrun for read_dataset_event to 2025-04-08 00:00:00+00:00, run_after=2025-04-09 00:00:00+00:00
[2025-04-09T15:55:40.977+0000] {logging_mixin.py:190} INFO - [2025-04-09T15:55:40.976+0000] {dag.py:4180} INFO - Setting next_dagrun for read_dataset_event_from_classic to 2025-04-08 00:00:00+00:00, run_after=2025-04-09 00:00:00+00:00
[2025-04-09T15:55:41.059+0000] {processor.py:208} INFO - Processing /home/airflow/.local/lib/python3.12/site-packages/airflow/example_dags/example_inlet_event_extra.py took 1.385 seconds
[2025-04-09T15:56:24.615+0000] {processor.py:186} INFO - Started process (PID=876) to work on /home/airflow/.local/lib/python3.12/site-packages/airflow/example_dags/example_inlet_event_extra.py
[2025-04-09T15:56:24.662+0000] {processor.py:914} INFO - Processing file /home/airflow/.local/lib/python3.12/site-packages/airflow/example_dags/example_inlet_event_extra.py for tasks to queue
[2025-04-09T15:56:24.668+0000] {logging_mixin.py:190} INFO - [2025-04-09T15:56:24.667+0000] {dagbag.py:588} INFO - Filling up the DagBag from /home/airflow/.local/lib/python3.12/site-packages/airflow/example_dags/example_inlet_event_extra.py
[2025-04-09T15:56:26.258+0000] {processor.py:925} INFO - DAG(s) 'read_dataset_event', 'read_dataset_event_from_classic' retrieved from /home/airflow/.local/lib/python3.12/site-packages/airflow/example_dags/example_inlet_event_extra.py
[2025-04-09T15:56:26.928+0000] {logging_mixin.py:190} INFO - [2025-04-09T15:56:26.928+0000] {dag.py:3239} INFO - Sync 2 DAGs
[2025-04-09T15:56:27.033+0000] {logging_mixin.py:190} INFO - [2025-04-09T15:56:27.032+0000] {dag.py:4180} INFO - Setting next_dagrun for read_dataset_event to 2025-04-08 00:00:00+00:00, run_after=2025-04-09 00:00:00+00:00
[2025-04-09T15:56:27.054+0000] {logging_mixin.py:190} INFO - [2025-04-09T15:56:27.053+0000] {dag.py:4180} INFO - Setting next_dagrun for read_dataset_event_from_classic to 2025-04-08 00:00:00+00:00, run_after=2025-04-09 00:00:00+00:00
[2025-04-09T15:56:27.160+0000] {processor.py:208} INFO - Processing /home/airflow/.local/lib/python3.12/site-packages/airflow/example_dags/example_inlet_event_extra.py took 2.576 seconds
[2025-04-09T15:56:57.340+0000] {processor.py:186} INFO - Started process (PID=1182) to work on /home/airflow/.local/lib/python3.12/site-packages/airflow/example_dags/example_inlet_event_extra.py
[2025-04-09T15:56:57.342+0000] {processor.py:914} INFO - Processing file /home/airflow/.local/lib/python3.12/site-packages/airflow/example_dags/example_inlet_event_extra.py for tasks to queue
[2025-04-09T15:56:57.347+0000] {logging_mixin.py:190} INFO - [2025-04-09T15:56:57.346+0000] {dagbag.py:588} INFO - Filling up the DagBag from /home/airflow/.local/lib/python3.12/site-packages/airflow/example_dags/example_inlet_event_extra.py
[2025-04-09T15:56:58.261+0000] {processor.py:925} INFO - DAG(s) 'read_dataset_event', 'read_dataset_event_from_classic' retrieved from /home/airflow/.local/lib/python3.12/site-packages/airflow/example_dags/example_inlet_event_extra.py
[2025-04-09T15:56:58.304+0000] {logging_mixin.py:190} INFO - [2025-04-09T15:56:58.304+0000] {dag.py:3239} INFO - Sync 2 DAGs
[2025-04-09T15:56:58.561+0000] {logging_mixin.py:190} INFO - [2025-04-09T15:56:58.561+0000] {dag.py:4180} INFO - Setting next_dagrun for read_dataset_event to 2025-04-08 00:00:00+00:00, run_after=2025-04-09 00:00:00+00:00
[2025-04-09T15:56:58.571+0000] {logging_mixin.py:190} INFO - [2025-04-09T15:56:58.570+0000] {dag.py:4180} INFO - Setting next_dagrun for read_dataset_event_from_classic to 2025-04-08 00:00:00+00:00, run_after=2025-04-09 00:00:00+00:00
[2025-04-09T15:56:58.600+0000] {processor.py:208} INFO - Processing /home/airflow/.local/lib/python3.12/site-packages/airflow/example_dags/example_inlet_event_extra.py took 1.278 seconds
[2025-04-09T15:57:30.173+0000] {processor.py:186} INFO - Started process (PID=1458) to work on /home/airflow/.local/lib/python3.12/site-packages/airflow/example_dags/example_inlet_event_extra.py
[2025-04-09T15:57:30.174+0000] {processor.py:914} INFO - Processing file /home/airflow/.local/lib/python3.12/site-packages/airflow/example_dags/example_inlet_event_extra.py for tasks to queue
[2025-04-09T15:57:30.177+0000] {logging_mixin.py:190} INFO - [2025-04-09T15:57:30.176+0000] {dagbag.py:588} INFO - Filling up the DagBag from /home/airflow/.local/lib/python3.12/site-packages/airflow/example_dags/example_inlet_event_extra.py
[2025-04-09T15:57:30.687+0000] {processor.py:925} INFO - DAG(s) 'read_dataset_event_from_classic', 'read_dataset_event' retrieved from /home/airflow/.local/lib/python3.12/site-packages/airflow/example_dags/example_inlet_event_extra.py
[2025-04-09T15:57:30.722+0000] {logging_mixin.py:190} INFO - [2025-04-09T15:57:30.722+0000] {dag.py:3239} INFO - Sync 2 DAGs
[2025-04-09T15:57:31.122+0000] {logging_mixin.py:190} INFO - [2025-04-09T15:57:31.122+0000] {dag.py:4180} INFO - Setting next_dagrun for read_dataset_event to 2025-04-08 00:00:00+00:00, run_after=2025-04-09 00:00:00+00:00
[2025-04-09T15:57:31.135+0000] {logging_mixin.py:190} INFO - [2025-04-09T15:57:31.134+0000] {dag.py:4180} INFO - Setting next_dagrun for read_dataset_event_from_classic to 2025-04-08 00:00:00+00:00, run_after=2025-04-09 00:00:00+00:00
[2025-04-09T15:57:31.175+0000] {processor.py:208} INFO - Processing /home/airflow/.local/lib/python3.12/site-packages/airflow/example_dags/example_inlet_event_extra.py took 1.009 seconds
