[2025-04-09T15:49:01.349+0000] {processor.py:186} INFO - Started process (PID=411) to work on /home/airflow/.local/lib/python3.12/site-packages/airflow/example_dags/example_xcom.py
[2025-04-09T15:49:01.350+0000] {processor.py:914} INFO - Processing file /home/airflow/.local/lib/python3.12/site-packages/airflow/example_dags/example_xcom.py for tasks to queue
[2025-04-09T15:49:01.353+0000] {logging_mixin.py:190} INFO - [2025-04-09T15:49:01.352+0000] {dagbag.py:588} INFO - Filling up the DagBag from /home/airflow/.local/lib/python3.12/site-packages/airflow/example_dags/example_xcom.py
[2025-04-09T15:49:01.370+0000] {processor.py:925} INFO - DAG(s) 'example_xcom' retrieved from /home/airflow/.local/lib/python3.12/site-packages/airflow/example_dags/example_xcom.py
[2025-04-09T15:49:01.527+0000] {logging_mixin.py:190} INFO - [2025-04-09T15:49:01.526+0000] {override.py:1912} INFO - Created Permission View: can delete on DAG:example_xcom
[2025-04-09T15:49:01.542+0000] {logging_mixin.py:190} INFO - [2025-04-09T15:49:01.541+0000] {override.py:1912} INFO - Created Permission View: can edit on DAG:example_xcom
[2025-04-09T15:49:01.553+0000] {logging_mixin.py:190} INFO - [2025-04-09T15:49:01.552+0000] {override.py:1912} INFO - Created Permission View: can read on DAG:example_xcom
[2025-04-09T15:49:01.565+0000] {logging_mixin.py:190} INFO - [2025-04-09T15:49:01.564+0000] {override.py:1912} INFO - Created Permission View: menu access on DAG Run:example_xcom
[2025-04-09T15:49:01.579+0000] {logging_mixin.py:190} INFO - [2025-04-09T15:49:01.579+0000] {override.py:1912} INFO - Created Permission View: can create on DAG Run:example_xcom
[2025-04-09T15:49:01.590+0000] {logging_mixin.py:190} INFO - [2025-04-09T15:49:01.590+0000] {override.py:1912} INFO - Created Permission View: can delete on DAG Run:example_xcom
[2025-04-09T15:49:01.600+0000] {logging_mixin.py:190} INFO - [2025-04-09T15:49:01.600+0000] {override.py:1912} INFO - Created Permission View: can read on DAG Run:example_xcom
[2025-04-09T15:49:01.601+0000] {logging_mixin.py:190} INFO - [2025-04-09T15:49:01.600+0000] {dag.py:3239} INFO - Sync 1 DAGs
[2025-04-09T15:49:01.617+0000] {logging_mixin.py:190} INFO - [2025-04-09T15:49:01.616+0000] {dag.py:3262} INFO - Creating ORM DAG for example_xcom
[2025-04-09T15:49:01.629+0000] {logging_mixin.py:190} INFO - [2025-04-09T15:49:01.628+0000] {dag.py:4180} INFO - Setting next_dagrun for example_xcom to 2021-01-01 00:00:00+00:00, run_after=2021-01-01 00:00:00+00:00
[2025-04-09T15:49:01.648+0000] {processor.py:208} INFO - Processing /home/airflow/.local/lib/python3.12/site-packages/airflow/example_dags/example_xcom.py took 0.308 seconds
[2025-04-09T15:50:23.097+0000] {processor.py:186} INFO - Started process (PID=764) to work on /home/airflow/.local/lib/python3.12/site-packages/airflow/example_dags/example_xcom.py
[2025-04-09T15:50:23.104+0000] {processor.py:914} INFO - Processing file /home/airflow/.local/lib/python3.12/site-packages/airflow/example_dags/example_xcom.py for tasks to queue
[2025-04-09T15:50:23.111+0000] {logging_mixin.py:190} INFO - [2025-04-09T15:50:23.110+0000] {dagbag.py:588} INFO - Filling up the DagBag from /home/airflow/.local/lib/python3.12/site-packages/airflow/example_dags/example_xcom.py
[2025-04-09T15:50:23.155+0000] {processor.py:925} INFO - DAG(s) 'example_xcom' retrieved from /home/airflow/.local/lib/python3.12/site-packages/airflow/example_dags/example_xcom.py
[2025-04-09T15:50:23.260+0000] {logging_mixin.py:190} INFO - [2025-04-09T15:50:23.260+0000] {dag.py:3239} INFO - Sync 1 DAGs
[2025-04-09T15:50:23.353+0000] {logging_mixin.py:190} INFO - [2025-04-09T15:50:23.352+0000] {dag.py:4180} INFO - Setting next_dagrun for example_xcom to 2021-01-01 00:00:00+00:00, run_after=2021-01-01 00:00:00+00:00
[2025-04-09T15:50:23.649+0000] {processor.py:208} INFO - Processing /home/airflow/.local/lib/python3.12/site-packages/airflow/example_dags/example_xcom.py took 0.567 seconds
[2025-04-09T15:51:25.524+0000] {processor.py:186} INFO - Started process (PID=1059) to work on /home/airflow/.local/lib/python3.12/site-packages/airflow/example_dags/example_xcom.py
[2025-04-09T15:51:25.530+0000] {processor.py:914} INFO - Processing file /home/airflow/.local/lib/python3.12/site-packages/airflow/example_dags/example_xcom.py for tasks to queue
[2025-04-09T15:51:25.555+0000] {logging_mixin.py:190} INFO - [2025-04-09T15:51:25.553+0000] {dagbag.py:588} INFO - Filling up the DagBag from /home/airflow/.local/lib/python3.12/site-packages/airflow/example_dags/example_xcom.py
[2025-04-09T15:51:25.592+0000] {processor.py:925} INFO - DAG(s) 'example_xcom' retrieved from /home/airflow/.local/lib/python3.12/site-packages/airflow/example_dags/example_xcom.py
[2025-04-09T15:51:25.695+0000] {logging_mixin.py:190} INFO - [2025-04-09T15:51:25.694+0000] {dag.py:3239} INFO - Sync 1 DAGs
[2025-04-09T15:51:25.784+0000] {logging_mixin.py:190} INFO - [2025-04-09T15:51:25.783+0000] {dag.py:4180} INFO - Setting next_dagrun for example_xcom to 2021-01-01 00:00:00+00:00, run_after=2021-01-01 00:00:00+00:00
[2025-04-09T15:51:26.153+0000] {processor.py:208} INFO - Processing /home/airflow/.local/lib/python3.12/site-packages/airflow/example_dags/example_xcom.py took 0.715 seconds
[2025-04-09T15:52:15.302+0000] {processor.py:186} INFO - Started process (PID=1373) to work on /home/airflow/.local/lib/python3.12/site-packages/airflow/example_dags/example_xcom.py
[2025-04-09T15:52:15.303+0000] {processor.py:914} INFO - Processing file /home/airflow/.local/lib/python3.12/site-packages/airflow/example_dags/example_xcom.py for tasks to queue
[2025-04-09T15:52:15.307+0000] {logging_mixin.py:190} INFO - [2025-04-09T15:52:15.307+0000] {dagbag.py:588} INFO - Filling up the DagBag from /home/airflow/.local/lib/python3.12/site-packages/airflow/example_dags/example_xcom.py
[2025-04-09T15:52:15.323+0000] {processor.py:925} INFO - DAG(s) 'example_xcom' retrieved from /home/airflow/.local/lib/python3.12/site-packages/airflow/example_dags/example_xcom.py
[2025-04-09T15:52:15.366+0000] {logging_mixin.py:190} INFO - [2025-04-09T15:52:15.365+0000] {dag.py:3239} INFO - Sync 1 DAGs
[2025-04-09T15:52:15.410+0000] {logging_mixin.py:190} INFO - [2025-04-09T15:52:15.410+0000] {dag.py:4180} INFO - Setting next_dagrun for example_xcom to 2021-01-01 00:00:00+00:00, run_after=2021-01-01 00:00:00+00:00
[2025-04-09T15:52:15.514+0000] {processor.py:208} INFO - Processing /home/airflow/.local/lib/python3.12/site-packages/airflow/example_dags/example_xcom.py took 0.225 seconds
[2025-04-09T15:55:26.438+0000] {processor.py:186} INFO - Started process (PID=429) to work on /home/airflow/.local/lib/python3.12/site-packages/airflow/example_dags/example_xcom.py
[2025-04-09T15:55:26.439+0000] {processor.py:914} INFO - Processing file /home/airflow/.local/lib/python3.12/site-packages/airflow/example_dags/example_xcom.py for tasks to queue
[2025-04-09T15:55:26.445+0000] {logging_mixin.py:190} INFO - [2025-04-09T15:55:26.443+0000] {dagbag.py:588} INFO - Filling up the DagBag from /home/airflow/.local/lib/python3.12/site-packages/airflow/example_dags/example_xcom.py
[2025-04-09T15:55:26.464+0000] {processor.py:925} INFO - DAG(s) 'example_xcom' retrieved from /home/airflow/.local/lib/python3.12/site-packages/airflow/example_dags/example_xcom.py
[2025-04-09T15:55:26.692+0000] {logging_mixin.py:190} INFO - [2025-04-09T15:55:26.691+0000] {override.py:1912} INFO - Created Permission View: can delete on DAG:example_xcom
[2025-04-09T15:55:26.729+0000] {logging_mixin.py:190} INFO - [2025-04-09T15:55:26.728+0000] {override.py:1912} INFO - Created Permission View: can edit on DAG:example_xcom
[2025-04-09T15:55:26.751+0000] {logging_mixin.py:190} INFO - [2025-04-09T15:55:26.751+0000] {override.py:1912} INFO - Created Permission View: can read on DAG:example_xcom
[2025-04-09T15:55:26.789+0000] {logging_mixin.py:190} INFO - [2025-04-09T15:55:26.788+0000] {override.py:1912} INFO - Created Permission View: can delete on DAG Run:example_xcom
[2025-04-09T15:55:26.910+0000] {logging_mixin.py:190} INFO - [2025-04-09T15:55:26.910+0000] {override.py:1912} INFO - Created Permission View: can create on DAG Run:example_xcom
[2025-04-09T15:55:26.938+0000] {logging_mixin.py:190} INFO - [2025-04-09T15:55:26.938+0000] {override.py:1912} INFO - Created Permission View: can read on DAG Run:example_xcom
[2025-04-09T15:55:26.990+0000] {logging_mixin.py:190} INFO - [2025-04-09T15:55:26.989+0000] {override.py:1912} INFO - Created Permission View: menu access on DAG Run:example_xcom
[2025-04-09T15:55:26.992+0000] {logging_mixin.py:190} INFO - [2025-04-09T15:55:26.991+0000] {dag.py:3239} INFO - Sync 1 DAGs
[2025-04-09T15:55:27.035+0000] {logging_mixin.py:190} INFO - [2025-04-09T15:55:27.034+0000] {dag.py:3262} INFO - Creating ORM DAG for example_xcom
[2025-04-09T15:55:27.073+0000] {logging_mixin.py:190} INFO - [2025-04-09T15:55:27.071+0000] {dag.py:4180} INFO - Setting next_dagrun for example_xcom to 2021-01-01 00:00:00+00:00, run_after=2021-01-01 00:00:00+00:00
[2025-04-09T15:55:27.161+0000] {processor.py:208} INFO - Processing /home/airflow/.local/lib/python3.12/site-packages/airflow/example_dags/example_xcom.py took 0.734 seconds
[2025-04-09T15:55:58.404+0000] {processor.py:186} INFO - Started process (PID=720) to work on /home/airflow/.local/lib/python3.12/site-packages/airflow/example_dags/example_xcom.py
[2025-04-09T15:55:58.407+0000] {processor.py:914} INFO - Processing file /home/airflow/.local/lib/python3.12/site-packages/airflow/example_dags/example_xcom.py for tasks to queue
[2025-04-09T15:55:58.413+0000] {logging_mixin.py:190} INFO - [2025-04-09T15:55:58.412+0000] {dagbag.py:588} INFO - Filling up the DagBag from /home/airflow/.local/lib/python3.12/site-packages/airflow/example_dags/example_xcom.py
[2025-04-09T15:55:58.441+0000] {processor.py:925} INFO - DAG(s) 'example_xcom' retrieved from /home/airflow/.local/lib/python3.12/site-packages/airflow/example_dags/example_xcom.py
[2025-04-09T15:55:58.516+0000] {logging_mixin.py:190} INFO - [2025-04-09T15:55:58.516+0000] {dag.py:3239} INFO - Sync 1 DAGs
[2025-04-09T15:55:58.639+0000] {logging_mixin.py:190} INFO - [2025-04-09T15:55:58.639+0000] {dag.py:4180} INFO - Setting next_dagrun for example_xcom to 2021-01-01 00:00:00+00:00, run_after=2021-01-01 00:00:00+00:00
[2025-04-09T15:55:58.778+0000] {processor.py:208} INFO - Processing /home/airflow/.local/lib/python3.12/site-packages/airflow/example_dags/example_xcom.py took 0.391 seconds
[2025-04-09T15:56:32.514+0000] {processor.py:186} INFO - Started process (PID=1011) to work on /home/airflow/.local/lib/python3.12/site-packages/airflow/example_dags/example_xcom.py
[2025-04-09T15:56:32.517+0000] {processor.py:914} INFO - Processing file /home/airflow/.local/lib/python3.12/site-packages/airflow/example_dags/example_xcom.py for tasks to queue
[2025-04-09T15:56:32.523+0000] {logging_mixin.py:190} INFO - [2025-04-09T15:56:32.522+0000] {dagbag.py:588} INFO - Filling up the DagBag from /home/airflow/.local/lib/python3.12/site-packages/airflow/example_dags/example_xcom.py
[2025-04-09T15:56:32.550+0000] {processor.py:925} INFO - DAG(s) 'example_xcom' retrieved from /home/airflow/.local/lib/python3.12/site-packages/airflow/example_dags/example_xcom.py
[2025-04-09T15:56:32.598+0000] {logging_mixin.py:190} INFO - [2025-04-09T15:56:32.598+0000] {dag.py:3239} INFO - Sync 1 DAGs
[2025-04-09T15:56:32.647+0000] {logging_mixin.py:190} INFO - [2025-04-09T15:56:32.646+0000] {dag.py:4180} INFO - Setting next_dagrun for example_xcom to 2021-01-01 00:00:00+00:00, run_after=2021-01-01 00:00:00+00:00
[2025-04-09T15:56:32.676+0000] {processor.py:208} INFO - Processing /home/airflow/.local/lib/python3.12/site-packages/airflow/example_dags/example_xcom.py took 0.192 seconds
[2025-04-09T15:57:02.875+0000] {processor.py:186} INFO - Started process (PID=1302) to work on /home/airflow/.local/lib/python3.12/site-packages/airflow/example_dags/example_xcom.py
[2025-04-09T15:57:02.876+0000] {processor.py:914} INFO - Processing file /home/airflow/.local/lib/python3.12/site-packages/airflow/example_dags/example_xcom.py for tasks to queue
[2025-04-09T15:57:02.880+0000] {logging_mixin.py:190} INFO - [2025-04-09T15:57:02.879+0000] {dagbag.py:588} INFO - Filling up the DagBag from /home/airflow/.local/lib/python3.12/site-packages/airflow/example_dags/example_xcom.py
[2025-04-09T15:57:02.892+0000] {processor.py:925} INFO - DAG(s) 'example_xcom' retrieved from /home/airflow/.local/lib/python3.12/site-packages/airflow/example_dags/example_xcom.py
[2025-04-09T15:57:02.924+0000] {logging_mixin.py:190} INFO - [2025-04-09T15:57:02.924+0000] {dag.py:3239} INFO - Sync 1 DAGs
[2025-04-09T15:57:02.955+0000] {logging_mixin.py:190} INFO - [2025-04-09T15:57:02.955+0000] {dag.py:4180} INFO - Setting next_dagrun for example_xcom to 2021-01-01 00:00:00+00:00, run_after=2021-01-01 00:00:00+00:00
[2025-04-09T15:57:02.983+0000] {processor.py:208} INFO - Processing /home/airflow/.local/lib/python3.12/site-packages/airflow/example_dags/example_xcom.py took 0.117 seconds
[2025-04-09T15:57:34.672+0000] {processor.py:186} INFO - Started process (PID=1608) to work on /home/airflow/.local/lib/python3.12/site-packages/airflow/example_dags/example_xcom.py
[2025-04-09T15:57:34.673+0000] {processor.py:914} INFO - Processing file /home/airflow/.local/lib/python3.12/site-packages/airflow/example_dags/example_xcom.py for tasks to queue
[2025-04-09T15:57:34.676+0000] {logging_mixin.py:190} INFO - [2025-04-09T15:57:34.676+0000] {dagbag.py:588} INFO - Filling up the DagBag from /home/airflow/.local/lib/python3.12/site-packages/airflow/example_dags/example_xcom.py
[2025-04-09T15:57:34.693+0000] {processor.py:925} INFO - DAG(s) 'example_xcom' retrieved from /home/airflow/.local/lib/python3.12/site-packages/airflow/example_dags/example_xcom.py
[2025-04-09T15:57:34.731+0000] {logging_mixin.py:190} INFO - [2025-04-09T15:57:34.730+0000] {dag.py:3239} INFO - Sync 1 DAGs
[2025-04-09T15:57:34.770+0000] {logging_mixin.py:190} INFO - [2025-04-09T15:57:34.769+0000] {dag.py:4180} INFO - Setting next_dagrun for example_xcom to 2021-01-01 00:00:00+00:00, run_after=2021-01-01 00:00:00+00:00
[2025-04-09T15:57:34.802+0000] {processor.py:208} INFO - Processing /home/airflow/.local/lib/python3.12/site-packages/airflow/example_dags/example_xcom.py took 0.143 seconds
