[2025-04-09T15:48:57.142+0000] {processor.py:186} INFO - Started process (PID=306) to work on /home/airflow/.local/lib/python3.12/site-packages/airflow/example_dags/example_outlet_event_extra.py
[2025-04-09T15:48:57.143+0000] {processor.py:914} INFO - Processing file /home/airflow/.local/lib/python3.12/site-packages/airflow/example_dags/example_outlet_event_extra.py for tasks to queue
[2025-04-09T15:48:57.146+0000] {logging_mixin.py:190} INFO - [2025-04-09T15:48:57.145+0000] {dagbag.py:588} INFO - Filling up the DagBag from /home/airflow/.local/lib/python3.12/site-packages/airflow/example_dags/example_outlet_event_extra.py
[2025-04-09T15:48:57.601+0000] {processor.py:925} INFO - DAG(s) 'dataset_with_extra_by_yield', 'dataset_with_extra_by_context', 'dataset_with_extra_from_classic_operator' retrieved from /home/airflow/.local/lib/python3.12/site-packages/airflow/example_dags/example_outlet_event_extra.py
[2025-04-09T15:48:57.928+0000] {logging_mixin.py:190} INFO - [2025-04-09T15:48:57.927+0000] {override.py:1912} INFO - Created Permission View: can delete on DAG:dataset_with_extra_by_yield
[2025-04-09T15:48:57.940+0000] {logging_mixin.py:190} INFO - [2025-04-09T15:48:57.940+0000] {override.py:1912} INFO - Created Permission View: can edit on DAG:dataset_with_extra_by_yield
[2025-04-09T15:48:57.949+0000] {logging_mixin.py:190} INFO - [2025-04-09T15:48:57.949+0000] {override.py:1912} INFO - Created Permission View: can read on DAG:dataset_with_extra_by_yield
[2025-04-09T15:48:57.960+0000] {logging_mixin.py:190} INFO - [2025-04-09T15:48:57.959+0000] {override.py:1912} INFO - Created Permission View: menu access on DAG Run:dataset_with_extra_by_yield
[2025-04-09T15:48:57.969+0000] {logging_mixin.py:190} INFO - [2025-04-09T15:48:57.969+0000] {override.py:1912} INFO - Created Permission View: can create on DAG Run:dataset_with_extra_by_yield
[2025-04-09T15:48:57.979+0000] {logging_mixin.py:190} INFO - [2025-04-09T15:48:57.979+0000] {override.py:1912} INFO - Created Permission View: can delete on DAG Run:dataset_with_extra_by_yield
[2025-04-09T15:48:57.988+0000] {logging_mixin.py:190} INFO - [2025-04-09T15:48:57.988+0000] {override.py:1912} INFO - Created Permission View: can read on DAG Run:dataset_with_extra_by_yield
[2025-04-09T15:48:58.014+0000] {logging_mixin.py:190} INFO - [2025-04-09T15:48:58.013+0000] {override.py:1912} INFO - Created Permission View: can delete on DAG:dataset_with_extra_by_context
[2025-04-09T15:48:58.023+0000] {logging_mixin.py:190} INFO - [2025-04-09T15:48:58.023+0000] {override.py:1912} INFO - Created Permission View: can edit on DAG:dataset_with_extra_by_context
[2025-04-09T15:48:58.033+0000] {logging_mixin.py:190} INFO - [2025-04-09T15:48:58.033+0000] {override.py:1912} INFO - Created Permission View: can read on DAG:dataset_with_extra_by_context
[2025-04-09T15:48:58.043+0000] {logging_mixin.py:190} INFO - [2025-04-09T15:48:58.043+0000] {override.py:1912} INFO - Created Permission View: menu access on DAG Run:dataset_with_extra_by_context
[2025-04-09T15:48:58.055+0000] {logging_mixin.py:190} INFO - [2025-04-09T15:48:58.055+0000] {override.py:1912} INFO - Created Permission View: can create on DAG Run:dataset_with_extra_by_context
[2025-04-09T15:48:58.067+0000] {logging_mixin.py:190} INFO - [2025-04-09T15:48:58.067+0000] {override.py:1912} INFO - Created Permission View: can delete on DAG Run:dataset_with_extra_by_context
[2025-04-09T15:48:58.077+0000] {logging_mixin.py:190} INFO - [2025-04-09T15:48:58.077+0000] {override.py:1912} INFO - Created Permission View: can read on DAG Run:dataset_with_extra_by_context
[2025-04-09T15:48:58.095+0000] {logging_mixin.py:190} INFO - [2025-04-09T15:48:58.094+0000] {override.py:1912} INFO - Created Permission View: can delete on DAG:dataset_with_extra_from_classic_operator
[2025-04-09T15:48:58.103+0000] {logging_mixin.py:190} INFO - [2025-04-09T15:48:58.102+0000] {override.py:1912} INFO - Created Permission View: can edit on DAG:dataset_with_extra_from_classic_operator
[2025-04-09T15:48:58.112+0000] {logging_mixin.py:190} INFO - [2025-04-09T15:48:58.111+0000] {override.py:1912} INFO - Created Permission View: can read on DAG:dataset_with_extra_from_classic_operator
[2025-04-09T15:48:58.123+0000] {logging_mixin.py:190} INFO - [2025-04-09T15:48:58.123+0000] {override.py:1912} INFO - Created Permission View: menu access on DAG Run:dataset_with_extra_from_classic_operator
[2025-04-09T15:48:58.132+0000] {logging_mixin.py:190} INFO - [2025-04-09T15:48:58.132+0000] {override.py:1912} INFO - Created Permission View: can create on DAG Run:dataset_with_extra_from_classic_operator
[2025-04-09T15:48:58.141+0000] {logging_mixin.py:190} INFO - [2025-04-09T15:48:58.140+0000] {override.py:1912} INFO - Created Permission View: can delete on DAG Run:dataset_with_extra_from_classic_operator
[2025-04-09T15:48:58.150+0000] {logging_mixin.py:190} INFO - [2025-04-09T15:48:58.149+0000] {override.py:1912} INFO - Created Permission View: can read on DAG Run:dataset_with_extra_from_classic_operator
[2025-04-09T15:48:58.150+0000] {logging_mixin.py:190} INFO - [2025-04-09T15:48:58.150+0000] {dag.py:3239} INFO - Sync 3 DAGs
[2025-04-09T15:48:58.165+0000] {logging_mixin.py:190} INFO - [2025-04-09T15:48:58.165+0000] {dag.py:3262} INFO - Creating ORM DAG for dataset_with_extra_from_classic_operator
[2025-04-09T15:48:58.166+0000] {logging_mixin.py:190} INFO - [2025-04-09T15:48:58.166+0000] {dag.py:3262} INFO - Creating ORM DAG for dataset_with_extra_by_context
[2025-04-09T15:48:58.167+0000] {logging_mixin.py:190} INFO - [2025-04-09T15:48:58.167+0000] {dag.py:3262} INFO - Creating ORM DAG for dataset_with_extra_by_yield
[2025-04-09T15:48:58.181+0000] {logging_mixin.py:190} INFO - [2025-04-09T15:48:58.180+0000] {dag.py:4180} INFO - Setting next_dagrun for dataset_with_extra_by_context to 2025-04-08 00:00:00+00:00, run_after=2025-04-09 00:00:00+00:00
[2025-04-09T15:48:58.184+0000] {logging_mixin.py:190} INFO - [2025-04-09T15:48:58.183+0000] {dag.py:4180} INFO - Setting next_dagrun for dataset_with_extra_by_yield to 2025-04-08 00:00:00+00:00, run_after=2025-04-09 00:00:00+00:00
[2025-04-09T15:48:58.187+0000] {logging_mixin.py:190} INFO - [2025-04-09T15:48:58.186+0000] {dag.py:4180} INFO - Setting next_dagrun for dataset_with_extra_from_classic_operator to 2025-04-08 00:00:00+00:00, run_after=2025-04-09 00:00:00+00:00
[2025-04-09T15:48:58.221+0000] {processor.py:208} INFO - Processing /home/airflow/.local/lib/python3.12/site-packages/airflow/example_dags/example_outlet_event_extra.py took 1.086 seconds
[2025-04-09T15:50:11.854+0000] {processor.py:186} INFO - Started process (PID=653) to work on /home/airflow/.local/lib/python3.12/site-packages/airflow/example_dags/example_outlet_event_extra.py
[2025-04-09T15:50:11.861+0000] {processor.py:914} INFO - Processing file /home/airflow/.local/lib/python3.12/site-packages/airflow/example_dags/example_outlet_event_extra.py for tasks to queue
[2025-04-09T15:50:11.865+0000] {logging_mixin.py:190} INFO - [2025-04-09T15:50:11.864+0000] {dagbag.py:588} INFO - Filling up the DagBag from /home/airflow/.local/lib/python3.12/site-packages/airflow/example_dags/example_outlet_event_extra.py
[2025-04-09T15:50:14.083+0000] {processor.py:925} INFO - DAG(s) 'dataset_with_extra_by_context', 'dataset_with_extra_by_yield', 'dataset_with_extra_from_classic_operator' retrieved from /home/airflow/.local/lib/python3.12/site-packages/airflow/example_dags/example_outlet_event_extra.py
[2025-04-09T15:50:14.171+0000] {logging_mixin.py:190} INFO - [2025-04-09T15:50:14.170+0000] {dag.py:3239} INFO - Sync 3 DAGs
[2025-04-09T15:50:15.988+0000] {logging_mixin.py:190} INFO - [2025-04-09T15:50:15.987+0000] {dag.py:4180} INFO - Setting next_dagrun for dataset_with_extra_by_context to 2025-04-08 00:00:00+00:00, run_after=2025-04-09 00:00:00+00:00
[2025-04-09T15:50:16.092+0000] {logging_mixin.py:190} INFO - [2025-04-09T15:50:16.090+0000] {dag.py:4180} INFO - Setting next_dagrun for dataset_with_extra_by_yield to 2025-04-08 00:00:00+00:00, run_after=2025-04-09 00:00:00+00:00
[2025-04-09T15:50:16.115+0000] {logging_mixin.py:190} INFO - [2025-04-09T15:50:16.114+0000] {dag.py:4180} INFO - Setting next_dagrun for dataset_with_extra_from_classic_operator to 2025-04-08 00:00:00+00:00, run_after=2025-04-09 00:00:00+00:00
[2025-04-09T15:50:16.331+0000] {processor.py:208} INFO - Processing /home/airflow/.local/lib/python3.12/site-packages/airflow/example_dags/example_outlet_event_extra.py took 4.489 seconds
[2025-04-09T15:50:57.820+0000] {processor.py:186} INFO - Started process (PID=956) to work on /home/airflow/.local/lib/python3.12/site-packages/airflow/example_dags/example_outlet_event_extra.py
[2025-04-09T15:50:57.826+0000] {processor.py:914} INFO - Processing file /home/airflow/.local/lib/python3.12/site-packages/airflow/example_dags/example_outlet_event_extra.py for tasks to queue
[2025-04-09T15:50:57.851+0000] {logging_mixin.py:190} INFO - [2025-04-09T15:50:57.850+0000] {dagbag.py:588} INFO - Filling up the DagBag from /home/airflow/.local/lib/python3.12/site-packages/airflow/example_dags/example_outlet_event_extra.py
[2025-04-09T15:51:03.496+0000] {processor.py:925} INFO - DAG(s) 'dataset_with_extra_by_context', 'dataset_with_extra_by_yield', 'dataset_with_extra_from_classic_operator' retrieved from /home/airflow/.local/lib/python3.12/site-packages/airflow/example_dags/example_outlet_event_extra.py
[2025-04-09T15:51:03.616+0000] {logging_mixin.py:190} INFO - [2025-04-09T15:51:03.616+0000] {dag.py:3239} INFO - Sync 3 DAGs
[2025-04-09T15:51:03.842+0000] {logging_mixin.py:190} INFO - [2025-04-09T15:51:03.841+0000] {dag.py:4180} INFO - Setting next_dagrun for dataset_with_extra_by_context to 2025-04-08 00:00:00+00:00, run_after=2025-04-09 00:00:00+00:00
[2025-04-09T15:51:03.892+0000] {logging_mixin.py:190} INFO - [2025-04-09T15:51:03.892+0000] {dag.py:4180} INFO - Setting next_dagrun for dataset_with_extra_by_yield to 2025-04-08 00:00:00+00:00, run_after=2025-04-09 00:00:00+00:00
[2025-04-09T15:51:03.901+0000] {logging_mixin.py:190} INFO - [2025-04-09T15:51:03.900+0000] {dag.py:4180} INFO - Setting next_dagrun for dataset_with_extra_from_classic_operator to 2025-04-08 00:00:00+00:00, run_after=2025-04-09 00:00:00+00:00
[2025-04-09T15:51:05.963+0000] {processor.py:208} INFO - Processing /home/airflow/.local/lib/python3.12/site-packages/airflow/example_dags/example_outlet_event_extra.py took 8.206 seconds
[2025-04-09T15:52:06.554+0000] {processor.py:186} INFO - Started process (PID=1273) to work on /home/airflow/.local/lib/python3.12/site-packages/airflow/example_dags/example_outlet_event_extra.py
[2025-04-09T15:52:06.581+0000] {processor.py:914} INFO - Processing file /home/airflow/.local/lib/python3.12/site-packages/airflow/example_dags/example_outlet_event_extra.py for tasks to queue
[2025-04-09T15:52:06.591+0000] {logging_mixin.py:190} INFO - [2025-04-09T15:52:06.590+0000] {dagbag.py:588} INFO - Filling up the DagBag from /home/airflow/.local/lib/python3.12/site-packages/airflow/example_dags/example_outlet_event_extra.py
[2025-04-09T15:52:10.233+0000] {processor.py:925} INFO - DAG(s) 'dataset_with_extra_by_yield', 'dataset_with_extra_from_classic_operator', 'dataset_with_extra_by_context' retrieved from /home/airflow/.local/lib/python3.12/site-packages/airflow/example_dags/example_outlet_event_extra.py
[2025-04-09T15:52:10.346+0000] {logging_mixin.py:190} INFO - [2025-04-09T15:52:10.345+0000] {dag.py:3239} INFO - Sync 3 DAGs
[2025-04-09T15:52:10.425+0000] {logging_mixin.py:190} INFO - [2025-04-09T15:52:10.425+0000] {dag.py:4180} INFO - Setting next_dagrun for dataset_with_extra_by_context to 2025-04-08 00:00:00+00:00, run_after=2025-04-09 00:00:00+00:00
[2025-04-09T15:52:10.442+0000] {logging_mixin.py:190} INFO - [2025-04-09T15:52:10.442+0000] {dag.py:4180} INFO - Setting next_dagrun for dataset_with_extra_by_yield to 2025-04-08 00:00:00+00:00, run_after=2025-04-09 00:00:00+00:00
[2025-04-09T15:52:10.450+0000] {logging_mixin.py:190} INFO - [2025-04-09T15:52:10.450+0000] {dag.py:4180} INFO - Setting next_dagrun for dataset_with_extra_from_classic_operator to 2025-04-08 00:00:00+00:00, run_after=2025-04-09 00:00:00+00:00
[2025-04-09T15:52:10.503+0000] {processor.py:208} INFO - Processing /home/airflow/.local/lib/python3.12/site-packages/airflow/example_dags/example_outlet_event_extra.py took 3.972 seconds
[2025-04-09T15:55:10.170+0000] {processor.py:186} INFO - Started process (PID=318) to work on /home/airflow/.local/lib/python3.12/site-packages/airflow/example_dags/example_outlet_event_extra.py
[2025-04-09T15:55:10.172+0000] {processor.py:914} INFO - Processing file /home/airflow/.local/lib/python3.12/site-packages/airflow/example_dags/example_outlet_event_extra.py for tasks to queue
[2025-04-09T15:55:10.176+0000] {logging_mixin.py:190} INFO - [2025-04-09T15:55:10.176+0000] {dagbag.py:588} INFO - Filling up the DagBag from /home/airflow/.local/lib/python3.12/site-packages/airflow/example_dags/example_outlet_event_extra.py
[2025-04-09T15:55:11.221+0000] {processor.py:925} INFO - DAG(s) 'dataset_with_extra_by_yield', 'dataset_with_extra_from_classic_operator', 'dataset_with_extra_by_context' retrieved from /home/airflow/.local/lib/python3.12/site-packages/airflow/example_dags/example_outlet_event_extra.py
[2025-04-09T15:55:13.710+0000] {logging_mixin.py:190} INFO - [2025-04-09T15:55:13.705+0000] {override.py:1912} INFO - Created Permission View: can delete on DAG:dataset_with_extra_by_yield
[2025-04-09T15:55:13.780+0000] {logging_mixin.py:190} INFO - [2025-04-09T15:55:13.778+0000] {override.py:1912} INFO - Created Permission View: can edit on DAG:dataset_with_extra_by_yield
[2025-04-09T15:55:13.832+0000] {logging_mixin.py:190} INFO - [2025-04-09T15:55:13.831+0000] {override.py:1912} INFO - Created Permission View: can read on DAG:dataset_with_extra_by_yield
[2025-04-09T15:55:13.907+0000] {logging_mixin.py:190} INFO - [2025-04-09T15:55:13.906+0000] {override.py:1912} INFO - Created Permission View: can delete on DAG Run:dataset_with_extra_by_yield
[2025-04-09T15:55:13.924+0000] {logging_mixin.py:190} INFO - [2025-04-09T15:55:13.923+0000] {override.py:1912} INFO - Created Permission View: can create on DAG Run:dataset_with_extra_by_yield
[2025-04-09T15:55:13.963+0000] {logging_mixin.py:190} INFO - [2025-04-09T15:55:13.963+0000] {override.py:1912} INFO - Created Permission View: can read on DAG Run:dataset_with_extra_by_yield
[2025-04-09T15:55:13.982+0000] {logging_mixin.py:190} INFO - [2025-04-09T15:55:13.981+0000] {override.py:1912} INFO - Created Permission View: menu access on DAG Run:dataset_with_extra_by_yield
[2025-04-09T15:55:14.041+0000] {logging_mixin.py:190} INFO - [2025-04-09T15:55:14.040+0000] {override.py:1912} INFO - Created Permission View: can delete on DAG:dataset_with_extra_from_classic_operator
[2025-04-09T15:55:14.158+0000] {logging_mixin.py:190} INFO - [2025-04-09T15:55:14.157+0000] {override.py:1912} INFO - Created Permission View: can edit on DAG:dataset_with_extra_from_classic_operator
[2025-04-09T15:55:14.178+0000] {logging_mixin.py:190} INFO - [2025-04-09T15:55:14.177+0000] {override.py:1912} INFO - Created Permission View: can read on DAG:dataset_with_extra_from_classic_operator
[2025-04-09T15:55:14.200+0000] {logging_mixin.py:190} INFO - [2025-04-09T15:55:14.199+0000] {override.py:1912} INFO - Created Permission View: can delete on DAG Run:dataset_with_extra_from_classic_operator
[2025-04-09T15:55:14.212+0000] {logging_mixin.py:190} INFO - [2025-04-09T15:55:14.212+0000] {override.py:1912} INFO - Created Permission View: can create on DAG Run:dataset_with_extra_from_classic_operator
[2025-04-09T15:55:14.229+0000] {logging_mixin.py:190} INFO - [2025-04-09T15:55:14.229+0000] {override.py:1912} INFO - Created Permission View: can read on DAG Run:dataset_with_extra_from_classic_operator
[2025-04-09T15:55:14.263+0000] {logging_mixin.py:190} INFO - [2025-04-09T15:55:14.262+0000] {override.py:1912} INFO - Created Permission View: menu access on DAG Run:dataset_with_extra_from_classic_operator
[2025-04-09T15:55:14.501+0000] {logging_mixin.py:190} INFO - [2025-04-09T15:55:14.470+0000] {override.py:1912} INFO - Created Permission View: can delete on DAG:dataset_with_extra_by_context
[2025-04-09T15:55:14.702+0000] {logging_mixin.py:190} INFO - [2025-04-09T15:55:14.702+0000] {override.py:1912} INFO - Created Permission View: can edit on DAG:dataset_with_extra_by_context
[2025-04-09T15:55:14.734+0000] {logging_mixin.py:190} INFO - [2025-04-09T15:55:14.733+0000] {override.py:1912} INFO - Created Permission View: can read on DAG:dataset_with_extra_by_context
[2025-04-09T15:55:14.774+0000] {logging_mixin.py:190} INFO - [2025-04-09T15:55:14.773+0000] {override.py:1912} INFO - Created Permission View: can delete on DAG Run:dataset_with_extra_by_context
[2025-04-09T15:55:14.811+0000] {logging_mixin.py:190} INFO - [2025-04-09T15:55:14.809+0000] {override.py:1912} INFO - Created Permission View: can create on DAG Run:dataset_with_extra_by_context
[2025-04-09T15:55:14.928+0000] {logging_mixin.py:190} INFO - [2025-04-09T15:55:14.927+0000] {override.py:1912} INFO - Created Permission View: can read on DAG Run:dataset_with_extra_by_context
[2025-04-09T15:55:14.954+0000] {logging_mixin.py:190} INFO - [2025-04-09T15:55:14.952+0000] {override.py:1912} INFO - Created Permission View: menu access on DAG Run:dataset_with_extra_by_context
[2025-04-09T15:55:14.957+0000] {logging_mixin.py:190} INFO - [2025-04-09T15:55:14.956+0000] {dag.py:3239} INFO - Sync 3 DAGs
[2025-04-09T15:55:15.185+0000] {logging_mixin.py:190} INFO - [2025-04-09T15:55:15.177+0000] {dag.py:3262} INFO - Creating ORM DAG for dataset_with_extra_from_classic_operator
[2025-04-09T15:55:15.189+0000] {logging_mixin.py:190} INFO - [2025-04-09T15:55:15.189+0000] {dag.py:3262} INFO - Creating ORM DAG for dataset_with_extra_by_context
[2025-04-09T15:55:15.191+0000] {logging_mixin.py:190} INFO - [2025-04-09T15:55:15.191+0000] {dag.py:3262} INFO - Creating ORM DAG for dataset_with_extra_by_yield
[2025-04-09T15:55:15.334+0000] {logging_mixin.py:190} INFO - [2025-04-09T15:55:15.334+0000] {dag.py:4180} INFO - Setting next_dagrun for dataset_with_extra_by_context to 2025-04-08 00:00:00+00:00, run_after=2025-04-09 00:00:00+00:00
[2025-04-09T15:55:15.363+0000] {logging_mixin.py:190} INFO - [2025-04-09T15:55:15.362+0000] {dag.py:4180} INFO - Setting next_dagrun for dataset_with_extra_by_yield to 2025-04-08 00:00:00+00:00, run_after=2025-04-09 00:00:00+00:00
[2025-04-09T15:55:15.382+0000] {logging_mixin.py:190} INFO - [2025-04-09T15:55:15.380+0000] {dag.py:4180} INFO - Setting next_dagrun for dataset_with_extra_from_classic_operator to 2025-04-08 00:00:00+00:00, run_after=2025-04-09 00:00:00+00:00
[2025-04-09T15:55:15.624+0000] {processor.py:208} INFO - Processing /home/airflow/.local/lib/python3.12/site-packages/airflow/example_dags/example_outlet_event_extra.py took 5.464 seconds
[2025-04-09T15:55:46.267+0000] {processor.py:186} INFO - Started process (PID=627) to work on /home/airflow/.local/lib/python3.12/site-packages/airflow/example_dags/example_outlet_event_extra.py
[2025-04-09T15:55:46.272+0000] {processor.py:914} INFO - Processing file /home/airflow/.local/lib/python3.12/site-packages/airflow/example_dags/example_outlet_event_extra.py for tasks to queue
[2025-04-09T15:55:46.280+0000] {logging_mixin.py:190} INFO - [2025-04-09T15:55:46.279+0000] {dagbag.py:588} INFO - Filling up the DagBag from /home/airflow/.local/lib/python3.12/site-packages/airflow/example_dags/example_outlet_event_extra.py
[2025-04-09T15:55:47.274+0000] {processor.py:925} INFO - DAG(s) 'dataset_with_extra_by_yield', 'dataset_with_extra_from_classic_operator', 'dataset_with_extra_by_context' retrieved from /home/airflow/.local/lib/python3.12/site-packages/airflow/example_dags/example_outlet_event_extra.py
[2025-04-09T15:55:47.334+0000] {logging_mixin.py:190} INFO - [2025-04-09T15:55:47.333+0000] {dag.py:3239} INFO - Sync 3 DAGs
[2025-04-09T15:55:47.387+0000] {logging_mixin.py:190} INFO - [2025-04-09T15:55:47.386+0000] {dag.py:4180} INFO - Setting next_dagrun for dataset_with_extra_by_context to 2025-04-08 00:00:00+00:00, run_after=2025-04-09 00:00:00+00:00
[2025-04-09T15:55:47.435+0000] {logging_mixin.py:190} INFO - [2025-04-09T15:55:47.435+0000] {dag.py:4180} INFO - Setting next_dagrun for dataset_with_extra_by_yield to 2025-04-08 00:00:00+00:00, run_after=2025-04-09 00:00:00+00:00
[2025-04-09T15:55:47.440+0000] {logging_mixin.py:190} INFO - [2025-04-09T15:55:47.440+0000] {dag.py:4180} INFO - Setting next_dagrun for dataset_with_extra_from_classic_operator to 2025-04-08 00:00:00+00:00, run_after=2025-04-09 00:00:00+00:00
[2025-04-09T15:55:47.951+0000] {processor.py:208} INFO - Processing /home/airflow/.local/lib/python3.12/site-packages/airflow/example_dags/example_outlet_event_extra.py took 1.857 seconds
[2025-04-09T15:56:27.854+0000] {processor.py:186} INFO - Started process (PID=918) to work on /home/airflow/.local/lib/python3.12/site-packages/airflow/example_dags/example_outlet_event_extra.py
[2025-04-09T15:56:27.856+0000] {processor.py:914} INFO - Processing file /home/airflow/.local/lib/python3.12/site-packages/airflow/example_dags/example_outlet_event_extra.py for tasks to queue
[2025-04-09T15:56:27.861+0000] {logging_mixin.py:190} INFO - [2025-04-09T15:56:27.860+0000] {dagbag.py:588} INFO - Filling up the DagBag from /home/airflow/.local/lib/python3.12/site-packages/airflow/example_dags/example_outlet_event_extra.py
[2025-04-09T15:56:29.447+0000] {processor.py:925} INFO - DAG(s) 'dataset_with_extra_from_classic_operator', 'dataset_with_extra_by_yield', 'dataset_with_extra_by_context' retrieved from /home/airflow/.local/lib/python3.12/site-packages/airflow/example_dags/example_outlet_event_extra.py
[2025-04-09T15:56:29.518+0000] {logging_mixin.py:190} INFO - [2025-04-09T15:56:29.518+0000] {dag.py:3239} INFO - Sync 3 DAGs
[2025-04-09T15:56:29.575+0000] {logging_mixin.py:190} INFO - [2025-04-09T15:56:29.574+0000] {dag.py:4180} INFO - Setting next_dagrun for dataset_with_extra_by_context to 2025-04-08 00:00:00+00:00, run_after=2025-04-09 00:00:00+00:00
[2025-04-09T15:56:29.591+0000] {logging_mixin.py:190} INFO - [2025-04-09T15:56:29.590+0000] {dag.py:4180} INFO - Setting next_dagrun for dataset_with_extra_by_yield to 2025-04-08 00:00:00+00:00, run_after=2025-04-09 00:00:00+00:00
[2025-04-09T15:56:29.598+0000] {logging_mixin.py:190} INFO - [2025-04-09T15:56:29.597+0000] {dag.py:4180} INFO - Setting next_dagrun for dataset_with_extra_from_classic_operator to 2025-04-08 00:00:00+00:00, run_after=2025-04-09 00:00:00+00:00
[2025-04-09T15:56:29.675+0000] {processor.py:208} INFO - Processing /home/airflow/.local/lib/python3.12/site-packages/airflow/example_dags/example_outlet_event_extra.py took 1.839 seconds
[2025-04-09T15:56:59.831+0000] {processor.py:186} INFO - Started process (PID=1224) to work on /home/airflow/.local/lib/python3.12/site-packages/airflow/example_dags/example_outlet_event_extra.py
[2025-04-09T15:56:59.832+0000] {processor.py:914} INFO - Processing file /home/airflow/.local/lib/python3.12/site-packages/airflow/example_dags/example_outlet_event_extra.py for tasks to queue
[2025-04-09T15:56:59.836+0000] {logging_mixin.py:190} INFO - [2025-04-09T15:56:59.835+0000] {dagbag.py:588} INFO - Filling up the DagBag from /home/airflow/.local/lib/python3.12/site-packages/airflow/example_dags/example_outlet_event_extra.py
[2025-04-09T15:57:00.411+0000] {processor.py:925} INFO - DAG(s) 'dataset_with_extra_by_context', 'dataset_with_extra_by_yield', 'dataset_with_extra_from_classic_operator' retrieved from /home/airflow/.local/lib/python3.12/site-packages/airflow/example_dags/example_outlet_event_extra.py
[2025-04-09T15:57:00.758+0000] {logging_mixin.py:190} INFO - [2025-04-09T15:57:00.758+0000] {dag.py:3239} INFO - Sync 3 DAGs
[2025-04-09T15:57:00.794+0000] {logging_mixin.py:190} INFO - [2025-04-09T15:57:00.794+0000] {dag.py:4180} INFO - Setting next_dagrun for dataset_with_extra_by_context to 2025-04-08 00:00:00+00:00, run_after=2025-04-09 00:00:00+00:00
[2025-04-09T15:57:00.801+0000] {logging_mixin.py:190} INFO - [2025-04-09T15:57:00.801+0000] {dag.py:4180} INFO - Setting next_dagrun for dataset_with_extra_by_yield to 2025-04-08 00:00:00+00:00, run_after=2025-04-09 00:00:00+00:00
[2025-04-09T15:57:00.805+0000] {logging_mixin.py:190} INFO - [2025-04-09T15:57:00.805+0000] {dag.py:4180} INFO - Setting next_dagrun for dataset_with_extra_from_classic_operator to 2025-04-08 00:00:00+00:00, run_after=2025-04-09 00:00:00+00:00
[2025-04-09T15:57:00.872+0000] {processor.py:208} INFO - Processing /home/airflow/.local/lib/python3.12/site-packages/airflow/example_dags/example_outlet_event_extra.py took 1.050 seconds
[2025-04-09T15:57:32.215+0000] {processor.py:186} INFO - Started process (PID=1523) to work on /home/airflow/.local/lib/python3.12/site-packages/airflow/example_dags/example_outlet_event_extra.py
[2025-04-09T15:57:32.218+0000] {processor.py:914} INFO - Processing file /home/airflow/.local/lib/python3.12/site-packages/airflow/example_dags/example_outlet_event_extra.py for tasks to queue
[2025-04-09T15:57:32.221+0000] {logging_mixin.py:190} INFO - [2025-04-09T15:57:32.220+0000] {dagbag.py:588} INFO - Filling up the DagBag from /home/airflow/.local/lib/python3.12/site-packages/airflow/example_dags/example_outlet_event_extra.py
[2025-04-09T15:57:32.753+0000] {processor.py:925} INFO - DAG(s) 'dataset_with_extra_by_yield', 'dataset_with_extra_by_context', 'dataset_with_extra_from_classic_operator' retrieved from /home/airflow/.local/lib/python3.12/site-packages/airflow/example_dags/example_outlet_event_extra.py
[2025-04-09T15:57:32.796+0000] {logging_mixin.py:190} INFO - [2025-04-09T15:57:32.795+0000] {dag.py:3239} INFO - Sync 3 DAGs
[2025-04-09T15:57:33.052+0000] {logging_mixin.py:190} INFO - [2025-04-09T15:57:33.052+0000] {dag.py:4180} INFO - Setting next_dagrun for dataset_with_extra_by_context to 2025-04-08 00:00:00+00:00, run_after=2025-04-09 00:00:00+00:00
[2025-04-09T15:57:33.060+0000] {logging_mixin.py:190} INFO - [2025-04-09T15:57:33.059+0000] {dag.py:4180} INFO - Setting next_dagrun for dataset_with_extra_by_yield to 2025-04-08 00:00:00+00:00, run_after=2025-04-09 00:00:00+00:00
[2025-04-09T15:57:33.063+0000] {logging_mixin.py:190} INFO - [2025-04-09T15:57:33.063+0000] {dag.py:4180} INFO - Setting next_dagrun for dataset_with_extra_from_classic_operator to 2025-04-08 00:00:00+00:00, run_after=2025-04-09 00:00:00+00:00
[2025-04-09T15:57:33.130+0000] {processor.py:208} INFO - Processing /home/airflow/.local/lib/python3.12/site-packages/airflow/example_dags/example_outlet_event_extra.py took 0.922 seconds
