[2025-04-09T15:48:51.268+0000] {processor.py:186} INFO - Started process (PID=246) to work on /home/airflow/.local/lib/python3.12/site-packages/airflow/example_dags/example_dataset_alias_with_no_taskflow.py
[2025-04-09T15:48:51.269+0000] {processor.py:914} INFO - Processing file /home/airflow/.local/lib/python3.12/site-packages/airflow/example_dags/example_dataset_alias_with_no_taskflow.py for tasks to queue
[2025-04-09T15:48:51.272+0000] {logging_mixin.py:190} INFO - [2025-04-09T15:48:51.271+0000] {dagbag.py:588} INFO - Filling up the DagBag from /home/airflow/.local/lib/python3.12/site-packages/airflow/example_dags/example_dataset_alias_with_no_taskflow.py
[2025-04-09T15:48:52.871+0000] {processor.py:925} INFO - DAG(s) 'dataset_s3_bucket_producer_with_no_taskflow', 'dataset_alias_example_alias_producer_with_no_taskflow', 'dataset_alias_example_alias_consumer_with_no_taskflow', 'dataset_s3_bucket_consumer_with_no_taskflow' retrieved from /home/airflow/.local/lib/python3.12/site-packages/airflow/example_dags/example_dataset_alias_with_no_taskflow.py
[2025-04-09T15:48:53.358+0000] {logging_mixin.py:190} INFO - [2025-04-09T15:48:53.357+0000] {override.py:1912} INFO - Created Permission View: can delete on DAG:dataset_s3_bucket_producer_with_no_taskflow
[2025-04-09T15:48:53.371+0000] {logging_mixin.py:190} INFO - [2025-04-09T15:48:53.371+0000] {override.py:1912} INFO - Created Permission View: can edit on DAG:dataset_s3_bucket_producer_with_no_taskflow
[2025-04-09T15:48:53.382+0000] {logging_mixin.py:190} INFO - [2025-04-09T15:48:53.382+0000] {override.py:1912} INFO - Created Permission View: can read on DAG:dataset_s3_bucket_producer_with_no_taskflow
[2025-04-09T15:48:53.394+0000] {logging_mixin.py:190} INFO - [2025-04-09T15:48:53.394+0000] {override.py:1912} INFO - Created Permission View: menu access on DAG Run:dataset_s3_bucket_producer_with_no_taskflow
[2025-04-09T15:48:53.406+0000] {logging_mixin.py:190} INFO - [2025-04-09T15:48:53.405+0000] {override.py:1912} INFO - Created Permission View: can create on DAG Run:dataset_s3_bucket_producer_with_no_taskflow
[2025-04-09T15:48:53.415+0000] {logging_mixin.py:190} INFO - [2025-04-09T15:48:53.414+0000] {override.py:1912} INFO - Created Permission View: can delete on DAG Run:dataset_s3_bucket_producer_with_no_taskflow
[2025-04-09T15:48:53.423+0000] {logging_mixin.py:190} INFO - [2025-04-09T15:48:53.423+0000] {override.py:1912} INFO - Created Permission View: can read on DAG Run:dataset_s3_bucket_producer_with_no_taskflow
[2025-04-09T15:48:53.441+0000] {logging_mixin.py:190} INFO - [2025-04-09T15:48:53.440+0000] {override.py:1912} INFO - Created Permission View: can delete on DAG:dataset_alias_example_alias_producer_with_no_taskflow
[2025-04-09T15:48:53.455+0000] {logging_mixin.py:190} INFO - [2025-04-09T15:48:53.455+0000] {override.py:1912} INFO - Created Permission View: can edit on DAG:dataset_alias_example_alias_producer_with_no_taskflow
[2025-04-09T15:48:53.465+0000] {logging_mixin.py:190} INFO - [2025-04-09T15:48:53.465+0000] {override.py:1912} INFO - Created Permission View: can read on DAG:dataset_alias_example_alias_producer_with_no_taskflow
[2025-04-09T15:48:53.476+0000] {logging_mixin.py:190} INFO - [2025-04-09T15:48:53.475+0000] {override.py:1912} INFO - Created Permission View: menu access on DAG Run:dataset_alias_example_alias_producer_with_no_taskflow
[2025-04-09T15:48:53.484+0000] {logging_mixin.py:190} INFO - [2025-04-09T15:48:53.483+0000] {override.py:1912} INFO - Created Permission View: can create on DAG Run:dataset_alias_example_alias_producer_with_no_taskflow
[2025-04-09T15:48:53.492+0000] {logging_mixin.py:190} INFO - [2025-04-09T15:48:53.492+0000] {override.py:1912} INFO - Created Permission View: can delete on DAG Run:dataset_alias_example_alias_producer_with_no_taskflow
[2025-04-09T15:48:53.502+0000] {logging_mixin.py:190} INFO - [2025-04-09T15:48:53.501+0000] {override.py:1912} INFO - Created Permission View: can read on DAG Run:dataset_alias_example_alias_producer_with_no_taskflow
[2025-04-09T15:48:53.519+0000] {logging_mixin.py:190} INFO - [2025-04-09T15:48:53.519+0000] {override.py:1912} INFO - Created Permission View: can delete on DAG:dataset_alias_example_alias_consumer_with_no_taskflow
[2025-04-09T15:48:53.528+0000] {logging_mixin.py:190} INFO - [2025-04-09T15:48:53.528+0000] {override.py:1912} INFO - Created Permission View: can edit on DAG:dataset_alias_example_alias_consumer_with_no_taskflow
[2025-04-09T15:48:53.538+0000] {logging_mixin.py:190} INFO - [2025-04-09T15:48:53.538+0000] {override.py:1912} INFO - Created Permission View: can read on DAG:dataset_alias_example_alias_consumer_with_no_taskflow
[2025-04-09T15:48:53.548+0000] {logging_mixin.py:190} INFO - [2025-04-09T15:48:53.548+0000] {override.py:1912} INFO - Created Permission View: menu access on DAG Run:dataset_alias_example_alias_consumer_with_no_taskflow
[2025-04-09T15:48:53.557+0000] {logging_mixin.py:190} INFO - [2025-04-09T15:48:53.557+0000] {override.py:1912} INFO - Created Permission View: can create on DAG Run:dataset_alias_example_alias_consumer_with_no_taskflow
[2025-04-09T15:48:53.566+0000] {logging_mixin.py:190} INFO - [2025-04-09T15:48:53.566+0000] {override.py:1912} INFO - Created Permission View: can delete on DAG Run:dataset_alias_example_alias_consumer_with_no_taskflow
[2025-04-09T15:48:53.575+0000] {logging_mixin.py:190} INFO - [2025-04-09T15:48:53.575+0000] {override.py:1912} INFO - Created Permission View: can read on DAG Run:dataset_alias_example_alias_consumer_with_no_taskflow
[2025-04-09T15:48:53.590+0000] {logging_mixin.py:190} INFO - [2025-04-09T15:48:53.590+0000] {override.py:1912} INFO - Created Permission View: can delete on DAG:dataset_s3_bucket_consumer_with_no_taskflow
[2025-04-09T15:48:53.599+0000] {logging_mixin.py:190} INFO - [2025-04-09T15:48:53.598+0000] {override.py:1912} INFO - Created Permission View: can edit on DAG:dataset_s3_bucket_consumer_with_no_taskflow
[2025-04-09T15:48:53.640+0000] {logging_mixin.py:190} INFO - [2025-04-09T15:48:53.640+0000] {override.py:1912} INFO - Created Permission View: can read on DAG:dataset_s3_bucket_consumer_with_no_taskflow
[2025-04-09T15:48:53.654+0000] {logging_mixin.py:190} INFO - [2025-04-09T15:48:53.653+0000] {override.py:1912} INFO - Created Permission View: menu access on DAG Run:dataset_s3_bucket_consumer_with_no_taskflow
[2025-04-09T15:48:53.664+0000] {logging_mixin.py:190} INFO - [2025-04-09T15:48:53.663+0000] {override.py:1912} INFO - Created Permission View: can create on DAG Run:dataset_s3_bucket_consumer_with_no_taskflow
[2025-04-09T15:48:53.672+0000] {logging_mixin.py:190} INFO - [2025-04-09T15:48:53.672+0000] {override.py:1912} INFO - Created Permission View: can delete on DAG Run:dataset_s3_bucket_consumer_with_no_taskflow
[2025-04-09T15:48:53.684+0000] {logging_mixin.py:190} INFO - [2025-04-09T15:48:53.683+0000] {override.py:1912} INFO - Created Permission View: can read on DAG Run:dataset_s3_bucket_consumer_with_no_taskflow
[2025-04-09T15:48:53.684+0000] {logging_mixin.py:190} INFO - [2025-04-09T15:48:53.684+0000] {dag.py:3239} INFO - Sync 4 DAGs
[2025-04-09T15:48:53.701+0000] {logging_mixin.py:190} INFO - [2025-04-09T15:48:53.701+0000] {dag.py:3262} INFO - Creating ORM DAG for dataset_alias_example_alias_producer_with_no_taskflow
[2025-04-09T15:48:53.702+0000] {logging_mixin.py:190} INFO - [2025-04-09T15:48:53.702+0000] {dag.py:3262} INFO - Creating ORM DAG for dataset_s3_bucket_producer_with_no_taskflow
[2025-04-09T15:48:53.703+0000] {logging_mixin.py:190} INFO - [2025-04-09T15:48:53.703+0000] {dag.py:3262} INFO - Creating ORM DAG for dataset_alias_example_alias_consumer_with_no_taskflow
[2025-04-09T15:48:53.704+0000] {logging_mixin.py:190} INFO - [2025-04-09T15:48:53.704+0000] {dag.py:3262} INFO - Creating ORM DAG for dataset_s3_bucket_consumer_with_no_taskflow
[2025-04-09T15:48:53.715+0000] {logging_mixin.py:190} INFO - [2025-04-09T15:48:53.715+0000] {dag.py:4180} INFO - Setting next_dagrun for dataset_alias_example_alias_consumer_with_no_taskflow to None, run_after=None
[2025-04-09T15:48:53.716+0000] {logging_mixin.py:190} INFO - [2025-04-09T15:48:53.716+0000] {dag.py:4180} INFO - Setting next_dagrun for dataset_alias_example_alias_producer_with_no_taskflow to None, run_after=None
[2025-04-09T15:48:53.717+0000] {logging_mixin.py:190} INFO - [2025-04-09T15:48:53.717+0000] {dag.py:4180} INFO - Setting next_dagrun for dataset_s3_bucket_consumer_with_no_taskflow to None, run_after=None
[2025-04-09T15:48:53.718+0000] {logging_mixin.py:190} INFO - [2025-04-09T15:48:53.718+0000] {dag.py:4180} INFO - Setting next_dagrun for dataset_s3_bucket_producer_with_no_taskflow to None, run_after=None
[2025-04-09T15:48:53.755+0000] {processor.py:208} INFO - Processing /home/airflow/.local/lib/python3.12/site-packages/airflow/example_dags/example_dataset_alias_with_no_taskflow.py took 2.494 seconds
[2025-04-09T15:49:24.217+0000] {processor.py:186} INFO - Started process (PID=537) to work on /home/airflow/.local/lib/python3.12/site-packages/airflow/example_dags/example_dataset_alias_with_no_taskflow.py
[2025-04-09T15:49:24.220+0000] {processor.py:914} INFO - Processing file /home/airflow/.local/lib/python3.12/site-packages/airflow/example_dags/example_dataset_alias_with_no_taskflow.py for tasks to queue
[2025-04-09T15:49:24.228+0000] {logging_mixin.py:190} INFO - [2025-04-09T15:49:24.226+0000] {dagbag.py:588} INFO - Filling up the DagBag from /home/airflow/.local/lib/python3.12/site-packages/airflow/example_dags/example_dataset_alias_with_no_taskflow.py
[2025-04-09T15:49:43.934+0000] {processor.py:925} INFO - DAG(s) 'dataset_alias_example_alias_producer_with_no_taskflow', 'dataset_alias_example_alias_consumer_with_no_taskflow', 'dataset_s3_bucket_producer_with_no_taskflow', 'dataset_s3_bucket_consumer_with_no_taskflow' retrieved from /home/airflow/.local/lib/python3.12/site-packages/airflow/example_dags/example_dataset_alias_with_no_taskflow.py
[2025-04-09T15:49:52.348+0000] {logging_mixin.py:190} INFO - [2025-04-09T15:49:52.320+0000] {dag.py:3239} INFO - Sync 4 DAGs
[2025-04-09T15:49:52.720+0000] {logging_mixin.py:190} INFO - [2025-04-09T15:49:52.719+0000] {dag.py:4180} INFO - Setting next_dagrun for dataset_alias_example_alias_consumer_with_no_taskflow to None, run_after=None
[2025-04-09T15:49:52.737+0000] {logging_mixin.py:190} INFO - [2025-04-09T15:49:52.737+0000] {dag.py:4180} INFO - Setting next_dagrun for dataset_alias_example_alias_producer_with_no_taskflow to None, run_after=None
[2025-04-09T15:49:52.744+0000] {logging_mixin.py:190} INFO - [2025-04-09T15:49:52.743+0000] {dag.py:4180} INFO - Setting next_dagrun for dataset_s3_bucket_consumer_with_no_taskflow to None, run_after=None
[2025-04-09T15:49:52.747+0000] {logging_mixin.py:190} INFO - [2025-04-09T15:49:52.747+0000] {dag.py:4180} INFO - Setting next_dagrun for dataset_s3_bucket_producer_with_no_taskflow to None, run_after=None
[2025-04-09T15:49:55.007+0000] {processor.py:208} INFO - Processing /home/airflow/.local/lib/python3.12/site-packages/airflow/example_dags/example_dataset_alias_with_no_taskflow.py took 30.822 seconds
[2025-04-09T15:50:29.788+0000] {processor.py:186} INFO - Started process (PID=839) to work on /home/airflow/.local/lib/python3.12/site-packages/airflow/example_dags/example_dataset_alias_with_no_taskflow.py
[2025-04-09T15:50:29.791+0000] {processor.py:914} INFO - Processing file /home/airflow/.local/lib/python3.12/site-packages/airflow/example_dags/example_dataset_alias_with_no_taskflow.py for tasks to queue
[2025-04-09T15:50:29.801+0000] {logging_mixin.py:190} INFO - [2025-04-09T15:50:29.800+0000] {dagbag.py:588} INFO - Filling up the DagBag from /home/airflow/.local/lib/python3.12/site-packages/airflow/example_dags/example_dataset_alias_with_no_taskflow.py
[2025-04-09T15:50:36.743+0000] {processor.py:925} INFO - DAG(s) 'dataset_s3_bucket_producer_with_no_taskflow', 'dataset_alias_example_alias_consumer_with_no_taskflow', 'dataset_alias_example_alias_producer_with_no_taskflow', 'dataset_s3_bucket_consumer_with_no_taskflow' retrieved from /home/airflow/.local/lib/python3.12/site-packages/airflow/example_dags/example_dataset_alias_with_no_taskflow.py
[2025-04-09T15:50:41.477+0000] {logging_mixin.py:190} INFO - [2025-04-09T15:50:41.476+0000] {dag.py:3239} INFO - Sync 4 DAGs
[2025-04-09T15:50:41.630+0000] {logging_mixin.py:190} INFO - [2025-04-09T15:50:41.629+0000] {dag.py:4180} INFO - Setting next_dagrun for dataset_alias_example_alias_consumer_with_no_taskflow to None, run_after=None
[2025-04-09T15:50:41.653+0000] {logging_mixin.py:190} INFO - [2025-04-09T15:50:41.653+0000] {dag.py:4180} INFO - Setting next_dagrun for dataset_alias_example_alias_producer_with_no_taskflow to None, run_after=None
[2025-04-09T15:50:41.659+0000] {logging_mixin.py:190} INFO - [2025-04-09T15:50:41.658+0000] {dag.py:4180} INFO - Setting next_dagrun for dataset_s3_bucket_consumer_with_no_taskflow to None, run_after=None
[2025-04-09T15:50:41.667+0000] {logging_mixin.py:190} INFO - [2025-04-09T15:50:41.666+0000] {dag.py:4180} INFO - Setting next_dagrun for dataset_s3_bucket_producer_with_no_taskflow to None, run_after=None
[2025-04-09T15:50:41.931+0000] {processor.py:208} INFO - Processing /home/airflow/.local/lib/python3.12/site-packages/airflow/example_dags/example_dataset_alias_with_no_taskflow.py took 12.165 seconds
[2025-04-09T15:51:44.210+0000] {processor.py:186} INFO - Started process (PID=1122) to work on /home/airflow/.local/lib/python3.12/site-packages/airflow/example_dags/example_dataset_alias_with_no_taskflow.py
[2025-04-09T15:51:44.216+0000] {processor.py:914} INFO - Processing file /home/airflow/.local/lib/python3.12/site-packages/airflow/example_dags/example_dataset_alias_with_no_taskflow.py for tasks to queue
[2025-04-09T15:51:44.223+0000] {logging_mixin.py:190} INFO - [2025-04-09T15:51:44.222+0000] {dagbag.py:588} INFO - Filling up the DagBag from /home/airflow/.local/lib/python3.12/site-packages/airflow/example_dags/example_dataset_alias_with_no_taskflow.py
[2025-04-09T15:51:48.777+0000] {processor.py:925} INFO - DAG(s) 'dataset_alias_example_alias_producer_with_no_taskflow', 'dataset_s3_bucket_consumer_with_no_taskflow', 'dataset_s3_bucket_producer_with_no_taskflow', 'dataset_alias_example_alias_consumer_with_no_taskflow' retrieved from /home/airflow/.local/lib/python3.12/site-packages/airflow/example_dags/example_dataset_alias_with_no_taskflow.py
[2025-04-09T15:51:50.544+0000] {logging_mixin.py:190} INFO - [2025-04-09T15:51:50.542+0000] {dag.py:3239} INFO - Sync 4 DAGs
[2025-04-09T15:51:50.724+0000] {logging_mixin.py:190} INFO - [2025-04-09T15:51:50.723+0000] {dag.py:4180} INFO - Setting next_dagrun for dataset_alias_example_alias_consumer_with_no_taskflow to None, run_after=None
[2025-04-09T15:51:50.732+0000] {logging_mixin.py:190} INFO - [2025-04-09T15:51:50.731+0000] {dag.py:4180} INFO - Setting next_dagrun for dataset_alias_example_alias_producer_with_no_taskflow to None, run_after=None
[2025-04-09T15:51:50.736+0000] {logging_mixin.py:190} INFO - [2025-04-09T15:51:50.735+0000] {dag.py:4180} INFO - Setting next_dagrun for dataset_s3_bucket_consumer_with_no_taskflow to None, run_after=None
[2025-04-09T15:51:50.742+0000] {logging_mixin.py:190} INFO - [2025-04-09T15:51:50.742+0000] {dag.py:4180} INFO - Setting next_dagrun for dataset_s3_bucket_producer_with_no_taskflow to None, run_after=None
[2025-04-09T15:51:51.394+0000] {processor.py:208} INFO - Processing /home/airflow/.local/lib/python3.12/site-packages/airflow/example_dags/example_dataset_alias_with_no_taskflow.py took 7.293 seconds
[2025-04-09T15:52:24.501+0000] {processor.py:186} INFO - Started process (PID=1413) to work on /home/airflow/.local/lib/python3.12/site-packages/airflow/example_dags/example_dataset_alias_with_no_taskflow.py
[2025-04-09T15:52:24.504+0000] {processor.py:914} INFO - Processing file /home/airflow/.local/lib/python3.12/site-packages/airflow/example_dags/example_dataset_alias_with_no_taskflow.py for tasks to queue
[2025-04-09T15:52:24.507+0000] {logging_mixin.py:190} INFO - [2025-04-09T15:52:24.506+0000] {dagbag.py:588} INFO - Filling up the DagBag from /home/airflow/.local/lib/python3.12/site-packages/airflow/example_dags/example_dataset_alias_with_no_taskflow.py
[2025-04-09T15:52:25.272+0000] {processor.py:925} INFO - DAG(s) 'dataset_s3_bucket_consumer_with_no_taskflow', 'dataset_s3_bucket_producer_with_no_taskflow', 'dataset_alias_example_alias_consumer_with_no_taskflow', 'dataset_alias_example_alias_producer_with_no_taskflow' retrieved from /home/airflow/.local/lib/python3.12/site-packages/airflow/example_dags/example_dataset_alias_with_no_taskflow.py
[2025-04-09T15:52:25.323+0000] {logging_mixin.py:190} INFO - [2025-04-09T15:52:25.322+0000] {dag.py:3239} INFO - Sync 4 DAGs
[2025-04-09T15:52:25.760+0000] {logging_mixin.py:190} INFO - [2025-04-09T15:52:25.760+0000] {dag.py:4180} INFO - Setting next_dagrun for dataset_alias_example_alias_consumer_with_no_taskflow to None, run_after=None
[2025-04-09T15:52:25.765+0000] {logging_mixin.py:190} INFO - [2025-04-09T15:52:25.765+0000] {dag.py:4180} INFO - Setting next_dagrun for dataset_alias_example_alias_producer_with_no_taskflow to None, run_after=None
[2025-04-09T15:52:25.767+0000] {logging_mixin.py:190} INFO - [2025-04-09T15:52:25.767+0000] {dag.py:4180} INFO - Setting next_dagrun for dataset_s3_bucket_consumer_with_no_taskflow to None, run_after=None
[2025-04-09T15:52:25.770+0000] {logging_mixin.py:190} INFO - [2025-04-09T15:52:25.769+0000] {dag.py:4180} INFO - Setting next_dagrun for dataset_s3_bucket_producer_with_no_taskflow to None, run_after=None
[2025-04-09T15:52:25.836+0000] {processor.py:208} INFO - Processing /home/airflow/.local/lib/python3.12/site-packages/airflow/example_dags/example_dataset_alias_with_no_taskflow.py took 1.344 seconds
[2025-04-09T15:54:57.842+0000] {processor.py:186} INFO - Started process (PID=258) to work on /home/airflow/.local/lib/python3.12/site-packages/airflow/example_dags/example_dataset_alias_with_no_taskflow.py
[2025-04-09T15:54:57.846+0000] {processor.py:914} INFO - Processing file /home/airflow/.local/lib/python3.12/site-packages/airflow/example_dags/example_dataset_alias_with_no_taskflow.py for tasks to queue
[2025-04-09T15:54:57.849+0000] {logging_mixin.py:190} INFO - [2025-04-09T15:54:57.849+0000] {dagbag.py:588} INFO - Filling up the DagBag from /home/airflow/.local/lib/python3.12/site-packages/airflow/example_dags/example_dataset_alias_with_no_taskflow.py
[2025-04-09T15:55:00.982+0000] {processor.py:925} INFO - DAG(s) 'dataset_alias_example_alias_producer_with_no_taskflow', 'dataset_s3_bucket_producer_with_no_taskflow', 'dataset_s3_bucket_consumer_with_no_taskflow', 'dataset_alias_example_alias_consumer_with_no_taskflow' retrieved from /home/airflow/.local/lib/python3.12/site-packages/airflow/example_dags/example_dataset_alias_with_no_taskflow.py
[2025-04-09T15:55:01.972+0000] {logging_mixin.py:190} INFO - [2025-04-09T15:55:01.971+0000] {override.py:1912} INFO - Created Permission View: can delete on DAG:dataset_alias_example_alias_producer_with_no_taskflow
[2025-04-09T15:55:01.999+0000] {logging_mixin.py:190} INFO - [2025-04-09T15:55:01.998+0000] {override.py:1912} INFO - Created Permission View: can edit on DAG:dataset_alias_example_alias_producer_with_no_taskflow
[2025-04-09T15:55:02.020+0000] {logging_mixin.py:190} INFO - [2025-04-09T15:55:02.019+0000] {override.py:1912} INFO - Created Permission View: can read on DAG:dataset_alias_example_alias_producer_with_no_taskflow
[2025-04-09T15:55:02.042+0000] {logging_mixin.py:190} INFO - [2025-04-09T15:55:02.041+0000] {override.py:1912} INFO - Created Permission View: can delete on DAG Run:dataset_alias_example_alias_producer_with_no_taskflow
[2025-04-09T15:55:02.066+0000] {logging_mixin.py:190} INFO - [2025-04-09T15:55:02.065+0000] {override.py:1912} INFO - Created Permission View: can create on DAG Run:dataset_alias_example_alias_producer_with_no_taskflow
[2025-04-09T15:55:02.091+0000] {logging_mixin.py:190} INFO - [2025-04-09T15:55:02.090+0000] {override.py:1912} INFO - Created Permission View: can read on DAG Run:dataset_alias_example_alias_producer_with_no_taskflow
[2025-04-09T15:55:02.117+0000] {logging_mixin.py:190} INFO - [2025-04-09T15:55:02.116+0000] {override.py:1912} INFO - Created Permission View: menu access on DAG Run:dataset_alias_example_alias_producer_with_no_taskflow
[2025-04-09T15:55:02.167+0000] {logging_mixin.py:190} INFO - [2025-04-09T15:55:02.166+0000] {override.py:1912} INFO - Created Permission View: can delete on DAG:dataset_s3_bucket_producer_with_no_taskflow
[2025-04-09T15:55:02.313+0000] {logging_mixin.py:190} INFO - [2025-04-09T15:55:02.312+0000] {override.py:1912} INFO - Created Permission View: can edit on DAG:dataset_s3_bucket_producer_with_no_taskflow
[2025-04-09T15:55:02.533+0000] {logging_mixin.py:190} INFO - [2025-04-09T15:55:02.532+0000] {override.py:1912} INFO - Created Permission View: can read on DAG:dataset_s3_bucket_producer_with_no_taskflow
[2025-04-09T15:55:02.567+0000] {logging_mixin.py:190} INFO - [2025-04-09T15:55:02.565+0000] {override.py:1912} INFO - Created Permission View: can delete on DAG Run:dataset_s3_bucket_producer_with_no_taskflow
[2025-04-09T15:55:02.612+0000] {logging_mixin.py:190} INFO - [2025-04-09T15:55:02.611+0000] {override.py:1912} INFO - Created Permission View: can create on DAG Run:dataset_s3_bucket_producer_with_no_taskflow
[2025-04-09T15:55:02.639+0000] {logging_mixin.py:190} INFO - [2025-04-09T15:55:02.638+0000] {override.py:1912} INFO - Created Permission View: can read on DAG Run:dataset_s3_bucket_producer_with_no_taskflow
[2025-04-09T15:55:02.670+0000] {logging_mixin.py:190} INFO - [2025-04-09T15:55:02.670+0000] {override.py:1912} INFO - Created Permission View: menu access on DAG Run:dataset_s3_bucket_producer_with_no_taskflow
[2025-04-09T15:55:02.762+0000] {logging_mixin.py:190} INFO - [2025-04-09T15:55:02.761+0000] {override.py:1912} INFO - Created Permission View: can delete on DAG:dataset_s3_bucket_consumer_with_no_taskflow
[2025-04-09T15:55:02.796+0000] {logging_mixin.py:190} INFO - [2025-04-09T15:55:02.795+0000] {override.py:1912} INFO - Created Permission View: can edit on DAG:dataset_s3_bucket_consumer_with_no_taskflow
[2025-04-09T15:55:02.825+0000] {logging_mixin.py:190} INFO - [2025-04-09T15:55:02.823+0000] {override.py:1912} INFO - Created Permission View: can read on DAG:dataset_s3_bucket_consumer_with_no_taskflow
[2025-04-09T15:55:02.862+0000] {logging_mixin.py:190} INFO - [2025-04-09T15:55:02.862+0000] {override.py:1912} INFO - Created Permission View: can delete on DAG Run:dataset_s3_bucket_consumer_with_no_taskflow
[2025-04-09T15:55:02.885+0000] {logging_mixin.py:190} INFO - [2025-04-09T15:55:02.884+0000] {override.py:1912} INFO - Created Permission View: can create on DAG Run:dataset_s3_bucket_consumer_with_no_taskflow
[2025-04-09T15:55:02.911+0000] {logging_mixin.py:190} INFO - [2025-04-09T15:55:02.910+0000] {override.py:1912} INFO - Created Permission View: can read on DAG Run:dataset_s3_bucket_consumer_with_no_taskflow
[2025-04-09T15:55:02.931+0000] {logging_mixin.py:190} INFO - [2025-04-09T15:55:02.930+0000] {override.py:1912} INFO - Created Permission View: menu access on DAG Run:dataset_s3_bucket_consumer_with_no_taskflow
[2025-04-09T15:55:02.969+0000] {logging_mixin.py:190} INFO - [2025-04-09T15:55:02.967+0000] {override.py:1912} INFO - Created Permission View: can delete on DAG:dataset_alias_example_alias_consumer_with_no_taskflow
[2025-04-09T15:55:02.994+0000] {logging_mixin.py:190} INFO - [2025-04-09T15:55:02.993+0000] {override.py:1912} INFO - Created Permission View: can edit on DAG:dataset_alias_example_alias_consumer_with_no_taskflow
[2025-04-09T15:55:03.146+0000] {logging_mixin.py:190} INFO - [2025-04-09T15:55:03.145+0000] {override.py:1912} INFO - Created Permission View: can read on DAG:dataset_alias_example_alias_consumer_with_no_taskflow
[2025-04-09T15:55:03.199+0000] {logging_mixin.py:190} INFO - [2025-04-09T15:55:03.198+0000] {override.py:1912} INFO - Created Permission View: can delete on DAG Run:dataset_alias_example_alias_consumer_with_no_taskflow
[2025-04-09T15:55:03.235+0000] {logging_mixin.py:190} INFO - [2025-04-09T15:55:03.234+0000] {override.py:1912} INFO - Created Permission View: can create on DAG Run:dataset_alias_example_alias_consumer_with_no_taskflow
[2025-04-09T15:55:03.252+0000] {logging_mixin.py:190} INFO - [2025-04-09T15:55:03.251+0000] {override.py:1912} INFO - Created Permission View: can read on DAG Run:dataset_alias_example_alias_consumer_with_no_taskflow
[2025-04-09T15:55:03.277+0000] {logging_mixin.py:190} INFO - [2025-04-09T15:55:03.277+0000] {override.py:1912} INFO - Created Permission View: menu access on DAG Run:dataset_alias_example_alias_consumer_with_no_taskflow
[2025-04-09T15:55:03.278+0000] {logging_mixin.py:190} INFO - [2025-04-09T15:55:03.278+0000] {dag.py:3239} INFO - Sync 4 DAGs
[2025-04-09T15:55:03.306+0000] {logging_mixin.py:190} INFO - [2025-04-09T15:55:03.306+0000] {dag.py:3262} INFO - Creating ORM DAG for dataset_alias_example_alias_producer_with_no_taskflow
[2025-04-09T15:55:03.308+0000] {logging_mixin.py:190} INFO - [2025-04-09T15:55:03.307+0000] {dag.py:3262} INFO - Creating ORM DAG for dataset_alias_example_alias_consumer_with_no_taskflow
[2025-04-09T15:55:03.309+0000] {logging_mixin.py:190} INFO - [2025-04-09T15:55:03.308+0000] {dag.py:3262} INFO - Creating ORM DAG for dataset_s3_bucket_consumer_with_no_taskflow
[2025-04-09T15:55:03.309+0000] {logging_mixin.py:190} INFO - [2025-04-09T15:55:03.309+0000] {dag.py:3262} INFO - Creating ORM DAG for dataset_s3_bucket_producer_with_no_taskflow
[2025-04-09T15:55:03.326+0000] {logging_mixin.py:190} INFO - [2025-04-09T15:55:03.326+0000] {dag.py:4180} INFO - Setting next_dagrun for dataset_alias_example_alias_consumer_with_no_taskflow to None, run_after=None
[2025-04-09T15:55:03.328+0000] {logging_mixin.py:190} INFO - [2025-04-09T15:55:03.328+0000] {dag.py:4180} INFO - Setting next_dagrun for dataset_alias_example_alias_producer_with_no_taskflow to None, run_after=None
[2025-04-09T15:55:03.330+0000] {logging_mixin.py:190} INFO - [2025-04-09T15:55:03.329+0000] {dag.py:4180} INFO - Setting next_dagrun for dataset_s3_bucket_consumer_with_no_taskflow to None, run_after=None
[2025-04-09T15:55:03.331+0000] {logging_mixin.py:190} INFO - [2025-04-09T15:55:03.330+0000] {dag.py:4180} INFO - Setting next_dagrun for dataset_s3_bucket_producer_with_no_taskflow to None, run_after=None
[2025-04-09T15:55:03.380+0000] {processor.py:208} INFO - Processing /home/airflow/.local/lib/python3.12/site-packages/airflow/example_dags/example_dataset_alias_with_no_taskflow.py took 5.547 seconds
[2025-04-09T15:55:34.419+0000] {processor.py:186} INFO - Started process (PID=549) to work on /home/airflow/.local/lib/python3.12/site-packages/airflow/example_dags/example_dataset_alias_with_no_taskflow.py
[2025-04-09T15:55:34.422+0000] {processor.py:914} INFO - Processing file /home/airflow/.local/lib/python3.12/site-packages/airflow/example_dags/example_dataset_alias_with_no_taskflow.py for tasks to queue
[2025-04-09T15:55:34.426+0000] {logging_mixin.py:190} INFO - [2025-04-09T15:55:34.425+0000] {dagbag.py:588} INFO - Filling up the DagBag from /home/airflow/.local/lib/python3.12/site-packages/airflow/example_dags/example_dataset_alias_with_no_taskflow.py
[2025-04-09T15:55:36.922+0000] {processor.py:925} INFO - DAG(s) 'dataset_alias_example_alias_consumer_with_no_taskflow', 'dataset_alias_example_alias_producer_with_no_taskflow', 'dataset_s3_bucket_producer_with_no_taskflow', 'dataset_s3_bucket_consumer_with_no_taskflow' retrieved from /home/airflow/.local/lib/python3.12/site-packages/airflow/example_dags/example_dataset_alias_with_no_taskflow.py
[2025-04-09T15:55:38.250+0000] {logging_mixin.py:190} INFO - [2025-04-09T15:55:38.248+0000] {dag.py:3239} INFO - Sync 4 DAGs
[2025-04-09T15:55:38.363+0000] {logging_mixin.py:190} INFO - [2025-04-09T15:55:38.363+0000] {dag.py:4180} INFO - Setting next_dagrun for dataset_alias_example_alias_consumer_with_no_taskflow to None, run_after=None
[2025-04-09T15:55:38.370+0000] {logging_mixin.py:190} INFO - [2025-04-09T15:55:38.369+0000] {dag.py:4180} INFO - Setting next_dagrun for dataset_alias_example_alias_producer_with_no_taskflow to None, run_after=None
[2025-04-09T15:55:38.374+0000] {logging_mixin.py:190} INFO - [2025-04-09T15:55:38.373+0000] {dag.py:4180} INFO - Setting next_dagrun for dataset_s3_bucket_consumer_with_no_taskflow to None, run_after=None
[2025-04-09T15:55:38.381+0000] {logging_mixin.py:190} INFO - [2025-04-09T15:55:38.377+0000] {dag.py:4180} INFO - Setting next_dagrun for dataset_s3_bucket_producer_with_no_taskflow to None, run_after=None
[2025-04-09T15:55:38.485+0000] {processor.py:208} INFO - Processing /home/airflow/.local/lib/python3.12/site-packages/airflow/example_dags/example_dataset_alias_with_no_taskflow.py took 4.084 seconds
[2025-04-09T15:56:16.572+0000] {processor.py:186} INFO - Started process (PID=846) to work on /home/airflow/.local/lib/python3.12/site-packages/airflow/example_dags/example_dataset_alias_with_no_taskflow.py
[2025-04-09T15:56:16.577+0000] {processor.py:914} INFO - Processing file /home/airflow/.local/lib/python3.12/site-packages/airflow/example_dags/example_dataset_alias_with_no_taskflow.py for tasks to queue
[2025-04-09T15:56:16.583+0000] {logging_mixin.py:190} INFO - [2025-04-09T15:56:16.582+0000] {dagbag.py:588} INFO - Filling up the DagBag from /home/airflow/.local/lib/python3.12/site-packages/airflow/example_dags/example_dataset_alias_with_no_taskflow.py
[2025-04-09T15:56:19.254+0000] {processor.py:925} INFO - DAG(s) 'dataset_alias_example_alias_consumer_with_no_taskflow', 'dataset_alias_example_alias_producer_with_no_taskflow', 'dataset_s3_bucket_consumer_with_no_taskflow', 'dataset_s3_bucket_producer_with_no_taskflow' retrieved from /home/airflow/.local/lib/python3.12/site-packages/airflow/example_dags/example_dataset_alias_with_no_taskflow.py
[2025-04-09T15:56:21.969+0000] {logging_mixin.py:190} INFO - [2025-04-09T15:56:21.964+0000] {dag.py:3239} INFO - Sync 4 DAGs
[2025-04-09T15:56:22.075+0000] {logging_mixin.py:190} INFO - [2025-04-09T15:56:22.074+0000] {dag.py:4180} INFO - Setting next_dagrun for dataset_alias_example_alias_consumer_with_no_taskflow to None, run_after=None
[2025-04-09T15:56:22.082+0000] {logging_mixin.py:190} INFO - [2025-04-09T15:56:22.081+0000] {dag.py:4180} INFO - Setting next_dagrun for dataset_alias_example_alias_producer_with_no_taskflow to None, run_after=None
[2025-04-09T15:56:22.086+0000] {logging_mixin.py:190} INFO - [2025-04-09T15:56:22.085+0000] {dag.py:4180} INFO - Setting next_dagrun for dataset_s3_bucket_consumer_with_no_taskflow to None, run_after=None
[2025-04-09T15:56:22.089+0000] {logging_mixin.py:190} INFO - [2025-04-09T15:56:22.089+0000] {dag.py:4180} INFO - Setting next_dagrun for dataset_s3_bucket_producer_with_no_taskflow to None, run_after=None
[2025-04-09T15:56:22.257+0000] {processor.py:208} INFO - Processing /home/airflow/.local/lib/python3.12/site-packages/airflow/example_dags/example_dataset_alias_with_no_taskflow.py took 5.703 seconds
[2025-04-09T15:56:53.087+0000] {processor.py:186} INFO - Started process (PID=1137) to work on /home/airflow/.local/lib/python3.12/site-packages/airflow/example_dags/example_dataset_alias_with_no_taskflow.py
[2025-04-09T15:56:53.089+0000] {processor.py:914} INFO - Processing file /home/airflow/.local/lib/python3.12/site-packages/airflow/example_dags/example_dataset_alias_with_no_taskflow.py for tasks to queue
[2025-04-09T15:56:53.127+0000] {logging_mixin.py:190} INFO - [2025-04-09T15:56:53.106+0000] {dagbag.py:588} INFO - Filling up the DagBag from /home/airflow/.local/lib/python3.12/site-packages/airflow/example_dags/example_dataset_alias_with_no_taskflow.py
[2025-04-09T15:56:54.681+0000] {processor.py:925} INFO - DAG(s) 'dataset_s3_bucket_producer_with_no_taskflow', 'dataset_s3_bucket_consumer_with_no_taskflow', 'dataset_alias_example_alias_consumer_with_no_taskflow', 'dataset_alias_example_alias_producer_with_no_taskflow' retrieved from /home/airflow/.local/lib/python3.12/site-packages/airflow/example_dags/example_dataset_alias_with_no_taskflow.py
[2025-04-09T15:56:54.770+0000] {logging_mixin.py:190} INFO - [2025-04-09T15:56:54.770+0000] {dag.py:3239} INFO - Sync 4 DAGs
[2025-04-09T15:56:55.371+0000] {logging_mixin.py:190} INFO - [2025-04-09T15:56:55.371+0000] {dag.py:4180} INFO - Setting next_dagrun for dataset_alias_example_alias_consumer_with_no_taskflow to None, run_after=None
[2025-04-09T15:56:55.375+0000] {logging_mixin.py:190} INFO - [2025-04-09T15:56:55.375+0000] {dag.py:4180} INFO - Setting next_dagrun for dataset_alias_example_alias_producer_with_no_taskflow to None, run_after=None
[2025-04-09T15:56:55.377+0000] {logging_mixin.py:190} INFO - [2025-04-09T15:56:55.377+0000] {dag.py:4180} INFO - Setting next_dagrun for dataset_s3_bucket_consumer_with_no_taskflow to None, run_after=None
[2025-04-09T15:56:55.379+0000] {logging_mixin.py:190} INFO - [2025-04-09T15:56:55.379+0000] {dag.py:4180} INFO - Setting next_dagrun for dataset_s3_bucket_producer_with_no_taskflow to None, run_after=None
[2025-04-09T15:56:55.413+0000] {processor.py:208} INFO - Processing /home/airflow/.local/lib/python3.12/site-packages/airflow/example_dags/example_dataset_alias_with_no_taskflow.py took 2.371 seconds
[2025-04-09T15:57:26.211+0000] {processor.py:186} INFO - Started process (PID=1428) to work on /home/airflow/.local/lib/python3.12/site-packages/airflow/example_dags/example_dataset_alias_with_no_taskflow.py
[2025-04-09T15:57:26.219+0000] {processor.py:914} INFO - Processing file /home/airflow/.local/lib/python3.12/site-packages/airflow/example_dags/example_dataset_alias_with_no_taskflow.py for tasks to queue
[2025-04-09T15:57:26.230+0000] {logging_mixin.py:190} INFO - [2025-04-09T15:57:26.230+0000] {dagbag.py:588} INFO - Filling up the DagBag from /home/airflow/.local/lib/python3.12/site-packages/airflow/example_dags/example_dataset_alias_with_no_taskflow.py
[2025-04-09T15:57:27.718+0000] {processor.py:925} INFO - DAG(s) 'dataset_alias_example_alias_producer_with_no_taskflow', 'dataset_s3_bucket_producer_with_no_taskflow', 'dataset_alias_example_alias_consumer_with_no_taskflow', 'dataset_s3_bucket_consumer_with_no_taskflow' retrieved from /home/airflow/.local/lib/python3.12/site-packages/airflow/example_dags/example_dataset_alias_with_no_taskflow.py
[2025-04-09T15:57:27.788+0000] {logging_mixin.py:190} INFO - [2025-04-09T15:57:27.787+0000] {dag.py:3239} INFO - Sync 4 DAGs
[2025-04-09T15:57:28.840+0000] {logging_mixin.py:190} INFO - [2025-04-09T15:57:28.839+0000] {dag.py:4180} INFO - Setting next_dagrun for dataset_alias_example_alias_consumer_with_no_taskflow to None, run_after=None
[2025-04-09T15:57:28.845+0000] {logging_mixin.py:190} INFO - [2025-04-09T15:57:28.845+0000] {dag.py:4180} INFO - Setting next_dagrun for dataset_alias_example_alias_producer_with_no_taskflow to None, run_after=None
[2025-04-09T15:57:28.850+0000] {logging_mixin.py:190} INFO - [2025-04-09T15:57:28.849+0000] {dag.py:4180} INFO - Setting next_dagrun for dataset_s3_bucket_consumer_with_no_taskflow to None, run_after=None
[2025-04-09T15:57:28.858+0000] {logging_mixin.py:190} INFO - [2025-04-09T15:57:28.855+0000] {dag.py:4180} INFO - Setting next_dagrun for dataset_s3_bucket_producer_with_no_taskflow to None, run_after=None
[2025-04-09T15:57:28.895+0000] {processor.py:208} INFO - Processing /home/airflow/.local/lib/python3.12/site-packages/airflow/example_dags/example_dataset_alias_with_no_taskflow.py took 2.861 seconds
