[2025-04-09T15:49:00.461+0000] {processor.py:186} INFO - Started process (PID=386) to work on /home/airflow/.local/lib/python3.12/site-packages/airflow/example_dags/example_task_group_decorator.py
[2025-04-09T15:49:00.463+0000] {processor.py:914} INFO - Processing file /home/airflow/.local/lib/python3.12/site-packages/airflow/example_dags/example_task_group_decorator.py for tasks to queue
[2025-04-09T15:49:00.466+0000] {logging_mixin.py:190} INFO - [2025-04-09T15:49:00.465+0000] {dagbag.py:588} INFO - Filling up the DagBag from /home/airflow/.local/lib/python3.12/site-packages/airflow/example_dags/example_task_group_decorator.py
[2025-04-09T15:49:00.498+0000] {processor.py:925} INFO - DAG(s) 'example_task_group_decorator' retrieved from /home/airflow/.local/lib/python3.12/site-packages/airflow/example_dags/example_task_group_decorator.py
[2025-04-09T15:49:00.665+0000] {logging_mixin.py:190} INFO - [2025-04-09T15:49:00.665+0000] {override.py:1912} INFO - Created Permission View: can delete on DAG:example_task_group_decorator
[2025-04-09T15:49:00.684+0000] {logging_mixin.py:190} INFO - [2025-04-09T15:49:00.683+0000] {override.py:1912} INFO - Created Permission View: can edit on DAG:example_task_group_decorator
[2025-04-09T15:49:00.694+0000] {logging_mixin.py:190} INFO - [2025-04-09T15:49:00.694+0000] {override.py:1912} INFO - Created Permission View: can read on DAG:example_task_group_decorator
[2025-04-09T15:49:00.704+0000] {logging_mixin.py:190} INFO - [2025-04-09T15:49:00.704+0000] {override.py:1912} INFO - Created Permission View: menu access on DAG Run:example_task_group_decorator
[2025-04-09T15:49:00.713+0000] {logging_mixin.py:190} INFO - [2025-04-09T15:49:00.712+0000] {override.py:1912} INFO - Created Permission View: can create on DAG Run:example_task_group_decorator
[2025-04-09T15:49:00.721+0000] {logging_mixin.py:190} INFO - [2025-04-09T15:49:00.720+0000] {override.py:1912} INFO - Created Permission View: can delete on DAG Run:example_task_group_decorator
[2025-04-09T15:49:00.734+0000] {logging_mixin.py:190} INFO - [2025-04-09T15:49:00.733+0000] {override.py:1912} INFO - Created Permission View: can read on DAG Run:example_task_group_decorator
[2025-04-09T15:49:00.734+0000] {logging_mixin.py:190} INFO - [2025-04-09T15:49:00.734+0000] {dag.py:3239} INFO - Sync 1 DAGs
[2025-04-09T15:49:00.756+0000] {logging_mixin.py:190} INFO - [2025-04-09T15:49:00.755+0000] {dag.py:3262} INFO - Creating ORM DAG for example_task_group_decorator
[2025-04-09T15:49:00.757+0000] {logging_mixin.py:190} INFO - [2025-04-09T15:49:00.757+0000] {dag.py:4180} INFO - Setting next_dagrun for example_task_group_decorator to None, run_after=None
[2025-04-09T15:49:00.784+0000] {processor.py:208} INFO - Processing /home/airflow/.local/lib/python3.12/site-packages/airflow/example_dags/example_task_group_decorator.py took 0.330 seconds
[2025-04-09T15:50:21.020+0000] {processor.py:186} INFO - Started process (PID=733) to work on /home/airflow/.local/lib/python3.12/site-packages/airflow/example_dags/example_task_group_decorator.py
[2025-04-09T15:50:21.027+0000] {processor.py:914} INFO - Processing file /home/airflow/.local/lib/python3.12/site-packages/airflow/example_dags/example_task_group_decorator.py for tasks to queue
[2025-04-09T15:50:21.058+0000] {logging_mixin.py:190} INFO - [2025-04-09T15:50:21.058+0000] {dagbag.py:588} INFO - Filling up the DagBag from /home/airflow/.local/lib/python3.12/site-packages/airflow/example_dags/example_task_group_decorator.py
[2025-04-09T15:50:21.207+0000] {processor.py:925} INFO - DAG(s) 'example_task_group_decorator' retrieved from /home/airflow/.local/lib/python3.12/site-packages/airflow/example_dags/example_task_group_decorator.py
[2025-04-09T15:50:21.359+0000] {logging_mixin.py:190} INFO - [2025-04-09T15:50:21.358+0000] {dag.py:3239} INFO - Sync 1 DAGs
[2025-04-09T15:50:21.424+0000] {logging_mixin.py:190} INFO - [2025-04-09T15:50:21.423+0000] {dag.py:4180} INFO - Setting next_dagrun for example_task_group_decorator to None, run_after=None
[2025-04-09T15:50:21.726+0000] {processor.py:208} INFO - Processing /home/airflow/.local/lib/python3.12/site-packages/airflow/example_dags/example_task_group_decorator.py took 0.750 seconds
[2025-04-09T15:51:19.356+0000] {processor.py:186} INFO - Started process (PID=1033) to work on /home/airflow/.local/lib/python3.12/site-packages/airflow/example_dags/example_task_group_decorator.py
[2025-04-09T15:51:19.374+0000] {processor.py:914} INFO - Processing file /home/airflow/.local/lib/python3.12/site-packages/airflow/example_dags/example_task_group_decorator.py for tasks to queue
[2025-04-09T15:51:19.616+0000] {logging_mixin.py:190} INFO - [2025-04-09T15:51:19.613+0000] {dagbag.py:588} INFO - Filling up the DagBag from /home/airflow/.local/lib/python3.12/site-packages/airflow/example_dags/example_task_group_decorator.py
[2025-04-09T15:51:21.114+0000] {processor.py:925} INFO - DAG(s) 'example_task_group_decorator' retrieved from /home/airflow/.local/lib/python3.12/site-packages/airflow/example_dags/example_task_group_decorator.py
[2025-04-09T15:51:22.084+0000] {logging_mixin.py:190} INFO - [2025-04-09T15:51:22.083+0000] {dag.py:3239} INFO - Sync 1 DAGs
[2025-04-09T15:51:22.780+0000] {logging_mixin.py:190} INFO - [2025-04-09T15:51:22.778+0000] {dag.py:4180} INFO - Setting next_dagrun for example_task_group_decorator to None, run_after=None
[2025-04-09T15:51:23.364+0000] {processor.py:208} INFO - Processing /home/airflow/.local/lib/python3.12/site-packages/airflow/example_dags/example_task_group_decorator.py took 4.245 seconds
[2025-04-09T15:52:14.531+0000] {processor.py:186} INFO - Started process (PID=1353) to work on /home/airflow/.local/lib/python3.12/site-packages/airflow/example_dags/example_task_group_decorator.py
[2025-04-09T15:52:14.537+0000] {processor.py:914} INFO - Processing file /home/airflow/.local/lib/python3.12/site-packages/airflow/example_dags/example_task_group_decorator.py for tasks to queue
[2025-04-09T15:52:14.542+0000] {logging_mixin.py:190} INFO - [2025-04-09T15:52:14.541+0000] {dagbag.py:588} INFO - Filling up the DagBag from /home/airflow/.local/lib/python3.12/site-packages/airflow/example_dags/example_task_group_decorator.py
[2025-04-09T15:52:14.576+0000] {processor.py:925} INFO - DAG(s) 'example_task_group_decorator' retrieved from /home/airflow/.local/lib/python3.12/site-packages/airflow/example_dags/example_task_group_decorator.py
[2025-04-09T15:52:14.705+0000] {logging_mixin.py:190} INFO - [2025-04-09T15:52:14.704+0000] {dag.py:3239} INFO - Sync 1 DAGs
[2025-04-09T15:52:14.746+0000] {logging_mixin.py:190} INFO - [2025-04-09T15:52:14.745+0000] {dag.py:4180} INFO - Setting next_dagrun for example_task_group_decorator to None, run_after=None
[2025-04-09T15:52:14.885+0000] {processor.py:208} INFO - Processing /home/airflow/.local/lib/python3.12/site-packages/airflow/example_dags/example_task_group_decorator.py took 0.363 seconds
[2025-04-09T15:55:25.100+0000] {processor.py:186} INFO - Started process (PID=404) to work on /home/airflow/.local/lib/python3.12/site-packages/airflow/example_dags/example_task_group_decorator.py
[2025-04-09T15:55:25.104+0000] {processor.py:914} INFO - Processing file /home/airflow/.local/lib/python3.12/site-packages/airflow/example_dags/example_task_group_decorator.py for tasks to queue
[2025-04-09T15:55:25.108+0000] {logging_mixin.py:190} INFO - [2025-04-09T15:55:25.108+0000] {dagbag.py:588} INFO - Filling up the DagBag from /home/airflow/.local/lib/python3.12/site-packages/airflow/example_dags/example_task_group_decorator.py
[2025-04-09T15:55:25.160+0000] {processor.py:925} INFO - DAG(s) 'example_task_group_decorator' retrieved from /home/airflow/.local/lib/python3.12/site-packages/airflow/example_dags/example_task_group_decorator.py
[2025-04-09T15:55:25.396+0000] {logging_mixin.py:190} INFO - [2025-04-09T15:55:25.395+0000] {override.py:1912} INFO - Created Permission View: can delete on DAG:example_task_group_decorator
[2025-04-09T15:55:25.414+0000] {logging_mixin.py:190} INFO - [2025-04-09T15:55:25.413+0000] {override.py:1912} INFO - Created Permission View: can edit on DAG:example_task_group_decorator
[2025-04-09T15:55:25.427+0000] {logging_mixin.py:190} INFO - [2025-04-09T15:55:25.426+0000] {override.py:1912} INFO - Created Permission View: can read on DAG:example_task_group_decorator
[2025-04-09T15:55:25.441+0000] {logging_mixin.py:190} INFO - [2025-04-09T15:55:25.441+0000] {override.py:1912} INFO - Created Permission View: can delete on DAG Run:example_task_group_decorator
[2025-04-09T15:55:25.453+0000] {logging_mixin.py:190} INFO - [2025-04-09T15:55:25.453+0000] {override.py:1912} INFO - Created Permission View: can create on DAG Run:example_task_group_decorator
[2025-04-09T15:55:25.465+0000] {logging_mixin.py:190} INFO - [2025-04-09T15:55:25.465+0000] {override.py:1912} INFO - Created Permission View: can read on DAG Run:example_task_group_decorator
[2025-04-09T15:55:25.477+0000] {logging_mixin.py:190} INFO - [2025-04-09T15:55:25.476+0000] {override.py:1912} INFO - Created Permission View: menu access on DAG Run:example_task_group_decorator
[2025-04-09T15:55:25.478+0000] {logging_mixin.py:190} INFO - [2025-04-09T15:55:25.478+0000] {dag.py:3239} INFO - Sync 1 DAGs
[2025-04-09T15:55:25.500+0000] {logging_mixin.py:190} INFO - [2025-04-09T15:55:25.500+0000] {dag.py:3262} INFO - Creating ORM DAG for example_task_group_decorator
[2025-04-09T15:55:25.502+0000] {logging_mixin.py:190} INFO - [2025-04-09T15:55:25.502+0000] {dag.py:4180} INFO - Setting next_dagrun for example_task_group_decorator to None, run_after=None
[2025-04-09T15:55:25.529+0000] {processor.py:208} INFO - Processing /home/airflow/.local/lib/python3.12/site-packages/airflow/example_dags/example_task_group_decorator.py took 0.442 seconds
[2025-04-09T15:55:57.314+0000] {processor.py:186} INFO - Started process (PID=695) to work on /home/airflow/.local/lib/python3.12/site-packages/airflow/example_dags/example_task_group_decorator.py
[2025-04-09T15:55:57.316+0000] {processor.py:914} INFO - Processing file /home/airflow/.local/lib/python3.12/site-packages/airflow/example_dags/example_task_group_decorator.py for tasks to queue
[2025-04-09T15:55:57.333+0000] {logging_mixin.py:190} INFO - [2025-04-09T15:55:57.330+0000] {dagbag.py:588} INFO - Filling up the DagBag from /home/airflow/.local/lib/python3.12/site-packages/airflow/example_dags/example_task_group_decorator.py
[2025-04-09T15:55:57.452+0000] {processor.py:925} INFO - DAG(s) 'example_task_group_decorator' retrieved from /home/airflow/.local/lib/python3.12/site-packages/airflow/example_dags/example_task_group_decorator.py
[2025-04-09T15:55:57.562+0000] {logging_mixin.py:190} INFO - [2025-04-09T15:55:57.561+0000] {dag.py:3239} INFO - Sync 1 DAGs
[2025-04-09T15:55:57.609+0000] {logging_mixin.py:190} INFO - [2025-04-09T15:55:57.608+0000] {dag.py:4180} INFO - Setting next_dagrun for example_task_group_decorator to None, run_after=None
[2025-04-09T15:55:57.700+0000] {processor.py:208} INFO - Processing /home/airflow/.local/lib/python3.12/site-packages/airflow/example_dags/example_task_group_decorator.py took 0.646 seconds
[2025-04-09T15:56:31.007+0000] {processor.py:186} INFO - Started process (PID=986) to work on /home/airflow/.local/lib/python3.12/site-packages/airflow/example_dags/example_task_group_decorator.py
[2025-04-09T15:56:31.009+0000] {processor.py:914} INFO - Processing file /home/airflow/.local/lib/python3.12/site-packages/airflow/example_dags/example_task_group_decorator.py for tasks to queue
[2025-04-09T15:56:31.013+0000] {logging_mixin.py:190} INFO - [2025-04-09T15:56:31.013+0000] {dagbag.py:588} INFO - Filling up the DagBag from /home/airflow/.local/lib/python3.12/site-packages/airflow/example_dags/example_task_group_decorator.py
[2025-04-09T15:56:31.049+0000] {processor.py:925} INFO - DAG(s) 'example_task_group_decorator' retrieved from /home/airflow/.local/lib/python3.12/site-packages/airflow/example_dags/example_task_group_decorator.py
[2025-04-09T15:56:31.109+0000] {logging_mixin.py:190} INFO - [2025-04-09T15:56:31.108+0000] {dag.py:3239} INFO - Sync 1 DAGs
[2025-04-09T15:56:31.140+0000] {logging_mixin.py:190} INFO - [2025-04-09T15:56:31.140+0000] {dag.py:4180} INFO - Setting next_dagrun for example_task_group_decorator to None, run_after=None
[2025-04-09T15:56:31.198+0000] {processor.py:208} INFO - Processing /home/airflow/.local/lib/python3.12/site-packages/airflow/example_dags/example_task_group_decorator.py took 0.204 seconds
[2025-04-09T15:57:01.531+0000] {processor.py:186} INFO - Started process (PID=1277) to work on /home/airflow/.local/lib/python3.12/site-packages/airflow/example_dags/example_task_group_decorator.py
[2025-04-09T15:57:01.533+0000] {processor.py:914} INFO - Processing file /home/airflow/.local/lib/python3.12/site-packages/airflow/example_dags/example_task_group_decorator.py for tasks to queue
[2025-04-09T15:57:01.536+0000] {logging_mixin.py:190} INFO - [2025-04-09T15:57:01.536+0000] {dagbag.py:588} INFO - Filling up the DagBag from /home/airflow/.local/lib/python3.12/site-packages/airflow/example_dags/example_task_group_decorator.py
[2025-04-09T15:57:01.560+0000] {processor.py:925} INFO - DAG(s) 'example_task_group_decorator' retrieved from /home/airflow/.local/lib/python3.12/site-packages/airflow/example_dags/example_task_group_decorator.py
[2025-04-09T15:57:01.600+0000] {logging_mixin.py:190} INFO - [2025-04-09T15:57:01.600+0000] {dag.py:3239} INFO - Sync 1 DAGs
[2025-04-09T15:57:01.621+0000] {logging_mixin.py:190} INFO - [2025-04-09T15:57:01.621+0000] {dag.py:4180} INFO - Setting next_dagrun for example_task_group_decorator to None, run_after=None
[2025-04-09T15:57:01.648+0000] {processor.py:208} INFO - Processing /home/airflow/.local/lib/python3.12/site-packages/airflow/example_dags/example_task_group_decorator.py took 0.125 seconds
[2025-04-09T15:57:33.354+0000] {processor.py:186} INFO - Started process (PID=1568) to work on /home/airflow/.local/lib/python3.12/site-packages/airflow/example_dags/example_task_group_decorator.py
[2025-04-09T15:57:33.356+0000] {processor.py:914} INFO - Processing file /home/airflow/.local/lib/python3.12/site-packages/airflow/example_dags/example_task_group_decorator.py for tasks to queue
[2025-04-09T15:57:33.359+0000] {logging_mixin.py:190} INFO - [2025-04-09T15:57:33.359+0000] {dagbag.py:588} INFO - Filling up the DagBag from /home/airflow/.local/lib/python3.12/site-packages/airflow/example_dags/example_task_group_decorator.py
[2025-04-09T15:57:33.408+0000] {processor.py:925} INFO - DAG(s) 'example_task_group_decorator' retrieved from /home/airflow/.local/lib/python3.12/site-packages/airflow/example_dags/example_task_group_decorator.py
[2025-04-09T15:57:33.470+0000] {logging_mixin.py:190} INFO - [2025-04-09T15:57:33.470+0000] {dag.py:3239} INFO - Sync 1 DAGs
[2025-04-09T15:57:33.519+0000] {logging_mixin.py:190} INFO - [2025-04-09T15:57:33.518+0000] {dag.py:4180} INFO - Setting next_dagrun for example_task_group_decorator to None, run_after=None
[2025-04-09T15:57:33.590+0000] {processor.py:208} INFO - Processing /home/airflow/.local/lib/python3.12/site-packages/airflow/example_dags/example_task_group_decorator.py took 0.245 seconds
