[2025-04-09T15:48:48.049+0000] {processor.py:186} INFO - Started process (PID=187) to work on /home/airflow/.local/lib/python3.12/site-packages/airflow/example_dags/example_bash_decorator.py
[2025-04-09T15:48:48.051+0000] {processor.py:914} INFO - Processing file /home/airflow/.local/lib/python3.12/site-packages/airflow/example_dags/example_bash_decorator.py for tasks to queue
[2025-04-09T15:48:48.057+0000] {logging_mixin.py:190} INFO - [2025-04-09T15:48:48.056+0000] {dagbag.py:588} INFO - Filling up the DagBag from /home/airflow/.local/lib/python3.12/site-packages/airflow/example_dags/example_bash_decorator.py
[2025-04-09T15:48:48.124+0000] {processor.py:925} INFO - DAG(s) 'example_bash_decorator' retrieved from /home/airflow/.local/lib/python3.12/site-packages/airflow/example_dags/example_bash_decorator.py
[2025-04-09T15:48:48.941+0000] {logging_mixin.py:190} INFO - [2025-04-09T15:48:48.939+0000] {override.py:1912} INFO - Created Permission View: can delete on DAG:example_bash_decorator
[2025-04-09T15:48:48.978+0000] {logging_mixin.py:190} INFO - [2025-04-09T15:48:48.977+0000] {override.py:1912} INFO - Created Permission View: can edit on DAG:example_bash_decorator
[2025-04-09T15:48:48.987+0000] {logging_mixin.py:190} INFO - [2025-04-09T15:48:48.987+0000] {override.py:1912} INFO - Created Permission View: can read on DAG:example_bash_decorator
[2025-04-09T15:48:49.000+0000] {logging_mixin.py:190} INFO - [2025-04-09T15:48:48.999+0000] {override.py:1912} INFO - Created Permission View: menu access on DAG Run:example_bash_decorator
[2025-04-09T15:48:49.010+0000] {logging_mixin.py:190} INFO - [2025-04-09T15:48:49.009+0000] {override.py:1912} INFO - Created Permission View: can create on DAG Run:example_bash_decorator
[2025-04-09T15:48:49.020+0000] {logging_mixin.py:190} INFO - [2025-04-09T15:48:49.020+0000] {override.py:1912} INFO - Created Permission View: can delete on DAG Run:example_bash_decorator
[2025-04-09T15:48:49.032+0000] {logging_mixin.py:190} INFO - [2025-04-09T15:48:49.032+0000] {override.py:1912} INFO - Created Permission View: can read on DAG Run:example_bash_decorator
[2025-04-09T15:48:49.033+0000] {logging_mixin.py:190} INFO - [2025-04-09T15:48:49.033+0000] {dag.py:3239} INFO - Sync 1 DAGs
[2025-04-09T15:48:49.053+0000] {logging_mixin.py:190} INFO - [2025-04-09T15:48:49.053+0000] {dag.py:3262} INFO - Creating ORM DAG for example_bash_decorator
[2025-04-09T15:48:49.054+0000] {logging_mixin.py:190} INFO - [2025-04-09T15:48:49.054+0000] {dag.py:4180} INFO - Setting next_dagrun for example_bash_decorator to None, run_after=None
[2025-04-09T15:48:49.077+0000] {processor.py:208} INFO - Processing /home/airflow/.local/lib/python3.12/site-packages/airflow/example_dags/example_bash_decorator.py took 1.044 seconds
[2025-04-09T15:49:19.424+0000] {processor.py:186} INFO - Started process (PID=484) to work on /home/airflow/.local/lib/python3.12/site-packages/airflow/example_dags/example_bash_decorator.py
[2025-04-09T15:49:19.433+0000] {processor.py:914} INFO - Processing file /home/airflow/.local/lib/python3.12/site-packages/airflow/example_dags/example_bash_decorator.py for tasks to queue
[2025-04-09T15:49:19.445+0000] {logging_mixin.py:190} INFO - [2025-04-09T15:49:19.442+0000] {dagbag.py:588} INFO - Filling up the DagBag from /home/airflow/.local/lib/python3.12/site-packages/airflow/example_dags/example_bash_decorator.py
[2025-04-09T15:49:19.538+0000] {processor.py:925} INFO - DAG(s) 'example_bash_decorator' retrieved from /home/airflow/.local/lib/python3.12/site-packages/airflow/example_dags/example_bash_decorator.py
[2025-04-09T15:49:19.637+0000] {logging_mixin.py:190} INFO - [2025-04-09T15:49:19.636+0000] {dag.py:3239} INFO - Sync 1 DAGs
[2025-04-09T15:49:19.676+0000] {logging_mixin.py:190} INFO - [2025-04-09T15:49:19.676+0000] {dag.py:4180} INFO - Setting next_dagrun for example_bash_decorator to None, run_after=None
[2025-04-09T15:49:19.860+0000] {processor.py:208} INFO - Processing /home/airflow/.local/lib/python3.12/site-packages/airflow/example_dags/example_bash_decorator.py took 0.462 seconds
[2025-04-09T15:49:55.504+0000] {processor.py:186} INFO - Started process (PID=553) to work on /home/airflow/.local/lib/python3.12/site-packages/airflow/example_dags/example_bash_decorator.py
[2025-04-09T15:49:55.510+0000] {processor.py:914} INFO - Processing file /home/airflow/.local/lib/python3.12/site-packages/airflow/example_dags/example_bash_decorator.py for tasks to queue
[2025-04-09T15:49:55.535+0000] {logging_mixin.py:190} INFO - [2025-04-09T15:49:55.520+0000] {dagbag.py:588} INFO - Filling up the DagBag from /home/airflow/.local/lib/python3.12/site-packages/airflow/example_dags/example_bash_decorator.py
[2025-04-09T15:49:56.114+0000] {processor.py:925} INFO - DAG(s) 'example_bash_decorator' retrieved from /home/airflow/.local/lib/python3.12/site-packages/airflow/example_dags/example_bash_decorator.py
[2025-04-09T15:49:56.927+0000] {logging_mixin.py:190} INFO - [2025-04-09T15:49:56.926+0000] {dag.py:3239} INFO - Sync 1 DAGs
[2025-04-09T15:49:57.305+0000] {logging_mixin.py:190} INFO - [2025-04-09T15:49:57.303+0000] {dag.py:4180} INFO - Setting next_dagrun for example_bash_decorator to None, run_after=None
[2025-04-09T15:49:57.844+0000] {processor.py:208} INFO - Processing /home/airflow/.local/lib/python3.12/site-packages/airflow/example_dags/example_bash_decorator.py took 2.359 seconds
[2025-04-09T15:50:29.423+0000] {processor.py:186} INFO - Started process (PID=831) to work on /home/airflow/.local/lib/python3.12/site-packages/airflow/example_dags/example_bash_decorator.py
[2025-04-09T15:50:29.429+0000] {processor.py:914} INFO - Processing file /home/airflow/.local/lib/python3.12/site-packages/airflow/example_dags/example_bash_decorator.py for tasks to queue
[2025-04-09T15:50:29.442+0000] {logging_mixin.py:190} INFO - [2025-04-09T15:50:29.441+0000] {dagbag.py:588} INFO - Filling up the DagBag from /home/airflow/.local/lib/python3.12/site-packages/airflow/example_dags/example_bash_decorator.py
[2025-04-09T15:50:29.514+0000] {processor.py:925} INFO - DAG(s) 'example_bash_decorator' retrieved from /home/airflow/.local/lib/python3.12/site-packages/airflow/example_dags/example_bash_decorator.py
[2025-04-09T15:50:29.609+0000] {logging_mixin.py:190} INFO - [2025-04-09T15:50:29.608+0000] {dag.py:3239} INFO - Sync 1 DAGs
[2025-04-09T15:50:29.648+0000] {logging_mixin.py:190} INFO - [2025-04-09T15:50:29.647+0000] {dag.py:4180} INFO - Setting next_dagrun for example_bash_decorator to None, run_after=None
[2025-04-09T15:50:29.710+0000] {processor.py:208} INFO - Processing /home/airflow/.local/lib/python3.12/site-packages/airflow/example_dags/example_bash_decorator.py took 0.318 seconds
[2025-04-09T15:51:26.256+0000] {processor.py:186} INFO - Started process (PID=1067) to work on /home/airflow/.local/lib/python3.12/site-packages/airflow/example_dags/example_bash_decorator.py
[2025-04-09T15:51:26.266+0000] {processor.py:914} INFO - Processing file /home/airflow/.local/lib/python3.12/site-packages/airflow/example_dags/example_bash_decorator.py for tasks to queue
[2025-04-09T15:51:26.269+0000] {logging_mixin.py:190} INFO - [2025-04-09T15:51:26.268+0000] {dagbag.py:588} INFO - Filling up the DagBag from /home/airflow/.local/lib/python3.12/site-packages/airflow/example_dags/example_bash_decorator.py
[2025-04-09T15:51:26.458+0000] {processor.py:925} INFO - DAG(s) 'example_bash_decorator' retrieved from /home/airflow/.local/lib/python3.12/site-packages/airflow/example_dags/example_bash_decorator.py
[2025-04-09T15:51:26.598+0000] {logging_mixin.py:190} INFO - [2025-04-09T15:51:26.597+0000] {dag.py:3239} INFO - Sync 1 DAGs
[2025-04-09T15:51:27.243+0000] {logging_mixin.py:190} INFO - [2025-04-09T15:51:27.228+0000] {dag.py:4180} INFO - Setting next_dagrun for example_bash_decorator to None, run_after=None
[2025-04-09T15:51:27.936+0000] {processor.py:208} INFO - Processing /home/airflow/.local/lib/python3.12/site-packages/airflow/example_dags/example_bash_decorator.py took 1.712 seconds
[2025-04-09T15:52:04.069+0000] {processor.py:186} INFO - Started process (PID=1238) to work on /home/airflow/.local/lib/python3.12/site-packages/airflow/example_dags/example_bash_decorator.py
[2025-04-09T15:52:04.072+0000] {processor.py:914} INFO - Processing file /home/airflow/.local/lib/python3.12/site-packages/airflow/example_dags/example_bash_decorator.py for tasks to queue
[2025-04-09T15:52:04.085+0000] {logging_mixin.py:190} INFO - [2025-04-09T15:52:04.084+0000] {dagbag.py:588} INFO - Filling up the DagBag from /home/airflow/.local/lib/python3.12/site-packages/airflow/example_dags/example_bash_decorator.py
[2025-04-09T15:52:04.130+0000] {processor.py:925} INFO - DAG(s) 'example_bash_decorator' retrieved from /home/airflow/.local/lib/python3.12/site-packages/airflow/example_dags/example_bash_decorator.py
[2025-04-09T15:52:04.224+0000] {logging_mixin.py:190} INFO - [2025-04-09T15:52:04.223+0000] {dag.py:3239} INFO - Sync 1 DAGs
[2025-04-09T15:52:04.275+0000] {logging_mixin.py:190} INFO - [2025-04-09T15:52:04.273+0000] {dag.py:4180} INFO - Setting next_dagrun for example_bash_decorator to None, run_after=None
[2025-04-09T15:52:04.364+0000] {processor.py:208} INFO - Processing /home/airflow/.local/lib/python3.12/site-packages/airflow/example_dags/example_bash_decorator.py took 0.326 seconds
[2025-04-09T15:52:36.053+0000] {processor.py:186} INFO - Started process (PID=1482) to work on /home/airflow/.local/lib/python3.12/site-packages/airflow/example_dags/example_bash_decorator.py
[2025-04-09T15:52:36.057+0000] {processor.py:914} INFO - Processing file /home/airflow/.local/lib/python3.12/site-packages/airflow/example_dags/example_bash_decorator.py for tasks to queue
[2025-04-09T15:52:36.060+0000] {logging_mixin.py:190} INFO - [2025-04-09T15:52:36.060+0000] {dagbag.py:588} INFO - Filling up the DagBag from /home/airflow/.local/lib/python3.12/site-packages/airflow/example_dags/example_bash_decorator.py
[2025-04-09T15:52:36.081+0000] {processor.py:925} INFO - DAG(s) 'example_bash_decorator' retrieved from /home/airflow/.local/lib/python3.12/site-packages/airflow/example_dags/example_bash_decorator.py
[2025-04-09T15:52:36.139+0000] {logging_mixin.py:190} INFO - [2025-04-09T15:52:36.138+0000] {dag.py:3239} INFO - Sync 1 DAGs
[2025-04-09T15:52:36.156+0000] {logging_mixin.py:190} INFO - [2025-04-09T15:52:36.156+0000] {dag.py:4180} INFO - Setting next_dagrun for example_bash_decorator to None, run_after=None
[2025-04-09T15:52:38.593+0000] {logging_mixin.py:190} INFO - [2025-04-09T15:52:38.592+0000] {process_utils.py:266} INFO - Waiting up to 5 seconds for processes to exit...
[2025-04-09T15:54:50.985+0000] {processor.py:186} INFO - Started process (PID=205) to work on /home/airflow/.local/lib/python3.12/site-packages/airflow/example_dags/example_bash_decorator.py
[2025-04-09T15:54:50.990+0000] {processor.py:914} INFO - Processing file /home/airflow/.local/lib/python3.12/site-packages/airflow/example_dags/example_bash_decorator.py for tasks to queue
[2025-04-09T15:54:51.002+0000] {logging_mixin.py:190} INFO - [2025-04-09T15:54:51.001+0000] {dagbag.py:588} INFO - Filling up the DagBag from /home/airflow/.local/lib/python3.12/site-packages/airflow/example_dags/example_bash_decorator.py
[2025-04-09T15:54:51.110+0000] {processor.py:925} INFO - DAG(s) 'example_bash_decorator' retrieved from /home/airflow/.local/lib/python3.12/site-packages/airflow/example_dags/example_bash_decorator.py
[2025-04-09T15:54:51.869+0000] {logging_mixin.py:190} INFO - [2025-04-09T15:54:51.867+0000] {override.py:1912} INFO - Created Permission View: can delete on DAG:example_bash_decorator
[2025-04-09T15:54:51.892+0000] {logging_mixin.py:190} INFO - [2025-04-09T15:54:51.892+0000] {override.py:1912} INFO - Created Permission View: can edit on DAG:example_bash_decorator
[2025-04-09T15:54:51.911+0000] {logging_mixin.py:190} INFO - [2025-04-09T15:54:51.911+0000] {override.py:1912} INFO - Created Permission View: can read on DAG:example_bash_decorator
[2025-04-09T15:54:51.933+0000] {logging_mixin.py:190} INFO - [2025-04-09T15:54:51.932+0000] {override.py:1912} INFO - Created Permission View: can delete on DAG Run:example_bash_decorator
[2025-04-09T15:54:51.947+0000] {logging_mixin.py:190} INFO - [2025-04-09T15:54:51.947+0000] {override.py:1912} INFO - Created Permission View: can create on DAG Run:example_bash_decorator
[2025-04-09T15:54:51.967+0000] {logging_mixin.py:190} INFO - [2025-04-09T15:54:51.966+0000] {override.py:1912} INFO - Created Permission View: can read on DAG Run:example_bash_decorator
[2025-04-09T15:54:51.981+0000] {logging_mixin.py:190} INFO - [2025-04-09T15:54:51.980+0000] {override.py:1912} INFO - Created Permission View: menu access on DAG Run:example_bash_decorator
[2025-04-09T15:54:51.983+0000] {logging_mixin.py:190} INFO - [2025-04-09T15:54:51.982+0000] {dag.py:3239} INFO - Sync 1 DAGs
[2025-04-09T15:54:52.017+0000] {logging_mixin.py:190} INFO - [2025-04-09T15:54:52.017+0000] {dag.py:3262} INFO - Creating ORM DAG for example_bash_decorator
[2025-04-09T15:54:52.019+0000] {logging_mixin.py:190} INFO - [2025-04-09T15:54:52.019+0000] {dag.py:4180} INFO - Setting next_dagrun for example_bash_decorator to None, run_after=None
[2025-04-09T15:54:52.050+0000] {processor.py:208} INFO - Processing /home/airflow/.local/lib/python3.12/site-packages/airflow/example_dags/example_bash_decorator.py took 1.095 seconds
[2025-04-09T15:55:31.831+0000] {processor.py:186} INFO - Started process (PID=494) to work on /home/airflow/.local/lib/python3.12/site-packages/airflow/example_dags/example_bash_decorator.py
[2025-04-09T15:55:31.844+0000] {processor.py:914} INFO - Processing file /home/airflow/.local/lib/python3.12/site-packages/airflow/example_dags/example_bash_decorator.py for tasks to queue
[2025-04-09T15:55:31.869+0000] {logging_mixin.py:190} INFO - [2025-04-09T15:55:31.868+0000] {dagbag.py:588} INFO - Filling up the DagBag from /home/airflow/.local/lib/python3.12/site-packages/airflow/example_dags/example_bash_decorator.py
[2025-04-09T15:55:31.900+0000] {processor.py:925} INFO - DAG(s) 'example_bash_decorator' retrieved from /home/airflow/.local/lib/python3.12/site-packages/airflow/example_dags/example_bash_decorator.py
[2025-04-09T15:55:31.964+0000] {logging_mixin.py:190} INFO - [2025-04-09T15:55:31.964+0000] {dag.py:3239} INFO - Sync 1 DAGs
[2025-04-09T15:55:32.010+0000] {logging_mixin.py:190} INFO - [2025-04-09T15:55:32.010+0000] {dag.py:4180} INFO - Setting next_dagrun for example_bash_decorator to None, run_after=None
[2025-04-09T15:55:32.098+0000] {processor.py:208} INFO - Processing /home/airflow/.local/lib/python3.12/site-packages/airflow/example_dags/example_bash_decorator.py took 0.276 seconds
[2025-04-09T15:56:02.207+0000] {processor.py:186} INFO - Started process (PID=780) to work on /home/airflow/.local/lib/python3.12/site-packages/airflow/example_dags/example_bash_decorator.py
[2025-04-09T15:56:02.208+0000] {processor.py:914} INFO - Processing file /home/airflow/.local/lib/python3.12/site-packages/airflow/example_dags/example_bash_decorator.py for tasks to queue
[2025-04-09T15:56:02.213+0000] {logging_mixin.py:190} INFO - [2025-04-09T15:56:02.212+0000] {dagbag.py:588} INFO - Filling up the DagBag from /home/airflow/.local/lib/python3.12/site-packages/airflow/example_dags/example_bash_decorator.py
[2025-04-09T15:56:02.253+0000] {processor.py:925} INFO - DAG(s) 'example_bash_decorator' retrieved from /home/airflow/.local/lib/python3.12/site-packages/airflow/example_dags/example_bash_decorator.py
[2025-04-09T15:56:02.314+0000] {logging_mixin.py:190} INFO - [2025-04-09T15:56:02.314+0000] {dag.py:3239} INFO - Sync 1 DAGs
[2025-04-09T15:56:02.355+0000] {logging_mixin.py:190} INFO - [2025-04-09T15:56:02.354+0000] {dag.py:4180} INFO - Setting next_dagrun for example_bash_decorator to None, run_after=None
[2025-04-09T15:56:02.401+0000] {processor.py:208} INFO - Processing /home/airflow/.local/lib/python3.12/site-packages/airflow/example_dags/example_bash_decorator.py took 0.209 seconds
[2025-04-09T15:56:33.085+0000] {processor.py:186} INFO - Started process (PID=1041) to work on /home/airflow/.local/lib/python3.12/site-packages/airflow/example_dags/example_bash_decorator.py
[2025-04-09T15:56:33.087+0000] {processor.py:914} INFO - Processing file /home/airflow/.local/lib/python3.12/site-packages/airflow/example_dags/example_bash_decorator.py for tasks to queue
[2025-04-09T15:56:33.092+0000] {logging_mixin.py:190} INFO - [2025-04-09T15:56:33.091+0000] {dagbag.py:588} INFO - Filling up the DagBag from /home/airflow/.local/lib/python3.12/site-packages/airflow/example_dags/example_bash_decorator.py
[2025-04-09T15:56:33.117+0000] {processor.py:925} INFO - DAG(s) 'example_bash_decorator' retrieved from /home/airflow/.local/lib/python3.12/site-packages/airflow/example_dags/example_bash_decorator.py
[2025-04-09T15:56:33.162+0000] {logging_mixin.py:190} INFO - [2025-04-09T15:56:33.162+0000] {dag.py:3239} INFO - Sync 1 DAGs
[2025-04-09T15:56:33.211+0000] {logging_mixin.py:190} INFO - [2025-04-09T15:56:33.211+0000] {dag.py:4180} INFO - Setting next_dagrun for example_bash_decorator to None, run_after=None
[2025-04-09T15:56:33.270+0000] {processor.py:208} INFO - Processing /home/airflow/.local/lib/python3.12/site-packages/airflow/example_dags/example_bash_decorator.py took 0.197 seconds
[2025-04-09T15:57:03.410+0000] {processor.py:186} INFO - Started process (PID=1334) to work on /home/airflow/.local/lib/python3.12/site-packages/airflow/example_dags/example_bash_decorator.py
[2025-04-09T15:57:03.412+0000] {processor.py:914} INFO - Processing file /home/airflow/.local/lib/python3.12/site-packages/airflow/example_dags/example_bash_decorator.py for tasks to queue
[2025-04-09T15:57:03.415+0000] {logging_mixin.py:190} INFO - [2025-04-09T15:57:03.415+0000] {dagbag.py:588} INFO - Filling up the DagBag from /home/airflow/.local/lib/python3.12/site-packages/airflow/example_dags/example_bash_decorator.py
[2025-04-09T15:57:03.438+0000] {processor.py:925} INFO - DAG(s) 'example_bash_decorator' retrieved from /home/airflow/.local/lib/python3.12/site-packages/airflow/example_dags/example_bash_decorator.py
[2025-04-09T15:57:03.473+0000] {logging_mixin.py:190} INFO - [2025-04-09T15:57:03.473+0000] {dag.py:3239} INFO - Sync 1 DAGs
[2025-04-09T15:57:03.493+0000] {logging_mixin.py:190} INFO - [2025-04-09T15:57:03.493+0000] {dag.py:4180} INFO - Setting next_dagrun for example_bash_decorator to None, run_after=None
[2025-04-09T15:57:03.516+0000] {processor.py:208} INFO - Processing /home/airflow/.local/lib/python3.12/site-packages/airflow/example_dags/example_bash_decorator.py took 0.115 seconds
[2025-04-09T15:57:33.825+0000] {processor.py:186} INFO - Started process (PID=1583) to work on /home/airflow/.local/lib/python3.12/site-packages/airflow/example_dags/example_bash_decorator.py
[2025-04-09T15:57:33.827+0000] {processor.py:914} INFO - Processing file /home/airflow/.local/lib/python3.12/site-packages/airflow/example_dags/example_bash_decorator.py for tasks to queue
[2025-04-09T15:57:33.830+0000] {logging_mixin.py:190} INFO - [2025-04-09T15:57:33.830+0000] {dagbag.py:588} INFO - Filling up the DagBag from /home/airflow/.local/lib/python3.12/site-packages/airflow/example_dags/example_bash_decorator.py
[2025-04-09T15:57:33.869+0000] {processor.py:925} INFO - DAG(s) 'example_bash_decorator' retrieved from /home/airflow/.local/lib/python3.12/site-packages/airflow/example_dags/example_bash_decorator.py
[2025-04-09T15:57:33.987+0000] {logging_mixin.py:190} INFO - [2025-04-09T15:57:33.986+0000] {dag.py:3239} INFO - Sync 1 DAGs
[2025-04-09T15:57:34.013+0000] {logging_mixin.py:190} INFO - [2025-04-09T15:57:34.013+0000] {dag.py:4180} INFO - Setting next_dagrun for example_bash_decorator to None, run_after=None
[2025-04-09T15:57:34.058+0000] {processor.py:208} INFO - Processing /home/airflow/.local/lib/python3.12/site-packages/airflow/example_dags/example_bash_decorator.py took 0.243 seconds
