[2025-04-09T15:48:49.870+0000] {processor.py:186} INFO - Started process (PID=221) to work on /home/airflow/.local/lib/python3.12/site-packages/airflow/example_dags/example_branch_operator_decorator.py
[2025-04-09T15:48:49.871+0000] {processor.py:914} INFO - Processing file /home/airflow/.local/lib/python3.12/site-packages/airflow/example_dags/example_branch_operator_decorator.py for tasks to queue
[2025-04-09T15:48:49.873+0000] {logging_mixin.py:190} INFO - [2025-04-09T15:48:49.873+0000] {dagbag.py:588} INFO - Filling up the DagBag from /home/airflow/.local/lib/python3.12/site-packages/airflow/example_dags/example_branch_operator_decorator.py
[2025-04-09T15:48:49.901+0000] {processor.py:925} INFO - DAG(s) 'example_branch_python_operator_decorator' retrieved from /home/airflow/.local/lib/python3.12/site-packages/airflow/example_dags/example_branch_operator_decorator.py
[2025-04-09T15:48:50.125+0000] {logging_mixin.py:190} INFO - [2025-04-09T15:48:50.125+0000] {override.py:1912} INFO - Created Permission View: can delete on DAG:example_branch_python_operator_decorator
[2025-04-09T15:48:50.139+0000] {logging_mixin.py:190} INFO - [2025-04-09T15:48:50.139+0000] {override.py:1912} INFO - Created Permission View: can edit on DAG:example_branch_python_operator_decorator
[2025-04-09T15:48:50.148+0000] {logging_mixin.py:190} INFO - [2025-04-09T15:48:50.147+0000] {override.py:1912} INFO - Created Permission View: can read on DAG:example_branch_python_operator_decorator
[2025-04-09T15:48:50.169+0000] {logging_mixin.py:190} INFO - [2025-04-09T15:48:50.168+0000] {override.py:1912} INFO - Created Permission View: menu access on DAG Run:example_branch_python_operator_decorator
[2025-04-09T15:48:50.187+0000] {logging_mixin.py:190} INFO - [2025-04-09T15:48:50.187+0000] {override.py:1912} INFO - Created Permission View: can create on DAG Run:example_branch_python_operator_decorator
[2025-04-09T15:48:50.199+0000] {logging_mixin.py:190} INFO - [2025-04-09T15:48:50.198+0000] {override.py:1912} INFO - Created Permission View: can delete on DAG Run:example_branch_python_operator_decorator
[2025-04-09T15:48:50.210+0000] {logging_mixin.py:190} INFO - [2025-04-09T15:48:50.210+0000] {override.py:1912} INFO - Created Permission View: can read on DAG Run:example_branch_python_operator_decorator
[2025-04-09T15:48:50.211+0000] {logging_mixin.py:190} INFO - [2025-04-09T15:48:50.211+0000] {dag.py:3239} INFO - Sync 1 DAGs
[2025-04-09T15:48:50.225+0000] {logging_mixin.py:190} INFO - [2025-04-09T15:48:50.225+0000] {dag.py:3262} INFO - Creating ORM DAG for example_branch_python_operator_decorator
[2025-04-09T15:48:50.238+0000] {logging_mixin.py:190} INFO - [2025-04-09T15:48:50.238+0000] {dag.py:4180} INFO - Setting next_dagrun for example_branch_python_operator_decorator to 2025-04-08 00:00:00+00:00, run_after=2025-04-09 00:00:00+00:00
[2025-04-09T15:48:50.262+0000] {processor.py:208} INFO - Processing /home/airflow/.local/lib/python3.12/site-packages/airflow/example_dags/example_branch_operator_decorator.py took 0.399 seconds
[2025-04-09T15:49:20.688+0000] {processor.py:186} INFO - Started process (PID=512) to work on /home/airflow/.local/lib/python3.12/site-packages/airflow/example_dags/example_branch_operator_decorator.py
[2025-04-09T15:49:20.690+0000] {processor.py:914} INFO - Processing file /home/airflow/.local/lib/python3.12/site-packages/airflow/example_dags/example_branch_operator_decorator.py for tasks to queue
[2025-04-09T15:49:20.696+0000] {logging_mixin.py:190} INFO - [2025-04-09T15:49:20.696+0000] {dagbag.py:588} INFO - Filling up the DagBag from /home/airflow/.local/lib/python3.12/site-packages/airflow/example_dags/example_branch_operator_decorator.py
[2025-04-09T15:49:20.727+0000] {processor.py:925} INFO - DAG(s) 'example_branch_python_operator_decorator' retrieved from /home/airflow/.local/lib/python3.12/site-packages/airflow/example_dags/example_branch_operator_decorator.py
[2025-04-09T15:49:20.777+0000] {logging_mixin.py:190} INFO - [2025-04-09T15:49:20.777+0000] {dag.py:3239} INFO - Sync 1 DAGs
[2025-04-09T15:49:20.808+0000] {logging_mixin.py:190} INFO - [2025-04-09T15:49:20.808+0000] {dag.py:4180} INFO - Setting next_dagrun for example_branch_python_operator_decorator to 2025-04-08 00:00:00+00:00, run_after=2025-04-09 00:00:00+00:00
[2025-04-09T15:49:20.880+0000] {processor.py:208} INFO - Processing /home/airflow/.local/lib/python3.12/site-packages/airflow/example_dags/example_branch_operator_decorator.py took 0.203 seconds
[2025-04-09T15:50:01.720+0000] {processor.py:186} INFO - Started process (PID=583) to work on /home/airflow/.local/lib/python3.12/site-packages/airflow/example_dags/example_branch_operator_decorator.py
[2025-04-09T15:50:01.722+0000] {processor.py:914} INFO - Processing file /home/airflow/.local/lib/python3.12/site-packages/airflow/example_dags/example_branch_operator_decorator.py for tasks to queue
[2025-04-09T15:50:01.727+0000] {logging_mixin.py:190} INFO - [2025-04-09T15:50:01.726+0000] {dagbag.py:588} INFO - Filling up the DagBag from /home/airflow/.local/lib/python3.12/site-packages/airflow/example_dags/example_branch_operator_decorator.py
[2025-04-09T15:50:01.977+0000] {processor.py:925} INFO - DAG(s) 'example_branch_python_operator_decorator' retrieved from /home/airflow/.local/lib/python3.12/site-packages/airflow/example_dags/example_branch_operator_decorator.py
[2025-04-09T15:50:02.494+0000] {logging_mixin.py:190} INFO - [2025-04-09T15:50:02.493+0000] {dag.py:3239} INFO - Sync 1 DAGs
[2025-04-09T15:50:03.155+0000] {logging_mixin.py:190} INFO - [2025-04-09T15:50:03.155+0000] {dag.py:4180} INFO - Setting next_dagrun for example_branch_python_operator_decorator to 2025-04-08 00:00:00+00:00, run_after=2025-04-09 00:00:00+00:00
[2025-04-09T15:50:03.442+0000] {processor.py:208} INFO - Processing /home/airflow/.local/lib/python3.12/site-packages/airflow/example_dags/example_branch_operator_decorator.py took 1.741 seconds
[2025-04-09T15:50:45.298+0000] {processor.py:186} INFO - Started process (PID=874) to work on /home/airflow/.local/lib/python3.12/site-packages/airflow/example_dags/example_branch_operator_decorator.py
[2025-04-09T15:50:45.314+0000] {processor.py:914} INFO - Processing file /home/airflow/.local/lib/python3.12/site-packages/airflow/example_dags/example_branch_operator_decorator.py for tasks to queue
[2025-04-09T15:50:45.319+0000] {logging_mixin.py:190} INFO - [2025-04-09T15:50:45.317+0000] {dagbag.py:588} INFO - Filling up the DagBag from /home/airflow/.local/lib/python3.12/site-packages/airflow/example_dags/example_branch_operator_decorator.py
[2025-04-09T15:50:45.444+0000] {processor.py:925} INFO - DAG(s) 'example_branch_python_operator_decorator' retrieved from /home/airflow/.local/lib/python3.12/site-packages/airflow/example_dags/example_branch_operator_decorator.py
[2025-04-09T15:50:45.589+0000] {logging_mixin.py:190} INFO - [2025-04-09T15:50:45.588+0000] {dag.py:3239} INFO - Sync 1 DAGs
[2025-04-09T15:50:45.743+0000] {logging_mixin.py:190} INFO - [2025-04-09T15:50:45.743+0000] {dag.py:4180} INFO - Setting next_dagrun for example_branch_python_operator_decorator to 2025-04-08 00:00:00+00:00, run_after=2025-04-09 00:00:00+00:00
[2025-04-09T15:50:45.962+0000] {processor.py:208} INFO - Processing /home/airflow/.local/lib/python3.12/site-packages/airflow/example_dags/example_branch_operator_decorator.py took 0.684 seconds
[2025-04-09T15:51:33.293+0000] {processor.py:186} INFO - Started process (PID=1097) to work on /home/airflow/.local/lib/python3.12/site-packages/airflow/example_dags/example_branch_operator_decorator.py
[2025-04-09T15:51:33.299+0000] {processor.py:914} INFO - Processing file /home/airflow/.local/lib/python3.12/site-packages/airflow/example_dags/example_branch_operator_decorator.py for tasks to queue
[2025-04-09T15:51:33.319+0000] {logging_mixin.py:190} INFO - [2025-04-09T15:51:33.316+0000] {dagbag.py:588} INFO - Filling up the DagBag from /home/airflow/.local/lib/python3.12/site-packages/airflow/example_dags/example_branch_operator_decorator.py
[2025-04-09T15:51:33.418+0000] {processor.py:925} INFO - DAG(s) 'example_branch_python_operator_decorator' retrieved from /home/airflow/.local/lib/python3.12/site-packages/airflow/example_dags/example_branch_operator_decorator.py
[2025-04-09T15:51:33.571+0000] {logging_mixin.py:190} INFO - [2025-04-09T15:51:33.571+0000] {dag.py:3239} INFO - Sync 1 DAGs
[2025-04-09T15:51:34.119+0000] {logging_mixin.py:190} INFO - [2025-04-09T15:51:34.118+0000] {dag.py:4180} INFO - Setting next_dagrun for example_branch_python_operator_decorator to 2025-04-08 00:00:00+00:00, run_after=2025-04-09 00:00:00+00:00
[2025-04-09T15:51:34.349+0000] {processor.py:208} INFO - Processing /home/airflow/.local/lib/python3.12/site-packages/airflow/example_dags/example_branch_operator_decorator.py took 1.083 seconds
[2025-04-09T15:52:15.769+0000] {processor.py:186} INFO - Started process (PID=1388) to work on /home/airflow/.local/lib/python3.12/site-packages/airflow/example_dags/example_branch_operator_decorator.py
[2025-04-09T15:52:15.774+0000] {processor.py:914} INFO - Processing file /home/airflow/.local/lib/python3.12/site-packages/airflow/example_dags/example_branch_operator_decorator.py for tasks to queue
[2025-04-09T15:52:15.779+0000] {logging_mixin.py:190} INFO - [2025-04-09T15:52:15.778+0000] {dagbag.py:588} INFO - Filling up the DagBag from /home/airflow/.local/lib/python3.12/site-packages/airflow/example_dags/example_branch_operator_decorator.py
[2025-04-09T15:52:15.858+0000] {processor.py:925} INFO - DAG(s) 'example_branch_python_operator_decorator' retrieved from /home/airflow/.local/lib/python3.12/site-packages/airflow/example_dags/example_branch_operator_decorator.py
[2025-04-09T15:52:15.923+0000] {logging_mixin.py:190} INFO - [2025-04-09T15:52:15.923+0000] {dag.py:3239} INFO - Sync 1 DAGs
[2025-04-09T15:52:16.000+0000] {logging_mixin.py:190} INFO - [2025-04-09T15:52:16.000+0000] {dag.py:4180} INFO - Setting next_dagrun for example_branch_python_operator_decorator to 2025-04-08 00:00:00+00:00, run_after=2025-04-09 00:00:00+00:00
[2025-04-09T15:52:16.115+0000] {processor.py:208} INFO - Processing /home/airflow/.local/lib/python3.12/site-packages/airflow/example_dags/example_branch_operator_decorator.py took 0.361 seconds
[2025-04-09T15:54:54.461+0000] {processor.py:186} INFO - Started process (PID=233) to work on /home/airflow/.local/lib/python3.12/site-packages/airflow/example_dags/example_branch_operator_decorator.py
[2025-04-09T15:54:54.464+0000] {processor.py:914} INFO - Processing file /home/airflow/.local/lib/python3.12/site-packages/airflow/example_dags/example_branch_operator_decorator.py for tasks to queue
[2025-04-09T15:54:54.468+0000] {logging_mixin.py:190} INFO - [2025-04-09T15:54:54.467+0000] {dagbag.py:588} INFO - Filling up the DagBag from /home/airflow/.local/lib/python3.12/site-packages/airflow/example_dags/example_branch_operator_decorator.py
[2025-04-09T15:54:54.542+0000] {processor.py:925} INFO - DAG(s) 'example_branch_python_operator_decorator' retrieved from /home/airflow/.local/lib/python3.12/site-packages/airflow/example_dags/example_branch_operator_decorator.py
[2025-04-09T15:54:55.048+0000] {logging_mixin.py:190} INFO - [2025-04-09T15:54:55.047+0000] {override.py:1912} INFO - Created Permission View: can delete on DAG:example_branch_python_operator_decorator
[2025-04-09T15:54:55.179+0000] {logging_mixin.py:190} INFO - [2025-04-09T15:54:55.177+0000] {override.py:1912} INFO - Created Permission View: can edit on DAG:example_branch_python_operator_decorator
[2025-04-09T15:54:55.263+0000] {logging_mixin.py:190} INFO - [2025-04-09T15:54:55.261+0000] {override.py:1912} INFO - Created Permission View: can read on DAG:example_branch_python_operator_decorator
[2025-04-09T15:54:55.369+0000] {logging_mixin.py:190} INFO - [2025-04-09T15:54:55.367+0000] {override.py:1912} INFO - Created Permission View: can delete on DAG Run:example_branch_python_operator_decorator
[2025-04-09T15:54:55.430+0000] {logging_mixin.py:190} INFO - [2025-04-09T15:54:55.429+0000] {override.py:1912} INFO - Created Permission View: can create on DAG Run:example_branch_python_operator_decorator
[2025-04-09T15:54:55.472+0000] {logging_mixin.py:190} INFO - [2025-04-09T15:54:55.470+0000] {override.py:1912} INFO - Created Permission View: can read on DAG Run:example_branch_python_operator_decorator
[2025-04-09T15:54:55.519+0000] {logging_mixin.py:190} INFO - [2025-04-09T15:54:55.518+0000] {override.py:1912} INFO - Created Permission View: menu access on DAG Run:example_branch_python_operator_decorator
[2025-04-09T15:54:55.520+0000] {logging_mixin.py:190} INFO - [2025-04-09T15:54:55.520+0000] {dag.py:3239} INFO - Sync 1 DAGs
[2025-04-09T15:54:55.563+0000] {logging_mixin.py:190} INFO - [2025-04-09T15:54:55.562+0000] {dag.py:3262} INFO - Creating ORM DAG for example_branch_python_operator_decorator
[2025-04-09T15:54:55.636+0000] {logging_mixin.py:190} INFO - [2025-04-09T15:54:55.635+0000] {dag.py:4180} INFO - Setting next_dagrun for example_branch_python_operator_decorator to 2025-04-08 00:00:00+00:00, run_after=2025-04-09 00:00:00+00:00
[2025-04-09T15:54:55.703+0000] {processor.py:208} INFO - Processing /home/airflow/.local/lib/python3.12/site-packages/airflow/example_dags/example_branch_operator_decorator.py took 1.256 seconds
[2025-04-09T15:55:32.753+0000] {processor.py:186} INFO - Started process (PID=524) to work on /home/airflow/.local/lib/python3.12/site-packages/airflow/example_dags/example_branch_operator_decorator.py
[2025-04-09T15:55:32.755+0000] {processor.py:914} INFO - Processing file /home/airflow/.local/lib/python3.12/site-packages/airflow/example_dags/example_branch_operator_decorator.py for tasks to queue
[2025-04-09T15:55:32.759+0000] {logging_mixin.py:190} INFO - [2025-04-09T15:55:32.758+0000] {dagbag.py:588} INFO - Filling up the DagBag from /home/airflow/.local/lib/python3.12/site-packages/airflow/example_dags/example_branch_operator_decorator.py
[2025-04-09T15:55:32.800+0000] {processor.py:925} INFO - DAG(s) 'example_branch_python_operator_decorator' retrieved from /home/airflow/.local/lib/python3.12/site-packages/airflow/example_dags/example_branch_operator_decorator.py
[2025-04-09T15:55:32.861+0000] {logging_mixin.py:190} INFO - [2025-04-09T15:55:32.861+0000] {dag.py:3239} INFO - Sync 1 DAGs
[2025-04-09T15:55:32.918+0000] {logging_mixin.py:190} INFO - [2025-04-09T15:55:32.917+0000] {dag.py:4180} INFO - Setting next_dagrun for example_branch_python_operator_decorator to 2025-04-08 00:00:00+00:00, run_after=2025-04-09 00:00:00+00:00
[2025-04-09T15:55:33.009+0000] {processor.py:208} INFO - Processing /home/airflow/.local/lib/python3.12/site-packages/airflow/example_dags/example_branch_operator_decorator.py took 0.267 seconds
[2025-04-09T15:56:03.750+0000] {processor.py:186} INFO - Started process (PID=815) to work on /home/airflow/.local/lib/python3.12/site-packages/airflow/example_dags/example_branch_operator_decorator.py
[2025-04-09T15:56:03.753+0000] {processor.py:914} INFO - Processing file /home/airflow/.local/lib/python3.12/site-packages/airflow/example_dags/example_branch_operator_decorator.py for tasks to queue
[2025-04-09T15:56:03.762+0000] {logging_mixin.py:190} INFO - [2025-04-09T15:56:03.760+0000] {dagbag.py:588} INFO - Filling up the DagBag from /home/airflow/.local/lib/python3.12/site-packages/airflow/example_dags/example_branch_operator_decorator.py
[2025-04-09T15:56:03.824+0000] {processor.py:925} INFO - DAG(s) 'example_branch_python_operator_decorator' retrieved from /home/airflow/.local/lib/python3.12/site-packages/airflow/example_dags/example_branch_operator_decorator.py
[2025-04-09T15:56:03.938+0000] {logging_mixin.py:190} INFO - [2025-04-09T15:56:03.937+0000] {dag.py:3239} INFO - Sync 1 DAGs
[2025-04-09T15:56:04.093+0000] {logging_mixin.py:190} INFO - [2025-04-09T15:56:04.092+0000] {dag.py:4180} INFO - Setting next_dagrun for example_branch_python_operator_decorator to 2025-04-08 00:00:00+00:00, run_after=2025-04-09 00:00:00+00:00
[2025-04-09T15:56:04.173+0000] {processor.py:208} INFO - Processing /home/airflow/.local/lib/python3.12/site-packages/airflow/example_dags/example_branch_operator_decorator.py took 0.447 seconds
[2025-04-09T15:56:34.790+0000] {processor.py:186} INFO - Started process (PID=1106) to work on /home/airflow/.local/lib/python3.12/site-packages/airflow/example_dags/example_branch_operator_decorator.py
[2025-04-09T15:56:34.791+0000] {processor.py:914} INFO - Processing file /home/airflow/.local/lib/python3.12/site-packages/airflow/example_dags/example_branch_operator_decorator.py for tasks to queue
[2025-04-09T15:56:34.798+0000] {logging_mixin.py:190} INFO - [2025-04-09T15:56:34.797+0000] {dagbag.py:588} INFO - Filling up the DagBag from /home/airflow/.local/lib/python3.12/site-packages/airflow/example_dags/example_branch_operator_decorator.py
[2025-04-09T15:56:34.857+0000] {processor.py:925} INFO - DAG(s) 'example_branch_python_operator_decorator' retrieved from /home/airflow/.local/lib/python3.12/site-packages/airflow/example_dags/example_branch_operator_decorator.py
[2025-04-09T15:56:34.916+0000] {logging_mixin.py:190} INFO - [2025-04-09T15:56:34.916+0000] {dag.py:3239} INFO - Sync 1 DAGs
[2025-04-09T15:56:34.961+0000] {logging_mixin.py:190} INFO - [2025-04-09T15:56:34.960+0000] {dag.py:4180} INFO - Setting next_dagrun for example_branch_python_operator_decorator to 2025-04-08 00:00:00+00:00, run_after=2025-04-09 00:00:00+00:00
[2025-04-09T15:56:35.140+0000] {processor.py:208} INFO - Processing /home/airflow/.local/lib/python3.12/site-packages/airflow/example_dags/example_branch_operator_decorator.py took 0.366 seconds
[2025-04-09T15:57:05.230+0000] {processor.py:186} INFO - Started process (PID=1399) to work on /home/airflow/.local/lib/python3.12/site-packages/airflow/example_dags/example_branch_operator_decorator.py
[2025-04-09T15:57:05.232+0000] {processor.py:914} INFO - Processing file /home/airflow/.local/lib/python3.12/site-packages/airflow/example_dags/example_branch_operator_decorator.py for tasks to queue
[2025-04-09T15:57:05.235+0000] {logging_mixin.py:190} INFO - [2025-04-09T15:57:05.234+0000] {dagbag.py:588} INFO - Filling up the DagBag from /home/airflow/.local/lib/python3.12/site-packages/airflow/example_dags/example_branch_operator_decorator.py
[2025-04-09T15:57:05.265+0000] {processor.py:925} INFO - DAG(s) 'example_branch_python_operator_decorator' retrieved from /home/airflow/.local/lib/python3.12/site-packages/airflow/example_dags/example_branch_operator_decorator.py
[2025-04-09T15:57:05.306+0000] {logging_mixin.py:190} INFO - [2025-04-09T15:57:05.306+0000] {dag.py:3239} INFO - Sync 1 DAGs
[2025-04-09T15:57:05.341+0000] {logging_mixin.py:190} INFO - [2025-04-09T15:57:05.341+0000] {dag.py:4180} INFO - Setting next_dagrun for example_branch_python_operator_decorator to 2025-04-08 00:00:00+00:00, run_after=2025-04-09 00:00:00+00:00
[2025-04-09T15:57:05.367+0000] {processor.py:208} INFO - Processing /home/airflow/.local/lib/python3.12/site-packages/airflow/example_dags/example_branch_operator_decorator.py took 0.145 seconds
[2025-04-09T15:57:35.828+0000] {processor.py:186} INFO - Started process (PID=1658) to work on /home/airflow/.local/lib/python3.12/site-packages/airflow/example_dags/example_branch_operator_decorator.py
[2025-04-09T15:57:35.829+0000] {processor.py:914} INFO - Processing file /home/airflow/.local/lib/python3.12/site-packages/airflow/example_dags/example_branch_operator_decorator.py for tasks to queue
[2025-04-09T15:57:35.833+0000] {logging_mixin.py:190} INFO - [2025-04-09T15:57:35.833+0000] {dagbag.py:588} INFO - Filling up the DagBag from /home/airflow/.local/lib/python3.12/site-packages/airflow/example_dags/example_branch_operator_decorator.py
[2025-04-09T15:57:35.866+0000] {processor.py:925} INFO - DAG(s) 'example_branch_python_operator_decorator' retrieved from /home/airflow/.local/lib/python3.12/site-packages/airflow/example_dags/example_branch_operator_decorator.py
[2025-04-09T15:57:35.921+0000] {logging_mixin.py:190} INFO - [2025-04-09T15:57:35.921+0000] {dag.py:3239} INFO - Sync 1 DAGs
[2025-04-09T15:57:35.981+0000] {logging_mixin.py:190} INFO - [2025-04-09T15:57:35.979+0000] {dag.py:4180} INFO - Setting next_dagrun for example_branch_python_operator_decorator to 2025-04-08 00:00:00+00:00, run_after=2025-04-09 00:00:00+00:00
[2025-04-09T15:57:36.010+0000] {processor.py:208} INFO - Processing /home/airflow/.local/lib/python3.12/site-packages/airflow/example_dags/example_branch_operator_decorator.py took 0.191 seconds
