[2025-04-09T15:48:48.064+0000] {processor.py:186} INFO - Started process (PID=190) to work on /home/airflow/.local/lib/python3.12/site-packages/airflow/example_dags/example_bash_operator.py
[2025-04-09T15:48:48.066+0000] {processor.py:914} INFO - Processing file /home/airflow/.local/lib/python3.12/site-packages/airflow/example_dags/example_bash_operator.py for tasks to queue
[2025-04-09T15:48:48.072+0000] {logging_mixin.py:190} INFO - [2025-04-09T15:48:48.071+0000] {dagbag.py:588} INFO - Filling up the DagBag from /home/airflow/.local/lib/python3.12/site-packages/airflow/example_dags/example_bash_operator.py
[2025-04-09T15:48:48.125+0000] {processor.py:925} INFO - DAG(s) 'example_bash_operator' retrieved from /home/airflow/.local/lib/python3.12/site-packages/airflow/example_dags/example_bash_operator.py
[2025-04-09T15:48:48.935+0000] {logging_mixin.py:190} INFO - [2025-04-09T15:48:48.934+0000] {override.py:1912} INFO - Created Permission View: can delete on DAG:example_bash_operator
[2025-04-09T15:48:48.973+0000] {logging_mixin.py:190} INFO - [2025-04-09T15:48:48.972+0000] {override.py:1912} INFO - Created Permission View: can edit on DAG:example_bash_operator
[2025-04-09T15:48:48.983+0000] {logging_mixin.py:190} INFO - [2025-04-09T15:48:48.983+0000] {override.py:1912} INFO - Created Permission View: can read on DAG:example_bash_operator
[2025-04-09T15:48:48.998+0000] {logging_mixin.py:190} INFO - [2025-04-09T15:48:48.998+0000] {override.py:1912} INFO - Created Permission View: menu access on DAG Run:example_bash_operator
[2025-04-09T15:48:49.008+0000] {logging_mixin.py:190} INFO - [2025-04-09T15:48:49.007+0000] {override.py:1912} INFO - Created Permission View: can create on DAG Run:example_bash_operator
[2025-04-09T15:48:49.018+0000] {logging_mixin.py:190} INFO - [2025-04-09T15:48:49.018+0000] {override.py:1912} INFO - Created Permission View: can delete on DAG Run:example_bash_operator
[2025-04-09T15:48:49.029+0000] {logging_mixin.py:190} INFO - [2025-04-09T15:48:49.028+0000] {override.py:1912} INFO - Created Permission View: can read on DAG Run:example_bash_operator
[2025-04-09T15:48:49.029+0000] {logging_mixin.py:190} INFO - [2025-04-09T15:48:49.029+0000] {dag.py:3239} INFO - Sync 1 DAGs
[2025-04-09T15:48:49.053+0000] {logging_mixin.py:190} INFO - [2025-04-09T15:48:49.052+0000] {dag.py:3262} INFO - Creating ORM DAG for example_bash_operator
[2025-04-09T15:48:49.073+0000] {logging_mixin.py:190} INFO - [2025-04-09T15:48:49.072+0000] {dag.py:4180} INFO - Setting next_dagrun for example_bash_operator to 2025-04-08 00:00:00+00:00, run_after=2025-04-09 00:00:00+00:00
[2025-04-09T15:48:49.100+0000] {processor.py:208} INFO - Processing /home/airflow/.local/lib/python3.12/site-packages/airflow/example_dags/example_bash_operator.py took 1.050 seconds
[2025-04-09T15:49:19.434+0000] {processor.py:186} INFO - Started process (PID=487) to work on /home/airflow/.local/lib/python3.12/site-packages/airflow/example_dags/example_bash_operator.py
[2025-04-09T15:49:19.439+0000] {processor.py:914} INFO - Processing file /home/airflow/.local/lib/python3.12/site-packages/airflow/example_dags/example_bash_operator.py for tasks to queue
[2025-04-09T15:49:19.451+0000] {logging_mixin.py:190} INFO - [2025-04-09T15:49:19.450+0000] {dagbag.py:588} INFO - Filling up the DagBag from /home/airflow/.local/lib/python3.12/site-packages/airflow/example_dags/example_bash_operator.py
[2025-04-09T15:49:19.535+0000] {processor.py:925} INFO - DAG(s) 'example_bash_operator' retrieved from /home/airflow/.local/lib/python3.12/site-packages/airflow/example_dags/example_bash_operator.py
[2025-04-09T15:49:19.636+0000] {logging_mixin.py:190} INFO - [2025-04-09T15:49:19.636+0000] {dag.py:3239} INFO - Sync 1 DAGs
[2025-04-09T15:49:19.731+0000] {logging_mixin.py:190} INFO - [2025-04-09T15:49:19.731+0000] {dag.py:4180} INFO - Setting next_dagrun for example_bash_operator to 2025-04-08 00:00:00+00:00, run_after=2025-04-09 00:00:00+00:00
[2025-04-09T15:49:19.966+0000] {processor.py:208} INFO - Processing /home/airflow/.local/lib/python3.12/site-packages/airflow/example_dags/example_bash_operator.py took 0.558 seconds
[2025-04-09T15:49:58.069+0000] {processor.py:186} INFO - Started process (PID=560) to work on /home/airflow/.local/lib/python3.12/site-packages/airflow/example_dags/example_bash_operator.py
[2025-04-09T15:49:58.072+0000] {processor.py:914} INFO - Processing file /home/airflow/.local/lib/python3.12/site-packages/airflow/example_dags/example_bash_operator.py for tasks to queue
[2025-04-09T15:49:58.081+0000] {logging_mixin.py:190} INFO - [2025-04-09T15:49:58.080+0000] {dagbag.py:588} INFO - Filling up the DagBag from /home/airflow/.local/lib/python3.12/site-packages/airflow/example_dags/example_bash_operator.py
[2025-04-09T15:49:58.201+0000] {processor.py:925} INFO - DAG(s) 'example_bash_operator' retrieved from /home/airflow/.local/lib/python3.12/site-packages/airflow/example_dags/example_bash_operator.py
[2025-04-09T15:49:58.380+0000] {logging_mixin.py:190} INFO - [2025-04-09T15:49:58.379+0000] {dag.py:3239} INFO - Sync 1 DAGs
[2025-04-09T15:49:58.701+0000] {logging_mixin.py:190} INFO - [2025-04-09T15:49:58.700+0000] {dag.py:4180} INFO - Setting next_dagrun for example_bash_operator to 2025-04-08 00:00:00+00:00, run_after=2025-04-09 00:00:00+00:00
[2025-04-09T15:49:59.581+0000] {processor.py:208} INFO - Processing /home/airflow/.local/lib/python3.12/site-packages/airflow/example_dags/example_bash_operator.py took 1.535 seconds
[2025-04-09T15:50:42.991+0000] {processor.py:186} INFO - Started process (PID=849) to work on /home/airflow/.local/lib/python3.12/site-packages/airflow/example_dags/example_bash_operator.py
[2025-04-09T15:50:42.997+0000] {processor.py:914} INFO - Processing file /home/airflow/.local/lib/python3.12/site-packages/airflow/example_dags/example_bash_operator.py for tasks to queue
[2025-04-09T15:50:43.104+0000] {logging_mixin.py:190} INFO - [2025-04-09T15:50:43.102+0000] {dagbag.py:588} INFO - Filling up the DagBag from /home/airflow/.local/lib/python3.12/site-packages/airflow/example_dags/example_bash_operator.py
[2025-04-09T15:50:43.217+0000] {processor.py:925} INFO - DAG(s) 'example_bash_operator' retrieved from /home/airflow/.local/lib/python3.12/site-packages/airflow/example_dags/example_bash_operator.py
[2025-04-09T15:50:43.394+0000] {logging_mixin.py:190} INFO - [2025-04-09T15:50:43.393+0000] {dag.py:3239} INFO - Sync 1 DAGs
[2025-04-09T15:50:43.586+0000] {logging_mixin.py:190} INFO - [2025-04-09T15:50:43.584+0000] {dag.py:4180} INFO - Setting next_dagrun for example_bash_operator to 2025-04-08 00:00:00+00:00, run_after=2025-04-09 00:00:00+00:00
[2025-04-09T15:50:43.841+0000] {processor.py:208} INFO - Processing /home/airflow/.local/lib/python3.12/site-packages/airflow/example_dags/example_bash_operator.py took 0.874 seconds
[2025-04-09T15:51:27.251+0000] {processor.py:186} INFO - Started process (PID=1072) to work on /home/airflow/.local/lib/python3.12/site-packages/airflow/example_dags/example_bash_operator.py
[2025-04-09T15:51:27.253+0000] {processor.py:914} INFO - Processing file /home/airflow/.local/lib/python3.12/site-packages/airflow/example_dags/example_bash_operator.py for tasks to queue
[2025-04-09T15:51:27.265+0000] {logging_mixin.py:190} INFO - [2025-04-09T15:51:27.263+0000] {dagbag.py:588} INFO - Filling up the DagBag from /home/airflow/.local/lib/python3.12/site-packages/airflow/example_dags/example_bash_operator.py
[2025-04-09T15:51:27.588+0000] {processor.py:925} INFO - DAG(s) 'example_bash_operator' retrieved from /home/airflow/.local/lib/python3.12/site-packages/airflow/example_dags/example_bash_operator.py
[2025-04-09T15:51:28.055+0000] {logging_mixin.py:190} INFO - [2025-04-09T15:51:28.054+0000] {dag.py:3239} INFO - Sync 1 DAGs
[2025-04-09T15:51:28.224+0000] {logging_mixin.py:190} INFO - [2025-04-09T15:51:28.224+0000] {dag.py:4180} INFO - Setting next_dagrun for example_bash_operator to 2025-04-08 00:00:00+00:00, run_after=2025-04-09 00:00:00+00:00
[2025-04-09T15:51:28.666+0000] {processor.py:208} INFO - Processing /home/airflow/.local/lib/python3.12/site-packages/airflow/example_dags/example_bash_operator.py took 1.444 seconds
[2025-04-09T15:52:04.173+0000] {processor.py:186} INFO - Started process (PID=1243) to work on /home/airflow/.local/lib/python3.12/site-packages/airflow/example_dags/example_bash_operator.py
[2025-04-09T15:52:04.176+0000] {processor.py:914} INFO - Processing file /home/airflow/.local/lib/python3.12/site-packages/airflow/example_dags/example_bash_operator.py for tasks to queue
[2025-04-09T15:52:04.184+0000] {logging_mixin.py:190} INFO - [2025-04-09T15:52:04.183+0000] {dagbag.py:588} INFO - Filling up the DagBag from /home/airflow/.local/lib/python3.12/site-packages/airflow/example_dags/example_bash_operator.py
[2025-04-09T15:52:04.236+0000] {processor.py:925} INFO - DAG(s) 'example_bash_operator' retrieved from /home/airflow/.local/lib/python3.12/site-packages/airflow/example_dags/example_bash_operator.py
[2025-04-09T15:52:04.334+0000] {logging_mixin.py:190} INFO - [2025-04-09T15:52:04.334+0000] {dag.py:3239} INFO - Sync 1 DAGs
[2025-04-09T15:52:04.401+0000] {logging_mixin.py:190} INFO - [2025-04-09T15:52:04.401+0000] {dag.py:4180} INFO - Setting next_dagrun for example_bash_operator to 2025-04-08 00:00:00+00:00, run_after=2025-04-09 00:00:00+00:00
[2025-04-09T15:52:04.611+0000] {processor.py:208} INFO - Processing /home/airflow/.local/lib/python3.12/site-packages/airflow/example_dags/example_bash_operator.py took 0.456 seconds
[2025-04-09T15:52:36.168+0000] {processor.py:186} INFO - Started process (PID=1483) to work on /home/airflow/.local/lib/python3.12/site-packages/airflow/example_dags/example_bash_operator.py
[2025-04-09T15:52:36.171+0000] {processor.py:914} INFO - Processing file /home/airflow/.local/lib/python3.12/site-packages/airflow/example_dags/example_bash_operator.py for tasks to queue
[2025-04-09T15:52:36.175+0000] {logging_mixin.py:190} INFO - [2025-04-09T15:52:36.175+0000] {dagbag.py:588} INFO - Filling up the DagBag from /home/airflow/.local/lib/python3.12/site-packages/airflow/example_dags/example_bash_operator.py
[2025-04-09T15:52:36.192+0000] {processor.py:925} INFO - DAG(s) 'example_bash_operator' retrieved from /home/airflow/.local/lib/python3.12/site-packages/airflow/example_dags/example_bash_operator.py
[2025-04-09T15:52:36.235+0000] {logging_mixin.py:190} INFO - [2025-04-09T15:52:36.234+0000] {dag.py:3239} INFO - Sync 1 DAGs
[2025-04-09T15:52:36.268+0000] {logging_mixin.py:190} INFO - [2025-04-09T15:52:36.267+0000] {dag.py:4180} INFO - Setting next_dagrun for example_bash_operator to 2025-04-08 00:00:00+00:00, run_after=2025-04-09 00:00:00+00:00
[2025-04-09T15:52:38.629+0000] {logging_mixin.py:190} INFO - [2025-04-09T15:52:38.629+0000] {process_utils.py:266} INFO - Waiting up to 5 seconds for processes to exit...
[2025-04-09T15:52:38.719+0000] {logging_mixin.py:190} INFO - [2025-04-09T15:52:38.719+0000] {process_utils.py:266} INFO - Waiting up to 5 seconds for processes to exit...
[2025-04-09T15:54:51.002+0000] {processor.py:186} INFO - Started process (PID=208) to work on /home/airflow/.local/lib/python3.12/site-packages/airflow/example_dags/example_bash_operator.py
[2025-04-09T15:54:51.012+0000] {processor.py:914} INFO - Processing file /home/airflow/.local/lib/python3.12/site-packages/airflow/example_dags/example_bash_operator.py for tasks to queue
[2025-04-09T15:54:51.023+0000] {logging_mixin.py:190} INFO - [2025-04-09T15:54:51.022+0000] {dagbag.py:588} INFO - Filling up the DagBag from /home/airflow/.local/lib/python3.12/site-packages/airflow/example_dags/example_bash_operator.py
[2025-04-09T15:54:51.112+0000] {processor.py:925} INFO - DAG(s) 'example_bash_operator' retrieved from /home/airflow/.local/lib/python3.12/site-packages/airflow/example_dags/example_bash_operator.py
[2025-04-09T15:54:51.872+0000] {logging_mixin.py:190} INFO - [2025-04-09T15:54:51.871+0000] {override.py:1912} INFO - Created Permission View: can delete on DAG:example_bash_operator
[2025-04-09T15:54:51.896+0000] {logging_mixin.py:190} INFO - [2025-04-09T15:54:51.895+0000] {override.py:1912} INFO - Created Permission View: can edit on DAG:example_bash_operator
[2025-04-09T15:54:51.915+0000] {logging_mixin.py:190} INFO - [2025-04-09T15:54:51.914+0000] {override.py:1912} INFO - Created Permission View: can read on DAG:example_bash_operator
[2025-04-09T15:54:51.936+0000] {logging_mixin.py:190} INFO - [2025-04-09T15:54:51.935+0000] {override.py:1912} INFO - Created Permission View: can delete on DAG Run:example_bash_operator
[2025-04-09T15:54:51.951+0000] {logging_mixin.py:190} INFO - [2025-04-09T15:54:51.951+0000] {override.py:1912} INFO - Created Permission View: can create on DAG Run:example_bash_operator
[2025-04-09T15:54:51.969+0000] {logging_mixin.py:190} INFO - [2025-04-09T15:54:51.969+0000] {override.py:1912} INFO - Created Permission View: can read on DAG Run:example_bash_operator
[2025-04-09T15:54:51.984+0000] {logging_mixin.py:190} INFO - [2025-04-09T15:54:51.983+0000] {override.py:1912} INFO - Created Permission View: menu access on DAG Run:example_bash_operator
[2025-04-09T15:54:51.985+0000] {logging_mixin.py:190} INFO - [2025-04-09T15:54:51.984+0000] {dag.py:3239} INFO - Sync 1 DAGs
[2025-04-09T15:54:52.017+0000] {logging_mixin.py:190} INFO - [2025-04-09T15:54:52.017+0000] {dag.py:3262} INFO - Creating ORM DAG for example_bash_operator
[2025-04-09T15:54:52.042+0000] {logging_mixin.py:190} INFO - [2025-04-09T15:54:52.042+0000] {dag.py:4180} INFO - Setting next_dagrun for example_bash_operator to 2025-04-08 00:00:00+00:00, run_after=2025-04-09 00:00:00+00:00
[2025-04-09T15:54:52.086+0000] {processor.py:208} INFO - Processing /home/airflow/.local/lib/python3.12/site-packages/airflow/example_dags/example_bash_operator.py took 1.109 seconds
[2025-04-09T15:55:32.134+0000] {processor.py:186} INFO - Started process (PID=501) to work on /home/airflow/.local/lib/python3.12/site-packages/airflow/example_dags/example_bash_operator.py
[2025-04-09T15:55:32.136+0000] {processor.py:914} INFO - Processing file /home/airflow/.local/lib/python3.12/site-packages/airflow/example_dags/example_bash_operator.py for tasks to queue
[2025-04-09T15:55:32.141+0000] {logging_mixin.py:190} INFO - [2025-04-09T15:55:32.140+0000] {dagbag.py:588} INFO - Filling up the DagBag from /home/airflow/.local/lib/python3.12/site-packages/airflow/example_dags/example_bash_operator.py
[2025-04-09T15:55:32.173+0000] {processor.py:925} INFO - DAG(s) 'example_bash_operator' retrieved from /home/airflow/.local/lib/python3.12/site-packages/airflow/example_dags/example_bash_operator.py
[2025-04-09T15:55:32.248+0000] {logging_mixin.py:190} INFO - [2025-04-09T15:55:32.247+0000] {dag.py:3239} INFO - Sync 1 DAGs
[2025-04-09T15:55:32.363+0000] {logging_mixin.py:190} INFO - [2025-04-09T15:55:32.362+0000] {dag.py:4180} INFO - Setting next_dagrun for example_bash_operator to 2025-04-08 00:00:00+00:00, run_after=2025-04-09 00:00:00+00:00
[2025-04-09T15:55:32.435+0000] {processor.py:208} INFO - Processing /home/airflow/.local/lib/python3.12/site-packages/airflow/example_dags/example_bash_operator.py took 0.316 seconds
[2025-04-09T15:56:02.639+0000] {processor.py:186} INFO - Started process (PID=792) to work on /home/airflow/.local/lib/python3.12/site-packages/airflow/example_dags/example_bash_operator.py
[2025-04-09T15:56:02.641+0000] {processor.py:914} INFO - Processing file /home/airflow/.local/lib/python3.12/site-packages/airflow/example_dags/example_bash_operator.py for tasks to queue
[2025-04-09T15:56:02.647+0000] {logging_mixin.py:190} INFO - [2025-04-09T15:56:02.646+0000] {dagbag.py:588} INFO - Filling up the DagBag from /home/airflow/.local/lib/python3.12/site-packages/airflow/example_dags/example_bash_operator.py
[2025-04-09T15:56:02.675+0000] {processor.py:925} INFO - DAG(s) 'example_bash_operator' retrieved from /home/airflow/.local/lib/python3.12/site-packages/airflow/example_dags/example_bash_operator.py
[2025-04-09T15:56:02.759+0000] {logging_mixin.py:190} INFO - [2025-04-09T15:56:02.758+0000] {dag.py:3239} INFO - Sync 1 DAGs
[2025-04-09T15:56:02.825+0000] {logging_mixin.py:190} INFO - [2025-04-09T15:56:02.825+0000] {dag.py:4180} INFO - Setting next_dagrun for example_bash_operator to 2025-04-08 00:00:00+00:00, run_after=2025-04-09 00:00:00+00:00
[2025-04-09T15:56:02.887+0000] {processor.py:208} INFO - Processing /home/airflow/.local/lib/python3.12/site-packages/airflow/example_dags/example_bash_operator.py took 0.263 seconds
[2025-04-09T15:56:33.121+0000] {processor.py:186} INFO - Started process (PID=1046) to work on /home/airflow/.local/lib/python3.12/site-packages/airflow/example_dags/example_bash_operator.py
[2025-04-09T15:56:33.123+0000] {processor.py:914} INFO - Processing file /home/airflow/.local/lib/python3.12/site-packages/airflow/example_dags/example_bash_operator.py for tasks to queue
[2025-04-09T15:56:33.126+0000] {logging_mixin.py:190} INFO - [2025-04-09T15:56:33.126+0000] {dagbag.py:588} INFO - Filling up the DagBag from /home/airflow/.local/lib/python3.12/site-packages/airflow/example_dags/example_bash_operator.py
[2025-04-09T15:56:33.152+0000] {processor.py:925} INFO - DAG(s) 'example_bash_operator' retrieved from /home/airflow/.local/lib/python3.12/site-packages/airflow/example_dags/example_bash_operator.py
[2025-04-09T15:56:33.213+0000] {logging_mixin.py:190} INFO - [2025-04-09T15:56:33.212+0000] {dag.py:3239} INFO - Sync 1 DAGs
[2025-04-09T15:56:33.280+0000] {logging_mixin.py:190} INFO - [2025-04-09T15:56:33.279+0000] {dag.py:4180} INFO - Setting next_dagrun for example_bash_operator to 2025-04-08 00:00:00+00:00, run_after=2025-04-09 00:00:00+00:00
[2025-04-09T15:56:33.319+0000] {processor.py:208} INFO - Processing /home/airflow/.local/lib/python3.12/site-packages/airflow/example_dags/example_bash_operator.py took 0.208 seconds
[2025-04-09T15:57:03.419+0000] {processor.py:186} INFO - Started process (PID=1337) to work on /home/airflow/.local/lib/python3.12/site-packages/airflow/example_dags/example_bash_operator.py
[2025-04-09T15:57:03.420+0000] {processor.py:914} INFO - Processing file /home/airflow/.local/lib/python3.12/site-packages/airflow/example_dags/example_bash_operator.py for tasks to queue
[2025-04-09T15:57:03.423+0000] {logging_mixin.py:190} INFO - [2025-04-09T15:57:03.423+0000] {dagbag.py:588} INFO - Filling up the DagBag from /home/airflow/.local/lib/python3.12/site-packages/airflow/example_dags/example_bash_operator.py
[2025-04-09T15:57:03.443+0000] {processor.py:925} INFO - DAG(s) 'example_bash_operator' retrieved from /home/airflow/.local/lib/python3.12/site-packages/airflow/example_dags/example_bash_operator.py
[2025-04-09T15:57:03.483+0000] {logging_mixin.py:190} INFO - [2025-04-09T15:57:03.482+0000] {dag.py:3239} INFO - Sync 1 DAGs
[2025-04-09T15:57:03.515+0000] {logging_mixin.py:190} INFO - [2025-04-09T15:57:03.515+0000] {dag.py:4180} INFO - Setting next_dagrun for example_bash_operator to 2025-04-08 00:00:00+00:00, run_after=2025-04-09 00:00:00+00:00
[2025-04-09T15:57:03.541+0000] {processor.py:208} INFO - Processing /home/airflow/.local/lib/python3.12/site-packages/airflow/example_dags/example_bash_operator.py took 0.131 seconds
[2025-04-09T15:57:33.968+0000] {processor.py:186} INFO - Started process (PID=1588) to work on /home/airflow/.local/lib/python3.12/site-packages/airflow/example_dags/example_bash_operator.py
[2025-04-09T15:57:33.969+0000] {processor.py:914} INFO - Processing file /home/airflow/.local/lib/python3.12/site-packages/airflow/example_dags/example_bash_operator.py for tasks to queue
[2025-04-09T15:57:33.972+0000] {logging_mixin.py:190} INFO - [2025-04-09T15:57:33.972+0000] {dagbag.py:588} INFO - Filling up the DagBag from /home/airflow/.local/lib/python3.12/site-packages/airflow/example_dags/example_bash_operator.py
[2025-04-09T15:57:34.000+0000] {processor.py:925} INFO - DAG(s) 'example_bash_operator' retrieved from /home/airflow/.local/lib/python3.12/site-packages/airflow/example_dags/example_bash_operator.py
[2025-04-09T15:57:34.079+0000] {logging_mixin.py:190} INFO - [2025-04-09T15:57:34.078+0000] {dag.py:3239} INFO - Sync 1 DAGs
[2025-04-09T15:57:34.209+0000] {logging_mixin.py:190} INFO - [2025-04-09T15:57:34.209+0000] {dag.py:4180} INFO - Setting next_dagrun for example_bash_operator to 2025-04-08 00:00:00+00:00, run_after=2025-04-09 00:00:00+00:00
[2025-04-09T15:57:34.294+0000] {processor.py:208} INFO - Processing /home/airflow/.local/lib/python3.12/site-packages/airflow/example_dags/example_bash_operator.py took 0.389 seconds
