[2025-04-09T15:48:55.023+0000] {processor.py:186} INFO - Started process (PID=261) to work on /home/airflow/.local/lib/python3.12/site-packages/airflow/example_dags/example_dynamic_task_mapping.py
[2025-04-09T15:48:55.024+0000] {processor.py:914} INFO - Processing file /home/airflow/.local/lib/python3.12/site-packages/airflow/example_dags/example_dynamic_task_mapping.py for tasks to queue
[2025-04-09T15:48:55.027+0000] {logging_mixin.py:190} INFO - [2025-04-09T15:48:55.027+0000] {dagbag.py:588} INFO - Filling up the DagBag from /home/airflow/.local/lib/python3.12/site-packages/airflow/example_dags/example_dynamic_task_mapping.py
[2025-04-09T15:48:55.038+0000] {processor.py:925} INFO - DAG(s) 'example_dynamic_task_mapping' retrieved from /home/airflow/.local/lib/python3.12/site-packages/airflow/example_dags/example_dynamic_task_mapping.py
[2025-04-09T15:48:55.198+0000] {logging_mixin.py:190} INFO - [2025-04-09T15:48:55.197+0000] {override.py:1912} INFO - Created Permission View: can delete on DAG:example_dynamic_task_mapping
[2025-04-09T15:48:55.234+0000] {logging_mixin.py:190} INFO - [2025-04-09T15:48:55.233+0000] {override.py:1912} INFO - Created Permission View: can edit on DAG:example_dynamic_task_mapping
[2025-04-09T15:48:55.281+0000] {logging_mixin.py:190} INFO - [2025-04-09T15:48:55.281+0000] {override.py:1912} INFO - Created Permission View: can read on DAG:example_dynamic_task_mapping
[2025-04-09T15:48:55.294+0000] {logging_mixin.py:190} INFO - [2025-04-09T15:48:55.294+0000] {override.py:1912} INFO - Created Permission View: menu access on DAG Run:example_dynamic_task_mapping
[2025-04-09T15:48:55.304+0000] {logging_mixin.py:190} INFO - [2025-04-09T15:48:55.304+0000] {override.py:1912} INFO - Created Permission View: can create on DAG Run:example_dynamic_task_mapping
[2025-04-09T15:48:55.312+0000] {logging_mixin.py:190} INFO - [2025-04-09T15:48:55.312+0000] {override.py:1912} INFO - Created Permission View: can delete on DAG Run:example_dynamic_task_mapping
[2025-04-09T15:48:55.320+0000] {logging_mixin.py:190} INFO - [2025-04-09T15:48:55.320+0000] {override.py:1912} INFO - Created Permission View: can read on DAG Run:example_dynamic_task_mapping
[2025-04-09T15:48:55.321+0000] {logging_mixin.py:190} INFO - [2025-04-09T15:48:55.321+0000] {dag.py:3239} INFO - Sync 1 DAGs
[2025-04-09T15:48:55.336+0000] {logging_mixin.py:190} INFO - [2025-04-09T15:48:55.336+0000] {dag.py:3262} INFO - Creating ORM DAG for example_dynamic_task_mapping
[2025-04-09T15:48:55.337+0000] {logging_mixin.py:190} INFO - [2025-04-09T15:48:55.337+0000] {dag.py:4180} INFO - Setting next_dagrun for example_dynamic_task_mapping to None, run_after=None
[2025-04-09T15:48:55.356+0000] {processor.py:208} INFO - Processing /home/airflow/.local/lib/python3.12/site-packages/airflow/example_dags/example_dynamic_task_mapping.py took 0.341 seconds
[2025-04-09T15:50:06.429+0000] {processor.py:186} INFO - Started process (PID=608) to work on /home/airflow/.local/lib/python3.12/site-packages/airflow/example_dags/example_dynamic_task_mapping.py
[2025-04-09T15:50:06.435+0000] {processor.py:914} INFO - Processing file /home/airflow/.local/lib/python3.12/site-packages/airflow/example_dags/example_dynamic_task_mapping.py for tasks to queue
[2025-04-09T15:50:06.447+0000] {logging_mixin.py:190} INFO - [2025-04-09T15:50:06.446+0000] {dagbag.py:588} INFO - Filling up the DagBag from /home/airflow/.local/lib/python3.12/site-packages/airflow/example_dags/example_dynamic_task_mapping.py
[2025-04-09T15:50:06.471+0000] {processor.py:925} INFO - DAG(s) 'example_dynamic_task_mapping' retrieved from /home/airflow/.local/lib/python3.12/site-packages/airflow/example_dags/example_dynamic_task_mapping.py
[2025-04-09T15:50:06.580+0000] {logging_mixin.py:190} INFO - [2025-04-09T15:50:06.579+0000] {dag.py:3239} INFO - Sync 1 DAGs
[2025-04-09T15:50:06.649+0000] {logging_mixin.py:190} INFO - [2025-04-09T15:50:06.649+0000] {dag.py:4180} INFO - Setting next_dagrun for example_dynamic_task_mapping to None, run_after=None
[2025-04-09T15:50:06.775+0000] {processor.py:208} INFO - Processing /home/airflow/.local/lib/python3.12/site-packages/airflow/example_dags/example_dynamic_task_mapping.py took 0.372 seconds
[2025-04-09T15:50:48.319+0000] {processor.py:186} INFO - Started process (PID=899) to work on /home/airflow/.local/lib/python3.12/site-packages/airflow/example_dags/example_dynamic_task_mapping.py
[2025-04-09T15:50:48.323+0000] {processor.py:914} INFO - Processing file /home/airflow/.local/lib/python3.12/site-packages/airflow/example_dags/example_dynamic_task_mapping.py for tasks to queue
[2025-04-09T15:50:48.338+0000] {logging_mixin.py:190} INFO - [2025-04-09T15:50:48.337+0000] {dagbag.py:588} INFO - Filling up the DagBag from /home/airflow/.local/lib/python3.12/site-packages/airflow/example_dags/example_dynamic_task_mapping.py
[2025-04-09T15:50:48.355+0000] {processor.py:925} INFO - DAG(s) 'example_dynamic_task_mapping' retrieved from /home/airflow/.local/lib/python3.12/site-packages/airflow/example_dags/example_dynamic_task_mapping.py
[2025-04-09T15:50:48.424+0000] {logging_mixin.py:190} INFO - [2025-04-09T15:50:48.423+0000] {dag.py:3239} INFO - Sync 1 DAGs
[2025-04-09T15:50:48.484+0000] {logging_mixin.py:190} INFO - [2025-04-09T15:50:48.484+0000] {dag.py:4180} INFO - Setting next_dagrun for example_dynamic_task_mapping to None, run_after=None
[2025-04-09T15:50:48.705+0000] {processor.py:208} INFO - Processing /home/airflow/.local/lib/python3.12/site-packages/airflow/example_dags/example_dynamic_task_mapping.py took 0.417 seconds
[2025-04-09T15:51:55.819+0000] {processor.py:186} INFO - Started process (PID=1143) to work on /home/airflow/.local/lib/python3.12/site-packages/airflow/example_dags/example_dynamic_task_mapping.py
[2025-04-09T15:51:55.823+0000] {processor.py:914} INFO - Processing file /home/airflow/.local/lib/python3.12/site-packages/airflow/example_dags/example_dynamic_task_mapping.py for tasks to queue
[2025-04-09T15:51:55.856+0000] {logging_mixin.py:190} INFO - [2025-04-09T15:51:55.855+0000] {dagbag.py:588} INFO - Filling up the DagBag from /home/airflow/.local/lib/python3.12/site-packages/airflow/example_dags/example_dynamic_task_mapping.py
[2025-04-09T15:51:55.894+0000] {processor.py:925} INFO - DAG(s) 'example_dynamic_task_mapping' retrieved from /home/airflow/.local/lib/python3.12/site-packages/airflow/example_dags/example_dynamic_task_mapping.py
[2025-04-09T15:51:56.055+0000] {logging_mixin.py:190} INFO - [2025-04-09T15:51:56.054+0000] {dag.py:3239} INFO - Sync 1 DAGs
[2025-04-09T15:51:56.130+0000] {logging_mixin.py:190} INFO - [2025-04-09T15:51:56.130+0000] {dag.py:4180} INFO - Setting next_dagrun for example_dynamic_task_mapping to None, run_after=None
[2025-04-09T15:51:56.272+0000] {processor.py:208} INFO - Processing /home/airflow/.local/lib/python3.12/site-packages/airflow/example_dags/example_dynamic_task_mapping.py took 0.522 seconds
[2025-04-09T15:52:26.903+0000] {processor.py:186} INFO - Started process (PID=1431) to work on /home/airflow/.local/lib/python3.12/site-packages/airflow/example_dags/example_dynamic_task_mapping.py
[2025-04-09T15:52:26.918+0000] {processor.py:914} INFO - Processing file /home/airflow/.local/lib/python3.12/site-packages/airflow/example_dags/example_dynamic_task_mapping.py for tasks to queue
[2025-04-09T15:52:26.928+0000] {logging_mixin.py:190} INFO - [2025-04-09T15:52:26.927+0000] {dagbag.py:588} INFO - Filling up the DagBag from /home/airflow/.local/lib/python3.12/site-packages/airflow/example_dags/example_dynamic_task_mapping.py
[2025-04-09T15:52:26.945+0000] {processor.py:925} INFO - DAG(s) 'example_dynamic_task_mapping' retrieved from /home/airflow/.local/lib/python3.12/site-packages/airflow/example_dags/example_dynamic_task_mapping.py
[2025-04-09T15:52:26.999+0000] {logging_mixin.py:190} INFO - [2025-04-09T15:52:26.999+0000] {dag.py:3239} INFO - Sync 1 DAGs
[2025-04-09T15:52:27.036+0000] {logging_mixin.py:190} INFO - [2025-04-09T15:52:27.035+0000] {dag.py:4180} INFO - Setting next_dagrun for example_dynamic_task_mapping to None, run_after=None
[2025-04-09T15:52:27.092+0000] {processor.py:208} INFO - Processing /home/airflow/.local/lib/python3.12/site-packages/airflow/example_dags/example_dynamic_task_mapping.py took 0.197 seconds
[2025-04-09T15:55:04.460+0000] {processor.py:186} INFO - Started process (PID=273) to work on /home/airflow/.local/lib/python3.12/site-packages/airflow/example_dags/example_dynamic_task_mapping.py
[2025-04-09T15:55:04.462+0000] {processor.py:914} INFO - Processing file /home/airflow/.local/lib/python3.12/site-packages/airflow/example_dags/example_dynamic_task_mapping.py for tasks to queue
[2025-04-09T15:55:04.468+0000] {logging_mixin.py:190} INFO - [2025-04-09T15:55:04.467+0000] {dagbag.py:588} INFO - Filling up the DagBag from /home/airflow/.local/lib/python3.12/site-packages/airflow/example_dags/example_dynamic_task_mapping.py
[2025-04-09T15:55:04.491+0000] {processor.py:925} INFO - DAG(s) 'example_dynamic_task_mapping' retrieved from /home/airflow/.local/lib/python3.12/site-packages/airflow/example_dags/example_dynamic_task_mapping.py
[2025-04-09T15:55:04.768+0000] {logging_mixin.py:190} INFO - [2025-04-09T15:55:04.767+0000] {override.py:1912} INFO - Created Permission View: can delete on DAG:example_dynamic_task_mapping
[2025-04-09T15:55:04.786+0000] {logging_mixin.py:190} INFO - [2025-04-09T15:55:04.786+0000] {override.py:1912} INFO - Created Permission View: can edit on DAG:example_dynamic_task_mapping
[2025-04-09T15:55:04.798+0000] {logging_mixin.py:190} INFO - [2025-04-09T15:55:04.797+0000] {override.py:1912} INFO - Created Permission View: can read on DAG:example_dynamic_task_mapping
[2025-04-09T15:55:04.823+0000] {logging_mixin.py:190} INFO - [2025-04-09T15:55:04.822+0000] {override.py:1912} INFO - Created Permission View: can delete on DAG Run:example_dynamic_task_mapping
[2025-04-09T15:55:04.835+0000] {logging_mixin.py:190} INFO - [2025-04-09T15:55:04.835+0000] {override.py:1912} INFO - Created Permission View: can create on DAG Run:example_dynamic_task_mapping
[2025-04-09T15:55:04.849+0000] {logging_mixin.py:190} INFO - [2025-04-09T15:55:04.848+0000] {override.py:1912} INFO - Created Permission View: can read on DAG Run:example_dynamic_task_mapping
[2025-04-09T15:55:04.864+0000] {logging_mixin.py:190} INFO - [2025-04-09T15:55:04.864+0000] {override.py:1912} INFO - Created Permission View: menu access on DAG Run:example_dynamic_task_mapping
[2025-04-09T15:55:04.866+0000] {logging_mixin.py:190} INFO - [2025-04-09T15:55:04.865+0000] {dag.py:3239} INFO - Sync 1 DAGs
[2025-04-09T15:55:04.903+0000] {logging_mixin.py:190} INFO - [2025-04-09T15:55:04.903+0000] {dag.py:3262} INFO - Creating ORM DAG for example_dynamic_task_mapping
[2025-04-09T15:55:04.906+0000] {logging_mixin.py:190} INFO - [2025-04-09T15:55:04.905+0000] {dag.py:4180} INFO - Setting next_dagrun for example_dynamic_task_mapping to None, run_after=None
[2025-04-09T15:55:04.938+0000] {processor.py:208} INFO - Processing /home/airflow/.local/lib/python3.12/site-packages/airflow/example_dags/example_dynamic_task_mapping.py took 0.493 seconds
[2025-04-09T15:55:38.891+0000] {processor.py:186} INFO - Started process (PID=561) to work on /home/airflow/.local/lib/python3.12/site-packages/airflow/example_dags/example_dynamic_task_mapping.py
[2025-04-09T15:55:38.893+0000] {processor.py:914} INFO - Processing file /home/airflow/.local/lib/python3.12/site-packages/airflow/example_dags/example_dynamic_task_mapping.py for tasks to queue
[2025-04-09T15:55:38.898+0000] {logging_mixin.py:190} INFO - [2025-04-09T15:55:38.897+0000] {dagbag.py:588} INFO - Filling up the DagBag from /home/airflow/.local/lib/python3.12/site-packages/airflow/example_dags/example_dynamic_task_mapping.py
[2025-04-09T15:55:38.913+0000] {processor.py:925} INFO - DAG(s) 'example_dynamic_task_mapping' retrieved from /home/airflow/.local/lib/python3.12/site-packages/airflow/example_dags/example_dynamic_task_mapping.py
[2025-04-09T15:55:38.954+0000] {logging_mixin.py:190} INFO - [2025-04-09T15:55:38.954+0000] {dag.py:3239} INFO - Sync 1 DAGs
[2025-04-09T15:55:38.982+0000] {logging_mixin.py:190} INFO - [2025-04-09T15:55:38.982+0000] {dag.py:4180} INFO - Setting next_dagrun for example_dynamic_task_mapping to None, run_after=None
[2025-04-09T15:55:39.024+0000] {processor.py:208} INFO - Processing /home/airflow/.local/lib/python3.12/site-packages/airflow/example_dags/example_dynamic_task_mapping.py took 0.149 seconds
[2025-04-09T15:56:23.042+0000] {processor.py:186} INFO - Started process (PID=861) to work on /home/airflow/.local/lib/python3.12/site-packages/airflow/example_dags/example_dynamic_task_mapping.py
[2025-04-09T15:56:23.046+0000] {processor.py:914} INFO - Processing file /home/airflow/.local/lib/python3.12/site-packages/airflow/example_dags/example_dynamic_task_mapping.py for tasks to queue
[2025-04-09T15:56:23.052+0000] {logging_mixin.py:190} INFO - [2025-04-09T15:56:23.050+0000] {dagbag.py:588} INFO - Filling up the DagBag from /home/airflow/.local/lib/python3.12/site-packages/airflow/example_dags/example_dynamic_task_mapping.py
[2025-04-09T15:56:23.078+0000] {processor.py:925} INFO - DAG(s) 'example_dynamic_task_mapping' retrieved from /home/airflow/.local/lib/python3.12/site-packages/airflow/example_dags/example_dynamic_task_mapping.py
[2025-04-09T15:56:23.155+0000] {logging_mixin.py:190} INFO - [2025-04-09T15:56:23.155+0000] {dag.py:3239} INFO - Sync 1 DAGs
[2025-04-09T15:56:23.201+0000] {logging_mixin.py:190} INFO - [2025-04-09T15:56:23.200+0000] {dag.py:4180} INFO - Setting next_dagrun for example_dynamic_task_mapping to None, run_after=None
[2025-04-09T15:56:23.315+0000] {processor.py:208} INFO - Processing /home/airflow/.local/lib/python3.12/site-packages/airflow/example_dags/example_dynamic_task_mapping.py took 0.290 seconds
[2025-04-09T15:56:55.395+0000] {processor.py:186} INFO - Started process (PID=1147) to work on /home/airflow/.local/lib/python3.12/site-packages/airflow/example_dags/example_dynamic_task_mapping.py
[2025-04-09T15:56:55.397+0000] {processor.py:914} INFO - Processing file /home/airflow/.local/lib/python3.12/site-packages/airflow/example_dags/example_dynamic_task_mapping.py for tasks to queue
[2025-04-09T15:56:55.400+0000] {logging_mixin.py:190} INFO - [2025-04-09T15:56:55.400+0000] {dagbag.py:588} INFO - Filling up the DagBag from /home/airflow/.local/lib/python3.12/site-packages/airflow/example_dags/example_dynamic_task_mapping.py
[2025-04-09T15:56:55.414+0000] {processor.py:925} INFO - DAG(s) 'example_dynamic_task_mapping' retrieved from /home/airflow/.local/lib/python3.12/site-packages/airflow/example_dags/example_dynamic_task_mapping.py
[2025-04-09T15:56:55.454+0000] {logging_mixin.py:190} INFO - [2025-04-09T15:56:55.454+0000] {dag.py:3239} INFO - Sync 1 DAGs
[2025-04-09T15:56:55.509+0000] {logging_mixin.py:190} INFO - [2025-04-09T15:56:55.509+0000] {dag.py:4180} INFO - Setting next_dagrun for example_dynamic_task_mapping to None, run_after=None
[2025-04-09T15:56:55.544+0000] {processor.py:208} INFO - Processing /home/airflow/.local/lib/python3.12/site-packages/airflow/example_dags/example_dynamic_task_mapping.py took 0.159 seconds
[2025-04-09T15:57:29.138+0000] {processor.py:186} INFO - Started process (PID=1440) to work on /home/airflow/.local/lib/python3.12/site-packages/airflow/example_dags/example_dynamic_task_mapping.py
[2025-04-09T15:57:29.142+0000] {processor.py:914} INFO - Processing file /home/airflow/.local/lib/python3.12/site-packages/airflow/example_dags/example_dynamic_task_mapping.py for tasks to queue
[2025-04-09T15:57:29.145+0000] {logging_mixin.py:190} INFO - [2025-04-09T15:57:29.144+0000] {dagbag.py:588} INFO - Filling up the DagBag from /home/airflow/.local/lib/python3.12/site-packages/airflow/example_dags/example_dynamic_task_mapping.py
[2025-04-09T15:57:29.260+0000] {processor.py:925} INFO - DAG(s) 'example_dynamic_task_mapping' retrieved from /home/airflow/.local/lib/python3.12/site-packages/airflow/example_dags/example_dynamic_task_mapping.py
[2025-04-09T15:57:29.588+0000] {logging_mixin.py:190} INFO - [2025-04-09T15:57:29.587+0000] {dag.py:3239} INFO - Sync 1 DAGs
[2025-04-09T15:57:29.742+0000] {logging_mixin.py:190} INFO - [2025-04-09T15:57:29.742+0000] {dag.py:4180} INFO - Setting next_dagrun for example_dynamic_task_mapping to None, run_after=None
[2025-04-09T15:57:29.878+0000] {processor.py:208} INFO - Processing /home/airflow/.local/lib/python3.12/site-packages/airflow/example_dags/example_dynamic_task_mapping.py took 0.765 seconds
