[2025-04-09T15:48:50.295+0000] {processor.py:186} INFO - Started process (PID=231) to work on /home/airflow/.local/lib/python3.12/site-packages/airflow/example_dags/example_complex.py
[2025-04-09T15:48:50.296+0000] {processor.py:914} INFO - Processing file /home/airflow/.local/lib/python3.12/site-packages/airflow/example_dags/example_complex.py for tasks to queue
[2025-04-09T15:48:50.298+0000] {logging_mixin.py:190} INFO - [2025-04-09T15:48:50.298+0000] {dagbag.py:588} INFO - Filling up the DagBag from /home/airflow/.local/lib/python3.12/site-packages/airflow/example_dags/example_complex.py
[2025-04-09T15:48:50.314+0000] {processor.py:925} INFO - DAG(s) 'example_complex' retrieved from /home/airflow/.local/lib/python3.12/site-packages/airflow/example_dags/example_complex.py
[2025-04-09T15:48:50.531+0000] {logging_mixin.py:190} INFO - [2025-04-09T15:48:50.529+0000] {override.py:1912} INFO - Created Permission View: can delete on DAG:example_complex
[2025-04-09T15:48:50.555+0000] {logging_mixin.py:190} INFO - [2025-04-09T15:48:50.555+0000] {override.py:1912} INFO - Created Permission View: can edit on DAG:example_complex
[2025-04-09T15:48:50.564+0000] {logging_mixin.py:190} INFO - [2025-04-09T15:48:50.564+0000] {override.py:1912} INFO - Created Permission View: can read on DAG:example_complex
[2025-04-09T15:48:50.576+0000] {logging_mixin.py:190} INFO - [2025-04-09T15:48:50.575+0000] {override.py:1912} INFO - Created Permission View: menu access on DAG Run:example_complex
[2025-04-09T15:48:50.591+0000] {logging_mixin.py:190} INFO - [2025-04-09T15:48:50.591+0000] {override.py:1912} INFO - Created Permission View: can create on DAG Run:example_complex
[2025-04-09T15:48:50.604+0000] {logging_mixin.py:190} INFO - [2025-04-09T15:48:50.603+0000] {override.py:1912} INFO - Created Permission View: can delete on DAG Run:example_complex
[2025-04-09T15:48:50.613+0000] {logging_mixin.py:190} INFO - [2025-04-09T15:48:50.612+0000] {override.py:1912} INFO - Created Permission View: can read on DAG Run:example_complex
[2025-04-09T15:48:50.614+0000] {logging_mixin.py:190} INFO - [2025-04-09T15:48:50.613+0000] {dag.py:3239} INFO - Sync 1 DAGs
[2025-04-09T15:48:50.633+0000] {logging_mixin.py:190} INFO - [2025-04-09T15:48:50.633+0000] {dag.py:3262} INFO - Creating ORM DAG for example_complex
[2025-04-09T15:48:50.634+0000] {logging_mixin.py:190} INFO - [2025-04-09T15:48:50.634+0000] {dag.py:4180} INFO - Setting next_dagrun for example_complex to None, run_after=None
[2025-04-09T15:48:50.668+0000] {processor.py:208} INFO - Processing /home/airflow/.local/lib/python3.12/site-packages/airflow/example_dags/example_complex.py took 0.379 seconds
[2025-04-09T15:49:20.920+0000] {processor.py:186} INFO - Started process (PID=522) to work on /home/airflow/.local/lib/python3.12/site-packages/airflow/example_dags/example_complex.py
[2025-04-09T15:49:20.923+0000] {processor.py:914} INFO - Processing file /home/airflow/.local/lib/python3.12/site-packages/airflow/example_dags/example_complex.py for tasks to queue
[2025-04-09T15:49:20.926+0000] {logging_mixin.py:190} INFO - [2025-04-09T15:49:20.925+0000] {dagbag.py:588} INFO - Filling up the DagBag from /home/airflow/.local/lib/python3.12/site-packages/airflow/example_dags/example_complex.py
[2025-04-09T15:49:20.943+0000] {processor.py:925} INFO - DAG(s) 'example_complex' retrieved from /home/airflow/.local/lib/python3.12/site-packages/airflow/example_dags/example_complex.py
[2025-04-09T15:49:20.996+0000] {logging_mixin.py:190} INFO - [2025-04-09T15:49:20.995+0000] {dag.py:3239} INFO - Sync 1 DAGs
[2025-04-09T15:49:21.026+0000] {logging_mixin.py:190} INFO - [2025-04-09T15:49:21.025+0000] {dag.py:4180} INFO - Setting next_dagrun for example_complex to None, run_after=None
[2025-04-09T15:49:21.088+0000] {processor.py:208} INFO - Processing /home/airflow/.local/lib/python3.12/site-packages/airflow/example_dags/example_complex.py took 0.176 seconds
[2025-04-09T15:50:03.835+0000] {processor.py:186} INFO - Started process (PID=595) to work on /home/airflow/.local/lib/python3.12/site-packages/airflow/example_dags/example_complex.py
[2025-04-09T15:50:03.839+0000] {processor.py:914} INFO - Processing file /home/airflow/.local/lib/python3.12/site-packages/airflow/example_dags/example_complex.py for tasks to queue
[2025-04-09T15:50:03.869+0000] {logging_mixin.py:190} INFO - [2025-04-09T15:50:03.867+0000] {dagbag.py:588} INFO - Filling up the DagBag from /home/airflow/.local/lib/python3.12/site-packages/airflow/example_dags/example_complex.py
[2025-04-09T15:50:04.275+0000] {processor.py:925} INFO - DAG(s) 'example_complex' retrieved from /home/airflow/.local/lib/python3.12/site-packages/airflow/example_dags/example_complex.py
[2025-04-09T15:50:04.503+0000] {logging_mixin.py:190} INFO - [2025-04-09T15:50:04.502+0000] {dag.py:3239} INFO - Sync 1 DAGs
[2025-04-09T15:50:04.611+0000] {logging_mixin.py:190} INFO - [2025-04-09T15:50:04.610+0000] {dag.py:4180} INFO - Setting next_dagrun for example_complex to None, run_after=None
[2025-04-09T15:50:04.910+0000] {processor.py:208} INFO - Processing /home/airflow/.local/lib/python3.12/site-packages/airflow/example_dags/example_complex.py took 1.122 seconds
[2025-04-09T15:50:46.059+0000] {processor.py:186} INFO - Started process (PID=884) to work on /home/airflow/.local/lib/python3.12/site-packages/airflow/example_dags/example_complex.py
[2025-04-09T15:50:46.064+0000] {processor.py:914} INFO - Processing file /home/airflow/.local/lib/python3.12/site-packages/airflow/example_dags/example_complex.py for tasks to queue
[2025-04-09T15:50:46.070+0000] {logging_mixin.py:190} INFO - [2025-04-09T15:50:46.069+0000] {dagbag.py:588} INFO - Filling up the DagBag from /home/airflow/.local/lib/python3.12/site-packages/airflow/example_dags/example_complex.py
[2025-04-09T15:50:46.135+0000] {processor.py:925} INFO - DAG(s) 'example_complex' retrieved from /home/airflow/.local/lib/python3.12/site-packages/airflow/example_dags/example_complex.py
[2025-04-09T15:50:46.321+0000] {logging_mixin.py:190} INFO - [2025-04-09T15:50:46.318+0000] {dag.py:3239} INFO - Sync 1 DAGs
[2025-04-09T15:50:46.391+0000] {logging_mixin.py:190} INFO - [2025-04-09T15:50:46.391+0000] {dag.py:4180} INFO - Setting next_dagrun for example_complex to None, run_after=None
[2025-04-09T15:50:46.532+0000] {processor.py:208} INFO - Processing /home/airflow/.local/lib/python3.12/site-packages/airflow/example_dags/example_complex.py took 0.491 seconds
[2025-04-09T15:51:34.583+0000] {processor.py:186} INFO - Started process (PID=1107) to work on /home/airflow/.local/lib/python3.12/site-packages/airflow/example_dags/example_complex.py
[2025-04-09T15:51:34.590+0000] {processor.py:914} INFO - Processing file /home/airflow/.local/lib/python3.12/site-packages/airflow/example_dags/example_complex.py for tasks to queue
[2025-04-09T15:51:34.596+0000] {logging_mixin.py:190} INFO - [2025-04-09T15:51:34.595+0000] {dagbag.py:588} INFO - Filling up the DagBag from /home/airflow/.local/lib/python3.12/site-packages/airflow/example_dags/example_complex.py
[2025-04-09T15:51:34.826+0000] {processor.py:925} INFO - DAG(s) 'example_complex' retrieved from /home/airflow/.local/lib/python3.12/site-packages/airflow/example_dags/example_complex.py
[2025-04-09T15:51:35.243+0000] {logging_mixin.py:190} INFO - [2025-04-09T15:51:35.242+0000] {dag.py:3239} INFO - Sync 1 DAGs
[2025-04-09T15:51:35.301+0000] {logging_mixin.py:190} INFO - [2025-04-09T15:51:35.300+0000] {dag.py:4180} INFO - Setting next_dagrun for example_complex to None, run_after=None
[2025-04-09T15:51:35.818+0000] {processor.py:208} INFO - Processing /home/airflow/.local/lib/python3.12/site-packages/airflow/example_dags/example_complex.py took 1.259 seconds
[2025-04-09T15:52:16.185+0000] {processor.py:186} INFO - Started process (PID=1398) to work on /home/airflow/.local/lib/python3.12/site-packages/airflow/example_dags/example_complex.py
[2025-04-09T15:52:16.187+0000] {processor.py:914} INFO - Processing file /home/airflow/.local/lib/python3.12/site-packages/airflow/example_dags/example_complex.py for tasks to queue
[2025-04-09T15:52:16.194+0000] {logging_mixin.py:190} INFO - [2025-04-09T15:52:16.193+0000] {dagbag.py:588} INFO - Filling up the DagBag from /home/airflow/.local/lib/python3.12/site-packages/airflow/example_dags/example_complex.py
[2025-04-09T15:52:16.229+0000] {processor.py:925} INFO - DAG(s) 'example_complex' retrieved from /home/airflow/.local/lib/python3.12/site-packages/airflow/example_dags/example_complex.py
[2025-04-09T15:52:16.329+0000] {logging_mixin.py:190} INFO - [2025-04-09T15:52:16.329+0000] {dag.py:3239} INFO - Sync 1 DAGs
[2025-04-09T15:52:16.359+0000] {logging_mixin.py:190} INFO - [2025-04-09T15:52:16.358+0000] {dag.py:4180} INFO - Setting next_dagrun for example_complex to None, run_after=None
[2025-04-09T15:52:16.518+0000] {processor.py:208} INFO - Processing /home/airflow/.local/lib/python3.12/site-packages/airflow/example_dags/example_complex.py took 0.344 seconds
[2025-04-09T15:54:55.770+0000] {processor.py:186} INFO - Started process (PID=243) to work on /home/airflow/.local/lib/python3.12/site-packages/airflow/example_dags/example_complex.py
[2025-04-09T15:54:55.775+0000] {processor.py:914} INFO - Processing file /home/airflow/.local/lib/python3.12/site-packages/airflow/example_dags/example_complex.py for tasks to queue
[2025-04-09T15:54:55.781+0000] {logging_mixin.py:190} INFO - [2025-04-09T15:54:55.779+0000] {dagbag.py:588} INFO - Filling up the DagBag from /home/airflow/.local/lib/python3.12/site-packages/airflow/example_dags/example_complex.py
[2025-04-09T15:54:55.823+0000] {processor.py:925} INFO - DAG(s) 'example_complex' retrieved from /home/airflow/.local/lib/python3.12/site-packages/airflow/example_dags/example_complex.py
[2025-04-09T15:54:56.183+0000] {logging_mixin.py:190} INFO - [2025-04-09T15:54:56.182+0000] {override.py:1912} INFO - Created Permission View: can delete on DAG:example_complex
[2025-04-09T15:54:56.207+0000] {logging_mixin.py:190} INFO - [2025-04-09T15:54:56.207+0000] {override.py:1912} INFO - Created Permission View: can edit on DAG:example_complex
[2025-04-09T15:54:56.221+0000] {logging_mixin.py:190} INFO - [2025-04-09T15:54:56.221+0000] {override.py:1912} INFO - Created Permission View: can read on DAG:example_complex
[2025-04-09T15:54:56.248+0000] {logging_mixin.py:190} INFO - [2025-04-09T15:54:56.247+0000] {override.py:1912} INFO - Created Permission View: can delete on DAG Run:example_complex
[2025-04-09T15:54:56.269+0000] {logging_mixin.py:190} INFO - [2025-04-09T15:54:56.268+0000] {override.py:1912} INFO - Created Permission View: can create on DAG Run:example_complex
[2025-04-09T15:54:56.312+0000] {logging_mixin.py:190} INFO - [2025-04-09T15:54:56.311+0000] {override.py:1912} INFO - Created Permission View: can read on DAG Run:example_complex
[2025-04-09T15:54:56.353+0000] {logging_mixin.py:190} INFO - [2025-04-09T15:54:56.352+0000] {override.py:1912} INFO - Created Permission View: menu access on DAG Run:example_complex
[2025-04-09T15:54:56.356+0000] {logging_mixin.py:190} INFO - [2025-04-09T15:54:56.355+0000] {dag.py:3239} INFO - Sync 1 DAGs
[2025-04-09T15:54:56.427+0000] {logging_mixin.py:190} INFO - [2025-04-09T15:54:56.426+0000] {dag.py:3262} INFO - Creating ORM DAG for example_complex
[2025-04-09T15:54:56.430+0000] {logging_mixin.py:190} INFO - [2025-04-09T15:54:56.429+0000] {dag.py:4180} INFO - Setting next_dagrun for example_complex to None, run_after=None
[2025-04-09T15:54:56.562+0000] {processor.py:208} INFO - Processing /home/airflow/.local/lib/python3.12/site-packages/airflow/example_dags/example_complex.py took 0.806 seconds
[2025-04-09T15:55:33.100+0000] {processor.py:186} INFO - Started process (PID=534) to work on /home/airflow/.local/lib/python3.12/site-packages/airflow/example_dags/example_complex.py
[2025-04-09T15:55:33.104+0000] {processor.py:914} INFO - Processing file /home/airflow/.local/lib/python3.12/site-packages/airflow/example_dags/example_complex.py for tasks to queue
[2025-04-09T15:55:33.109+0000] {logging_mixin.py:190} INFO - [2025-04-09T15:55:33.108+0000] {dagbag.py:588} INFO - Filling up the DagBag from /home/airflow/.local/lib/python3.12/site-packages/airflow/example_dags/example_complex.py
[2025-04-09T15:55:33.148+0000] {processor.py:925} INFO - DAG(s) 'example_complex' retrieved from /home/airflow/.local/lib/python3.12/site-packages/airflow/example_dags/example_complex.py
[2025-04-09T15:55:33.243+0000] {logging_mixin.py:190} INFO - [2025-04-09T15:55:33.242+0000] {dag.py:3239} INFO - Sync 1 DAGs
[2025-04-09T15:55:33.280+0000] {logging_mixin.py:190} INFO - [2025-04-09T15:55:33.279+0000] {dag.py:4180} INFO - Setting next_dagrun for example_complex to None, run_after=None
[2025-04-09T15:55:33.354+0000] {processor.py:208} INFO - Processing /home/airflow/.local/lib/python3.12/site-packages/airflow/example_dags/example_complex.py took 0.273 seconds
[2025-04-09T15:56:04.336+0000] {processor.py:186} INFO - Started process (PID=825) to work on /home/airflow/.local/lib/python3.12/site-packages/airflow/example_dags/example_complex.py
[2025-04-09T15:56:04.340+0000] {processor.py:914} INFO - Processing file /home/airflow/.local/lib/python3.12/site-packages/airflow/example_dags/example_complex.py for tasks to queue
[2025-04-09T15:56:04.347+0000] {logging_mixin.py:190} INFO - [2025-04-09T15:56:04.346+0000] {dagbag.py:588} INFO - Filling up the DagBag from /home/airflow/.local/lib/python3.12/site-packages/airflow/example_dags/example_complex.py
[2025-04-09T15:56:04.424+0000] {processor.py:925} INFO - DAG(s) 'example_complex' retrieved from /home/airflow/.local/lib/python3.12/site-packages/airflow/example_dags/example_complex.py
[2025-04-09T15:56:04.951+0000] {logging_mixin.py:190} INFO - [2025-04-09T15:56:04.951+0000] {dag.py:3239} INFO - Sync 1 DAGs
[2025-04-09T15:56:05.313+0000] {logging_mixin.py:190} INFO - [2025-04-09T15:56:05.312+0000] {dag.py:4180} INFO - Setting next_dagrun for example_complex to None, run_after=None
[2025-04-09T15:56:05.544+0000] {processor.py:208} INFO - Processing /home/airflow/.local/lib/python3.12/site-packages/airflow/example_dags/example_complex.py took 1.226 seconds
[2025-04-09T15:56:36.064+0000] {processor.py:186} INFO - Started process (PID=1116) to work on /home/airflow/.local/lib/python3.12/site-packages/airflow/example_dags/example_complex.py
[2025-04-09T15:56:36.065+0000] {processor.py:914} INFO - Processing file /home/airflow/.local/lib/python3.12/site-packages/airflow/example_dags/example_complex.py for tasks to queue
[2025-04-09T15:56:36.071+0000] {logging_mixin.py:190} INFO - [2025-04-09T15:56:36.070+0000] {dagbag.py:588} INFO - Filling up the DagBag from /home/airflow/.local/lib/python3.12/site-packages/airflow/example_dags/example_complex.py
[2025-04-09T15:56:36.123+0000] {processor.py:925} INFO - DAG(s) 'example_complex' retrieved from /home/airflow/.local/lib/python3.12/site-packages/airflow/example_dags/example_complex.py
[2025-04-09T15:56:36.301+0000] {logging_mixin.py:190} INFO - [2025-04-09T15:56:36.300+0000] {dag.py:3239} INFO - Sync 1 DAGs
[2025-04-09T15:56:36.358+0000] {logging_mixin.py:190} INFO - [2025-04-09T15:56:36.357+0000] {dag.py:4180} INFO - Setting next_dagrun for example_complex to None, run_after=None
[2025-04-09T15:56:36.403+0000] {processor.py:208} INFO - Processing /home/airflow/.local/lib/python3.12/site-packages/airflow/example_dags/example_complex.py took 0.354 seconds
[2025-04-09T15:57:06.586+0000] {processor.py:186} INFO - Started process (PID=1409) to work on /home/airflow/.local/lib/python3.12/site-packages/airflow/example_dags/example_complex.py
[2025-04-09T15:57:06.588+0000] {processor.py:914} INFO - Processing file /home/airflow/.local/lib/python3.12/site-packages/airflow/example_dags/example_complex.py for tasks to queue
[2025-04-09T15:57:06.591+0000] {logging_mixin.py:190} INFO - [2025-04-09T15:57:06.591+0000] {dagbag.py:588} INFO - Filling up the DagBag from /home/airflow/.local/lib/python3.12/site-packages/airflow/example_dags/example_complex.py
[2025-04-09T15:57:06.608+0000] {processor.py:925} INFO - DAG(s) 'example_complex' retrieved from /home/airflow/.local/lib/python3.12/site-packages/airflow/example_dags/example_complex.py
[2025-04-09T15:57:06.652+0000] {logging_mixin.py:190} INFO - [2025-04-09T15:57:06.652+0000] {dag.py:3239} INFO - Sync 1 DAGs
[2025-04-09T15:57:06.673+0000] {logging_mixin.py:190} INFO - [2025-04-09T15:57:06.672+0000] {dag.py:4180} INFO - Setting next_dagrun for example_complex to None, run_after=None
[2025-04-09T15:57:06.696+0000] {processor.py:208} INFO - Processing /home/airflow/.local/lib/python3.12/site-packages/airflow/example_dags/example_complex.py took 0.118 seconds
[2025-04-09T15:57:37.303+0000] {processor.py:186} INFO - Started process (PID=1698) to work on /home/airflow/.local/lib/python3.12/site-packages/airflow/example_dags/example_complex.py
[2025-04-09T15:57:37.311+0000] {processor.py:914} INFO - Processing file /home/airflow/.local/lib/python3.12/site-packages/airflow/example_dags/example_complex.py for tasks to queue
[2025-04-09T15:57:37.314+0000] {logging_mixin.py:190} INFO - [2025-04-09T15:57:37.314+0000] {dagbag.py:588} INFO - Filling up the DagBag from /home/airflow/.local/lib/python3.12/site-packages/airflow/example_dags/example_complex.py
[2025-04-09T15:57:37.333+0000] {processor.py:925} INFO - DAG(s) 'example_complex' retrieved from /home/airflow/.local/lib/python3.12/site-packages/airflow/example_dags/example_complex.py
[2025-04-09T15:57:37.379+0000] {logging_mixin.py:190} INFO - [2025-04-09T15:57:37.379+0000] {dag.py:3239} INFO - Sync 1 DAGs
[2025-04-09T15:57:37.400+0000] {logging_mixin.py:190} INFO - [2025-04-09T15:57:37.400+0000] {dag.py:4180} INFO - Setting next_dagrun for example_complex to None, run_after=None
[2025-04-09T15:57:37.439+0000] {processor.py:208} INFO - Processing /home/airflow/.local/lib/python3.12/site-packages/airflow/example_dags/example_complex.py took 0.144 seconds
