[2025-04-09T15:48:58.261+0000] {processor.py:186} INFO - Started process (PID=326) to work on /home/airflow/.local/lib/python3.12/site-packages/airflow/example_dags/example_python_decorator.py
[2025-04-09T15:48:58.262+0000] {processor.py:914} INFO - Processing file /home/airflow/.local/lib/python3.12/site-packages/airflow/example_dags/example_python_decorator.py for tasks to queue
[2025-04-09T15:48:58.265+0000] {logging_mixin.py:190} INFO - [2025-04-09T15:48:58.264+0000] {dagbag.py:588} INFO - Filling up the DagBag from /home/airflow/.local/lib/python3.12/site-packages/airflow/example_dags/example_python_decorator.py
[2025-04-09T15:48:58.286+0000] {processor.py:925} INFO - DAG(s) 'example_python_decorator' retrieved from /home/airflow/.local/lib/python3.12/site-packages/airflow/example_dags/example_python_decorator.py
[2025-04-09T15:48:58.440+0000] {logging_mixin.py:190} INFO - [2025-04-09T15:48:58.439+0000] {override.py:1912} INFO - Created Permission View: can delete on DAG:example_python_decorator
[2025-04-09T15:48:58.453+0000] {logging_mixin.py:190} INFO - [2025-04-09T15:48:58.452+0000] {override.py:1912} INFO - Created Permission View: can edit on DAG:example_python_decorator
[2025-04-09T15:48:58.461+0000] {logging_mixin.py:190} INFO - [2025-04-09T15:48:58.460+0000] {override.py:1912} INFO - Created Permission View: can read on DAG:example_python_decorator
[2025-04-09T15:48:58.473+0000] {logging_mixin.py:190} INFO - [2025-04-09T15:48:58.473+0000] {override.py:1912} INFO - Created Permission View: menu access on DAG Run:example_python_decorator
[2025-04-09T15:48:58.482+0000] {logging_mixin.py:190} INFO - [2025-04-09T15:48:58.482+0000] {override.py:1912} INFO - Created Permission View: can create on DAG Run:example_python_decorator
[2025-04-09T15:48:58.490+0000] {logging_mixin.py:190} INFO - [2025-04-09T15:48:58.490+0000] {override.py:1912} INFO - Created Permission View: can delete on DAG Run:example_python_decorator
[2025-04-09T15:48:58.498+0000] {logging_mixin.py:190} INFO - [2025-04-09T15:48:58.498+0000] {override.py:1912} INFO - Created Permission View: can read on DAG Run:example_python_decorator
[2025-04-09T15:48:58.499+0000] {logging_mixin.py:190} INFO - [2025-04-09T15:48:58.499+0000] {dag.py:3239} INFO - Sync 1 DAGs
[2025-04-09T15:48:58.516+0000] {logging_mixin.py:190} INFO - [2025-04-09T15:48:58.516+0000] {dag.py:3262} INFO - Creating ORM DAG for example_python_decorator
[2025-04-09T15:48:58.517+0000] {logging_mixin.py:190} INFO - [2025-04-09T15:48:58.517+0000] {dag.py:4180} INFO - Setting next_dagrun for example_python_decorator to None, run_after=None
[2025-04-09T15:48:58.536+0000] {processor.py:208} INFO - Processing /home/airflow/.local/lib/python3.12/site-packages/airflow/example_dags/example_python_decorator.py took 0.282 seconds
[2025-04-09T15:50:14.329+0000] {processor.py:186} INFO - Started process (PID=673) to work on /home/airflow/.local/lib/python3.12/site-packages/airflow/example_dags/example_python_decorator.py
[2025-04-09T15:50:14.334+0000] {processor.py:914} INFO - Processing file /home/airflow/.local/lib/python3.12/site-packages/airflow/example_dags/example_python_decorator.py for tasks to queue
[2025-04-09T15:50:14.342+0000] {logging_mixin.py:190} INFO - [2025-04-09T15:50:14.341+0000] {dagbag.py:588} INFO - Filling up the DagBag from /home/airflow/.local/lib/python3.12/site-packages/airflow/example_dags/example_python_decorator.py
[2025-04-09T15:50:14.416+0000] {processor.py:925} INFO - DAG(s) 'example_python_decorator' retrieved from /home/airflow/.local/lib/python3.12/site-packages/airflow/example_dags/example_python_decorator.py
[2025-04-09T15:50:14.777+0000] {logging_mixin.py:190} INFO - [2025-04-09T15:50:14.776+0000] {dag.py:3239} INFO - Sync 1 DAGs
[2025-04-09T15:50:14.928+0000] {logging_mixin.py:190} INFO - [2025-04-09T15:50:14.927+0000] {dag.py:4180} INFO - Setting next_dagrun for example_python_decorator to None, run_after=None
[2025-04-09T15:50:15.704+0000] {processor.py:208} INFO - Processing /home/airflow/.local/lib/python3.12/site-packages/airflow/example_dags/example_python_decorator.py took 1.408 seconds
[2025-04-09T15:51:02.035+0000] {processor.py:186} INFO - Started process (PID=971) to work on /home/airflow/.local/lib/python3.12/site-packages/airflow/example_dags/example_python_decorator.py
[2025-04-09T15:51:02.046+0000] {processor.py:914} INFO - Processing file /home/airflow/.local/lib/python3.12/site-packages/airflow/example_dags/example_python_decorator.py for tasks to queue
[2025-04-09T15:51:02.070+0000] {logging_mixin.py:190} INFO - [2025-04-09T15:51:02.051+0000] {dagbag.py:588} INFO - Filling up the DagBag from /home/airflow/.local/lib/python3.12/site-packages/airflow/example_dags/example_python_decorator.py
[2025-04-09T15:51:02.164+0000] {processor.py:925} INFO - DAG(s) 'example_python_decorator' retrieved from /home/airflow/.local/lib/python3.12/site-packages/airflow/example_dags/example_python_decorator.py
[2025-04-09T15:51:02.444+0000] {logging_mixin.py:190} INFO - [2025-04-09T15:51:02.439+0000] {dag.py:3239} INFO - Sync 1 DAGs
[2025-04-09T15:51:02.547+0000] {logging_mixin.py:190} INFO - [2025-04-09T15:51:02.546+0000] {dag.py:4180} INFO - Setting next_dagrun for example_python_decorator to None, run_after=None
[2025-04-09T15:51:02.855+0000] {processor.py:208} INFO - Processing /home/airflow/.local/lib/python3.12/site-packages/airflow/example_dags/example_python_decorator.py took 0.843 seconds
[2025-04-09T15:52:11.773+0000] {processor.py:186} INFO - Started process (PID=1295) to work on /home/airflow/.local/lib/python3.12/site-packages/airflow/example_dags/example_python_decorator.py
[2025-04-09T15:52:11.774+0000] {processor.py:914} INFO - Processing file /home/airflow/.local/lib/python3.12/site-packages/airflow/example_dags/example_python_decorator.py for tasks to queue
[2025-04-09T15:52:11.778+0000] {logging_mixin.py:190} INFO - [2025-04-09T15:52:11.777+0000] {dagbag.py:588} INFO - Filling up the DagBag from /home/airflow/.local/lib/python3.12/site-packages/airflow/example_dags/example_python_decorator.py
[2025-04-09T15:52:11.806+0000] {processor.py:925} INFO - DAG(s) 'example_python_decorator' retrieved from /home/airflow/.local/lib/python3.12/site-packages/airflow/example_dags/example_python_decorator.py
[2025-04-09T15:52:11.853+0000] {logging_mixin.py:190} INFO - [2025-04-09T15:52:11.853+0000] {dag.py:3239} INFO - Sync 1 DAGs
[2025-04-09T15:52:11.880+0000] {logging_mixin.py:190} INFO - [2025-04-09T15:52:11.880+0000] {dag.py:4180} INFO - Setting next_dagrun for example_python_decorator to None, run_after=None
[2025-04-09T15:52:11.936+0000] {processor.py:208} INFO - Processing /home/airflow/.local/lib/python3.12/site-packages/airflow/example_dags/example_python_decorator.py took 0.174 seconds
[2025-04-09T15:55:15.783+0000] {processor.py:186} INFO - Started process (PID=344) to work on /home/airflow/.local/lib/python3.12/site-packages/airflow/example_dags/example_python_decorator.py
[2025-04-09T15:55:15.797+0000] {processor.py:914} INFO - Processing file /home/airflow/.local/lib/python3.12/site-packages/airflow/example_dags/example_python_decorator.py for tasks to queue
[2025-04-09T15:55:15.828+0000] {logging_mixin.py:190} INFO - [2025-04-09T15:55:15.821+0000] {dagbag.py:588} INFO - Filling up the DagBag from /home/airflow/.local/lib/python3.12/site-packages/airflow/example_dags/example_python_decorator.py
[2025-04-09T15:55:15.873+0000] {processor.py:925} INFO - DAG(s) 'example_python_decorator' retrieved from /home/airflow/.local/lib/python3.12/site-packages/airflow/example_dags/example_python_decorator.py
[2025-04-09T15:55:16.942+0000] {logging_mixin.py:190} INFO - [2025-04-09T15:55:16.940+0000] {override.py:1912} INFO - Created Permission View: can delete on DAG:example_python_decorator
[2025-04-09T15:55:17.005+0000] {logging_mixin.py:190} INFO - [2025-04-09T15:55:17.003+0000] {override.py:1912} INFO - Created Permission View: can edit on DAG:example_python_decorator
[2025-04-09T15:55:17.115+0000] {logging_mixin.py:190} INFO - [2025-04-09T15:55:17.114+0000] {override.py:1912} INFO - Created Permission View: can read on DAG:example_python_decorator
[2025-04-09T15:55:17.212+0000] {logging_mixin.py:190} INFO - [2025-04-09T15:55:17.211+0000] {override.py:1912} INFO - Created Permission View: can delete on DAG Run:example_python_decorator
[2025-04-09T15:55:17.276+0000] {logging_mixin.py:190} INFO - [2025-04-09T15:55:17.267+0000] {override.py:1912} INFO - Created Permission View: can create on DAG Run:example_python_decorator
[2025-04-09T15:55:17.504+0000] {logging_mixin.py:190} INFO - [2025-04-09T15:55:17.381+0000] {override.py:1912} INFO - Created Permission View: can read on DAG Run:example_python_decorator
[2025-04-09T15:55:17.568+0000] {logging_mixin.py:190} INFO - [2025-04-09T15:55:17.565+0000] {override.py:1912} INFO - Created Permission View: menu access on DAG Run:example_python_decorator
[2025-04-09T15:55:17.570+0000] {logging_mixin.py:190} INFO - [2025-04-09T15:55:17.569+0000] {dag.py:3239} INFO - Sync 1 DAGs
[2025-04-09T15:55:17.694+0000] {logging_mixin.py:190} INFO - [2025-04-09T15:55:17.692+0000] {dag.py:3262} INFO - Creating ORM DAG for example_python_decorator
[2025-04-09T15:55:17.699+0000] {logging_mixin.py:190} INFO - [2025-04-09T15:55:17.698+0000] {dag.py:4180} INFO - Setting next_dagrun for example_python_decorator to None, run_after=None
[2025-04-09T15:55:17.768+0000] {processor.py:208} INFO - Processing /home/airflow/.local/lib/python3.12/site-packages/airflow/example_dags/example_python_decorator.py took 2.025 seconds
[2025-04-09T15:55:48.154+0000] {processor.py:186} INFO - Started process (PID=637) to work on /home/airflow/.local/lib/python3.12/site-packages/airflow/example_dags/example_python_decorator.py
[2025-04-09T15:55:48.156+0000] {processor.py:914} INFO - Processing file /home/airflow/.local/lib/python3.12/site-packages/airflow/example_dags/example_python_decorator.py for tasks to queue
[2025-04-09T15:55:48.164+0000] {logging_mixin.py:190} INFO - [2025-04-09T15:55:48.163+0000] {dagbag.py:588} INFO - Filling up the DagBag from /home/airflow/.local/lib/python3.12/site-packages/airflow/example_dags/example_python_decorator.py
[2025-04-09T15:55:48.224+0000] {processor.py:925} INFO - DAG(s) 'example_python_decorator' retrieved from /home/airflow/.local/lib/python3.12/site-packages/airflow/example_dags/example_python_decorator.py
[2025-04-09T15:55:48.381+0000] {logging_mixin.py:190} INFO - [2025-04-09T15:55:48.369+0000] {dag.py:3239} INFO - Sync 1 DAGs
[2025-04-09T15:55:48.513+0000] {logging_mixin.py:190} INFO - [2025-04-09T15:55:48.511+0000] {dag.py:4180} INFO - Setting next_dagrun for example_python_decorator to None, run_after=None
[2025-04-09T15:55:48.657+0000] {processor.py:208} INFO - Processing /home/airflow/.local/lib/python3.12/site-packages/airflow/example_dags/example_python_decorator.py took 0.584 seconds
[2025-04-09T15:56:28.830+0000] {processor.py:186} INFO - Started process (PID=926) to work on /home/airflow/.local/lib/python3.12/site-packages/airflow/example_dags/example_python_decorator.py
[2025-04-09T15:56:28.832+0000] {processor.py:914} INFO - Processing file /home/airflow/.local/lib/python3.12/site-packages/airflow/example_dags/example_python_decorator.py for tasks to queue
[2025-04-09T15:56:28.837+0000] {logging_mixin.py:190} INFO - [2025-04-09T15:56:28.837+0000] {dagbag.py:588} INFO - Filling up the DagBag from /home/airflow/.local/lib/python3.12/site-packages/airflow/example_dags/example_python_decorator.py
[2025-04-09T15:56:28.868+0000] {processor.py:925} INFO - DAG(s) 'example_python_decorator' retrieved from /home/airflow/.local/lib/python3.12/site-packages/airflow/example_dags/example_python_decorator.py
[2025-04-09T15:56:28.925+0000] {logging_mixin.py:190} INFO - [2025-04-09T15:56:28.925+0000] {dag.py:3239} INFO - Sync 1 DAGs
[2025-04-09T15:56:29.009+0000] {logging_mixin.py:190} INFO - [2025-04-09T15:56:29.008+0000] {dag.py:4180} INFO - Setting next_dagrun for example_python_decorator to None, run_after=None
[2025-04-09T15:56:29.124+0000] {processor.py:208} INFO - Processing /home/airflow/.local/lib/python3.12/site-packages/airflow/example_dags/example_python_decorator.py took 0.305 seconds
[2025-04-09T15:56:59.494+0000] {processor.py:186} INFO - Started process (PID=1212) to work on /home/airflow/.local/lib/python3.12/site-packages/airflow/example_dags/example_python_decorator.py
[2025-04-09T15:56:59.497+0000] {processor.py:914} INFO - Processing file /home/airflow/.local/lib/python3.12/site-packages/airflow/example_dags/example_python_decorator.py for tasks to queue
[2025-04-09T15:56:59.502+0000] {logging_mixin.py:190} INFO - [2025-04-09T15:56:59.501+0000] {dagbag.py:588} INFO - Filling up the DagBag from /home/airflow/.local/lib/python3.12/site-packages/airflow/example_dags/example_python_decorator.py
[2025-04-09T15:56:59.531+0000] {processor.py:925} INFO - DAG(s) 'example_python_decorator' retrieved from /home/airflow/.local/lib/python3.12/site-packages/airflow/example_dags/example_python_decorator.py
[2025-04-09T15:56:59.573+0000] {logging_mixin.py:190} INFO - [2025-04-09T15:56:59.573+0000] {dag.py:3239} INFO - Sync 1 DAGs
[2025-04-09T15:56:59.597+0000] {logging_mixin.py:190} INFO - [2025-04-09T15:56:59.597+0000] {dag.py:4180} INFO - Setting next_dagrun for example_python_decorator to None, run_after=None
[2025-04-09T15:56:59.652+0000] {processor.py:208} INFO - Processing /home/airflow/.local/lib/python3.12/site-packages/airflow/example_dags/example_python_decorator.py took 0.171 seconds
[2025-04-09T15:57:31.894+0000] {processor.py:186} INFO - Started process (PID=1503) to work on /home/airflow/.local/lib/python3.12/site-packages/airflow/example_dags/example_python_decorator.py
[2025-04-09T15:57:31.898+0000] {processor.py:914} INFO - Processing file /home/airflow/.local/lib/python3.12/site-packages/airflow/example_dags/example_python_decorator.py for tasks to queue
[2025-04-09T15:57:31.901+0000] {logging_mixin.py:190} INFO - [2025-04-09T15:57:31.900+0000] {dagbag.py:588} INFO - Filling up the DagBag from /home/airflow/.local/lib/python3.12/site-packages/airflow/example_dags/example_python_decorator.py
[2025-04-09T15:57:31.921+0000] {processor.py:925} INFO - DAG(s) 'example_python_decorator' retrieved from /home/airflow/.local/lib/python3.12/site-packages/airflow/example_dags/example_python_decorator.py
[2025-04-09T15:57:31.956+0000] {logging_mixin.py:190} INFO - [2025-04-09T15:57:31.956+0000] {dag.py:3239} INFO - Sync 1 DAGs
[2025-04-09T15:57:31.976+0000] {logging_mixin.py:190} INFO - [2025-04-09T15:57:31.976+0000] {dag.py:4180} INFO - Setting next_dagrun for example_python_decorator to None, run_after=None
[2025-04-09T15:57:32.034+0000] {processor.py:208} INFO - Processing /home/airflow/.local/lib/python3.12/site-packages/airflow/example_dags/example_python_decorator.py took 0.147 seconds
