[2025-04-09T15:48:59.196+0000] {processor.py:186} INFO - Started process (PID=356) to work on /home/airflow/.local/lib/python3.12/site-packages/airflow/example_dags/example_short_circuit_decorator.py
[2025-04-09T15:48:59.197+0000] {processor.py:914} INFO - Processing file /home/airflow/.local/lib/python3.12/site-packages/airflow/example_dags/example_short_circuit_decorator.py for tasks to queue
[2025-04-09T15:48:59.200+0000] {logging_mixin.py:190} INFO - [2025-04-09T15:48:59.200+0000] {dagbag.py:588} INFO - Filling up the DagBag from /home/airflow/.local/lib/python3.12/site-packages/airflow/example_dags/example_short_circuit_decorator.py
[2025-04-09T15:48:59.214+0000] {processor.py:925} INFO - DAG(s) 'example_short_circuit_decorator' retrieved from /home/airflow/.local/lib/python3.12/site-packages/airflow/example_dags/example_short_circuit_decorator.py
[2025-04-09T15:48:59.439+0000] {logging_mixin.py:190} INFO - [2025-04-09T15:48:59.438+0000] {override.py:1912} INFO - Created Permission View: can delete on DAG:example_short_circuit_decorator
[2025-04-09T15:48:59.456+0000] {logging_mixin.py:190} INFO - [2025-04-09T15:48:59.456+0000] {override.py:1912} INFO - Created Permission View: can edit on DAG:example_short_circuit_decorator
[2025-04-09T15:48:59.466+0000] {logging_mixin.py:190} INFO - [2025-04-09T15:48:59.466+0000] {override.py:1912} INFO - Created Permission View: can read on DAG:example_short_circuit_decorator
[2025-04-09T15:48:59.478+0000] {logging_mixin.py:190} INFO - [2025-04-09T15:48:59.478+0000] {override.py:1912} INFO - Created Permission View: menu access on DAG Run:example_short_circuit_decorator
[2025-04-09T15:48:59.489+0000] {logging_mixin.py:190} INFO - [2025-04-09T15:48:59.489+0000] {override.py:1912} INFO - Created Permission View: can create on DAG Run:example_short_circuit_decorator
[2025-04-09T15:48:59.498+0000] {logging_mixin.py:190} INFO - [2025-04-09T15:48:59.497+0000] {override.py:1912} INFO - Created Permission View: can delete on DAG Run:example_short_circuit_decorator
[2025-04-09T15:48:59.506+0000] {logging_mixin.py:190} INFO - [2025-04-09T15:48:59.506+0000] {override.py:1912} INFO - Created Permission View: can read on DAG Run:example_short_circuit_decorator
[2025-04-09T15:48:59.507+0000] {logging_mixin.py:190} INFO - [2025-04-09T15:48:59.507+0000] {dag.py:3239} INFO - Sync 1 DAGs
[2025-04-09T15:48:59.523+0000] {logging_mixin.py:190} INFO - [2025-04-09T15:48:59.523+0000] {dag.py:3262} INFO - Creating ORM DAG for example_short_circuit_decorator
[2025-04-09T15:48:59.524+0000] {logging_mixin.py:190} INFO - [2025-04-09T15:48:59.524+0000] {dag.py:4180} INFO - Setting next_dagrun for example_short_circuit_decorator to None, run_after=None
[2025-04-09T15:48:59.543+0000] {processor.py:208} INFO - Processing /home/airflow/.local/lib/python3.12/site-packages/airflow/example_dags/example_short_circuit_decorator.py took 0.355 seconds
[2025-04-09T15:50:18.364+0000] {processor.py:186} INFO - Started process (PID=703) to work on /home/airflow/.local/lib/python3.12/site-packages/airflow/example_dags/example_short_circuit_decorator.py
[2025-04-09T15:50:18.370+0000] {processor.py:914} INFO - Processing file /home/airflow/.local/lib/python3.12/site-packages/airflow/example_dags/example_short_circuit_decorator.py for tasks to queue
[2025-04-09T15:50:18.381+0000] {logging_mixin.py:190} INFO - [2025-04-09T15:50:18.377+0000] {dagbag.py:588} INFO - Filling up the DagBag from /home/airflow/.local/lib/python3.12/site-packages/airflow/example_dags/example_short_circuit_decorator.py
[2025-04-09T15:50:18.449+0000] {processor.py:925} INFO - DAG(s) 'example_short_circuit_decorator' retrieved from /home/airflow/.local/lib/python3.12/site-packages/airflow/example_dags/example_short_circuit_decorator.py
[2025-04-09T15:50:18.585+0000] {logging_mixin.py:190} INFO - [2025-04-09T15:50:18.580+0000] {dag.py:3239} INFO - Sync 1 DAGs
[2025-04-09T15:50:18.793+0000] {logging_mixin.py:190} INFO - [2025-04-09T15:50:18.793+0000] {dag.py:4180} INFO - Setting next_dagrun for example_short_circuit_decorator to None, run_after=None
[2025-04-09T15:50:19.114+0000] {processor.py:208} INFO - Processing /home/airflow/.local/lib/python3.12/site-packages/airflow/example_dags/example_short_circuit_decorator.py took 0.775 seconds
[2025-04-09T15:51:08.354+0000] {processor.py:186} INFO - Started process (PID=1001) to work on /home/airflow/.local/lib/python3.12/site-packages/airflow/example_dags/example_short_circuit_decorator.py
[2025-04-09T15:51:08.358+0000] {processor.py:914} INFO - Processing file /home/airflow/.local/lib/python3.12/site-packages/airflow/example_dags/example_short_circuit_decorator.py for tasks to queue
[2025-04-09T15:51:08.365+0000] {logging_mixin.py:190} INFO - [2025-04-09T15:51:08.364+0000] {dagbag.py:588} INFO - Filling up the DagBag from /home/airflow/.local/lib/python3.12/site-packages/airflow/example_dags/example_short_circuit_decorator.py
[2025-04-09T15:51:08.947+0000] {processor.py:925} INFO - DAG(s) 'example_short_circuit_decorator' retrieved from /home/airflow/.local/lib/python3.12/site-packages/airflow/example_dags/example_short_circuit_decorator.py
[2025-04-09T15:51:09.428+0000] {logging_mixin.py:190} INFO - [2025-04-09T15:51:09.423+0000] {dag.py:3239} INFO - Sync 1 DAGs
[2025-04-09T15:51:09.571+0000] {logging_mixin.py:190} INFO - [2025-04-09T15:51:09.547+0000] {dag.py:4180} INFO - Setting next_dagrun for example_short_circuit_decorator to None, run_after=None
[2025-04-09T15:51:10.003+0000] {processor.py:208} INFO - Processing /home/airflow/.local/lib/python3.12/site-packages/airflow/example_dags/example_short_circuit_decorator.py took 1.693 seconds
[2025-04-09T15:52:13.227+0000] {processor.py:186} INFO - Started process (PID=1323) to work on /home/airflow/.local/lib/python3.12/site-packages/airflow/example_dags/example_short_circuit_decorator.py
[2025-04-09T15:52:13.228+0000] {processor.py:914} INFO - Processing file /home/airflow/.local/lib/python3.12/site-packages/airflow/example_dags/example_short_circuit_decorator.py for tasks to queue
[2025-04-09T15:52:13.231+0000] {logging_mixin.py:190} INFO - [2025-04-09T15:52:13.231+0000] {dagbag.py:588} INFO - Filling up the DagBag from /home/airflow/.local/lib/python3.12/site-packages/airflow/example_dags/example_short_circuit_decorator.py
[2025-04-09T15:52:13.254+0000] {processor.py:925} INFO - DAG(s) 'example_short_circuit_decorator' retrieved from /home/airflow/.local/lib/python3.12/site-packages/airflow/example_dags/example_short_circuit_decorator.py
[2025-04-09T15:52:13.315+0000] {logging_mixin.py:190} INFO - [2025-04-09T15:52:13.314+0000] {dag.py:3239} INFO - Sync 1 DAGs
[2025-04-09T15:52:13.354+0000] {logging_mixin.py:190} INFO - [2025-04-09T15:52:13.353+0000] {dag.py:4180} INFO - Setting next_dagrun for example_short_circuit_decorator to None, run_after=None
[2025-04-09T15:52:13.489+0000] {processor.py:208} INFO - Processing /home/airflow/.local/lib/python3.12/site-packages/airflow/example_dags/example_short_circuit_decorator.py took 0.272 seconds
[2025-04-09T15:55:21.775+0000] {processor.py:186} INFO - Started process (PID=374) to work on /home/airflow/.local/lib/python3.12/site-packages/airflow/example_dags/example_short_circuit_decorator.py
[2025-04-09T15:55:21.792+0000] {processor.py:914} INFO - Processing file /home/airflow/.local/lib/python3.12/site-packages/airflow/example_dags/example_short_circuit_decorator.py for tasks to queue
[2025-04-09T15:55:21.857+0000] {logging_mixin.py:190} INFO - [2025-04-09T15:55:21.853+0000] {dagbag.py:588} INFO - Filling up the DagBag from /home/airflow/.local/lib/python3.12/site-packages/airflow/example_dags/example_short_circuit_decorator.py
[2025-04-09T15:55:22.003+0000] {processor.py:925} INFO - DAG(s) 'example_short_circuit_decorator' retrieved from /home/airflow/.local/lib/python3.12/site-packages/airflow/example_dags/example_short_circuit_decorator.py
[2025-04-09T15:55:22.551+0000] {logging_mixin.py:190} INFO - [2025-04-09T15:55:22.550+0000] {override.py:1912} INFO - Created Permission View: can delete on DAG:example_short_circuit_decorator
[2025-04-09T15:55:22.569+0000] {logging_mixin.py:190} INFO - [2025-04-09T15:55:22.568+0000] {override.py:1912} INFO - Created Permission View: can edit on DAG:example_short_circuit_decorator
[2025-04-09T15:55:22.583+0000] {logging_mixin.py:190} INFO - [2025-04-09T15:55:22.583+0000] {override.py:1912} INFO - Created Permission View: can read on DAG:example_short_circuit_decorator
[2025-04-09T15:55:22.601+0000] {logging_mixin.py:190} INFO - [2025-04-09T15:55:22.600+0000] {override.py:1912} INFO - Created Permission View: can delete on DAG Run:example_short_circuit_decorator
[2025-04-09T15:55:22.618+0000] {logging_mixin.py:190} INFO - [2025-04-09T15:55:22.617+0000] {override.py:1912} INFO - Created Permission View: can create on DAG Run:example_short_circuit_decorator
[2025-04-09T15:55:22.632+0000] {logging_mixin.py:190} INFO - [2025-04-09T15:55:22.632+0000] {override.py:1912} INFO - Created Permission View: can read on DAG Run:example_short_circuit_decorator
[2025-04-09T15:55:22.648+0000] {logging_mixin.py:190} INFO - [2025-04-09T15:55:22.647+0000] {override.py:1912} INFO - Created Permission View: menu access on DAG Run:example_short_circuit_decorator
[2025-04-09T15:55:22.648+0000] {logging_mixin.py:190} INFO - [2025-04-09T15:55:22.648+0000] {dag.py:3239} INFO - Sync 1 DAGs
[2025-04-09T15:55:22.670+0000] {logging_mixin.py:190} INFO - [2025-04-09T15:55:22.669+0000] {dag.py:3262} INFO - Creating ORM DAG for example_short_circuit_decorator
[2025-04-09T15:55:22.671+0000] {logging_mixin.py:190} INFO - [2025-04-09T15:55:22.671+0000] {dag.py:4180} INFO - Setting next_dagrun for example_short_circuit_decorator to None, run_after=None
[2025-04-09T15:55:22.720+0000] {processor.py:208} INFO - Processing /home/airflow/.local/lib/python3.12/site-packages/airflow/example_dags/example_short_circuit_decorator.py took 1.079 seconds
[2025-04-09T15:55:53.196+0000] {processor.py:186} INFO - Started process (PID=665) to work on /home/airflow/.local/lib/python3.12/site-packages/airflow/example_dags/example_short_circuit_decorator.py
[2025-04-09T15:55:53.216+0000] {processor.py:914} INFO - Processing file /home/airflow/.local/lib/python3.12/site-packages/airflow/example_dags/example_short_circuit_decorator.py for tasks to queue
[2025-04-09T15:55:53.223+0000] {logging_mixin.py:190} INFO - [2025-04-09T15:55:53.222+0000] {dagbag.py:588} INFO - Filling up the DagBag from /home/airflow/.local/lib/python3.12/site-packages/airflow/example_dags/example_short_circuit_decorator.py
[2025-04-09T15:55:53.267+0000] {processor.py:925} INFO - DAG(s) 'example_short_circuit_decorator' retrieved from /home/airflow/.local/lib/python3.12/site-packages/airflow/example_dags/example_short_circuit_decorator.py
[2025-04-09T15:55:53.383+0000] {logging_mixin.py:190} INFO - [2025-04-09T15:55:53.382+0000] {dag.py:3239} INFO - Sync 1 DAGs
[2025-04-09T15:55:53.503+0000] {logging_mixin.py:190} INFO - [2025-04-09T15:55:53.503+0000] {dag.py:4180} INFO - Setting next_dagrun for example_short_circuit_decorator to None, run_after=None
[2025-04-09T15:55:53.586+0000] {processor.py:208} INFO - Processing /home/airflow/.local/lib/python3.12/site-packages/airflow/example_dags/example_short_circuit_decorator.py took 0.490 seconds
[2025-04-09T15:56:30.223+0000] {processor.py:186} INFO - Started process (PID=958) to work on /home/airflow/.local/lib/python3.12/site-packages/airflow/example_dags/example_short_circuit_decorator.py
[2025-04-09T15:56:30.225+0000] {processor.py:914} INFO - Processing file /home/airflow/.local/lib/python3.12/site-packages/airflow/example_dags/example_short_circuit_decorator.py for tasks to queue
[2025-04-09T15:56:30.230+0000] {logging_mixin.py:190} INFO - [2025-04-09T15:56:30.229+0000] {dagbag.py:588} INFO - Filling up the DagBag from /home/airflow/.local/lib/python3.12/site-packages/airflow/example_dags/example_short_circuit_decorator.py
[2025-04-09T15:56:30.256+0000] {processor.py:925} INFO - DAG(s) 'example_short_circuit_decorator' retrieved from /home/airflow/.local/lib/python3.12/site-packages/airflow/example_dags/example_short_circuit_decorator.py
[2025-04-09T15:56:30.327+0000] {logging_mixin.py:190} INFO - [2025-04-09T15:56:30.326+0000] {dag.py:3239} INFO - Sync 1 DAGs
[2025-04-09T15:56:30.367+0000] {logging_mixin.py:190} INFO - [2025-04-09T15:56:30.367+0000] {dag.py:4180} INFO - Setting next_dagrun for example_short_circuit_decorator to None, run_after=None
[2025-04-09T15:56:30.506+0000] {processor.py:208} INFO - Processing /home/airflow/.local/lib/python3.12/site-packages/airflow/example_dags/example_short_circuit_decorator.py took 0.299 seconds
[2025-04-09T15:57:01.049+0000] {processor.py:186} INFO - Started process (PID=1249) to work on /home/airflow/.local/lib/python3.12/site-packages/airflow/example_dags/example_short_circuit_decorator.py
[2025-04-09T15:57:01.052+0000] {processor.py:914} INFO - Processing file /home/airflow/.local/lib/python3.12/site-packages/airflow/example_dags/example_short_circuit_decorator.py for tasks to queue
[2025-04-09T15:57:01.055+0000] {logging_mixin.py:190} INFO - [2025-04-09T15:57:01.055+0000] {dagbag.py:588} INFO - Filling up the DagBag from /home/airflow/.local/lib/python3.12/site-packages/airflow/example_dags/example_short_circuit_decorator.py
[2025-04-09T15:57:01.069+0000] {processor.py:925} INFO - DAG(s) 'example_short_circuit_decorator' retrieved from /home/airflow/.local/lib/python3.12/site-packages/airflow/example_dags/example_short_circuit_decorator.py
[2025-04-09T15:57:01.106+0000] {logging_mixin.py:190} INFO - [2025-04-09T15:57:01.106+0000] {dag.py:3239} INFO - Sync 1 DAGs
[2025-04-09T15:57:01.127+0000] {logging_mixin.py:190} INFO - [2025-04-09T15:57:01.127+0000] {dag.py:4180} INFO - Setting next_dagrun for example_short_circuit_decorator to None, run_after=None
[2025-04-09T15:57:01.153+0000] {processor.py:208} INFO - Processing /home/airflow/.local/lib/python3.12/site-packages/airflow/example_dags/example_short_circuit_decorator.py took 0.112 seconds
[2025-04-09T15:57:32.548+0000] {processor.py:186} INFO - Started process (PID=1538) to work on /home/airflow/.local/lib/python3.12/site-packages/airflow/example_dags/example_short_circuit_decorator.py
[2025-04-09T15:57:32.552+0000] {processor.py:914} INFO - Processing file /home/airflow/.local/lib/python3.12/site-packages/airflow/example_dags/example_short_circuit_decorator.py for tasks to queue
[2025-04-09T15:57:32.556+0000] {logging_mixin.py:190} INFO - [2025-04-09T15:57:32.555+0000] {dagbag.py:588} INFO - Filling up the DagBag from /home/airflow/.local/lib/python3.12/site-packages/airflow/example_dags/example_short_circuit_decorator.py
[2025-04-09T15:57:32.571+0000] {processor.py:925} INFO - DAG(s) 'example_short_circuit_decorator' retrieved from /home/airflow/.local/lib/python3.12/site-packages/airflow/example_dags/example_short_circuit_decorator.py
[2025-04-09T15:57:32.607+0000] {logging_mixin.py:190} INFO - [2025-04-09T15:57:32.606+0000] {dag.py:3239} INFO - Sync 1 DAGs
[2025-04-09T15:57:32.628+0000] {logging_mixin.py:190} INFO - [2025-04-09T15:57:32.627+0000] {dag.py:4180} INFO - Setting next_dagrun for example_short_circuit_decorator to None, run_after=None
[2025-04-09T15:57:32.654+0000] {processor.py:208} INFO - Processing /home/airflow/.local/lib/python3.12/site-packages/airflow/example_dags/example_short_circuit_decorator.py took 0.114 seconds
