[2025-04-09T15:48:58.570+0000] {processor.py:186} INFO - Started process (PID=336) to work on /home/airflow/.local/lib/python3.12/site-packages/airflow/example_dags/example_sensor_decorator.py
[2025-04-09T15:48:58.571+0000] {processor.py:914} INFO - Processing file /home/airflow/.local/lib/python3.12/site-packages/airflow/example_dags/example_sensor_decorator.py for tasks to queue
[2025-04-09T15:48:58.574+0000] {logging_mixin.py:190} INFO - [2025-04-09T15:48:58.574+0000] {dagbag.py:588} INFO - Filling up the DagBag from /home/airflow/.local/lib/python3.12/site-packages/airflow/example_dags/example_sensor_decorator.py
[2025-04-09T15:48:58.585+0000] {processor.py:925} INFO - DAG(s) 'example_sensor_decorator' retrieved from /home/airflow/.local/lib/python3.12/site-packages/airflow/example_dags/example_sensor_decorator.py
[2025-04-09T15:48:58.725+0000] {logging_mixin.py:190} INFO - [2025-04-09T15:48:58.724+0000] {override.py:1912} INFO - Created Permission View: can delete on DAG:example_sensor_decorator
[2025-04-09T15:48:58.738+0000] {logging_mixin.py:190} INFO - [2025-04-09T15:48:58.738+0000] {override.py:1912} INFO - Created Permission View: can edit on DAG:example_sensor_decorator
[2025-04-09T15:48:58.746+0000] {logging_mixin.py:190} INFO - [2025-04-09T15:48:58.746+0000] {override.py:1912} INFO - Created Permission View: can read on DAG:example_sensor_decorator
[2025-04-09T15:48:58.761+0000] {logging_mixin.py:190} INFO - [2025-04-09T15:48:58.760+0000] {override.py:1912} INFO - Created Permission View: menu access on DAG Run:example_sensor_decorator
[2025-04-09T15:48:58.769+0000] {logging_mixin.py:190} INFO - [2025-04-09T15:48:58.769+0000] {override.py:1912} INFO - Created Permission View: can create on DAG Run:example_sensor_decorator
[2025-04-09T15:48:58.778+0000] {logging_mixin.py:190} INFO - [2025-04-09T15:48:58.778+0000] {override.py:1912} INFO - Created Permission View: can delete on DAG Run:example_sensor_decorator
[2025-04-09T15:48:58.787+0000] {logging_mixin.py:190} INFO - [2025-04-09T15:48:58.786+0000] {override.py:1912} INFO - Created Permission View: can read on DAG Run:example_sensor_decorator
[2025-04-09T15:48:58.787+0000] {logging_mixin.py:190} INFO - [2025-04-09T15:48:58.787+0000] {dag.py:3239} INFO - Sync 1 DAGs
[2025-04-09T15:48:58.804+0000] {logging_mixin.py:190} INFO - [2025-04-09T15:48:58.804+0000] {dag.py:3262} INFO - Creating ORM DAG for example_sensor_decorator
[2025-04-09T15:48:58.805+0000] {logging_mixin.py:190} INFO - [2025-04-09T15:48:58.805+0000] {dag.py:4180} INFO - Setting next_dagrun for example_sensor_decorator to None, run_after=None
[2025-04-09T15:48:58.827+0000] {processor.py:208} INFO - Processing /home/airflow/.local/lib/python3.12/site-packages/airflow/example_dags/example_sensor_decorator.py took 0.264 seconds
[2025-04-09T15:50:16.465+0000] {processor.py:186} INFO - Started process (PID=683) to work on /home/airflow/.local/lib/python3.12/site-packages/airflow/example_dags/example_sensor_decorator.py
[2025-04-09T15:50:16.473+0000] {processor.py:914} INFO - Processing file /home/airflow/.local/lib/python3.12/site-packages/airflow/example_dags/example_sensor_decorator.py for tasks to queue
[2025-04-09T15:50:16.484+0000] {logging_mixin.py:190} INFO - [2025-04-09T15:50:16.482+0000] {dagbag.py:588} INFO - Filling up the DagBag from /home/airflow/.local/lib/python3.12/site-packages/airflow/example_dags/example_sensor_decorator.py
[2025-04-09T15:50:16.525+0000] {processor.py:925} INFO - DAG(s) 'example_sensor_decorator' retrieved from /home/airflow/.local/lib/python3.12/site-packages/airflow/example_dags/example_sensor_decorator.py
[2025-04-09T15:50:16.632+0000] {logging_mixin.py:190} INFO - [2025-04-09T15:50:16.631+0000] {dag.py:3239} INFO - Sync 1 DAGs
[2025-04-09T15:50:16.712+0000] {logging_mixin.py:190} INFO - [2025-04-09T15:50:16.712+0000] {dag.py:4180} INFO - Setting next_dagrun for example_sensor_decorator to None, run_after=None
[2025-04-09T15:50:16.901+0000] {processor.py:208} INFO - Processing /home/airflow/.local/lib/python3.12/site-packages/airflow/example_dags/example_sensor_decorator.py took 0.453 seconds
[2025-04-09T15:51:03.713+0000] {processor.py:186} INFO - Started process (PID=981) to work on /home/airflow/.local/lib/python3.12/site-packages/airflow/example_dags/example_sensor_decorator.py
[2025-04-09T15:51:03.727+0000] {processor.py:914} INFO - Processing file /home/airflow/.local/lib/python3.12/site-packages/airflow/example_dags/example_sensor_decorator.py for tasks to queue
[2025-04-09T15:51:03.743+0000] {logging_mixin.py:190} INFO - [2025-04-09T15:51:03.740+0000] {dagbag.py:588} INFO - Filling up the DagBag from /home/airflow/.local/lib/python3.12/site-packages/airflow/example_dags/example_sensor_decorator.py
[2025-04-09T15:51:03.791+0000] {processor.py:925} INFO - DAG(s) 'example_sensor_decorator' retrieved from /home/airflow/.local/lib/python3.12/site-packages/airflow/example_dags/example_sensor_decorator.py
[2025-04-09T15:51:03.909+0000] {logging_mixin.py:190} INFO - [2025-04-09T15:51:03.909+0000] {dag.py:3239} INFO - Sync 1 DAGs
[2025-04-09T15:51:04.037+0000] {logging_mixin.py:190} INFO - [2025-04-09T15:51:04.031+0000] {dag.py:4180} INFO - Setting next_dagrun for example_sensor_decorator to None, run_after=None
[2025-04-09T15:51:04.296+0000] {processor.py:208} INFO - Processing /home/airflow/.local/lib/python3.12/site-packages/airflow/example_dags/example_sensor_decorator.py took 0.611 seconds
[2025-04-09T15:52:12.141+0000] {processor.py:186} INFO - Started process (PID=1303) to work on /home/airflow/.local/lib/python3.12/site-packages/airflow/example_dags/example_sensor_decorator.py
[2025-04-09T15:52:12.145+0000] {processor.py:914} INFO - Processing file /home/airflow/.local/lib/python3.12/site-packages/airflow/example_dags/example_sensor_decorator.py for tasks to queue
[2025-04-09T15:52:12.149+0000] {logging_mixin.py:190} INFO - [2025-04-09T15:52:12.148+0000] {dagbag.py:588} INFO - Filling up the DagBag from /home/airflow/.local/lib/python3.12/site-packages/airflow/example_dags/example_sensor_decorator.py
[2025-04-09T15:52:12.168+0000] {processor.py:925} INFO - DAG(s) 'example_sensor_decorator' retrieved from /home/airflow/.local/lib/python3.12/site-packages/airflow/example_dags/example_sensor_decorator.py
[2025-04-09T15:52:12.236+0000] {logging_mixin.py:190} INFO - [2025-04-09T15:52:12.236+0000] {dag.py:3239} INFO - Sync 1 DAGs
[2025-04-09T15:52:12.273+0000] {logging_mixin.py:190} INFO - [2025-04-09T15:52:12.273+0000] {dag.py:4180} INFO - Setting next_dagrun for example_sensor_decorator to None, run_after=None
[2025-04-09T15:52:12.505+0000] {processor.py:208} INFO - Processing /home/airflow/.local/lib/python3.12/site-packages/airflow/example_dags/example_sensor_decorator.py took 0.376 seconds
[2025-04-09T15:55:17.853+0000] {processor.py:186} INFO - Started process (PID=354) to work on /home/airflow/.local/lib/python3.12/site-packages/airflow/example_dags/example_sensor_decorator.py
[2025-04-09T15:55:17.858+0000] {processor.py:914} INFO - Processing file /home/airflow/.local/lib/python3.12/site-packages/airflow/example_dags/example_sensor_decorator.py for tasks to queue
[2025-04-09T15:55:17.864+0000] {logging_mixin.py:190} INFO - [2025-04-09T15:55:17.864+0000] {dagbag.py:588} INFO - Filling up the DagBag from /home/airflow/.local/lib/python3.12/site-packages/airflow/example_dags/example_sensor_decorator.py
[2025-04-09T15:55:17.883+0000] {processor.py:925} INFO - DAG(s) 'example_sensor_decorator' retrieved from /home/airflow/.local/lib/python3.12/site-packages/airflow/example_dags/example_sensor_decorator.py
[2025-04-09T15:55:18.749+0000] {logging_mixin.py:190} INFO - [2025-04-09T15:55:18.741+0000] {override.py:1912} INFO - Created Permission View: can delete on DAG:example_sensor_decorator
[2025-04-09T15:55:18.803+0000] {logging_mixin.py:190} INFO - [2025-04-09T15:55:18.802+0000] {override.py:1912} INFO - Created Permission View: can edit on DAG:example_sensor_decorator
[2025-04-09T15:55:18.868+0000] {logging_mixin.py:190} INFO - [2025-04-09T15:55:18.867+0000] {override.py:1912} INFO - Created Permission View: can read on DAG:example_sensor_decorator
[2025-04-09T15:55:18.918+0000] {logging_mixin.py:190} INFO - [2025-04-09T15:55:18.918+0000] {override.py:1912} INFO - Created Permission View: can delete on DAG Run:example_sensor_decorator
[2025-04-09T15:55:18.978+0000] {logging_mixin.py:190} INFO - [2025-04-09T15:55:18.977+0000] {override.py:1912} INFO - Created Permission View: can create on DAG Run:example_sensor_decorator
[2025-04-09T15:55:19.006+0000] {logging_mixin.py:190} INFO - [2025-04-09T15:55:19.005+0000] {override.py:1912} INFO - Created Permission View: can read on DAG Run:example_sensor_decorator
[2025-04-09T15:55:19.027+0000] {logging_mixin.py:190} INFO - [2025-04-09T15:55:19.026+0000] {override.py:1912} INFO - Created Permission View: menu access on DAG Run:example_sensor_decorator
[2025-04-09T15:55:19.029+0000] {logging_mixin.py:190} INFO - [2025-04-09T15:55:19.028+0000] {dag.py:3239} INFO - Sync 1 DAGs
[2025-04-09T15:55:19.246+0000] {logging_mixin.py:190} INFO - [2025-04-09T15:55:19.243+0000] {dag.py:3262} INFO - Creating ORM DAG for example_sensor_decorator
[2025-04-09T15:55:19.252+0000] {logging_mixin.py:190} INFO - [2025-04-09T15:55:19.251+0000] {dag.py:4180} INFO - Setting next_dagrun for example_sensor_decorator to None, run_after=None
[2025-04-09T15:55:19.338+0000] {processor.py:208} INFO - Processing /home/airflow/.local/lib/python3.12/site-packages/airflow/example_dags/example_sensor_decorator.py took 1.506 seconds
[2025-04-09T15:55:49.781+0000] {processor.py:186} INFO - Started process (PID=647) to work on /home/airflow/.local/lib/python3.12/site-packages/airflow/example_dags/example_sensor_decorator.py
[2025-04-09T15:55:49.804+0000] {processor.py:914} INFO - Processing file /home/airflow/.local/lib/python3.12/site-packages/airflow/example_dags/example_sensor_decorator.py for tasks to queue
[2025-04-09T15:55:49.810+0000] {logging_mixin.py:190} INFO - [2025-04-09T15:55:49.808+0000] {dagbag.py:588} INFO - Filling up the DagBag from /home/airflow/.local/lib/python3.12/site-packages/airflow/example_dags/example_sensor_decorator.py
[2025-04-09T15:55:49.837+0000] {processor.py:925} INFO - DAG(s) 'example_sensor_decorator' retrieved from /home/airflow/.local/lib/python3.12/site-packages/airflow/example_dags/example_sensor_decorator.py
[2025-04-09T15:55:49.911+0000] {logging_mixin.py:190} INFO - [2025-04-09T15:55:49.911+0000] {dag.py:3239} INFO - Sync 1 DAGs
[2025-04-09T15:55:49.968+0000] {logging_mixin.py:190} INFO - [2025-04-09T15:55:49.967+0000] {dag.py:4180} INFO - Setting next_dagrun for example_sensor_decorator to None, run_after=None
[2025-04-09T15:55:50.053+0000] {processor.py:208} INFO - Processing /home/airflow/.local/lib/python3.12/site-packages/airflow/example_dags/example_sensor_decorator.py took 0.298 seconds
[2025-04-09T15:56:29.512+0000] {processor.py:186} INFO - Started process (PID=936) to work on /home/airflow/.local/lib/python3.12/site-packages/airflow/example_dags/example_sensor_decorator.py
[2025-04-09T15:56:29.513+0000] {processor.py:914} INFO - Processing file /home/airflow/.local/lib/python3.12/site-packages/airflow/example_dags/example_sensor_decorator.py for tasks to queue
[2025-04-09T15:56:29.517+0000] {logging_mixin.py:190} INFO - [2025-04-09T15:56:29.517+0000] {dagbag.py:588} INFO - Filling up the DagBag from /home/airflow/.local/lib/python3.12/site-packages/airflow/example_dags/example_sensor_decorator.py
[2025-04-09T15:56:29.533+0000] {processor.py:925} INFO - DAG(s) 'example_sensor_decorator' retrieved from /home/airflow/.local/lib/python3.12/site-packages/airflow/example_dags/example_sensor_decorator.py
[2025-04-09T15:56:29.577+0000] {logging_mixin.py:190} INFO - [2025-04-09T15:56:29.576+0000] {dag.py:3239} INFO - Sync 1 DAGs
[2025-04-09T15:56:29.614+0000] {logging_mixin.py:190} INFO - [2025-04-09T15:56:29.614+0000] {dag.py:4180} INFO - Setting next_dagrun for example_sensor_decorator to None, run_after=None
[2025-04-09T15:56:29.674+0000] {processor.py:208} INFO - Processing /home/airflow/.local/lib/python3.12/site-packages/airflow/example_dags/example_sensor_decorator.py took 0.173 seconds
[2025-04-09T15:56:59.842+0000] {processor.py:186} INFO - Started process (PID=1227) to work on /home/airflow/.local/lib/python3.12/site-packages/airflow/example_dags/example_sensor_decorator.py
[2025-04-09T15:56:59.843+0000] {processor.py:914} INFO - Processing file /home/airflow/.local/lib/python3.12/site-packages/airflow/example_dags/example_sensor_decorator.py for tasks to queue
[2025-04-09T15:56:59.846+0000] {logging_mixin.py:190} INFO - [2025-04-09T15:56:59.846+0000] {dagbag.py:588} INFO - Filling up the DagBag from /home/airflow/.local/lib/python3.12/site-packages/airflow/example_dags/example_sensor_decorator.py
[2025-04-09T15:56:59.858+0000] {processor.py:925} INFO - DAG(s) 'example_sensor_decorator' retrieved from /home/airflow/.local/lib/python3.12/site-packages/airflow/example_dags/example_sensor_decorator.py
[2025-04-09T15:56:59.891+0000] {logging_mixin.py:190} INFO - [2025-04-09T15:56:59.891+0000] {dag.py:3239} INFO - Sync 1 DAGs
[2025-04-09T15:56:59.912+0000] {logging_mixin.py:190} INFO - [2025-04-09T15:56:59.912+0000] {dag.py:4180} INFO - Setting next_dagrun for example_sensor_decorator to None, run_after=None
[2025-04-09T15:56:59.937+0000] {processor.py:208} INFO - Processing /home/airflow/.local/lib/python3.12/site-packages/airflow/example_dags/example_sensor_decorator.py took 0.104 seconds
[2025-04-09T15:57:32.075+0000] {processor.py:186} INFO - Started process (PID=1513) to work on /home/airflow/.local/lib/python3.12/site-packages/airflow/example_dags/example_sensor_decorator.py
[2025-04-09T15:57:32.076+0000] {processor.py:914} INFO - Processing file /home/airflow/.local/lib/python3.12/site-packages/airflow/example_dags/example_sensor_decorator.py for tasks to queue
[2025-04-09T15:57:32.079+0000] {logging_mixin.py:190} INFO - [2025-04-09T15:57:32.079+0000] {dagbag.py:588} INFO - Filling up the DagBag from /home/airflow/.local/lib/python3.12/site-packages/airflow/example_dags/example_sensor_decorator.py
[2025-04-09T15:57:32.091+0000] {processor.py:925} INFO - DAG(s) 'example_sensor_decorator' retrieved from /home/airflow/.local/lib/python3.12/site-packages/airflow/example_dags/example_sensor_decorator.py
[2025-04-09T15:57:32.131+0000] {logging_mixin.py:190} INFO - [2025-04-09T15:57:32.130+0000] {dag.py:3239} INFO - Sync 1 DAGs
[2025-04-09T15:57:32.152+0000] {logging_mixin.py:190} INFO - [2025-04-09T15:57:32.152+0000] {dag.py:4180} INFO - Setting next_dagrun for example_sensor_decorator to None, run_after=None
[2025-04-09T15:57:32.178+0000] {processor.py:208} INFO - Processing /home/airflow/.local/lib/python3.12/site-packages/airflow/example_dags/example_sensor_decorator.py took 0.115 seconds
