[2025-04-09T15:48:56.830+0000] {processor.py:186} INFO - Started process (PID=296) to work on /home/airflow/.local/lib/python3.12/site-packages/airflow/example_dags/example_local_kubernetes_executor.py
[2025-04-09T15:48:56.831+0000] {processor.py:914} INFO - Processing file /home/airflow/.local/lib/python3.12/site-packages/airflow/example_dags/example_local_kubernetes_executor.py for tasks to queue
[2025-04-09T15:48:56.834+0000] {logging_mixin.py:190} INFO - [2025-04-09T15:48:56.833+0000] {dagbag.py:588} INFO - Filling up the DagBag from /home/airflow/.local/lib/python3.12/site-packages/airflow/example_dags/example_local_kubernetes_executor.py
[2025-04-09T15:48:56.847+0000] {processor.py:925} INFO - DAG(s) 'example_local_kubernetes_executor' retrieved from /home/airflow/.local/lib/python3.12/site-packages/airflow/example_dags/example_local_kubernetes_executor.py
[2025-04-09T15:48:56.987+0000] {logging_mixin.py:190} INFO - [2025-04-09T15:48:56.986+0000] {override.py:1912} INFO - Created Permission View: can delete on DAG:example_local_kubernetes_executor
[2025-04-09T15:48:57.000+0000] {logging_mixin.py:190} INFO - [2025-04-09T15:48:56.999+0000] {override.py:1912} INFO - Created Permission View: can edit on DAG:example_local_kubernetes_executor
[2025-04-09T15:48:57.015+0000] {logging_mixin.py:190} INFO - [2025-04-09T15:48:57.014+0000] {override.py:1912} INFO - Created Permission View: can read on DAG:example_local_kubernetes_executor
[2025-04-09T15:48:57.031+0000] {logging_mixin.py:190} INFO - [2025-04-09T15:48:57.030+0000] {override.py:1912} INFO - Created Permission View: menu access on DAG Run:example_local_kubernetes_executor
[2025-04-09T15:48:57.042+0000] {logging_mixin.py:190} INFO - [2025-04-09T15:48:57.042+0000] {override.py:1912} INFO - Created Permission View: can create on DAG Run:example_local_kubernetes_executor
[2025-04-09T15:48:57.052+0000] {logging_mixin.py:190} INFO - [2025-04-09T15:48:57.052+0000] {override.py:1912} INFO - Created Permission View: can delete on DAG Run:example_local_kubernetes_executor
[2025-04-09T15:48:57.064+0000] {logging_mixin.py:190} INFO - [2025-04-09T15:48:57.063+0000] {override.py:1912} INFO - Created Permission View: can read on DAG Run:example_local_kubernetes_executor
[2025-04-09T15:48:57.064+0000] {logging_mixin.py:190} INFO - [2025-04-09T15:48:57.064+0000] {dag.py:3239} INFO - Sync 1 DAGs
[2025-04-09T15:48:57.081+0000] {logging_mixin.py:190} INFO - [2025-04-09T15:48:57.081+0000] {dag.py:3262} INFO - Creating ORM DAG for example_local_kubernetes_executor
[2025-04-09T15:48:57.082+0000] {logging_mixin.py:190} INFO - [2025-04-09T15:48:57.082+0000] {dag.py:4180} INFO - Setting next_dagrun for example_local_kubernetes_executor to None, run_after=None
[2025-04-09T15:48:57.105+0000] {processor.py:208} INFO - Processing /home/airflow/.local/lib/python3.12/site-packages/airflow/example_dags/example_local_kubernetes_executor.py took 0.281 seconds
[2025-04-09T15:50:11.437+0000] {processor.py:186} INFO - Started process (PID=643) to work on /home/airflow/.local/lib/python3.12/site-packages/airflow/example_dags/example_local_kubernetes_executor.py
[2025-04-09T15:50:11.452+0000] {processor.py:914} INFO - Processing file /home/airflow/.local/lib/python3.12/site-packages/airflow/example_dags/example_local_kubernetes_executor.py for tasks to queue
[2025-04-09T15:50:11.455+0000] {logging_mixin.py:190} INFO - [2025-04-09T15:50:11.455+0000] {dagbag.py:588} INFO - Filling up the DagBag from /home/airflow/.local/lib/python3.12/site-packages/airflow/example_dags/example_local_kubernetes_executor.py
[2025-04-09T15:50:11.480+0000] {processor.py:925} INFO - DAG(s) 'example_local_kubernetes_executor' retrieved from /home/airflow/.local/lib/python3.12/site-packages/airflow/example_dags/example_local_kubernetes_executor.py
[2025-04-09T15:50:11.530+0000] {logging_mixin.py:190} INFO - [2025-04-09T15:50:11.529+0000] {dag.py:3239} INFO - Sync 1 DAGs
[2025-04-09T15:50:11.584+0000] {logging_mixin.py:190} INFO - [2025-04-09T15:50:11.584+0000] {dag.py:4180} INFO - Setting next_dagrun for example_local_kubernetes_executor to None, run_after=None
[2025-04-09T15:50:11.760+0000] {processor.py:208} INFO - Processing /home/airflow/.local/lib/python3.12/site-packages/airflow/example_dags/example_local_kubernetes_executor.py took 0.340 seconds
[2025-04-09T15:50:53.873+0000] {processor.py:186} INFO - Started process (PID=941) to work on /home/airflow/.local/lib/python3.12/site-packages/airflow/example_dags/example_local_kubernetes_executor.py
[2025-04-09T15:50:53.878+0000] {processor.py:914} INFO - Processing file /home/airflow/.local/lib/python3.12/site-packages/airflow/example_dags/example_local_kubernetes_executor.py for tasks to queue
[2025-04-09T15:50:53.883+0000] {logging_mixin.py:190} INFO - [2025-04-09T15:50:53.883+0000] {dagbag.py:588} INFO - Filling up the DagBag from /home/airflow/.local/lib/python3.12/site-packages/airflow/example_dags/example_local_kubernetes_executor.py
[2025-04-09T15:50:53.914+0000] {processor.py:925} INFO - DAG(s) 'example_local_kubernetes_executor' retrieved from /home/airflow/.local/lib/python3.12/site-packages/airflow/example_dags/example_local_kubernetes_executor.py
[2025-04-09T15:50:53.987+0000] {logging_mixin.py:190} INFO - [2025-04-09T15:50:53.986+0000] {dag.py:3239} INFO - Sync 1 DAGs
[2025-04-09T15:50:54.193+0000] {logging_mixin.py:190} INFO - [2025-04-09T15:50:54.192+0000] {dag.py:4180} INFO - Setting next_dagrun for example_local_kubernetes_executor to None, run_after=None
[2025-04-09T15:50:54.614+0000] {processor.py:208} INFO - Processing /home/airflow/.local/lib/python3.12/site-packages/airflow/example_dags/example_local_kubernetes_executor.py took 0.756 seconds
[2025-04-09T15:52:00.111+0000] {processor.py:186} INFO - Started process (PID=1173) to work on /home/airflow/.local/lib/python3.12/site-packages/airflow/example_dags/example_local_kubernetes_executor.py
[2025-04-09T15:52:00.130+0000] {processor.py:914} INFO - Processing file /home/airflow/.local/lib/python3.12/site-packages/airflow/example_dags/example_local_kubernetes_executor.py for tasks to queue
[2025-04-09T15:52:00.151+0000] {logging_mixin.py:190} INFO - [2025-04-09T15:52:00.150+0000] {dagbag.py:588} INFO - Filling up the DagBag from /home/airflow/.local/lib/python3.12/site-packages/airflow/example_dags/example_local_kubernetes_executor.py
[2025-04-09T15:52:00.205+0000] {processor.py:925} INFO - DAG(s) 'example_local_kubernetes_executor' retrieved from /home/airflow/.local/lib/python3.12/site-packages/airflow/example_dags/example_local_kubernetes_executor.py
[2025-04-09T15:52:00.370+0000] {logging_mixin.py:190} INFO - [2025-04-09T15:52:00.369+0000] {dag.py:3239} INFO - Sync 1 DAGs
[2025-04-09T15:52:00.542+0000] {logging_mixin.py:190} INFO - [2025-04-09T15:52:00.542+0000] {dag.py:4180} INFO - Setting next_dagrun for example_local_kubernetes_executor to None, run_after=None
[2025-04-09T15:52:00.932+0000] {processor.py:208} INFO - Processing /home/airflow/.local/lib/python3.12/site-packages/airflow/example_dags/example_local_kubernetes_executor.py took 0.835 seconds
[2025-04-09T15:52:31.261+0000] {processor.py:186} INFO - Started process (PID=1464) to work on /home/airflow/.local/lib/python3.12/site-packages/airflow/example_dags/example_local_kubernetes_executor.py
[2025-04-09T15:52:31.263+0000] {processor.py:914} INFO - Processing file /home/airflow/.local/lib/python3.12/site-packages/airflow/example_dags/example_local_kubernetes_executor.py for tasks to queue
[2025-04-09T15:52:31.265+0000] {logging_mixin.py:190} INFO - [2025-04-09T15:52:31.265+0000] {dagbag.py:588} INFO - Filling up the DagBag from /home/airflow/.local/lib/python3.12/site-packages/airflow/example_dags/example_local_kubernetes_executor.py
[2025-04-09T15:52:31.279+0000] {processor.py:925} INFO - DAG(s) 'example_local_kubernetes_executor' retrieved from /home/airflow/.local/lib/python3.12/site-packages/airflow/example_dags/example_local_kubernetes_executor.py
[2025-04-09T15:52:31.312+0000] {logging_mixin.py:190} INFO - [2025-04-09T15:52:31.312+0000] {dag.py:3239} INFO - Sync 1 DAGs
[2025-04-09T15:52:31.348+0000] {logging_mixin.py:190} INFO - [2025-04-09T15:52:31.348+0000] {dag.py:4180} INFO - Setting next_dagrun for example_local_kubernetes_executor to None, run_after=None
[2025-04-09T15:52:31.483+0000] {processor.py:208} INFO - Processing /home/airflow/.local/lib/python3.12/site-packages/airflow/example_dags/example_local_kubernetes_executor.py took 0.231 seconds
[2025-04-09T15:55:09.441+0000] {processor.py:186} INFO - Started process (PID=308) to work on /home/airflow/.local/lib/python3.12/site-packages/airflow/example_dags/example_local_kubernetes_executor.py
[2025-04-09T15:55:09.443+0000] {processor.py:914} INFO - Processing file /home/airflow/.local/lib/python3.12/site-packages/airflow/example_dags/example_local_kubernetes_executor.py for tasks to queue
[2025-04-09T15:55:09.453+0000] {logging_mixin.py:190} INFO - [2025-04-09T15:55:09.452+0000] {dagbag.py:588} INFO - Filling up the DagBag from /home/airflow/.local/lib/python3.12/site-packages/airflow/example_dags/example_local_kubernetes_executor.py
[2025-04-09T15:55:09.478+0000] {processor.py:925} INFO - DAG(s) 'example_local_kubernetes_executor' retrieved from /home/airflow/.local/lib/python3.12/site-packages/airflow/example_dags/example_local_kubernetes_executor.py
[2025-04-09T15:55:09.891+0000] {logging_mixin.py:190} INFO - [2025-04-09T15:55:09.889+0000] {override.py:1912} INFO - Created Permission View: can delete on DAG:example_local_kubernetes_executor
[2025-04-09T15:55:09.917+0000] {logging_mixin.py:190} INFO - [2025-04-09T15:55:09.915+0000] {override.py:1912} INFO - Created Permission View: can edit on DAG:example_local_kubernetes_executor
[2025-04-09T15:55:09.935+0000] {logging_mixin.py:190} INFO - [2025-04-09T15:55:09.934+0000] {override.py:1912} INFO - Created Permission View: can read on DAG:example_local_kubernetes_executor
[2025-04-09T15:55:09.958+0000] {logging_mixin.py:190} INFO - [2025-04-09T15:55:09.957+0000] {override.py:1912} INFO - Created Permission View: can delete on DAG Run:example_local_kubernetes_executor
[2025-04-09T15:55:09.973+0000] {logging_mixin.py:190} INFO - [2025-04-09T15:55:09.973+0000] {override.py:1912} INFO - Created Permission View: can create on DAG Run:example_local_kubernetes_executor
[2025-04-09T15:55:10.024+0000] {logging_mixin.py:190} INFO - [2025-04-09T15:55:10.023+0000] {override.py:1912} INFO - Created Permission View: can read on DAG Run:example_local_kubernetes_executor
[2025-04-09T15:55:10.040+0000] {logging_mixin.py:190} INFO - [2025-04-09T15:55:10.039+0000] {override.py:1912} INFO - Created Permission View: menu access on DAG Run:example_local_kubernetes_executor
[2025-04-09T15:55:10.041+0000] {logging_mixin.py:190} INFO - [2025-04-09T15:55:10.041+0000] {dag.py:3239} INFO - Sync 1 DAGs
[2025-04-09T15:55:10.070+0000] {logging_mixin.py:190} INFO - [2025-04-09T15:55:10.070+0000] {dag.py:3262} INFO - Creating ORM DAG for example_local_kubernetes_executor
[2025-04-09T15:55:10.072+0000] {logging_mixin.py:190} INFO - [2025-04-09T15:55:10.071+0000] {dag.py:4180} INFO - Setting next_dagrun for example_local_kubernetes_executor to None, run_after=None
[2025-04-09T15:55:10.116+0000] {processor.py:208} INFO - Processing /home/airflow/.local/lib/python3.12/site-packages/airflow/example_dags/example_local_kubernetes_executor.py took 0.699 seconds
[2025-04-09T15:55:41.077+0000] {processor.py:186} INFO - Started process (PID=605) to work on /home/airflow/.local/lib/python3.12/site-packages/airflow/example_dags/example_local_kubernetes_executor.py
[2025-04-09T15:55:41.081+0000] {processor.py:914} INFO - Processing file /home/airflow/.local/lib/python3.12/site-packages/airflow/example_dags/example_local_kubernetes_executor.py for tasks to queue
[2025-04-09T15:55:41.086+0000] {logging_mixin.py:190} INFO - [2025-04-09T15:55:41.085+0000] {dagbag.py:588} INFO - Filling up the DagBag from /home/airflow/.local/lib/python3.12/site-packages/airflow/example_dags/example_local_kubernetes_executor.py
[2025-04-09T15:55:41.134+0000] {processor.py:925} INFO - DAG(s) 'example_local_kubernetes_executor' retrieved from /home/airflow/.local/lib/python3.12/site-packages/airflow/example_dags/example_local_kubernetes_executor.py
[2025-04-09T15:55:41.188+0000] {logging_mixin.py:190} INFO - [2025-04-09T15:55:41.187+0000] {dag.py:3239} INFO - Sync 1 DAGs
[2025-04-09T15:55:41.240+0000] {logging_mixin.py:190} INFO - [2025-04-09T15:55:41.240+0000] {dag.py:4180} INFO - Setting next_dagrun for example_local_kubernetes_executor to None, run_after=None
[2025-04-09T15:55:41.344+0000] {processor.py:208} INFO - Processing /home/airflow/.local/lib/python3.12/site-packages/airflow/example_dags/example_local_kubernetes_executor.py took 0.286 seconds
[2025-04-09T15:56:26.819+0000] {processor.py:186} INFO - Started process (PID=896) to work on /home/airflow/.local/lib/python3.12/site-packages/airflow/example_dags/example_local_kubernetes_executor.py
[2025-04-09T15:56:26.821+0000] {processor.py:914} INFO - Processing file /home/airflow/.local/lib/python3.12/site-packages/airflow/example_dags/example_local_kubernetes_executor.py for tasks to queue
[2025-04-09T15:56:26.827+0000] {logging_mixin.py:190} INFO - [2025-04-09T15:56:26.826+0000] {dagbag.py:588} INFO - Filling up the DagBag from /home/airflow/.local/lib/python3.12/site-packages/airflow/example_dags/example_local_kubernetes_executor.py
[2025-04-09T15:56:26.850+0000] {processor.py:925} INFO - DAG(s) 'example_local_kubernetes_executor' retrieved from /home/airflow/.local/lib/python3.12/site-packages/airflow/example_dags/example_local_kubernetes_executor.py
[2025-04-09T15:56:26.912+0000] {logging_mixin.py:190} INFO - [2025-04-09T15:56:26.912+0000] {dag.py:3239} INFO - Sync 1 DAGs
[2025-04-09T15:56:26.970+0000] {logging_mixin.py:190} INFO - [2025-04-09T15:56:26.969+0000] {dag.py:4180} INFO - Setting next_dagrun for example_local_kubernetes_executor to None, run_after=None
[2025-04-09T15:56:27.151+0000] {processor.py:208} INFO - Processing /home/airflow/.local/lib/python3.12/site-packages/airflow/example_dags/example_local_kubernetes_executor.py took 0.342 seconds
[2025-04-09T15:56:57.405+0000] {processor.py:186} INFO - Started process (PID=1187) to work on /home/airflow/.local/lib/python3.12/site-packages/airflow/example_dags/example_local_kubernetes_executor.py
[2025-04-09T15:56:57.406+0000] {processor.py:914} INFO - Processing file /home/airflow/.local/lib/python3.12/site-packages/airflow/example_dags/example_local_kubernetes_executor.py for tasks to queue
[2025-04-09T15:56:57.409+0000] {logging_mixin.py:190} INFO - [2025-04-09T15:56:57.409+0000] {dagbag.py:588} INFO - Filling up the DagBag from /home/airflow/.local/lib/python3.12/site-packages/airflow/example_dags/example_local_kubernetes_executor.py
[2025-04-09T15:56:57.424+0000] {processor.py:925} INFO - DAG(s) 'example_local_kubernetes_executor' retrieved from /home/airflow/.local/lib/python3.12/site-packages/airflow/example_dags/example_local_kubernetes_executor.py
[2025-04-09T15:56:57.509+0000] {logging_mixin.py:190} INFO - [2025-04-09T15:56:57.509+0000] {dag.py:3239} INFO - Sync 1 DAGs
[2025-04-09T15:56:57.549+0000] {logging_mixin.py:190} INFO - [2025-04-09T15:56:57.549+0000] {dag.py:4180} INFO - Setting next_dagrun for example_local_kubernetes_executor to None, run_after=None
[2025-04-09T15:56:57.620+0000] {processor.py:208} INFO - Processing /home/airflow/.local/lib/python3.12/site-packages/airflow/example_dags/example_local_kubernetes_executor.py took 0.224 seconds
[2025-04-09T15:57:31.476+0000] {processor.py:186} INFO - Started process (PID=1478) to work on /home/airflow/.local/lib/python3.12/site-packages/airflow/example_dags/example_local_kubernetes_executor.py
[2025-04-09T15:57:31.478+0000] {processor.py:914} INFO - Processing file /home/airflow/.local/lib/python3.12/site-packages/airflow/example_dags/example_local_kubernetes_executor.py for tasks to queue
[2025-04-09T15:57:31.481+0000] {logging_mixin.py:190} INFO - [2025-04-09T15:57:31.481+0000] {dagbag.py:588} INFO - Filling up the DagBag from /home/airflow/.local/lib/python3.12/site-packages/airflow/example_dags/example_local_kubernetes_executor.py
[2025-04-09T15:57:31.493+0000] {processor.py:925} INFO - DAG(s) 'example_local_kubernetes_executor' retrieved from /home/airflow/.local/lib/python3.12/site-packages/airflow/example_dags/example_local_kubernetes_executor.py
[2025-04-09T15:57:31.538+0000] {logging_mixin.py:190} INFO - [2025-04-09T15:57:31.537+0000] {dag.py:3239} INFO - Sync 1 DAGs
[2025-04-09T15:57:31.560+0000] {logging_mixin.py:190} INFO - [2025-04-09T15:57:31.560+0000] {dag.py:4180} INFO - Setting next_dagrun for example_local_kubernetes_executor to None, run_after=None
[2025-04-09T15:57:31.586+0000] {processor.py:208} INFO - Processing /home/airflow/.local/lib/python3.12/site-packages/airflow/example_dags/example_local_kubernetes_executor.py took 0.116 seconds
