[2025-04-09T15:49:00.053+0000] {processor.py:186} INFO - Started process (PID=376) to work on /home/airflow/.local/lib/python3.12/site-packages/airflow/example_dags/example_subdag_operator.py
[2025-04-09T15:49:00.054+0000] {processor.py:914} INFO - Processing file /home/airflow/.local/lib/python3.12/site-packages/airflow/example_dags/example_subdag_operator.py for tasks to queue
[2025-04-09T15:49:00.058+0000] {logging_mixin.py:190} INFO - [2025-04-09T15:49:00.057+0000] {dagbag.py:588} INFO - Filling up the DagBag from /home/airflow/.local/lib/python3.12/site-packages/airflow/example_dags/example_subdag_operator.py
[2025-04-09T15:49:00.133+0000] {processor.py:925} INFO - DAG(s) 'example_subdag_operator.section-1', 'example_subdag_operator.section-2', 'example_subdag_operator' retrieved from /home/airflow/.local/lib/python3.12/site-packages/airflow/example_dags/example_subdag_operator.py
[2025-04-09T15:49:00.268+0000] {logging_mixin.py:190} INFO - [2025-04-09T15:49:00.267+0000] {override.py:1912} INFO - Created Permission View: can delete on DAG:example_subdag_operator
[2025-04-09T15:49:00.283+0000] {logging_mixin.py:190} INFO - [2025-04-09T15:49:00.283+0000] {override.py:1912} INFO - Created Permission View: can edit on DAG:example_subdag_operator
[2025-04-09T15:49:00.295+0000] {logging_mixin.py:190} INFO - [2025-04-09T15:49:00.294+0000] {override.py:1912} INFO - Created Permission View: can read on DAG:example_subdag_operator
[2025-04-09T15:49:00.305+0000] {logging_mixin.py:190} INFO - [2025-04-09T15:49:00.304+0000] {override.py:1912} INFO - Created Permission View: menu access on DAG Run:example_subdag_operator
[2025-04-09T15:49:00.313+0000] {logging_mixin.py:190} INFO - [2025-04-09T15:49:00.312+0000] {override.py:1912} INFO - Created Permission View: can create on DAG Run:example_subdag_operator
[2025-04-09T15:49:00.326+0000] {logging_mixin.py:190} INFO - [2025-04-09T15:49:00.326+0000] {override.py:1912} INFO - Created Permission View: can delete on DAG Run:example_subdag_operator
[2025-04-09T15:49:00.338+0000] {logging_mixin.py:190} INFO - [2025-04-09T15:49:00.337+0000] {override.py:1912} INFO - Created Permission View: can read on DAG Run:example_subdag_operator
[2025-04-09T15:49:00.338+0000] {logging_mixin.py:190} INFO - [2025-04-09T15:49:00.338+0000] {dag.py:3239} INFO - Sync 3 DAGs
[2025-04-09T15:49:00.357+0000] {logging_mixin.py:190} INFO - [2025-04-09T15:49:00.357+0000] {dag.py:3262} INFO - Creating ORM DAG for example_subdag_operator
[2025-04-09T15:49:00.358+0000] {logging_mixin.py:190} INFO - [2025-04-09T15:49:00.358+0000] {dag.py:3262} INFO - Creating ORM DAG for example_subdag_operator.section-2
[2025-04-09T15:49:00.359+0000] {logging_mixin.py:190} INFO - [2025-04-09T15:49:00.359+0000] {dag.py:3262} INFO - Creating ORM DAG for example_subdag_operator.section-1
[2025-04-09T15:49:00.370+0000] {logging_mixin.py:190} INFO - [2025-04-09T15:49:00.370+0000] {dag.py:4180} INFO - Setting next_dagrun for example_subdag_operator to 2022-01-01 00:00:00+00:00, run_after=2022-01-01 00:00:00+00:00
[2025-04-09T15:49:00.371+0000] {logging_mixin.py:190} INFO - [2025-04-09T15:49:00.371+0000] {dag.py:4180} INFO - Setting next_dagrun for example_subdag_operator.section-1 to None, run_after=None
[2025-04-09T15:49:00.372+0000] {logging_mixin.py:190} INFO - [2025-04-09T15:49:00.371+0000] {dag.py:4180} INFO - Setting next_dagrun for example_subdag_operator.section-2 to None, run_after=None
[2025-04-09T15:49:00.383+0000] {logging_mixin.py:190} INFO - [2025-04-09T15:49:00.383+0000] {dag.py:3239} INFO - Sync 2 DAGs
[2025-04-09T15:49:00.393+0000] {logging_mixin.py:190} INFO - [2025-04-09T15:49:00.393+0000] {dag.py:4180} INFO - Setting next_dagrun for example_subdag_operator.section-1 to None, run_after=None
[2025-04-09T15:49:00.398+0000] {logging_mixin.py:190} INFO - [2025-04-09T15:49:00.397+0000] {dag.py:4180} INFO - Setting next_dagrun for example_subdag_operator.section-2 to None, run_after=None
[2025-04-09T15:49:00.418+0000] {processor.py:208} INFO - Processing /home/airflow/.local/lib/python3.12/site-packages/airflow/example_dags/example_subdag_operator.py took 0.372 seconds
[2025-04-09T15:50:19.966+0000] {processor.py:186} INFO - Started process (PID=723) to work on /home/airflow/.local/lib/python3.12/site-packages/airflow/example_dags/example_subdag_operator.py
[2025-04-09T15:50:19.969+0000] {processor.py:914} INFO - Processing file /home/airflow/.local/lib/python3.12/site-packages/airflow/example_dags/example_subdag_operator.py for tasks to queue
[2025-04-09T15:50:19.974+0000] {logging_mixin.py:190} INFO - [2025-04-09T15:50:19.973+0000] {dagbag.py:588} INFO - Filling up the DagBag from /home/airflow/.local/lib/python3.12/site-packages/airflow/example_dags/example_subdag_operator.py
[2025-04-09T15:50:20.055+0000] {processor.py:925} INFO - DAG(s) 'example_subdag_operator.section-1', 'example_subdag_operator.section-2', 'example_subdag_operator' retrieved from /home/airflow/.local/lib/python3.12/site-packages/airflow/example_dags/example_subdag_operator.py
[2025-04-09T15:50:20.162+0000] {logging_mixin.py:190} INFO - [2025-04-09T15:50:20.154+0000] {dag.py:3239} INFO - Sync 3 DAGs
[2025-04-09T15:50:20.308+0000] {logging_mixin.py:190} INFO - [2025-04-09T15:50:20.308+0000] {dag.py:4180} INFO - Setting next_dagrun for example_subdag_operator to 2022-01-01 00:00:00+00:00, run_after=2022-01-01 00:00:00+00:00
[2025-04-09T15:50:20.469+0000] {logging_mixin.py:190} INFO - [2025-04-09T15:50:20.468+0000] {dag.py:4180} INFO - Setting next_dagrun for example_subdag_operator.section-1 to None, run_after=None
[2025-04-09T15:50:20.474+0000] {logging_mixin.py:190} INFO - [2025-04-09T15:50:20.473+0000] {dag.py:4180} INFO - Setting next_dagrun for example_subdag_operator.section-2 to None, run_after=None
[2025-04-09T15:50:20.519+0000] {logging_mixin.py:190} INFO - [2025-04-09T15:50:20.519+0000] {dag.py:3239} INFO - Sync 2 DAGs
[2025-04-09T15:50:20.549+0000] {logging_mixin.py:190} INFO - [2025-04-09T15:50:20.547+0000] {dag.py:4180} INFO - Setting next_dagrun for example_subdag_operator.section-1 to None, run_after=None
[2025-04-09T15:50:20.551+0000] {logging_mixin.py:190} INFO - [2025-04-09T15:50:20.550+0000] {dag.py:4180} INFO - Setting next_dagrun for example_subdag_operator.section-2 to None, run_after=None
[2025-04-09T15:50:20.802+0000] {processor.py:208} INFO - Processing /home/airflow/.local/lib/python3.12/site-packages/airflow/example_dags/example_subdag_operator.py took 0.868 seconds
[2025-04-09T15:51:12.369+0000] {processor.py:186} INFO - Started process (PID=1021) to work on /home/airflow/.local/lib/python3.12/site-packages/airflow/example_dags/example_subdag_operator.py
[2025-04-09T15:51:12.375+0000] {processor.py:914} INFO - Processing file /home/airflow/.local/lib/python3.12/site-packages/airflow/example_dags/example_subdag_operator.py for tasks to queue
[2025-04-09T15:51:12.382+0000] {logging_mixin.py:190} INFO - [2025-04-09T15:51:12.381+0000] {dagbag.py:588} INFO - Filling up the DagBag from /home/airflow/.local/lib/python3.12/site-packages/airflow/example_dags/example_subdag_operator.py
[2025-04-09T15:51:12.646+0000] {processor.py:925} INFO - DAG(s) 'example_subdag_operator.section-1', 'example_subdag_operator.section-2', 'example_subdag_operator' retrieved from /home/airflow/.local/lib/python3.12/site-packages/airflow/example_dags/example_subdag_operator.py
[2025-04-09T15:51:12.893+0000] {logging_mixin.py:190} INFO - [2025-04-09T15:51:12.892+0000] {dag.py:3239} INFO - Sync 3 DAGs
[2025-04-09T15:51:13.391+0000] {logging_mixin.py:190} INFO - [2025-04-09T15:51:13.390+0000] {dag.py:4180} INFO - Setting next_dagrun for example_subdag_operator to 2022-01-01 00:00:00+00:00, run_after=2022-01-01 00:00:00+00:00
[2025-04-09T15:51:13.675+0000] {logging_mixin.py:190} INFO - [2025-04-09T15:51:13.674+0000] {dag.py:4180} INFO - Setting next_dagrun for example_subdag_operator.section-1 to None, run_after=None
[2025-04-09T15:51:13.679+0000] {logging_mixin.py:190} INFO - [2025-04-09T15:51:13.678+0000] {dag.py:4180} INFO - Setting next_dagrun for example_subdag_operator.section-2 to None, run_after=None
[2025-04-09T15:51:13.755+0000] {logging_mixin.py:190} INFO - [2025-04-09T15:51:13.755+0000] {dag.py:3239} INFO - Sync 2 DAGs
[2025-04-09T15:51:13.978+0000] {logging_mixin.py:190} INFO - [2025-04-09T15:51:13.977+0000] {dag.py:4180} INFO - Setting next_dagrun for example_subdag_operator.section-1 to None, run_after=None
[2025-04-09T15:51:13.979+0000] {logging_mixin.py:190} INFO - [2025-04-09T15:51:13.979+0000] {dag.py:4180} INFO - Setting next_dagrun for example_subdag_operator.section-2 to None, run_after=None
[2025-04-09T15:51:17.860+0000] {processor.py:208} INFO - Processing /home/airflow/.local/lib/python3.12/site-packages/airflow/example_dags/example_subdag_operator.py took 5.541 seconds
[2025-04-09T15:52:14.103+0000] {processor.py:186} INFO - Started process (PID=1343) to work on /home/airflow/.local/lib/python3.12/site-packages/airflow/example_dags/example_subdag_operator.py
[2025-04-09T15:52:14.105+0000] {processor.py:914} INFO - Processing file /home/airflow/.local/lib/python3.12/site-packages/airflow/example_dags/example_subdag_operator.py for tasks to queue
[2025-04-09T15:52:14.109+0000] {logging_mixin.py:190} INFO - [2025-04-09T15:52:14.108+0000] {dagbag.py:588} INFO - Filling up the DagBag from /home/airflow/.local/lib/python3.12/site-packages/airflow/example_dags/example_subdag_operator.py
[2025-04-09T15:52:14.201+0000] {processor.py:925} INFO - DAG(s) 'example_subdag_operator.section-1', 'example_subdag_operator.section-2', 'example_subdag_operator' retrieved from /home/airflow/.local/lib/python3.12/site-packages/airflow/example_dags/example_subdag_operator.py
[2025-04-09T15:52:14.248+0000] {logging_mixin.py:190} INFO - [2025-04-09T15:52:14.247+0000] {dag.py:3239} INFO - Sync 3 DAGs
[2025-04-09T15:52:14.320+0000] {logging_mixin.py:190} INFO - [2025-04-09T15:52:14.320+0000] {dag.py:4180} INFO - Setting next_dagrun for example_subdag_operator to 2022-01-01 00:00:00+00:00, run_after=2022-01-01 00:00:00+00:00
[2025-04-09T15:52:14.330+0000] {logging_mixin.py:190} INFO - [2025-04-09T15:52:14.329+0000] {dag.py:4180} INFO - Setting next_dagrun for example_subdag_operator.section-1 to None, run_after=None
[2025-04-09T15:52:14.332+0000] {logging_mixin.py:190} INFO - [2025-04-09T15:52:14.332+0000] {dag.py:4180} INFO - Setting next_dagrun for example_subdag_operator.section-2 to None, run_after=None
[2025-04-09T15:52:14.348+0000] {logging_mixin.py:190} INFO - [2025-04-09T15:52:14.347+0000] {dag.py:3239} INFO - Sync 2 DAGs
[2025-04-09T15:52:14.359+0000] {logging_mixin.py:190} INFO - [2025-04-09T15:52:14.358+0000] {dag.py:4180} INFO - Setting next_dagrun for example_subdag_operator.section-1 to None, run_after=None
[2025-04-09T15:52:14.360+0000] {logging_mixin.py:190} INFO - [2025-04-09T15:52:14.359+0000] {dag.py:4180} INFO - Setting next_dagrun for example_subdag_operator.section-2 to None, run_after=None
[2025-04-09T15:52:14.482+0000] {processor.py:208} INFO - Processing /home/airflow/.local/lib/python3.12/site-packages/airflow/example_dags/example_subdag_operator.py took 0.394 seconds
[2025-04-09T15:55:23.604+0000] {processor.py:186} INFO - Started process (PID=394) to work on /home/airflow/.local/lib/python3.12/site-packages/airflow/example_dags/example_subdag_operator.py
[2025-04-09T15:55:23.607+0000] {processor.py:914} INFO - Processing file /home/airflow/.local/lib/python3.12/site-packages/airflow/example_dags/example_subdag_operator.py for tasks to queue
[2025-04-09T15:55:23.613+0000] {logging_mixin.py:190} INFO - [2025-04-09T15:55:23.612+0000] {dagbag.py:588} INFO - Filling up the DagBag from /home/airflow/.local/lib/python3.12/site-packages/airflow/example_dags/example_subdag_operator.py
[2025-04-09T15:55:23.798+0000] {processor.py:925} INFO - DAG(s) 'example_subdag_operator.section-1', 'example_subdag_operator.section-2', 'example_subdag_operator' retrieved from /home/airflow/.local/lib/python3.12/site-packages/airflow/example_dags/example_subdag_operator.py
[2025-04-09T15:55:24.575+0000] {logging_mixin.py:190} INFO - [2025-04-09T15:55:24.573+0000] {override.py:1912} INFO - Created Permission View: can delete on DAG:example_subdag_operator
[2025-04-09T15:55:24.639+0000] {logging_mixin.py:190} INFO - [2025-04-09T15:55:24.638+0000] {override.py:1912} INFO - Created Permission View: can edit on DAG:example_subdag_operator
[2025-04-09T15:55:24.665+0000] {logging_mixin.py:190} INFO - [2025-04-09T15:55:24.663+0000] {override.py:1912} INFO - Created Permission View: can read on DAG:example_subdag_operator
[2025-04-09T15:55:24.701+0000] {logging_mixin.py:190} INFO - [2025-04-09T15:55:24.700+0000] {override.py:1912} INFO - Created Permission View: can delete on DAG Run:example_subdag_operator
[2025-04-09T15:55:24.749+0000] {logging_mixin.py:190} INFO - [2025-04-09T15:55:24.748+0000] {override.py:1912} INFO - Created Permission View: can create on DAG Run:example_subdag_operator
[2025-04-09T15:55:24.772+0000] {logging_mixin.py:190} INFO - [2025-04-09T15:55:24.772+0000] {override.py:1912} INFO - Created Permission View: can read on DAG Run:example_subdag_operator
[2025-04-09T15:55:24.794+0000] {logging_mixin.py:190} INFO - [2025-04-09T15:55:24.793+0000] {override.py:1912} INFO - Created Permission View: menu access on DAG Run:example_subdag_operator
[2025-04-09T15:55:24.795+0000] {logging_mixin.py:190} INFO - [2025-04-09T15:55:24.795+0000] {dag.py:3239} INFO - Sync 3 DAGs
[2025-04-09T15:55:24.837+0000] {logging_mixin.py:190} INFO - [2025-04-09T15:55:24.836+0000] {dag.py:3262} INFO - Creating ORM DAG for example_subdag_operator
[2025-04-09T15:55:24.840+0000] {logging_mixin.py:190} INFO - [2025-04-09T15:55:24.839+0000] {dag.py:3262} INFO - Creating ORM DAG for example_subdag_operator.section-1
[2025-04-09T15:55:24.844+0000] {logging_mixin.py:190} INFO - [2025-04-09T15:55:24.843+0000] {dag.py:3262} INFO - Creating ORM DAG for example_subdag_operator.section-2
[2025-04-09T15:55:24.886+0000] {logging_mixin.py:190} INFO - [2025-04-09T15:55:24.884+0000] {dag.py:4180} INFO - Setting next_dagrun for example_subdag_operator to 2022-01-01 00:00:00+00:00, run_after=2022-01-01 00:00:00+00:00
[2025-04-09T15:55:24.888+0000] {logging_mixin.py:190} INFO - [2025-04-09T15:55:24.887+0000] {dag.py:4180} INFO - Setting next_dagrun for example_subdag_operator.section-1 to None, run_after=None
[2025-04-09T15:55:24.891+0000] {logging_mixin.py:190} INFO - [2025-04-09T15:55:24.890+0000] {dag.py:4180} INFO - Setting next_dagrun for example_subdag_operator.section-2 to None, run_after=None
[2025-04-09T15:55:24.943+0000] {logging_mixin.py:190} INFO - [2025-04-09T15:55:24.943+0000] {dag.py:3239} INFO - Sync 2 DAGs
[2025-04-09T15:55:24.966+0000] {logging_mixin.py:190} INFO - [2025-04-09T15:55:24.965+0000] {dag.py:4180} INFO - Setting next_dagrun for example_subdag_operator.section-1 to None, run_after=None
[2025-04-09T15:55:24.975+0000] {logging_mixin.py:190} INFO - [2025-04-09T15:55:24.974+0000] {dag.py:4180} INFO - Setting next_dagrun for example_subdag_operator.section-2 to None, run_after=None
[2025-04-09T15:55:25.028+0000] {processor.py:208} INFO - Processing /home/airflow/.local/lib/python3.12/site-packages/airflow/example_dags/example_subdag_operator.py took 1.437 seconds
[2025-04-09T15:55:55.272+0000] {processor.py:186} INFO - Started process (PID=685) to work on /home/airflow/.local/lib/python3.12/site-packages/airflow/example_dags/example_subdag_operator.py
[2025-04-09T15:55:55.277+0000] {processor.py:914} INFO - Processing file /home/airflow/.local/lib/python3.12/site-packages/airflow/example_dags/example_subdag_operator.py for tasks to queue
[2025-04-09T15:55:55.317+0000] {logging_mixin.py:190} INFO - [2025-04-09T15:55:55.288+0000] {dagbag.py:588} INFO - Filling up the DagBag from /home/airflow/.local/lib/python3.12/site-packages/airflow/example_dags/example_subdag_operator.py
[2025-04-09T15:55:55.470+0000] {processor.py:925} INFO - DAG(s) 'example_subdag_operator.section-1', 'example_subdag_operator.section-2', 'example_subdag_operator' retrieved from /home/airflow/.local/lib/python3.12/site-packages/airflow/example_dags/example_subdag_operator.py
[2025-04-09T15:55:55.681+0000] {logging_mixin.py:190} INFO - [2025-04-09T15:55:55.680+0000] {dag.py:3239} INFO - Sync 3 DAGs
[2025-04-09T15:55:56.468+0000] {logging_mixin.py:190} INFO - [2025-04-09T15:55:56.462+0000] {dag.py:4180} INFO - Setting next_dagrun for example_subdag_operator to 2022-01-01 00:00:00+00:00, run_after=2022-01-01 00:00:00+00:00
[2025-04-09T15:55:56.523+0000] {logging_mixin.py:190} INFO - [2025-04-09T15:55:56.523+0000] {dag.py:4180} INFO - Setting next_dagrun for example_subdag_operator.section-1 to None, run_after=None
[2025-04-09T15:55:56.528+0000] {logging_mixin.py:190} INFO - [2025-04-09T15:55:56.527+0000] {dag.py:4180} INFO - Setting next_dagrun for example_subdag_operator.section-2 to None, run_after=None
[2025-04-09T15:55:56.551+0000] {logging_mixin.py:190} INFO - [2025-04-09T15:55:56.551+0000] {dag.py:3239} INFO - Sync 2 DAGs
[2025-04-09T15:55:56.587+0000] {logging_mixin.py:190} INFO - [2025-04-09T15:55:56.586+0000] {dag.py:4180} INFO - Setting next_dagrun for example_subdag_operator.section-1 to None, run_after=None
[2025-04-09T15:55:56.590+0000] {logging_mixin.py:190} INFO - [2025-04-09T15:55:56.590+0000] {dag.py:4180} INFO - Setting next_dagrun for example_subdag_operator.section-2 to None, run_after=None
[2025-04-09T15:55:56.625+0000] {processor.py:208} INFO - Processing /home/airflow/.local/lib/python3.12/site-packages/airflow/example_dags/example_subdag_operator.py took 1.402 seconds
[2025-04-09T15:56:30.782+0000] {processor.py:186} INFO - Started process (PID=978) to work on /home/airflow/.local/lib/python3.12/site-packages/airflow/example_dags/example_subdag_operator.py
[2025-04-09T15:56:30.783+0000] {processor.py:914} INFO - Processing file /home/airflow/.local/lib/python3.12/site-packages/airflow/example_dags/example_subdag_operator.py for tasks to queue
[2025-04-09T15:56:30.789+0000] {logging_mixin.py:190} INFO - [2025-04-09T15:56:30.788+0000] {dagbag.py:588} INFO - Filling up the DagBag from /home/airflow/.local/lib/python3.12/site-packages/airflow/example_dags/example_subdag_operator.py
[2025-04-09T15:56:30.852+0000] {processor.py:925} INFO - DAG(s) 'example_subdag_operator.section-1', 'example_subdag_operator.section-2', 'example_subdag_operator' retrieved from /home/airflow/.local/lib/python3.12/site-packages/airflow/example_dags/example_subdag_operator.py
[2025-04-09T15:56:30.875+0000] {logging_mixin.py:190} INFO - [2025-04-09T15:56:30.875+0000] {dag.py:3239} INFO - Sync 3 DAGs
[2025-04-09T15:56:30.926+0000] {logging_mixin.py:190} INFO - [2025-04-09T15:56:30.925+0000] {dag.py:4180} INFO - Setting next_dagrun for example_subdag_operator to 2022-01-01 00:00:00+00:00, run_after=2022-01-01 00:00:00+00:00
[2025-04-09T15:56:30.937+0000] {logging_mixin.py:190} INFO - [2025-04-09T15:56:30.936+0000] {dag.py:4180} INFO - Setting next_dagrun for example_subdag_operator.section-1 to None, run_after=None
[2025-04-09T15:56:30.940+0000] {logging_mixin.py:190} INFO - [2025-04-09T15:56:30.940+0000] {dag.py:4180} INFO - Setting next_dagrun for example_subdag_operator.section-2 to None, run_after=None
[2025-04-09T15:56:30.953+0000] {logging_mixin.py:190} INFO - [2025-04-09T15:56:30.953+0000] {dag.py:3239} INFO - Sync 2 DAGs
[2025-04-09T15:56:30.962+0000] {logging_mixin.py:190} INFO - [2025-04-09T15:56:30.962+0000] {dag.py:4180} INFO - Setting next_dagrun for example_subdag_operator.section-1 to None, run_after=None
[2025-04-09T15:56:30.963+0000] {logging_mixin.py:190} INFO - [2025-04-09T15:56:30.963+0000] {dag.py:4180} INFO - Setting next_dagrun for example_subdag_operator.section-2 to None, run_after=None
[2025-04-09T15:56:30.980+0000] {processor.py:208} INFO - Processing /home/airflow/.local/lib/python3.12/site-packages/airflow/example_dags/example_subdag_operator.py took 0.210 seconds
[2025-04-09T15:57:01.354+0000] {processor.py:186} INFO - Started process (PID=1267) to work on /home/airflow/.local/lib/python3.12/site-packages/airflow/example_dags/example_subdag_operator.py
[2025-04-09T15:57:01.358+0000] {processor.py:914} INFO - Processing file /home/airflow/.local/lib/python3.12/site-packages/airflow/example_dags/example_subdag_operator.py for tasks to queue
[2025-04-09T15:57:01.360+0000] {logging_mixin.py:190} INFO - [2025-04-09T15:57:01.360+0000] {dagbag.py:588} INFO - Filling up the DagBag from /home/airflow/.local/lib/python3.12/site-packages/airflow/example_dags/example_subdag_operator.py
[2025-04-09T15:57:01.402+0000] {processor.py:925} INFO - DAG(s) 'example_subdag_operator.section-1', 'example_subdag_operator.section-2', 'example_subdag_operator' retrieved from /home/airflow/.local/lib/python3.12/site-packages/airflow/example_dags/example_subdag_operator.py
[2025-04-09T15:57:01.424+0000] {logging_mixin.py:190} INFO - [2025-04-09T15:57:01.424+0000] {dag.py:3239} INFO - Sync 3 DAGs
[2025-04-09T15:57:01.457+0000] {logging_mixin.py:190} INFO - [2025-04-09T15:57:01.456+0000] {dag.py:4180} INFO - Setting next_dagrun for example_subdag_operator to 2022-01-01 00:00:00+00:00, run_after=2022-01-01 00:00:00+00:00
[2025-04-09T15:57:01.462+0000] {logging_mixin.py:190} INFO - [2025-04-09T15:57:01.461+0000] {dag.py:4180} INFO - Setting next_dagrun for example_subdag_operator.section-1 to None, run_after=None
[2025-04-09T15:57:01.464+0000] {logging_mixin.py:190} INFO - [2025-04-09T15:57:01.463+0000] {dag.py:4180} INFO - Setting next_dagrun for example_subdag_operator.section-2 to None, run_after=None
[2025-04-09T15:57:01.473+0000] {logging_mixin.py:190} INFO - [2025-04-09T15:57:01.473+0000] {dag.py:3239} INFO - Sync 2 DAGs
[2025-04-09T15:57:01.480+0000] {logging_mixin.py:190} INFO - [2025-04-09T15:57:01.480+0000] {dag.py:4180} INFO - Setting next_dagrun for example_subdag_operator.section-1 to None, run_after=None
[2025-04-09T15:57:01.481+0000] {logging_mixin.py:190} INFO - [2025-04-09T15:57:01.481+0000] {dag.py:4180} INFO - Setting next_dagrun for example_subdag_operator.section-2 to None, run_after=None
[2025-04-09T15:57:01.494+0000] {processor.py:208} INFO - Processing /home/airflow/.local/lib/python3.12/site-packages/airflow/example_dags/example_subdag_operator.py took 0.149 seconds
[2025-04-09T15:57:33.166+0000] {processor.py:186} INFO - Started process (PID=1560) to work on /home/airflow/.local/lib/python3.12/site-packages/airflow/example_dags/example_subdag_operator.py
[2025-04-09T15:57:33.168+0000] {processor.py:914} INFO - Processing file /home/airflow/.local/lib/python3.12/site-packages/airflow/example_dags/example_subdag_operator.py for tasks to queue
[2025-04-09T15:57:33.171+0000] {logging_mixin.py:190} INFO - [2025-04-09T15:57:33.170+0000] {dagbag.py:588} INFO - Filling up the DagBag from /home/airflow/.local/lib/python3.12/site-packages/airflow/example_dags/example_subdag_operator.py
[2025-04-09T15:57:33.211+0000] {processor.py:925} INFO - DAG(s) 'example_subdag_operator.section-1', 'example_subdag_operator.section-2', 'example_subdag_operator' retrieved from /home/airflow/.local/lib/python3.12/site-packages/airflow/example_dags/example_subdag_operator.py
[2025-04-09T15:57:33.233+0000] {logging_mixin.py:190} INFO - [2025-04-09T15:57:33.232+0000] {dag.py:3239} INFO - Sync 3 DAGs
[2025-04-09T15:57:33.264+0000] {logging_mixin.py:190} INFO - [2025-04-09T15:57:33.264+0000] {dag.py:4180} INFO - Setting next_dagrun for example_subdag_operator to 2022-01-01 00:00:00+00:00, run_after=2022-01-01 00:00:00+00:00
[2025-04-09T15:57:33.271+0000] {logging_mixin.py:190} INFO - [2025-04-09T15:57:33.271+0000] {dag.py:4180} INFO - Setting next_dagrun for example_subdag_operator.section-1 to None, run_after=None
[2025-04-09T15:57:33.272+0000] {logging_mixin.py:190} INFO - [2025-04-09T15:57:33.272+0000] {dag.py:4180} INFO - Setting next_dagrun for example_subdag_operator.section-2 to None, run_after=None
[2025-04-09T15:57:33.281+0000] {logging_mixin.py:190} INFO - [2025-04-09T15:57:33.280+0000] {dag.py:3239} INFO - Sync 2 DAGs
[2025-04-09T15:57:33.291+0000] {logging_mixin.py:190} INFO - [2025-04-09T15:57:33.291+0000] {dag.py:4180} INFO - Setting next_dagrun for example_subdag_operator.section-1 to None, run_after=None
[2025-04-09T15:57:33.292+0000] {logging_mixin.py:190} INFO - [2025-04-09T15:57:33.292+0000] {dag.py:4180} INFO - Setting next_dagrun for example_subdag_operator.section-2 to None, run_after=None
[2025-04-09T15:57:33.307+0000] {processor.py:208} INFO - Processing /home/airflow/.local/lib/python3.12/site-packages/airflow/example_dags/example_subdag_operator.py took 0.149 seconds
