[2025-04-09T15:49:02.036+0000] {processor.py:186} INFO - Started process (PID=428) to work on /home/airflow/.local/lib/python3.12/site-packages/airflow/example_dags/tutorial_dag.py
[2025-04-09T15:49:02.037+0000] {processor.py:914} INFO - Processing file /home/airflow/.local/lib/python3.12/site-packages/airflow/example_dags/tutorial_dag.py for tasks to queue
[2025-04-09T15:49:02.039+0000] {logging_mixin.py:190} INFO - [2025-04-09T15:49:02.039+0000] {dagbag.py:588} INFO - Filling up the DagBag from /home/airflow/.local/lib/python3.12/site-packages/airflow/example_dags/tutorial_dag.py
[2025-04-09T15:49:02.051+0000] {processor.py:925} INFO - DAG(s) 'tutorial_dag' retrieved from /home/airflow/.local/lib/python3.12/site-packages/airflow/example_dags/tutorial_dag.py
[2025-04-09T15:49:02.202+0000] {logging_mixin.py:190} INFO - [2025-04-09T15:49:02.202+0000] {override.py:1912} INFO - Created Permission View: can delete on DAG:tutorial_dag
[2025-04-09T15:49:02.222+0000] {logging_mixin.py:190} INFO - [2025-04-09T15:49:02.222+0000] {override.py:1912} INFO - Created Permission View: can edit on DAG:tutorial_dag
[2025-04-09T15:49:02.231+0000] {logging_mixin.py:190} INFO - [2025-04-09T15:49:02.230+0000] {override.py:1912} INFO - Created Permission View: can read on DAG:tutorial_dag
[2025-04-09T15:49:02.244+0000] {logging_mixin.py:190} INFO - [2025-04-09T15:49:02.244+0000] {override.py:1912} INFO - Created Permission View: menu access on DAG Run:tutorial_dag
[2025-04-09T15:49:02.252+0000] {logging_mixin.py:190} INFO - [2025-04-09T15:49:02.252+0000] {override.py:1912} INFO - Created Permission View: can create on DAG Run:tutorial_dag
[2025-04-09T15:49:02.265+0000] {logging_mixin.py:190} INFO - [2025-04-09T15:49:02.265+0000] {override.py:1912} INFO - Created Permission View: can delete on DAG Run:tutorial_dag
[2025-04-09T15:49:02.274+0000] {logging_mixin.py:190} INFO - [2025-04-09T15:49:02.274+0000] {override.py:1912} INFO - Created Permission View: can read on DAG Run:tutorial_dag
[2025-04-09T15:49:02.275+0000] {logging_mixin.py:190} INFO - [2025-04-09T15:49:02.275+0000] {dag.py:3239} INFO - Sync 1 DAGs
[2025-04-09T15:49:02.292+0000] {logging_mixin.py:190} INFO - [2025-04-09T15:49:02.291+0000] {dag.py:3262} INFO - Creating ORM DAG for tutorial_dag
[2025-04-09T15:49:02.292+0000] {logging_mixin.py:190} INFO - [2025-04-09T15:49:02.292+0000] {dag.py:4180} INFO - Setting next_dagrun for tutorial_dag to None, run_after=None
[2025-04-09T15:49:02.312+0000] {processor.py:208} INFO - Processing /home/airflow/.local/lib/python3.12/site-packages/airflow/example_dags/tutorial_dag.py took 0.283 seconds
[2025-04-09T15:50:27.233+0000] {processor.py:186} INFO - Started process (PID=781) to work on /home/airflow/.local/lib/python3.12/site-packages/airflow/example_dags/tutorial_dag.py
[2025-04-09T15:50:27.245+0000] {processor.py:914} INFO - Processing file /home/airflow/.local/lib/python3.12/site-packages/airflow/example_dags/tutorial_dag.py for tasks to queue
[2025-04-09T15:50:27.254+0000] {logging_mixin.py:190} INFO - [2025-04-09T15:50:27.252+0000] {dagbag.py:588} INFO - Filling up the DagBag from /home/airflow/.local/lib/python3.12/site-packages/airflow/example_dags/tutorial_dag.py
[2025-04-09T15:50:27.292+0000] {processor.py:925} INFO - DAG(s) 'tutorial_dag' retrieved from /home/airflow/.local/lib/python3.12/site-packages/airflow/example_dags/tutorial_dag.py
[2025-04-09T15:50:27.418+0000] {logging_mixin.py:190} INFO - [2025-04-09T15:50:27.417+0000] {dag.py:3239} INFO - Sync 1 DAGs
[2025-04-09T15:50:27.484+0000] {logging_mixin.py:190} INFO - [2025-04-09T15:50:27.484+0000] {dag.py:4180} INFO - Setting next_dagrun for tutorial_dag to None, run_after=None
[2025-04-09T15:50:27.666+0000] {processor.py:208} INFO - Processing /home/airflow/.local/lib/python3.12/site-packages/airflow/example_dags/tutorial_dag.py took 0.464 seconds
[2025-04-09T15:52:01.746+0000] {processor.py:186} INFO - Started process (PID=1188) to work on /home/airflow/.local/lib/python3.12/site-packages/airflow/example_dags/tutorial_dag.py
[2025-04-09T15:52:01.759+0000] {processor.py:914} INFO - Processing file /home/airflow/.local/lib/python3.12/site-packages/airflow/example_dags/tutorial_dag.py for tasks to queue
[2025-04-09T15:52:01.769+0000] {logging_mixin.py:190} INFO - [2025-04-09T15:52:01.768+0000] {dagbag.py:588} INFO - Filling up the DagBag from /home/airflow/.local/lib/python3.12/site-packages/airflow/example_dags/tutorial_dag.py
[2025-04-09T15:52:01.793+0000] {processor.py:925} INFO - DAG(s) 'tutorial_dag' retrieved from /home/airflow/.local/lib/python3.12/site-packages/airflow/example_dags/tutorial_dag.py
[2025-04-09T15:52:01.870+0000] {logging_mixin.py:190} INFO - [2025-04-09T15:52:01.870+0000] {dag.py:3239} INFO - Sync 1 DAGs
[2025-04-09T15:52:01.926+0000] {logging_mixin.py:190} INFO - [2025-04-09T15:52:01.926+0000] {dag.py:4180} INFO - Setting next_dagrun for tutorial_dag to None, run_after=None
[2025-04-09T15:52:02.110+0000] {processor.py:208} INFO - Processing /home/airflow/.local/lib/python3.12/site-packages/airflow/example_dags/tutorial_dag.py took 0.384 seconds
[2025-04-09T15:52:34.164+0000] {processor.py:186} INFO - Started process (PID=1477) to work on /home/airflow/.local/lib/python3.12/site-packages/airflow/example_dags/tutorial_dag.py
[2025-04-09T15:52:34.361+0000] {processor.py:914} INFO - Processing file /home/airflow/.local/lib/python3.12/site-packages/airflow/example_dags/tutorial_dag.py for tasks to queue
[2025-04-09T15:52:34.792+0000] {logging_mixin.py:190} INFO - [2025-04-09T15:52:34.771+0000] {dagbag.py:588} INFO - Filling up the DagBag from /home/airflow/.local/lib/python3.12/site-packages/airflow/example_dags/tutorial_dag.py
[2025-04-09T15:52:35.251+0000] {processor.py:925} INFO - DAG(s) 'tutorial_dag' retrieved from /home/airflow/.local/lib/python3.12/site-packages/airflow/example_dags/tutorial_dag.py
[2025-04-09T15:52:35.380+0000] {logging_mixin.py:190} INFO - [2025-04-09T15:52:35.380+0000] {dag.py:3239} INFO - Sync 1 DAGs
[2025-04-09T15:52:35.433+0000] {logging_mixin.py:190} INFO - [2025-04-09T15:52:35.432+0000] {dag.py:4180} INFO - Setting next_dagrun for tutorial_dag to None, run_after=None
[2025-04-09T15:52:35.700+0000] {processor.py:208} INFO - Processing /home/airflow/.local/lib/python3.12/site-packages/airflow/example_dags/tutorial_dag.py took 1.638 seconds
[2025-04-09T15:55:28.077+0000] {processor.py:186} INFO - Started process (PID=444) to work on /home/airflow/.local/lib/python3.12/site-packages/airflow/example_dags/tutorial_dag.py
[2025-04-09T15:55:28.080+0000] {processor.py:914} INFO - Processing file /home/airflow/.local/lib/python3.12/site-packages/airflow/example_dags/tutorial_dag.py for tasks to queue
[2025-04-09T15:55:28.087+0000] {logging_mixin.py:190} INFO - [2025-04-09T15:55:28.086+0000] {dagbag.py:588} INFO - Filling up the DagBag from /home/airflow/.local/lib/python3.12/site-packages/airflow/example_dags/tutorial_dag.py
[2025-04-09T15:55:28.103+0000] {processor.py:925} INFO - DAG(s) 'tutorial_dag' retrieved from /home/airflow/.local/lib/python3.12/site-packages/airflow/example_dags/tutorial_dag.py
[2025-04-09T15:55:28.324+0000] {logging_mixin.py:190} INFO - [2025-04-09T15:55:28.323+0000] {override.py:1912} INFO - Created Permission View: can delete on DAG:tutorial_dag
[2025-04-09T15:55:28.343+0000] {logging_mixin.py:190} INFO - [2025-04-09T15:55:28.342+0000] {override.py:1912} INFO - Created Permission View: can edit on DAG:tutorial_dag
[2025-04-09T15:55:28.357+0000] {logging_mixin.py:190} INFO - [2025-04-09T15:55:28.357+0000] {override.py:1912} INFO - Created Permission View: can read on DAG:tutorial_dag
[2025-04-09T15:55:28.372+0000] {logging_mixin.py:190} INFO - [2025-04-09T15:55:28.372+0000] {override.py:1912} INFO - Created Permission View: can delete on DAG Run:tutorial_dag
[2025-04-09T15:55:28.386+0000] {logging_mixin.py:190} INFO - [2025-04-09T15:55:28.385+0000] {override.py:1912} INFO - Created Permission View: can create on DAG Run:tutorial_dag
[2025-04-09T15:55:28.401+0000] {logging_mixin.py:190} INFO - [2025-04-09T15:55:28.400+0000] {override.py:1912} INFO - Created Permission View: can read on DAG Run:tutorial_dag
[2025-04-09T15:55:28.411+0000] {logging_mixin.py:190} INFO - [2025-04-09T15:55:28.411+0000] {override.py:1912} INFO - Created Permission View: menu access on DAG Run:tutorial_dag
[2025-04-09T15:55:28.412+0000] {logging_mixin.py:190} INFO - [2025-04-09T15:55:28.412+0000] {dag.py:3239} INFO - Sync 1 DAGs
[2025-04-09T15:55:28.437+0000] {logging_mixin.py:190} INFO - [2025-04-09T15:55:28.436+0000] {dag.py:3262} INFO - Creating ORM DAG for tutorial_dag
[2025-04-09T15:55:28.438+0000] {logging_mixin.py:190} INFO - [2025-04-09T15:55:28.438+0000] {dag.py:4180} INFO - Setting next_dagrun for tutorial_dag to None, run_after=None
[2025-04-09T15:55:28.672+0000] {processor.py:208} INFO - Processing /home/airflow/.local/lib/python3.12/site-packages/airflow/example_dags/tutorial_dag.py took 0.620 seconds
[2025-04-09T15:55:59.914+0000] {processor.py:186} INFO - Started process (PID=735) to work on /home/airflow/.local/lib/python3.12/site-packages/airflow/example_dags/tutorial_dag.py
[2025-04-09T15:55:59.916+0000] {processor.py:914} INFO - Processing file /home/airflow/.local/lib/python3.12/site-packages/airflow/example_dags/tutorial_dag.py for tasks to queue
[2025-04-09T15:55:59.922+0000] {logging_mixin.py:190} INFO - [2025-04-09T15:55:59.921+0000] {dagbag.py:588} INFO - Filling up the DagBag from /home/airflow/.local/lib/python3.12/site-packages/airflow/example_dags/tutorial_dag.py
[2025-04-09T15:55:59.946+0000] {processor.py:925} INFO - DAG(s) 'tutorial_dag' retrieved from /home/airflow/.local/lib/python3.12/site-packages/airflow/example_dags/tutorial_dag.py
[2025-04-09T15:56:00.020+0000] {logging_mixin.py:190} INFO - [2025-04-09T15:56:00.019+0000] {dag.py:3239} INFO - Sync 1 DAGs
[2025-04-09T15:56:00.130+0000] {logging_mixin.py:190} INFO - [2025-04-09T15:56:00.129+0000] {dag.py:4180} INFO - Setting next_dagrun for tutorial_dag to None, run_after=None
[2025-04-09T15:56:00.395+0000] {processor.py:208} INFO - Processing /home/airflow/.local/lib/python3.12/site-packages/airflow/example_dags/tutorial_dag.py took 0.495 seconds
[2025-04-09T15:56:32.776+0000] {processor.py:186} INFO - Started process (PID=1026) to work on /home/airflow/.local/lib/python3.12/site-packages/airflow/example_dags/tutorial_dag.py
[2025-04-09T15:56:32.777+0000] {processor.py:914} INFO - Processing file /home/airflow/.local/lib/python3.12/site-packages/airflow/example_dags/tutorial_dag.py for tasks to queue
[2025-04-09T15:56:32.781+0000] {logging_mixin.py:190} INFO - [2025-04-09T15:56:32.781+0000] {dagbag.py:588} INFO - Filling up the DagBag from /home/airflow/.local/lib/python3.12/site-packages/airflow/example_dags/tutorial_dag.py
[2025-04-09T15:56:32.797+0000] {processor.py:925} INFO - DAG(s) 'tutorial_dag' retrieved from /home/airflow/.local/lib/python3.12/site-packages/airflow/example_dags/tutorial_dag.py
[2025-04-09T15:56:32.838+0000] {logging_mixin.py:190} INFO - [2025-04-09T15:56:32.837+0000] {dag.py:3239} INFO - Sync 1 DAGs
[2025-04-09T15:56:32.865+0000] {logging_mixin.py:190} INFO - [2025-04-09T15:56:32.864+0000] {dag.py:4180} INFO - Setting next_dagrun for tutorial_dag to None, run_after=None
[2025-04-09T15:56:32.905+0000] {processor.py:208} INFO - Processing /home/airflow/.local/lib/python3.12/site-packages/airflow/example_dags/tutorial_dag.py took 0.139 seconds
[2025-04-09T15:57:03.141+0000] {processor.py:186} INFO - Started process (PID=1317) to work on /home/airflow/.local/lib/python3.12/site-packages/airflow/example_dags/tutorial_dag.py
[2025-04-09T15:57:03.142+0000] {processor.py:914} INFO - Processing file /home/airflow/.local/lib/python3.12/site-packages/airflow/example_dags/tutorial_dag.py for tasks to queue
[2025-04-09T15:57:03.145+0000] {logging_mixin.py:190} INFO - [2025-04-09T15:57:03.144+0000] {dagbag.py:588} INFO - Filling up the DagBag from /home/airflow/.local/lib/python3.12/site-packages/airflow/example_dags/tutorial_dag.py
[2025-04-09T15:57:03.156+0000] {processor.py:925} INFO - DAG(s) 'tutorial_dag' retrieved from /home/airflow/.local/lib/python3.12/site-packages/airflow/example_dags/tutorial_dag.py
[2025-04-09T15:57:03.184+0000] {logging_mixin.py:190} INFO - [2025-04-09T15:57:03.184+0000] {dag.py:3239} INFO - Sync 1 DAGs
[2025-04-09T15:57:03.205+0000] {logging_mixin.py:190} INFO - [2025-04-09T15:57:03.205+0000] {dag.py:4180} INFO - Setting next_dagrun for tutorial_dag to None, run_after=None
[2025-04-09T15:57:03.228+0000] {processor.py:208} INFO - Processing /home/airflow/.local/lib/python3.12/site-packages/airflow/example_dags/tutorial_dag.py took 0.097 seconds
[2025-04-09T15:57:35.006+0000] {processor.py:186} INFO - Started process (PID=1623) to work on /home/airflow/.local/lib/python3.12/site-packages/airflow/example_dags/tutorial_dag.py
[2025-04-09T15:57:35.011+0000] {processor.py:914} INFO - Processing file /home/airflow/.local/lib/python3.12/site-packages/airflow/example_dags/tutorial_dag.py for tasks to queue
[2025-04-09T15:57:35.014+0000] {logging_mixin.py:190} INFO - [2025-04-09T15:57:35.013+0000] {dagbag.py:588} INFO - Filling up the DagBag from /home/airflow/.local/lib/python3.12/site-packages/airflow/example_dags/tutorial_dag.py
[2025-04-09T15:57:35.025+0000] {processor.py:925} INFO - DAG(s) 'tutorial_dag' retrieved from /home/airflow/.local/lib/python3.12/site-packages/airflow/example_dags/tutorial_dag.py
[2025-04-09T15:57:35.061+0000] {logging_mixin.py:190} INFO - [2025-04-09T15:57:35.061+0000] {dag.py:3239} INFO - Sync 1 DAGs
[2025-04-09T15:57:35.092+0000] {logging_mixin.py:190} INFO - [2025-04-09T15:57:35.092+0000] {dag.py:4180} INFO - Setting next_dagrun for tutorial_dag to None, run_after=None
[2025-04-09T15:57:35.140+0000] {processor.py:208} INFO - Processing /home/airflow/.local/lib/python3.12/site-packages/airflow/example_dags/tutorial_dag.py took 0.142 seconds
