[2025-04-09T15:49:01.684+0000] {processor.py:186} INFO - Started process (PID=421) to work on /home/airflow/.local/lib/python3.12/site-packages/airflow/example_dags/tutorial.py
[2025-04-09T15:49:01.685+0000] {processor.py:914} INFO - Processing file /home/airflow/.local/lib/python3.12/site-packages/airflow/example_dags/tutorial.py for tasks to queue
[2025-04-09T15:49:01.688+0000] {logging_mixin.py:190} INFO - [2025-04-09T15:49:01.687+0000] {dagbag.py:588} INFO - Filling up the DagBag from /home/airflow/.local/lib/python3.12/site-packages/airflow/example_dags/tutorial.py
[2025-04-09T15:49:01.699+0000] {processor.py:925} INFO - DAG(s) 'tutorial' retrieved from /home/airflow/.local/lib/python3.12/site-packages/airflow/example_dags/tutorial.py
[2025-04-09T15:49:01.870+0000] {logging_mixin.py:190} INFO - [2025-04-09T15:49:01.869+0000] {override.py:1912} INFO - Created Permission View: can delete on DAG:tutorial
[2025-04-09T15:49:01.888+0000] {logging_mixin.py:190} INFO - [2025-04-09T15:49:01.888+0000] {override.py:1912} INFO - Created Permission View: can edit on DAG:tutorial
[2025-04-09T15:49:01.898+0000] {logging_mixin.py:190} INFO - [2025-04-09T15:49:01.897+0000] {override.py:1912} INFO - Created Permission View: can read on DAG:tutorial
[2025-04-09T15:49:01.909+0000] {logging_mixin.py:190} INFO - [2025-04-09T15:49:01.909+0000] {override.py:1912} INFO - Created Permission View: menu access on DAG Run:tutorial
[2025-04-09T15:49:01.917+0000] {logging_mixin.py:190} INFO - [2025-04-09T15:49:01.917+0000] {override.py:1912} INFO - Created Permission View: can create on DAG Run:tutorial
[2025-04-09T15:49:01.927+0000] {logging_mixin.py:190} INFO - [2025-04-09T15:49:01.926+0000] {override.py:1912} INFO - Created Permission View: can delete on DAG Run:tutorial
[2025-04-09T15:49:01.935+0000] {logging_mixin.py:190} INFO - [2025-04-09T15:49:01.935+0000] {override.py:1912} INFO - Created Permission View: can read on DAG Run:tutorial
[2025-04-09T15:49:01.936+0000] {logging_mixin.py:190} INFO - [2025-04-09T15:49:01.936+0000] {dag.py:3239} INFO - Sync 1 DAGs
[2025-04-09T15:49:01.952+0000] {logging_mixin.py:190} INFO - [2025-04-09T15:49:01.952+0000] {dag.py:3262} INFO - Creating ORM DAG for tutorial
[2025-04-09T15:49:01.965+0000] {logging_mixin.py:190} INFO - [2025-04-09T15:49:01.964+0000] {dag.py:4180} INFO - Setting next_dagrun for tutorial to 2025-04-08 00:00:00+00:00, run_after=2025-04-09 00:00:00+00:00
[2025-04-09T15:49:02.014+0000] {processor.py:208} INFO - Processing /home/airflow/.local/lib/python3.12/site-packages/airflow/example_dags/tutorial.py took 0.337 seconds
[2025-04-09T15:50:24.567+0000] {processor.py:186} INFO - Started process (PID=774) to work on /home/airflow/.local/lib/python3.12/site-packages/airflow/example_dags/tutorial.py
[2025-04-09T15:50:24.600+0000] {processor.py:914} INFO - Processing file /home/airflow/.local/lib/python3.12/site-packages/airflow/example_dags/tutorial.py for tasks to queue
[2025-04-09T15:50:24.607+0000] {logging_mixin.py:190} INFO - [2025-04-09T15:50:24.606+0000] {dagbag.py:588} INFO - Filling up the DagBag from /home/airflow/.local/lib/python3.12/site-packages/airflow/example_dags/tutorial.py
[2025-04-09T15:50:24.643+0000] {processor.py:925} INFO - DAG(s) 'tutorial' retrieved from /home/airflow/.local/lib/python3.12/site-packages/airflow/example_dags/tutorial.py
[2025-04-09T15:50:25.034+0000] {logging_mixin.py:190} INFO - [2025-04-09T15:50:25.002+0000] {dag.py:3239} INFO - Sync 1 DAGs
[2025-04-09T15:50:26.196+0000] {logging_mixin.py:190} INFO - [2025-04-09T15:50:26.194+0000] {dag.py:4180} INFO - Setting next_dagrun for tutorial to 2025-04-08 00:00:00+00:00, run_after=2025-04-09 00:00:00+00:00
[2025-04-09T15:50:26.869+0000] {processor.py:208} INFO - Processing /home/airflow/.local/lib/python3.12/site-packages/airflow/example_dags/tutorial.py took 2.334 seconds
[2025-04-09T15:52:01.098+0000] {processor.py:186} INFO - Started process (PID=1183) to work on /home/airflow/.local/lib/python3.12/site-packages/airflow/example_dags/tutorial.py
[2025-04-09T15:52:01.132+0000] {processor.py:914} INFO - Processing file /home/airflow/.local/lib/python3.12/site-packages/airflow/example_dags/tutorial.py for tasks to queue
[2025-04-09T15:52:01.138+0000] {logging_mixin.py:190} INFO - [2025-04-09T15:52:01.137+0000] {dagbag.py:588} INFO - Filling up the DagBag from /home/airflow/.local/lib/python3.12/site-packages/airflow/example_dags/tutorial.py
[2025-04-09T15:52:01.165+0000] {processor.py:925} INFO - DAG(s) 'tutorial' retrieved from /home/airflow/.local/lib/python3.12/site-packages/airflow/example_dags/tutorial.py
[2025-04-09T15:52:01.252+0000] {logging_mixin.py:190} INFO - [2025-04-09T15:52:01.251+0000] {dag.py:3239} INFO - Sync 1 DAGs
[2025-04-09T15:52:01.322+0000] {logging_mixin.py:190} INFO - [2025-04-09T15:52:01.322+0000] {dag.py:4180} INFO - Setting next_dagrun for tutorial to 2025-04-08 00:00:00+00:00, run_after=2025-04-09 00:00:00+00:00
[2025-04-09T15:52:01.639+0000] {processor.py:208} INFO - Processing /home/airflow/.local/lib/python3.12/site-packages/airflow/example_dags/tutorial.py took 0.554 seconds
[2025-04-09T15:52:31.822+0000] {processor.py:186} INFO - Started process (PID=1471) to work on /home/airflow/.local/lib/python3.12/site-packages/airflow/example_dags/tutorial.py
[2025-04-09T15:52:31.825+0000] {processor.py:914} INFO - Processing file /home/airflow/.local/lib/python3.12/site-packages/airflow/example_dags/tutorial.py for tasks to queue
[2025-04-09T15:52:31.828+0000] {logging_mixin.py:190} INFO - [2025-04-09T15:52:31.828+0000] {dagbag.py:588} INFO - Filling up the DagBag from /home/airflow/.local/lib/python3.12/site-packages/airflow/example_dags/tutorial.py
[2025-04-09T15:52:31.838+0000] {processor.py:925} INFO - DAG(s) 'tutorial' retrieved from /home/airflow/.local/lib/python3.12/site-packages/airflow/example_dags/tutorial.py
[2025-04-09T15:52:31.888+0000] {logging_mixin.py:190} INFO - [2025-04-09T15:52:31.888+0000] {dag.py:3239} INFO - Sync 1 DAGs
[2025-04-09T15:52:31.917+0000] {logging_mixin.py:190} INFO - [2025-04-09T15:52:31.917+0000] {dag.py:4180} INFO - Setting next_dagrun for tutorial to 2025-04-08 00:00:00+00:00, run_after=2025-04-09 00:00:00+00:00
[2025-04-09T15:52:32.037+0000] {processor.py:208} INFO - Processing /home/airflow/.local/lib/python3.12/site-packages/airflow/example_dags/tutorial.py took 0.223 seconds
[2025-04-09T15:55:27.260+0000] {processor.py:186} INFO - Started process (PID=439) to work on /home/airflow/.local/lib/python3.12/site-packages/airflow/example_dags/tutorial.py
[2025-04-09T15:55:27.273+0000] {processor.py:914} INFO - Processing file /home/airflow/.local/lib/python3.12/site-packages/airflow/example_dags/tutorial.py for tasks to queue
[2025-04-09T15:55:27.283+0000] {logging_mixin.py:190} INFO - [2025-04-09T15:55:27.282+0000] {dagbag.py:588} INFO - Filling up the DagBag from /home/airflow/.local/lib/python3.12/site-packages/airflow/example_dags/tutorial.py
[2025-04-09T15:55:27.312+0000] {processor.py:925} INFO - DAG(s) 'tutorial' retrieved from /home/airflow/.local/lib/python3.12/site-packages/airflow/example_dags/tutorial.py
[2025-04-09T15:55:27.697+0000] {logging_mixin.py:190} INFO - [2025-04-09T15:55:27.695+0000] {override.py:1912} INFO - Created Permission View: can delete on DAG:tutorial
[2025-04-09T15:55:27.736+0000] {logging_mixin.py:190} INFO - [2025-04-09T15:55:27.735+0000] {override.py:1912} INFO - Created Permission View: can edit on DAG:tutorial
[2025-04-09T15:55:27.790+0000] {logging_mixin.py:190} INFO - [2025-04-09T15:55:27.790+0000] {override.py:1912} INFO - Created Permission View: can read on DAG:tutorial
[2025-04-09T15:55:27.808+0000] {logging_mixin.py:190} INFO - [2025-04-09T15:55:27.808+0000] {override.py:1912} INFO - Created Permission View: can delete on DAG Run:tutorial
[2025-04-09T15:55:27.832+0000] {logging_mixin.py:190} INFO - [2025-04-09T15:55:27.831+0000] {override.py:1912} INFO - Created Permission View: can create on DAG Run:tutorial
[2025-04-09T15:55:27.853+0000] {logging_mixin.py:190} INFO - [2025-04-09T15:55:27.852+0000] {override.py:1912} INFO - Created Permission View: can read on DAG Run:tutorial
[2025-04-09T15:55:27.868+0000] {logging_mixin.py:190} INFO - [2025-04-09T15:55:27.867+0000] {override.py:1912} INFO - Created Permission View: menu access on DAG Run:tutorial
[2025-04-09T15:55:27.869+0000] {logging_mixin.py:190} INFO - [2025-04-09T15:55:27.869+0000] {dag.py:3239} INFO - Sync 1 DAGs
[2025-04-09T15:55:27.905+0000] {logging_mixin.py:190} INFO - [2025-04-09T15:55:27.904+0000] {dag.py:3262} INFO - Creating ORM DAG for tutorial
[2025-04-09T15:55:27.957+0000] {logging_mixin.py:190} INFO - [2025-04-09T15:55:27.956+0000] {dag.py:4180} INFO - Setting next_dagrun for tutorial to 2025-04-08 00:00:00+00:00, run_after=2025-04-09 00:00:00+00:00
[2025-04-09T15:55:28.002+0000] {processor.py:208} INFO - Processing /home/airflow/.local/lib/python3.12/site-packages/airflow/example_dags/tutorial.py took 0.755 seconds
[2025-04-09T15:55:59.529+0000] {processor.py:186} INFO - Started process (PID=730) to work on /home/airflow/.local/lib/python3.12/site-packages/airflow/example_dags/tutorial.py
[2025-04-09T15:55:59.536+0000] {processor.py:914} INFO - Processing file /home/airflow/.local/lib/python3.12/site-packages/airflow/example_dags/tutorial.py for tasks to queue
[2025-04-09T15:55:59.544+0000] {logging_mixin.py:190} INFO - [2025-04-09T15:55:59.543+0000] {dagbag.py:588} INFO - Filling up the DagBag from /home/airflow/.local/lib/python3.12/site-packages/airflow/example_dags/tutorial.py
[2025-04-09T15:55:59.587+0000] {processor.py:925} INFO - DAG(s) 'tutorial' retrieved from /home/airflow/.local/lib/python3.12/site-packages/airflow/example_dags/tutorial.py
[2025-04-09T15:55:59.678+0000] {logging_mixin.py:190} INFO - [2025-04-09T15:55:59.677+0000] {dag.py:3239} INFO - Sync 1 DAGs
[2025-04-09T15:55:59.810+0000] {logging_mixin.py:190} INFO - [2025-04-09T15:55:59.806+0000] {dag.py:4180} INFO - Setting next_dagrun for tutorial to 2025-04-08 00:00:00+00:00, run_after=2025-04-09 00:00:00+00:00
[2025-04-09T15:55:59.892+0000] {processor.py:208} INFO - Processing /home/airflow/.local/lib/python3.12/site-packages/airflow/example_dags/tutorial.py took 0.462 seconds
[2025-04-09T15:56:32.726+0000] {processor.py:186} INFO - Started process (PID=1021) to work on /home/airflow/.local/lib/python3.12/site-packages/airflow/example_dags/tutorial.py
[2025-04-09T15:56:32.727+0000] {processor.py:914} INFO - Processing file /home/airflow/.local/lib/python3.12/site-packages/airflow/example_dags/tutorial.py for tasks to queue
[2025-04-09T15:56:32.732+0000] {logging_mixin.py:190} INFO - [2025-04-09T15:56:32.732+0000] {dagbag.py:588} INFO - Filling up the DagBag from /home/airflow/.local/lib/python3.12/site-packages/airflow/example_dags/tutorial.py
[2025-04-09T15:56:32.749+0000] {processor.py:925} INFO - DAG(s) 'tutorial' retrieved from /home/airflow/.local/lib/python3.12/site-packages/airflow/example_dags/tutorial.py
[2025-04-09T15:56:32.793+0000] {logging_mixin.py:190} INFO - [2025-04-09T15:56:32.792+0000] {dag.py:3239} INFO - Sync 1 DAGs
[2025-04-09T15:56:32.838+0000] {logging_mixin.py:190} INFO - [2025-04-09T15:56:32.837+0000] {dag.py:4180} INFO - Setting next_dagrun for tutorial to 2025-04-08 00:00:00+00:00, run_after=2025-04-09 00:00:00+00:00
[2025-04-09T15:56:32.869+0000] {processor.py:208} INFO - Processing /home/airflow/.local/lib/python3.12/site-packages/airflow/example_dags/tutorial.py took 0.153 seconds
[2025-04-09T15:57:03.025+0000] {processor.py:186} INFO - Started process (PID=1312) to work on /home/airflow/.local/lib/python3.12/site-packages/airflow/example_dags/tutorial.py
[2025-04-09T15:57:03.028+0000] {processor.py:914} INFO - Processing file /home/airflow/.local/lib/python3.12/site-packages/airflow/example_dags/tutorial.py for tasks to queue
[2025-04-09T15:57:03.031+0000] {logging_mixin.py:190} INFO - [2025-04-09T15:57:03.031+0000] {dagbag.py:588} INFO - Filling up the DagBag from /home/airflow/.local/lib/python3.12/site-packages/airflow/example_dags/tutorial.py
[2025-04-09T15:57:03.045+0000] {processor.py:925} INFO - DAG(s) 'tutorial' retrieved from /home/airflow/.local/lib/python3.12/site-packages/airflow/example_dags/tutorial.py
[2025-04-09T15:57:03.076+0000] {logging_mixin.py:190} INFO - [2025-04-09T15:57:03.076+0000] {dag.py:3239} INFO - Sync 1 DAGs
[2025-04-09T15:57:03.111+0000] {logging_mixin.py:190} INFO - [2025-04-09T15:57:03.111+0000] {dag.py:4180} INFO - Setting next_dagrun for tutorial to 2025-04-08 00:00:00+00:00, run_after=2025-04-09 00:00:00+00:00
[2025-04-09T15:57:03.135+0000] {processor.py:208} INFO - Processing /home/airflow/.local/lib/python3.12/site-packages/airflow/example_dags/tutorial.py took 0.119 seconds
[2025-04-09T15:57:34.957+0000] {processor.py:186} INFO - Started process (PID=1618) to work on /home/airflow/.local/lib/python3.12/site-packages/airflow/example_dags/tutorial.py
[2025-04-09T15:57:34.959+0000] {processor.py:914} INFO - Processing file /home/airflow/.local/lib/python3.12/site-packages/airflow/example_dags/tutorial.py for tasks to queue
[2025-04-09T15:57:34.962+0000] {logging_mixin.py:190} INFO - [2025-04-09T15:57:34.961+0000] {dagbag.py:588} INFO - Filling up the DagBag from /home/airflow/.local/lib/python3.12/site-packages/airflow/example_dags/tutorial.py
[2025-04-09T15:57:34.974+0000] {processor.py:925} INFO - DAG(s) 'tutorial' retrieved from /home/airflow/.local/lib/python3.12/site-packages/airflow/example_dags/tutorial.py
[2025-04-09T15:57:35.009+0000] {logging_mixin.py:190} INFO - [2025-04-09T15:57:35.009+0000] {dag.py:3239} INFO - Sync 1 DAGs
[2025-04-09T15:57:35.045+0000] {logging_mixin.py:190} INFO - [2025-04-09T15:57:35.044+0000] {dag.py:4180} INFO - Setting next_dagrun for tutorial to 2025-04-08 00:00:00+00:00, run_after=2025-04-09 00:00:00+00:00
[2025-04-09T15:57:35.083+0000] {processor.py:208} INFO - Processing /home/airflow/.local/lib/python3.12/site-packages/airflow/example_dags/tutorial.py took 0.136 seconds
