[2025-04-09T15:49:02.364+0000] {processor.py:186} INFO - Started process (PID=441) to work on /home/airflow/.local/lib/python3.12/site-packages/airflow/example_dags/tutorial_taskflow_api_virtualenv.py
[2025-04-09T15:49:02.366+0000] {processor.py:914} INFO - Processing file /home/airflow/.local/lib/python3.12/site-packages/airflow/example_dags/tutorial_taskflow_api_virtualenv.py for tasks to queue
[2025-04-09T15:49:02.368+0000] {logging_mixin.py:190} INFO - [2025-04-09T15:49:02.368+0000] {dagbag.py:588} INFO - Filling up the DagBag from /home/airflow/.local/lib/python3.12/site-packages/airflow/example_dags/tutorial_taskflow_api_virtualenv.py
[2025-04-09T15:49:02.388+0000] {processor.py:925} INFO - DAG(s) 'tutorial_taskflow_api_virtualenv' retrieved from /home/airflow/.local/lib/python3.12/site-packages/airflow/example_dags/tutorial_taskflow_api_virtualenv.py
[2025-04-09T15:49:02.567+0000] {logging_mixin.py:190} INFO - [2025-04-09T15:49:02.566+0000] {override.py:1912} INFO - Created Permission View: can delete on DAG:tutorial_taskflow_api_virtualenv
[2025-04-09T15:49:02.583+0000] {logging_mixin.py:190} INFO - [2025-04-09T15:49:02.583+0000] {override.py:1912} INFO - Created Permission View: can edit on DAG:tutorial_taskflow_api_virtualenv
[2025-04-09T15:49:02.593+0000] {logging_mixin.py:190} INFO - [2025-04-09T15:49:02.592+0000] {override.py:1912} INFO - Created Permission View: can read on DAG:tutorial_taskflow_api_virtualenv
[2025-04-09T15:49:02.603+0000] {logging_mixin.py:190} INFO - [2025-04-09T15:49:02.603+0000] {override.py:1912} INFO - Created Permission View: menu access on DAG Run:tutorial_taskflow_api_virtualenv
[2025-04-09T15:49:02.612+0000] {logging_mixin.py:190} INFO - [2025-04-09T15:49:02.612+0000] {override.py:1912} INFO - Created Permission View: can create on DAG Run:tutorial_taskflow_api_virtualenv
[2025-04-09T15:49:02.621+0000] {logging_mixin.py:190} INFO - [2025-04-09T15:49:02.621+0000] {override.py:1912} INFO - Created Permission View: can delete on DAG Run:tutorial_taskflow_api_virtualenv
[2025-04-09T15:49:02.632+0000] {logging_mixin.py:190} INFO - [2025-04-09T15:49:02.631+0000] {override.py:1912} INFO - Created Permission View: can read on DAG Run:tutorial_taskflow_api_virtualenv
[2025-04-09T15:49:02.633+0000] {logging_mixin.py:190} INFO - [2025-04-09T15:49:02.632+0000] {dag.py:3239} INFO - Sync 1 DAGs
[2025-04-09T15:49:02.650+0000] {logging_mixin.py:190} INFO - [2025-04-09T15:49:02.649+0000] {dag.py:3262} INFO - Creating ORM DAG for tutorial_taskflow_api_virtualenv
[2025-04-09T15:49:02.651+0000] {logging_mixin.py:190} INFO - [2025-04-09T15:49:02.651+0000] {dag.py:4180} INFO - Setting next_dagrun for tutorial_taskflow_api_virtualenv to None, run_after=None
[2025-04-09T15:49:02.672+0000] {processor.py:208} INFO - Processing /home/airflow/.local/lib/python3.12/site-packages/airflow/example_dags/tutorial_taskflow_api_virtualenv.py took 0.315 seconds
[2025-04-09T15:50:28.178+0000] {processor.py:186} INFO - Started process (PID=794) to work on /home/airflow/.local/lib/python3.12/site-packages/airflow/example_dags/tutorial_taskflow_api_virtualenv.py
[2025-04-09T15:50:28.181+0000] {processor.py:914} INFO - Processing file /home/airflow/.local/lib/python3.12/site-packages/airflow/example_dags/tutorial_taskflow_api_virtualenv.py for tasks to queue
[2025-04-09T15:50:28.207+0000] {logging_mixin.py:190} INFO - [2025-04-09T15:50:28.205+0000] {dagbag.py:588} INFO - Filling up the DagBag from /home/airflow/.local/lib/python3.12/site-packages/airflow/example_dags/tutorial_taskflow_api_virtualenv.py
[2025-04-09T15:50:28.300+0000] {processor.py:925} INFO - DAG(s) 'tutorial_taskflow_api_virtualenv' retrieved from /home/airflow/.local/lib/python3.12/site-packages/airflow/example_dags/tutorial_taskflow_api_virtualenv.py
[2025-04-09T15:50:28.406+0000] {logging_mixin.py:190} INFO - [2025-04-09T15:50:28.405+0000] {dag.py:3239} INFO - Sync 1 DAGs
[2025-04-09T15:50:28.472+0000] {logging_mixin.py:190} INFO - [2025-04-09T15:50:28.471+0000] {dag.py:4180} INFO - Setting next_dagrun for tutorial_taskflow_api_virtualenv to None, run_after=None
[2025-04-09T15:50:28.554+0000] {processor.py:208} INFO - Processing /home/airflow/.local/lib/python3.12/site-packages/airflow/example_dags/tutorial_taskflow_api_virtualenv.py took 0.394 seconds
[2025-04-09T15:52:02.838+0000] {processor.py:186} INFO - Started process (PID=1203) to work on /home/airflow/.local/lib/python3.12/site-packages/airflow/example_dags/tutorial_taskflow_api_virtualenv.py
[2025-04-09T15:52:02.845+0000] {processor.py:914} INFO - Processing file /home/airflow/.local/lib/python3.12/site-packages/airflow/example_dags/tutorial_taskflow_api_virtualenv.py for tasks to queue
[2025-04-09T15:52:02.851+0000] {logging_mixin.py:190} INFO - [2025-04-09T15:52:02.851+0000] {dagbag.py:588} INFO - Filling up the DagBag from /home/airflow/.local/lib/python3.12/site-packages/airflow/example_dags/tutorial_taskflow_api_virtualenv.py
[2025-04-09T15:52:02.888+0000] {processor.py:925} INFO - DAG(s) 'tutorial_taskflow_api_virtualenv' retrieved from /home/airflow/.local/lib/python3.12/site-packages/airflow/example_dags/tutorial_taskflow_api_virtualenv.py
[2025-04-09T15:52:02.970+0000] {logging_mixin.py:190} INFO - [2025-04-09T15:52:02.969+0000] {dag.py:3239} INFO - Sync 1 DAGs
[2025-04-09T15:52:03.016+0000] {logging_mixin.py:190} INFO - [2025-04-09T15:52:03.016+0000] {dag.py:4180} INFO - Setting next_dagrun for tutorial_taskflow_api_virtualenv to None, run_after=None
[2025-04-09T15:52:03.107+0000] {processor.py:208} INFO - Processing /home/airflow/.local/lib/python3.12/site-packages/airflow/example_dags/tutorial_taskflow_api_virtualenv.py took 0.287 seconds
[2025-04-09T15:55:29.239+0000] {processor.py:186} INFO - Started process (PID=459) to work on /home/airflow/.local/lib/python3.12/site-packages/airflow/example_dags/tutorial_taskflow_api_virtualenv.py
[2025-04-09T15:55:29.248+0000] {processor.py:914} INFO - Processing file /home/airflow/.local/lib/python3.12/site-packages/airflow/example_dags/tutorial_taskflow_api_virtualenv.py for tasks to queue
[2025-04-09T15:55:29.260+0000] {logging_mixin.py:190} INFO - [2025-04-09T15:55:29.257+0000] {dagbag.py:588} INFO - Filling up the DagBag from /home/airflow/.local/lib/python3.12/site-packages/airflow/example_dags/tutorial_taskflow_api_virtualenv.py
[2025-04-09T15:55:29.359+0000] {processor.py:925} INFO - DAG(s) 'tutorial_taskflow_api_virtualenv' retrieved from /home/airflow/.local/lib/python3.12/site-packages/airflow/example_dags/tutorial_taskflow_api_virtualenv.py
[2025-04-09T15:55:30.310+0000] {logging_mixin.py:190} INFO - [2025-04-09T15:55:30.308+0000] {override.py:1912} INFO - Created Permission View: can delete on DAG:tutorial_taskflow_api_virtualenv
[2025-04-09T15:55:30.343+0000] {logging_mixin.py:190} INFO - [2025-04-09T15:55:30.342+0000] {override.py:1912} INFO - Created Permission View: can edit on DAG:tutorial_taskflow_api_virtualenv
[2025-04-09T15:55:30.366+0000] {logging_mixin.py:190} INFO - [2025-04-09T15:55:30.365+0000] {override.py:1912} INFO - Created Permission View: can read on DAG:tutorial_taskflow_api_virtualenv
[2025-04-09T15:55:30.404+0000] {logging_mixin.py:190} INFO - [2025-04-09T15:55:30.402+0000] {override.py:1912} INFO - Created Permission View: can delete on DAG Run:tutorial_taskflow_api_virtualenv
[2025-04-09T15:55:30.489+0000] {logging_mixin.py:190} INFO - [2025-04-09T15:55:30.488+0000] {override.py:1912} INFO - Created Permission View: can create on DAG Run:tutorial_taskflow_api_virtualenv
[2025-04-09T15:55:30.527+0000] {logging_mixin.py:190} INFO - [2025-04-09T15:55:30.527+0000] {override.py:1912} INFO - Created Permission View: can read on DAG Run:tutorial_taskflow_api_virtualenv
[2025-04-09T15:55:30.548+0000] {logging_mixin.py:190} INFO - [2025-04-09T15:55:30.547+0000] {override.py:1912} INFO - Created Permission View: menu access on DAG Run:tutorial_taskflow_api_virtualenv
[2025-04-09T15:55:30.549+0000] {logging_mixin.py:190} INFO - [2025-04-09T15:55:30.549+0000] {dag.py:3239} INFO - Sync 1 DAGs
[2025-04-09T15:55:30.596+0000] {logging_mixin.py:190} INFO - [2025-04-09T15:55:30.595+0000] {dag.py:3262} INFO - Creating ORM DAG for tutorial_taskflow_api_virtualenv
[2025-04-09T15:55:30.600+0000] {logging_mixin.py:190} INFO - [2025-04-09T15:55:30.599+0000] {dag.py:4180} INFO - Setting next_dagrun for tutorial_taskflow_api_virtualenv to None, run_after=None
[2025-04-09T15:55:31.188+0000] {processor.py:208} INFO - Processing /home/airflow/.local/lib/python3.12/site-packages/airflow/example_dags/tutorial_taskflow_api_virtualenv.py took 2.011 seconds
[2025-04-09T15:56:01.684+0000] {processor.py:186} INFO - Started process (PID=752) to work on /home/airflow/.local/lib/python3.12/site-packages/airflow/example_dags/tutorial_taskflow_api_virtualenv.py
[2025-04-09T15:56:01.688+0000] {processor.py:914} INFO - Processing file /home/airflow/.local/lib/python3.12/site-packages/airflow/example_dags/tutorial_taskflow_api_virtualenv.py for tasks to queue
[2025-04-09T15:56:01.713+0000] {logging_mixin.py:190} INFO - [2025-04-09T15:56:01.711+0000] {dagbag.py:588} INFO - Filling up the DagBag from /home/airflow/.local/lib/python3.12/site-packages/airflow/example_dags/tutorial_taskflow_api_virtualenv.py
[2025-04-09T15:56:01.780+0000] {processor.py:925} INFO - DAG(s) 'tutorial_taskflow_api_virtualenv' retrieved from /home/airflow/.local/lib/python3.12/site-packages/airflow/example_dags/tutorial_taskflow_api_virtualenv.py
[2025-04-09T15:56:01.856+0000] {logging_mixin.py:190} INFO - [2025-04-09T15:56:01.855+0000] {dag.py:3239} INFO - Sync 1 DAGs
[2025-04-09T15:56:01.909+0000] {logging_mixin.py:190} INFO - [2025-04-09T15:56:01.909+0000] {dag.py:4180} INFO - Setting next_dagrun for tutorial_taskflow_api_virtualenv to None, run_after=None
[2025-04-09T15:56:01.976+0000] {processor.py:208} INFO - Processing /home/airflow/.local/lib/python3.12/site-packages/airflow/example_dags/tutorial_taskflow_api_virtualenv.py took 0.308 seconds
[2025-04-09T15:56:33.363+0000] {processor.py:186} INFO - Started process (PID=1056) to work on /home/airflow/.local/lib/python3.12/site-packages/airflow/example_dags/tutorial_taskflow_api_virtualenv.py
[2025-04-09T15:56:33.364+0000] {processor.py:914} INFO - Processing file /home/airflow/.local/lib/python3.12/site-packages/airflow/example_dags/tutorial_taskflow_api_virtualenv.py for tasks to queue
[2025-04-09T15:56:33.367+0000] {logging_mixin.py:190} INFO - [2025-04-09T15:56:33.367+0000] {dagbag.py:588} INFO - Filling up the DagBag from /home/airflow/.local/lib/python3.12/site-packages/airflow/example_dags/tutorial_taskflow_api_virtualenv.py
[2025-04-09T15:56:33.390+0000] {processor.py:925} INFO - DAG(s) 'tutorial_taskflow_api_virtualenv' retrieved from /home/airflow/.local/lib/python3.12/site-packages/airflow/example_dags/tutorial_taskflow_api_virtualenv.py
[2025-04-09T15:56:33.424+0000] {logging_mixin.py:190} INFO - [2025-04-09T15:56:33.424+0000] {dag.py:3239} INFO - Sync 1 DAGs
[2025-04-09T15:56:33.453+0000] {logging_mixin.py:190} INFO - [2025-04-09T15:56:33.453+0000] {dag.py:4180} INFO - Setting next_dagrun for tutorial_taskflow_api_virtualenv to None, run_after=None
[2025-04-09T15:56:33.485+0000] {processor.py:208} INFO - Processing /home/airflow/.local/lib/python3.12/site-packages/airflow/example_dags/tutorial_taskflow_api_virtualenv.py took 0.131 seconds
[2025-04-09T15:57:03.576+0000] {processor.py:186} INFO - Started process (PID=1347) to work on /home/airflow/.local/lib/python3.12/site-packages/airflow/example_dags/tutorial_taskflow_api_virtualenv.py
[2025-04-09T15:57:03.580+0000] {processor.py:914} INFO - Processing file /home/airflow/.local/lib/python3.12/site-packages/airflow/example_dags/tutorial_taskflow_api_virtualenv.py for tasks to queue
[2025-04-09T15:57:03.583+0000] {logging_mixin.py:190} INFO - [2025-04-09T15:57:03.582+0000] {dagbag.py:588} INFO - Filling up the DagBag from /home/airflow/.local/lib/python3.12/site-packages/airflow/example_dags/tutorial_taskflow_api_virtualenv.py
[2025-04-09T15:57:03.601+0000] {processor.py:925} INFO - DAG(s) 'tutorial_taskflow_api_virtualenv' retrieved from /home/airflow/.local/lib/python3.12/site-packages/airflow/example_dags/tutorial_taskflow_api_virtualenv.py
[2025-04-09T15:57:03.633+0000] {logging_mixin.py:190} INFO - [2025-04-09T15:57:03.632+0000] {dag.py:3239} INFO - Sync 1 DAGs
[2025-04-09T15:57:03.654+0000] {logging_mixin.py:190} INFO - [2025-04-09T15:57:03.653+0000] {dag.py:4180} INFO - Setting next_dagrun for tutorial_taskflow_api_virtualenv to None, run_after=None
[2025-04-09T15:57:03.679+0000] {processor.py:208} INFO - Processing /home/airflow/.local/lib/python3.12/site-packages/airflow/example_dags/tutorial_taskflow_api_virtualenv.py took 0.111 seconds
[2025-04-09T15:57:35.465+0000] {processor.py:186} INFO - Started process (PID=1640) to work on /home/airflow/.local/lib/python3.12/site-packages/airflow/example_dags/tutorial_taskflow_api_virtualenv.py
[2025-04-09T15:57:35.467+0000] {processor.py:914} INFO - Processing file /home/airflow/.local/lib/python3.12/site-packages/airflow/example_dags/tutorial_taskflow_api_virtualenv.py for tasks to queue
[2025-04-09T15:57:35.470+0000] {logging_mixin.py:190} INFO - [2025-04-09T15:57:35.469+0000] {dagbag.py:588} INFO - Filling up the DagBag from /home/airflow/.local/lib/python3.12/site-packages/airflow/example_dags/tutorial_taskflow_api_virtualenv.py
[2025-04-09T15:57:35.487+0000] {processor.py:925} INFO - DAG(s) 'tutorial_taskflow_api_virtualenv' retrieved from /home/airflow/.local/lib/python3.12/site-packages/airflow/example_dags/tutorial_taskflow_api_virtualenv.py
[2025-04-09T15:57:35.551+0000] {logging_mixin.py:190} INFO - [2025-04-09T15:57:35.551+0000] {dag.py:3239} INFO - Sync 1 DAGs
[2025-04-09T15:57:35.574+0000] {logging_mixin.py:190} INFO - [2025-04-09T15:57:35.574+0000] {dag.py:4180} INFO - Setting next_dagrun for tutorial_taskflow_api_virtualenv to None, run_after=None
[2025-04-09T15:57:35.606+0000] {processor.py:208} INFO - Processing /home/airflow/.local/lib/python3.12/site-packages/airflow/example_dags/tutorial_taskflow_api_virtualenv.py took 0.151 seconds
